--------- beginning of main
10-23 17:23:41.504  9275  9342 I FusedLocation: (REDACTED) location delivery to %s blocked - too close
10-23 17:23:41.507  9275  9342 I FusedLocation: (REDACTED) location delivery to %s blocked - too close
10-23 17:23:41.507  9275  9342 I FusedLocation: (REDACTED) location delivery to %s blocked - too fast
10-23 17:23:41.508  9275  9342 I FusedLocation: (REDACTED) location delivery to %s blocked - too fast
10-23 17:23:41.714  9275 30207 I TFLite-in-PlayServices: Created interpreter.
10-23 17:23:41.748  9275 30207 I TFLite-in-PlayServices: Created interpreter.
10-23 17:23:41.781  9275 30207 I SemanticLocation: (REDACTED) [Inferrer] %s%s
10-23 17:23:41.859  9275  9310 I WifiScanner: onFullResults
10-23 17:23:41.860  9275 10160 I WifiScanner: onFullResults
10-23 17:23:41.861  9275  9310 I WifiScanner: onFullResults
10-23 17:23:41.870  9275 29242 I FrewleTileCacheManagerV: (REDACTED) Fetched %d AP models from cache
10-23 17:23:41.900  9275  9342 I fznc    : Received empty WiFi-RTT scan. [CONTEXT service_id=6 ]
10-23 17:23:42.511  9275  9342 I FusedLocation: (REDACTED) location delivery to %s blocked - too close
10-23 17:23:42.511  9275  9342 I FusedLocation: (REDACTED) location delivery to %s blocked - too fast
10-23 17:23:42.513  9275  9342 I FusedLocation: (REDACTED) location delivery to %s blocked - too close
10-23 17:23:42.515  9275  9342 I FusedLocation: (REDACTED) location delivery to %s blocked - too fast
10-23 17:23:42.516  9275  9342 I FusedLocation: (REDACTED) location delivery to %s blocked - too fast
10-23 17:23:43.505  9275  9342 I FusedLocation: (REDACTED) location delivery to %s blocked - too close
10-23 17:23:43.505  9275  9342 I FusedLocation: (REDACTED) location delivery to %s blocked - too fast
10-23 17:23:43.507  9275  9342 I FusedLocation: (REDACTED) location delivery to %s blocked - too close
10-23 17:23:43.509  9275  9342 I FusedLocation: (REDACTED) location delivery to %s blocked - too fast
10-23 17:23:43.510  9275  9342 I FusedLocation: (REDACTED) location delivery to %s blocked - too fast
10-23 17:23:44.514  9275  9342 I FusedLocation: (REDACTED) location delivery to %s blocked - too close
10-23 17:23:44.514  9275  9342 I FusedLocation: (REDACTED) location delivery to %s blocked - too fast
10-23 17:23:44.516  9275  9342 I FusedLocation: (REDACTED) location delivery to %s blocked - too close
10-23 17:23:44.519  9275  9342 I FusedLocation: (REDACTED) location delivery to %s blocked - too fast
10-23 17:23:45.522  9275  9342 I FusedLocation: (REDACTED) location delivery to %s blocked - too close
10-23 17:23:45.523  9275  9342 I FusedLocation: (REDACTED) location delivery to %s blocked - too fast
10-23 17:23:45.523  9275  9342 I FusedLocation: (REDACTED) location delivery to %s blocked - too close
10-23 17:23:45.524  9275  9342 I FusedLocation: (REDACTED) location delivery to %s blocked - too fast
10-23 17:23:45.524  9275  9342 I FusedLocation: (REDACTED) location delivery to %s blocked - too fast
10-23 17:23:46.517  9275  9342 I FusedLocation: (REDACTED) location delivery to %s blocked - too close
10-23 17:23:46.517  9275  9342 I FusedLocation: (REDACTED) location delivery to %s blocked - too fast
10-23 17:23:46.520  9275  9342 I FusedLocation: (REDACTED) location delivery to %s blocked - too close
10-23 17:23:46.522  9275  9342 I FusedLocation: (REDACTED) location delivery to %s blocked - too fast
10-23 17:23:46.522  9275  9342 I FusedLocation: (REDACTED) location delivery to %s blocked - too fast
10-23 17:23:46.786  7087  7087 I GrantPermissionsViewModel: Logged buttons presented and clicked permissionGroupName=android.permission-group.LOCATION uid=10483 selectedPrecision=3 package=com.a1taxi.a1taxicustomer presentedButtons=44 clickedButton=4 isPermissionRationaleShown=false sessionId=3340333727403322425 targetSdk=35
10-23 17:23:46.834 18100 30834 I ReactNativeJS: '📱 Fine location permission result:', 'granted'
10-23 17:23:46.834 18100 30834 I ReactNativeJS: ✅ Android fine location permission granted
10-23 17:23:46.835 18100 30834 I ReactNativeJS: ✅ Location permission granted on mount
10-23 17:23:46.835 18100 30834 I ReactNativeJS: 📍 [HOME] Starting location fetch...
10-23 17:23:46.835 18100 30834 I ReactNativeJS: 🔍 Enhanced Location Service: Getting current location with address...
10-23 17:23:46.838 18100 30834 I ReactNativeJS: '🔍 Platform:', 'android'
10-23 17:23:46.838 18100 30834 I ReactNativeJS: 📍 Enhanced Location Service: Starting location detection...
10-23 17:23:46.839 18100 30834 I ReactNativeJS: '🌍 Platform:', 'android'
10-23 17:23:46.841 18100 30834 I ReactNativeJS: ✅ Enhanced Location Service: Permission granted, attempting detection...
10-23 17:23:46.843 18100 30834 I ReactNativeJS: 🎯 Enhanced Location Service: Attempting high accuracy GPS...
10-23 17:23:46.843 18100 30834 I ReactNativeJS: 📱 Using Expo Location for high accuracy...
10-23 17:23:46.850  7087  7087 D VRI[GrantPermissionsActivity]: visibilityChanged oldVisibility=true newVisibility=false
10-23 17:23:46.859 18100 18100 V ImeFocusController: onWindowFocus: com.android.internal.policy.DecorView{50a7253 V.E...... R....... 0,0-1080,2392 aid=0}[MainActivity] softInputMode=STATE_UNSPECIFIED|ADJUST_RESIZE
10-23 17:23:46.862  5589  5589 I GoogleInputMethodService: GoogleInputMethodService.onFinishInput():2085 
10-23 17:23:46.863  5589  5589 I Module  : DeviceLockedStatusModuleProvider$Module.updateDeviceLockedStatus():100 repeatCheckTimes = 0, locked = false
10-23 17:23:46.863  5589  5589 I GoogleInputMethodService: GoogleInputMethodService.onStartInput():1346 onStartInput(EditorInfo{EditorInfo{packageName=com.a1taxi.a1taxicustomer, inputType=0, inputTypeString=NULL, enableLearning=false, autoCorrection=false, autoComplete=false, imeOptions=0, privateImeOptions=null, actionName=UNSPECIFIED, actionLabel=null, initialSelStart=-1, initialSelEnd=-1, initialCapsMode=0, label=null, fieldId=0, fieldName=null, extras=null, hintText=null, hintLocales=[]}}, false)
10-23 17:23:46.864  5589  5589 I Module  : DeviceLockedStatusModuleProvider$Module.updateDeviceLockedStatus():100 repeatCheckTimes = 1, locked = false
10-23 17:23:46.869  9275  9345 W Settings: Setting airplane_mode_on has moved from android.provider.Settings.System to android.provider.Settings.Global, returning read-only value.
10-23 17:23:46.881  9275  9345 W Settings: Setting airplane_mode_on has moved from android.provider.Settings.System to android.provider.Settings.Global, returning read-only value.
10-23 17:23:46.901  9275 30106 W SystemServiceRegistry: No service published for: wifirtt
10-23 17:23:46.908  7087  7087 W WindowOnBackDispatcher: sendCancelIfRunning: isInProgress=false callback=android.view.ViewRootImpl$$ExternalSyntheticLambda11@9247adb
10-23 17:23:46.917  7087  8586 D BLASTBufferQueue: [VRI[GrantPermissionsActivity]#6](f:0,a:4) destructor()
10-23 17:23:46.917  7087  8586 D BufferQueueConsumer: [VRI[GrantPermissionsActivity]#6(BLAST Consumer)6](id:1baf00000006,api:0,p:-1,c:7087) disconnect
10-23 17:23:46.946 18100 30749 W .a1taxicustomer: Cleared Reference was only reachable from finalizer (only reported once)
10-23 17:23:46.954 18100 30749 I .a1taxicustomer: Background concurrent copying GC freed 14MB AllocSpace bytes, 37(1660KB) LOS objects, 49% free, 10MB/20MB, paused 75us,28us total 119.064ms
10-23 17:23:46.956 18100 30752 W System  : A resource failed to call release. 
10-23 17:23:46.956 18100 30752 W .a1taxicustomer: ApkAssets: Deleting an ApkAssets object '<empty> and /data/app/~~0k-bhKJKWMvMm9CSFH5Hzg==/com.google.android.webview-mLV-HzOd8sNTJLZpa_7utA==/base.apk' with 1 weak references
10-23 17:23:46.971  7087  7098 W ssioncontroller: Reducing the number of considered missed Gc histogram windows from 495 to 100
10-23 17:23:46.982  7087  7100 W ssioncontroller: ApkAssets: Deleting an ApkAssets object '<empty> and /data/app/~~VIS6tXDkz90Swyq0z_Ni5Q==/com.a1taxi.a1taxicustomer-x1YNXDRYhfyPxx0dkD6WFg==/base.apk' with 1 weak references
10-23 17:23:47.012 18100 30834 I ReactNativeJS: '✅ Enhanced Location Service: High accuracy location obtained:', { lat: 12.7486433,
10-23 17:23:47.012 18100 30834 I ReactNativeJS:   lng: 77.8299983,
10-23 17:23:47.012 18100 30834 I ReactNativeJS:   accuracy: '2.299999952316284m' }
10-23 17:23:47.012 18100 30834 I ReactNativeJS: '📍 Enhanced Location Service: Got location:', { latitude: 12.7486433,
10-23 17:23:47.012 18100 30834 I ReactNativeJS:   longitude: 77.8299983,
10-23 17:23:47.012 18100 30834 I ReactNativeJS:   accuracy: 2.299999952316284 }
10-23 17:23:47.012 18100 30834 I ReactNativeJS: 🗺️ Enhanced Location Service: Starting reverse geocoding...
10-23 17:23:47.013 18100 30834 I ReactNativeJS: '🗺️ Reverse geocoding coordinates:', { latitude: 12.7486433, longitude: 77.8299983 }
10-23 17:23:47.013 18100 30834 I ReactNativeJS: '🏠 Reverse geocoding:', { lat: 12.7486433, lng: 77.8299983 }
10-23 17:23:47.013 18100 30834 I ReactNativeJS: '🌐 Making proxy request to:', 'https://whubaypabojomdyfqxcf.supabase.co/functions/v1/places-proxy/geocode?latlng=12.7486433%2C77.8299983'
10-23 17:23:47.015  9275 29341 I FusedOrientationManager: Registering orientation client. [CONTEXT service_id=6 ]
10-23 17:23:47.032  9275 28577 I FusedOrientationManager: Registering orientation client. [CONTEXT service_id=6 ]
10-23 17:23:47.494  9275  9342 I FusedLocation: (REDACTED) location delivery to %s blocked - too close
10-23 17:23:47.494  9275  9342 I FusedLocation: (REDACTED) location delivery to %s blocked - too fast
10-23 17:23:47.495  9275  9342 I FusedLocation: (REDACTED) location delivery to %s blocked - too close
10-23 17:23:47.495  9275  9342 I FusedLocation: (REDACTED) location delivery to %s blocked - too fast
10-23 17:23:47.495  9275  9342 I FusedLocation: (REDACTED) location delivery to %s blocked - too fast
10-23 17:23:47.581 18100 30834 I ReactNativeJS: '✅ Proxy response received:', 'OK'
10-23 17:23:47.582 18100 30834 I ReactNativeJS: '✅ Geocoded address:', 'PRXJ+F32, Brindavan Nagar, Plot 87, NGGO\'s Colony, Anand Nagar, Hosur, Tamil Nadu 635109, India'
10-23 17:23:47.582 18100 30834 I ReactNativeJS: '✅ Geocoded address:', 'PRXJ+F32, Brindavan Nagar, Plot 87, NGGO\'s Colony, Anand Nagar, Hosur, Tamil Nadu 635109, India'
10-23 17:23:47.582 18100 30834 I ReactNativeJS: '🏠 Enhanced Location Service: Got address:', 'PRXJ+F32, Brindavan Nagar, Plot 87, NGGO\'s Colony, Anand Nagar, Hosur, Tamil Nadu 635109, India'
10-23 17:23:47.583 18100 30834 I ReactNativeJS: '✅ [HOME] Location obtained:', { lat: 12.7486433,
10-23 17:23:47.583 18100 30834 I ReactNativeJS:   lng: 77.8299983,
10-23 17:23:47.583 18100 30834 I ReactNativeJS:   address: 'PRXJ+F32, Brindavan Nagar, Plot 87, NGGO\'s Colony, Anand Nagar, Hosur, Tamil Nadu 635109, India' }
10-23 17:23:47.583 18100 30834 I ReactNativeJS: ✅ [HOME] Location state updated successfully
10-23 17:23:47.583 18100 30834 I ReactNativeJS: 📍 [HOME] Location loading state set to false
--------- beginning of system
10-23 17:23:47.671  1870  2278 V AutofillSession: Primary service component name: ComponentInfo{com.google.android.gms/com.google.android.gms.autofill.service.AutofillService}, secondary service component name: ComponentInfo{com.android.credentialmanager/com.android.credentialmanager.autofill.CredentialAutofillService}
10-23 17:23:47.673  1870 18638 D AutofillSession: clearPendingIntentLocked
10-23 17:23:47.674  3458  3458 V InlineSuggestionRenderService: handleDestroySuggestionViews called for 0:1053805956
10-23 17:23:47.679 18100 18100 I ImeTracker: com.a1taxi.a1taxicustomer:e0310776: onRequestShow at ORIGIN_CLIENT reason SHOW_SOFT_INPUT fromUser true
10-23 17:23:47.689  5589  5589 I GoogleInputMethodService: GoogleInputMethodService.onFinishInput():2085 
10-23 17:23:47.689 18100 18100 I ScrollIdentify: on fling
10-23 17:23:47.689  5589  5589 I Module  : DeviceLockedStatusModuleProvider$Module.updateDeviceLockedStatus():100 repeatCheckTimes = 0, locked = false
10-23 17:23:47.689 18100 30948 I PowerHalWrapper: PowerHalWrapper.getInstance 
10-23 17:23:47.690 18100 18100 I PowerHalWrapper: PowerHalWrapper.getInstance 
10-23 17:23:47.693  5589  5589 W TooltipLifecycleManager: TooltipLifecycleManager.dismissTooltips():153 Tooltip with id SUGGESTION_VIEW_EDU_MINI_DIALOG not found in tooltipManager.
10-23 17:23:47.708  5589  5589 I GoogleInputMethodService: GoogleInputMethodService.onStartInput():1346 onStartInput(EditorInfo{EditorInfo{packageName=com.a1taxi.a1taxicustomer, inputType=2001, inputTypeString=Normal[CapWords], enableLearning=false, autoCorrection=true, autoComplete=true, imeOptions=8000006, privateImeOptions=null, actionName=DONE, actionLabel=null, initialSelStart=0, initialSelEnd=0, initialCapsMode=2000, label=null, fieldId=259, fieldName=null, extras=Bundle[mParcelledData.dataSize=404], hintText=non-empty, hintLocales=[]}}, false)
10-23 17:23:47.709  5589  5589 I Module  : DeviceLockedStatusModuleProvider$Module.updateDeviceLockedStatus():100 repeatCheckTimes = 1, locked = false
10-23 17:23:47.710 18100 18100 I AssistStructure: Flattened final assist data: 2536 bytes, containing 1 windows, 16 views
10-23 17:23:47.711  1870  2278 D AutofillSession: createPendingIntent for request 4222
10-23 17:23:47.712  5589  5589 I StylusModule: StylusModule.onUpdateToolType():800 Update tool type = 1
10-23 17:23:47.716 18100 18100 I ImeTracker: com.a1taxi.a1taxicustomer:898d266d: onRequestShow at ORIGIN_CLIENT reason SHOW_SOFT_INPUT fromUser false
10-23 17:23:47.718  5589  5589 I GoogleInputMethodService: GoogleInputMethodService.onStartInputView():1439 onStartInputView(EditorInfo{EditorInfo{packageName=com.a1taxi.a1taxicustomer, inputType=2001, inputTypeString=Normal[CapWords], enableLearning=false, autoCorrection=true, autoComplete=true, imeOptions=8000006, privateImeOptions=null, actionName=DONE, actionLabel=null, initialSelStart=0, initialSelEnd=0, initialCapsMode=2000, label=null, fieldId=259, fieldName=null, extras=Bundle[{android.support.text.emoji.emojiCompat_metadataVersion=11, androidx.core.view.inputmethod.EditorInfoCompat.STYLUS_HANDWRITING_ENABLED=true, android.support.text.emoji.emojiCompat_replaceAll=false}], hintText=non-empty, hintLocales=[]}}, false)
10-23 17:23:47.722  5589  5589 I KeyboardHeightUtil: KeyboardHeightUtil.getOemKeyboardHeightRatio():108 systemKeyboardHeightRatio:1.000000.
10-23 17:23:47.725  5589  5589 I AndroidIME: InputBundleManager.loadActiveInputBundleId():528 loadActiveInputBundleId: en-US, ime_english_united_states
10-23 17:23:47.729  5589  5589 I AndroidIME: AbstractIme.onActivate():96 LatinIme.onActivate() : EditorInfo = EditorInfo{packageName=com.a1taxi.a1taxicustomer, inputType=2001, inputTypeString=Normal[CapWords], enableLearning=false, autoCorrection=true, autoComplete=true, imeOptions=8000006, privateImeOptions=null, actionName=DONE, actionLabel=null, initialSelStart=0, initialSelEnd=0, initialCapsMode=2000, label=null, fieldId=259, fieldName=null, extras=Bundle[{android.support.text.emoji.emojiCompat_metadataVersion=11, androidx.core.view.inputmethod.EditorInfoCompat.STYLUS_HANDWRITING_ENABLED=true, android.support.text.emoji.emojiCompat_replaceAll=false}], hintText=non-empty, hintLocales=[]}, IncognitoMode = false, DeviceLocked = false
10-23 17:23:47.732  5589  5589 I InputBundle: InputBundle.consumeEvent():1032 Skip consuming an event as keyboard status is INACTIVE
10-23 17:23:47.736  5589  5589 I Delight5Facilitator: Delight5Facilitator.initializeForIme():740 initializeForIme() : Locale = [en_US], layout = qwerty
10-23 17:23:47.750  5589  5589 I LatinIme: LatinIme.updateEnableInlineSuggestionsOnDecoderSideFlags():1247 inline flag updated to:false
10-23 17:23:47.758  5589  5589 I LatinIme: LatinIme.updateEnableInlineSuggestionsOnDecoderSideFlags():1247 inline flag updated to:false
10-23 17:23:47.771  5589  5589 I InputBundle: InputBundle.consumeEvent():1032 Skip consuming an event as keyboard status is INACTIVE
10-23 17:23:47.771  5589  5589 I LatinIme: LatinIme.resetInputContext():2251 resetInputContext(): reason=1, externalEditsInfo=ExternalEditsInfo{action=0, offset=-1, text=null, originalText=null, edits=null}
10-23 17:23:47.771  5589  5589 I InputBundle: InputBundle.consumeEvent():1032 Skip consuming an event as keyboard status is INACTIVE
10-23 17:23:47.776  5589  5589 I KeyboardWrapper: KeyboardWrapper.activateKeyboard():581 activateKeyboard(): type=prime, status=INACTIVE, imeDef=mkk{stringId=ime_english_united_states, language=en-US, languageTag=en-US, processedConditions={writing_helper_enable_by_word_revert=false, true=true, enable_number_row=true, device=phone, enable_pk_simulator=false}, className=com.google.android.apps.inputmethod.libs.latin5.LatinIme, label=0, keyEventInterpreter=null, inlineComposing=true, autoCapital=true, announceAutoSelectedCandidate=true, statusIcon=0, indicatorIcon=0, indicatorLabel=US, displayAppCompletions=true, extraValues=mkd{#0x7f0b02e0=TypedValue{t=0x3/d=0x0 "com.google.android.apps.inputmethod.libs.latin5.LatinIme"}}, processors=mmb@7d3d911, unacceptableMetaKeys=4098, languageSpecificSettings=0, asciiCapable=true, alwaysShowSuggestions=false, useAsciiPasswordKeyboard=false, keyboardGroupDef=mlk@9ed8bf6, phenotypeFlagId=0, localizationLanguageTag=null, supportsInlineSuggestion=true}
10-23 17:23:47.776  5589  5589 I KeyboardManager: KeyboardManager.requestKeyboard():248 Creating keyboard prime, imeId=ime_english_united_states, cacheKey=theme,!gsf,!pgsans,!pgsf,!use_system_font,BORDER,FLAVOR_DPI=XXHDPI,GOOGLE_ICONS,KEYBOARD_WIDTH_CATEGORY=NORMAL,KEY_BORDER_SHAPE=1,LIGHT_THEME=false,PHYSICAL_DIAGONAL=5.748144,POPUP,SCREEN_SHORTEST_WIDTH=393,SCREEN_SHORTEST_WIDTH_NO_SCALE=393,XXHDPI,bottom4dp,enable_emoji_kitchen_browse_color_v2=true,enable_google_fonts_icons=true,enable_popup_on_keypress=true,keyboard_redesign_google_sans=true,non_linear_scale,noshadow,overlay_builtin_dynamic_color_dark_base.binarypb:gm3-dark-ff131313-ffffffff-4d9204e36e3ccb6a165e3e3dbe763ce0,roundedchip,silkpopup
10-23 17:23:47.777  5589  5589 I KeyboardWrapper: KeyboardWrapper.onKeyboardReady():224 onKeyboardReady(): type=prime(prime), kb=com.google.android.apps.inputmethod.latin.keyboard.LatinPrimeKeyboard@c39dea9
10-23 17:23:47.777  5589  5589 I KeyboardWrapper: KeyboardWrapper.doActivateKeyboard():611 doActivateKeyboard(): prime
10-23 17:23:47.786  5589  5589 I KeyboardHeightUtil: KeyboardHeightUtil.calculateMaxKeyboardBodyHeight():50 leave 267 height for app when ime window height:2171, header height:121 and isFullscreenMode:false, so the max keyboard body height is:1783
10-23 17:23:47.787  5589  5589 I GlobeKeyExtension: GlobeKeyExtension.getKeyboardInitialStates():175 
10-23 17:23:47.789  5589  5589 W Keyboard: Keyboard.getKeyboardViewHelper():609 null helper is returned: keyboardDef=mle{processedConditions={show_comma_key=true, enable_more_candidates_view_for_multilingual=false, layout_9key_split=false, enable_secondary_symbols=false, pref_enable_flick_symbols=false, language=en-US, deprecate_long_press_space_for_ime_picker=false, expressions=normal, enable_flick_symbols=true, variant=qwerty, show_period_key=true, enable_number_row=true, device=phone, keyboard_mode=normal, show_secondary_digits=false, enable_preemptive_decode=true, enable_pk_simulator=false, bottom_period_popup_slash=false}, globalConditions={global_theme_key=theme,!gsf,!pgsans,!pgsf,!use_system_font,BORDER,FLAVOR_DPI=XXHDPI,GOOGLE_ICONS,KEYBOARD_WIDTH_CATEGORY=NORMAL,KEY_BORDER_SHAPE=1,LIGHT_THEME=false,PHYSICAL_DIAGONAL=5.748144,POPUP,SCREEN_SHORTEST_WIDTH=393,SCREEN_SHORTEST_WIDTH_NO_SCALE=393,XXHDPI,bottom4dp,enable_emoji_kitchen_browse_color_v2=true,enable_google_fonts_icons=true,enable_popup_on_keypress=true,keyboard_redesign_google_sans=true,non_linear_scale,noshadow,overlay_builtin_dynamic_color_dark_base.binarypb:gm3-dark-ff131313-ffffffff-4d9204e36e3ccb6a165e3e3dbe763ce0,roundedchip,silkpopup, global_locale=en_US, global_density_dpi=440, global_orientation=1}, className=.latin.keyboard.LatinPrimeKeyboard, resourceIds=[#0x7f1705fb, #0x7f17088d], initialStates=0, keyboardViewDefs=[mls{direction=null, id=#0x7f0b0224, isScalable=true, layoutId=#0x7f0e029f, type=BODY, touchable=true, defaultShow=true}, mls{direction=null, id=#0x7f0b0224, isScalable=false, layoutId=#0x7f0e01f9, type=FLOATING_CANDIDATES, touchable=false, defaultShow=false}, mls{direction=LOCALE, id=#0x7f0b0224, isScalable=false, layoutId=#0x7f0e0500, type=HEADER, touchable=true, defaultShow=true}], persistentStates=0, persistentStatesPrefKey=null, popupBubbleLayoutId=#0x7f0e05f1, recentKeyLayoutId=0, recentKeyPopupLayoutId=0, recentKeyType=null, rememberRecentKey=NONE, sessionStates=17592186044419}, type=WIDGET, helpersCreated=[lxm@91f5da0, lxm@aa1cd59, lxm@f4bbd1e, null], context.getResources().getConfiguration(): {1.0 405mcc869mnc [en_US] ldltr sw393dp w393dp h790dp 440dpi nrml long port night finger -keyb/v/h -nav/h winConfig={ mBounds=Rect(0, 0 - 1080, 2392) mAppBounds=Rect(0, 103 - 1080, 2276) mMaxBounds=Rect(0, 0 - 1080, 2392) mDisplayRotation=ROTATION_0 mWindowingMode=fullscreen mActivityType=undefined mAlwaysOnTop=undefined mRotation=ROTATION_0 isEmbedding:false} s.5420 fontWeightAdjustment=0 themeId=2 themeParameter=0 nightModeLevel = -1 typefaceChanged=0.0 ?spacesystem eaMode=1}
10-23 17:23:47.790  5589  5589 I KeyboardHeightUtil: KeyboardHeightUtil.calculateMaxKeyboardBodyHeight():50 leave 267 height for app when ime window height:2171, header height:121 and isFullscreenMode:false, so the max keyboard body height is:1783
10-23 17:23:47.806  9275 28577 W anqe    : Failed to retrieve prediction data. [CONTEXT service_id=177 ]
10-23 17:23:47.806  9275 28577 W anqe    : java.util.concurrent.ExecutionException: fnpd: No active MDD filegroup android-autofill-infinitedata found for the table autofill-domain-predictions-prod-spanner.
10-23 17:23:47.806  9275 28577 W anqe    : 	at gpkb.j(:com.google.android.gms@254031035@25.40.31 (260400-816341114):21)
10-23 17:23:47.806  9275 28577 W anqe    : 	at gpkk.v(:com.google.android.gms@254031035@25.40.31 (260400-816341114):107)
10-23 17:23:47.806  9275 28577 W anqe    : 	at gpkb.get(:com.google.android.gms@254031035@25.40.31 (260400-816341114):2)
10-23 17:23:47.806  9275 28577 W anqe    : 	at anqe.e(:com.google.android.gms@254031035@25.40.31 (260400-816341114):81)
10-23 17:23:47.806  9275 28577 W anqe    : 	at anqe.a(:com.google.android.gms@254031035@25.40.31 (260400-816341114):124)
10-23 17:23:47.806  9275 28577 W anqe    : 	at anno.call(:com.google.android.gms@254031035@25.40.31 (260400-816341114):5)
10-23 17:23:47.806  9275 28577 W anqe    : 	at java.util.concurrent.FutureTask.run(FutureTask.java:317)
10-23 17:23:47.806  9275 28577 W anqe    : 	at bckr.c(:com.google.android.gms@254031035@25.40.31 (260400-816341114):50)
10-23 17:23:47.806  9275 28577 W anqe    : 	at bckr.run(:com.google.android.gms@254031035@25.40.31 (260400-816341114):73)
10-23 17:23:47.806  9275 28577 W anqe    : 	at java.util.concurrent.ThreadPoolExecutor.runWorker(ThreadPoolExecutor.java:1156)
10-23 17:23:47.806  9275 28577 W anqe    : 	at java.util.concurrent.ThreadPoolExecutor$Worker.run(ThreadPoolExecutor.java:651)
10-23 17:23:47.806  9275 28577 W anqe    : 	at bcqi.run(:com.google.android.gms@254031035@25.40.31 (260400-816341114):8)
10-23 17:23:47.806  9275 28577 W anqe    : 	at java.lang.Thread.run(Thread.java:1119)
10-23 17:23:47.806  9275 28577 W anqe    : Caused by: fnpd: No active MDD filegroup android-autofill-infinitedata found for the table autofill-domain-predictions-prod-spanner.
10-23 17:23:47.806  9275 28577 W anqe    : 	at fnpr.a(:com.google.android.gms@254031035@25.40.31 (260400-816341114):13)
10-23 17:23:47.806  9275 28577 W anqe    : 	at gpjr.d(:com.google.android.gms@254031035@25.40.31 (260400-816341114):3)
10-23 17:23:47.806  9275 28577 W anqe    : 	at gpjt.run(:com.google.android.gms@254031035@25.40.31 (260400-816341114):130)
10-23 17:23:47.806  9275 28577 W anqe    : 	at gpma.execute(:com.google.android.gms@254031035@25.40.31 (260400-816341114):1)
10-23 17:23:47.806  9275 28577 W anqe    : 	at gpkb.f(:com.google.android.gms@254031035@25.40.31 (260400-816341114):1)
10-23 17:23:47.806  9275 28577 W anqe    : 	at gpkb.m(:com.google.android.gms@254031035@25.40.31 (260400-816341114):99)
10-23 17:23:47.806  9275 28577 W anqe    : 	at gpkb.r(:com.google.android.gms@254031035@25.40.31 (260400-816341114):17)
10-23 17:23:47.806  9275 28577 W anqe    : 	at gpko.run(:com.google.android.gms@254031035@25.40.31 (260400-816341114):77)
10-23 17:23:47.806  9275 28577 W anqe    : 	at gpma.execute(:com.google.android.gms@254031035@25.40.31 (260400-816341114):1)
10-23 17:23:47.806  9275 28577 W anqe    : 	at gpkb.f(:com.google.android.gms@254031035@25.40.31 (260400-816341114):1)
10-23 17:23:47.806  9275 28577 W anqe    : 	at gpkb.m(:com.google.android.gms@254031035@25.40.31 (260400-816341114):99)
10-23 17:23:47.806  9275 28577 W anqe    : 	at gpkb.t(:com.google.android.gms@254031035@25.40.31 (260400-816341114):26)
10-23 17:23:47.806  9275 28577 W anqe    : 	at gpjr.e(:com.google.android.gms@254031035@25.40.31 (260400-816341114):3)
10-23 17:23:47.806  9275 28577 W anqe    : 	at gpjt.run(:com.google.android.gms@254031035@25.40.31 (260400-816341114):138)
10-23 17:23:47.806  9275 28577 W anqe    : 	at gpma.execute(:com.google.android.gms@254031035@25.40.31 (260400-816341114):1)
10-23 17:23:47.806  9275 28577 W anqe    : 	at gpkb.f(:com.google.android.gms@254031035@25.40.31 (260400-816341114):1)
10-23 17:23:47.806  9275 28577 W anqe    : 	at gpkb.m(:com.google.android.gms@254031035@25.40.31 (260400-816341114):99)
10-23 17:23:47.806  9275 28577 W anqe    : 	at gpkb.r(:com.google.android.gms@254031035@25.40.31 (260400-816341114):17)
10-23 17:23:47.806  9275 28577 W anqe    : 	at gpko.run(:com.google.android.gms@254031035@25.40.31 (260400-816341114):77)
10-23 17:23:47.806  9275 28577 W anqe    : 	at gpma.execute(:com.google.android.gms@254031035@25.40.31 (260400-816341114):1)
10-23 17:23:47.806  9275 28577 W anqe    : 	at gpkb.f(:com.google.android.gms@254031035@25.40.31 (260400-816341114):1)
10-23 17:23:47.806  9275 28577 W anqe    : 	at gpkb.m(:com.google.android.gms@254031035@25.40.31 (260400-816341114):99)
10-23 17:23:47.806  9275 28577 W anqe    : 	at gpkb.t(:com.google.android.gms@254031035@25.40.31 (260400-816341114):26)
10-23 17:23:47.806  9275 28577 W anqe    : 	at gpmx.run(:com.google.android.gms@254031035@25.40.31 (260400-816341114):5)
10-23 17:23:47.806  9275 28577 W anqe    : 	at gpma.execute(:com.google.android.gms@254031035@25.40.31 (260400-816341114):1)
10-23 17:23:47.806  9275 28577 W anqe    : 	at gpkb.f(:com.google.android.gms@254031035@25.40.31 (260400-816341114):1)
10-23 17:23:47.806  9275 28577 W anqe    : 	at gpkb.m(:com.google.android.gms@254031035@25.40.31 (260400-816341114):99)
10-23 17:23:47.806  9275 28577 W anqe    : 	at gpkb.t(:com.google.android.gms@254031035@25.40.31 (260400-816341114):26)
10-23 17:23:47.806  9275 28577 W anqe    : 	at gpkm.e(:com.google.android.gms@254031035@25.40.31 (260400-816341114):3)
10-23 17:23:47.806  9275 28577 W anqe    : 	at gpko.run(:com.google.android.gms@254031035@25.40.31 (260400-816341114):44)
10-23 17:23:47.806  9275 28577 W anqe    : 	at gpod.run(:com.google.android.gms@254031035@25.40.31 (260400-816341114):64)
10-23 17:23:47.806  9275 28577 W anqe    : 	... 6 more
10-23 17:23:47.806  9275 28577 W anqe    : Caused by: flxc: Requested group not found.
10-23 17:23:47.806  9275 28577 W anqe    : 	at flxa.a(:com.google.android.gms@254031035@25.40.31 (260400-816341114):30)
10-23 17:23:47.806  9275 28577 W anqe    : 	at fmce.a(:com.google.android.gms@254031035@25.40.31 (260400-816341114):19)
10-23 17:23:47.806  9275 28577 W anqe    : 	at ghbr.a(:com.google.android.gms@254031035@25.40.31 (260400-816341114):13)
10-23 17:23:47.806  9275 28577 W anqe    : 	at gpkm.d(:com.google.android.gms@254031035@25.40.31 (260400-816341114):3)
10-23 17:23:47.806  9275 28577 W anqe    : 	at gpko.run(:com.google.android.gms@254031035@25.40.31 (260400-816341114):38)
10-23 17:23:47.806  9275 28577 W anqe    : 	... 7 more
10-23 17:23:47.809  9275 30955 I anpf    : (REDACTED) Unsupported field type provided by app=%s
10-23 17:23:47.810  5589  5589 I AndroidIME: InputBundleManager.startInput():358 startInput() with mlo[keyboardType=prime, payload=null]
10-23 17:23:47.810  5589  5589 I GlobeKeyExtension: GlobeKeyExtension.onActivate():120 
10-23 17:23:47.810  9275 30955 I anpf    : (REDACTED) Unsupported field type provided by app=%s
10-23 17:23:47.818  5589  5589 I LanguagePromoExtension: LanguagePromoExtension.checkDisplayPreconditions():174 Not show language promo: exceeds the max display times.
10-23 17:23:47.820  5589  5589 I VoiceInputManagerWrapper: VoiceInputManagerWrapper.cancelShutdown():109 cancelShutdown()
10-23 17:23:47.820  5589  5589 I VoiceInputManagerWrapper: VoiceInputManagerWrapper.syncLanguagePacks():121 syncLanguagePacks()
10-23 17:23:47.821  5589  5589 I VoiceInputManager: VoiceInputManager.onKeyboardActivated():1173 onKeyboardActivated() [UD]
10-23 17:23:47.821  5589  5589 I PkModeUpdater: PkModeUpdater.onActivate():74 onActivate false true
10-23 17:23:47.821  5589  5589 I AccessoryInputModeManager: AccessoryInputModeManager.onModeStarted():318 Accessory input mode started: null
10-23 17:23:47.822  5589  5589 W SupplementaryKeyboardsWrapper: SupplementaryKeyboardsWrapper.deactivateKeyboard():161 keyboard accessory_candidates_consumer is not activated before!
10-23 17:23:47.822  5589  5589 I KeyboardModeUtils: KeyboardModeUtils.getKeyboardBottomOffset():435 inch: 0.000000 ydpi: 387.429993 adjustKeyboardBottomByDisplaySize: false currentDensityDpi: 440 defaultDensityDpi: 440 keyboardBottomToScreenPx: 0 keyboardBottomToNavBarPx: -116 navBarHeight: 116
10-23 17:23:47.822  5589  6558 I SpeechFactory: SpeechRecognitionFactory.maybeScheduleAutoPackDownloadForFallback():217 maybeScheduleAutoPackDownloadForFallback()
10-23 17:23:47.823  5589  5589 I KeyboardHeightUtil: KeyboardHeightUtil.calculateMaxKeyboardBodyHeight():50 leave 267 height for app when ime window height:2171, header height:121 and isFullscreenMode:false, so the max keyboard body height is:1783
10-23 17:23:47.823  5589  6558 I FallbackOnDeviceRecognitionProvider: FallbackOnDeviceRecognitionProvider.maybeScheduleAutoPackDownload():205 maybeScheduleAutoPackDownload() for language tag en-US
10-23 17:23:47.823  5589  5589 I KeyboardHeightUtil: KeyboardHeightUtil.calculateMaxKeyboardBodyHeight():50 leave 267 height for app when ime window height:2171, header height:121 and isFullscreenMode:false, so the max keyboard body height is:1783
10-23 17:23:47.823  5589  5589 I AndroidIME: KeyboardViewManager.updateKeyboardBodyViewHolderPaddingBottom():472 Set finalPaddingBottom = 5 while holderPaddingBottom = 5; navigationHeight = 116
10-23 17:23:47.823  5589  5589 I KeyboardHeightUtil: KeyboardHeightUtil.calculateMaxKeyboardBodyHeight():50 leave 267 height for app when ime window height:2171, header height:121 and isFullscreenMode:false, so the max keyboard body height is:1783
10-23 17:23:47.823  5589  5589 I KeyboardHeightUtil: KeyboardHeightUtil.calculateMaxKeyboardBodyHeight():50 leave 267 height for app when ime window height:2171, header height:121 and isFullscreenMode:false, so the max keyboard body height is:1783
10-23 17:23:47.823  5589  5589 W ExtensionWrapper: ExtensionWrapper.setExtensionViewVisibility():811 interface mas is not activate
10-23 17:23:47.826  5589  5589 I Module  : DeviceLockedStatusModuleProvider$Module.updateDeviceLockedStatus():100 repeatCheckTimes = 1, locked = false
10-23 17:23:47.826  5589  5589 I VoiceImeExtension: VoiceImeExtension.shouldStartVoiceInputAutomaticallyInCurrentInputBox():378 No private IME option set to start voice input.
10-23 17:23:47.831  5589  5589 I StylusModule: StylusModule.onUpdateToolType():800 Update tool type = 1
10-23 17:23:47.843  9275 30954 I PasswordSaveInfoFactory: Form is missing passwords. [CONTEXT service_id=177 ]
10-23 17:23:47.848  9275 30956 E ievv    : *~*~*~ Previous channel {0} was garbage collected without being shut down! ~*~*~*
10-23 17:23:47.848  9275 30956 E ievv    :     Make sure to call shutdown()/shutdownNow()
10-23 17:23:47.848  9275 30956 E ievv    : java.lang.RuntimeException: ManagedChannel allocation site
10-23 17:23:47.848  9275 30956 E ievv    : 	at ievu.<init>(:com.google.android.gms@254031035@25.40.31 (260400-816341114):21)
10-23 17:23:47.848  9275 30956 E ievv    : 	at ievv.<init>(:com.google.android.gms@254031035@25.40.31 (260400-816341114):10)
10-23 17:23:47.848  9275 30956 E ievv    : 	at ievt.a(:com.google.android.gms@254031035@25.40.31 (260400-816341114):250)
10-23 17:23:47.848  9275 30956 E ievv    : 	at iegb.a(:com.google.android.gms@254031035@25.40.31 (260400-816341114):5)
10-23 17:23:47.848  9275 30956 E ievv    : 	at cnxf.h(:com.google.android.gms@254031035@25.40.31 (260400-816341114):150)
10-23 17:23:47.848  9275 30956 E ievv    : 	at gsvy.a(:com.google.android.gms@254031035@25.40.31 (260400-816341114):154)
10-23 17:23:47.848  9275 30956 E ievv    : 	at ghbq.a(:com.google.android.gms@254031035@25.40.31 (260400-816341114):13)
10-23 17:23:47.848  9275 30956 E ievv    : 	at gpol.a(:com.google.android.gms@254031035@25.40.31 (260400-816341114):3)
10-23 17:23:47.848  9275 30956 E ievv    : 	at gpnm.run(:com.google.android.gms@254031035@25.40.31 (260400-816341114):19)
10-23 17:23:47.848  9275 30956 E ievv    : 	at gpon.run(:com.google.android.gms@254031035@25.40.31 (260400-816341114):5)
10-23 17:23:47.848  9275 30956 E ievv    : 	at bckr.c(:com.google.android.gms@254031035@25.40.31 (260400-816341114):50)
10-23 17:23:47.848  9275 30956 E ievv    : 	at bckr.run(:com.google.android.gms@254031035@25.40.31 (260400-816341114):73)
10-23 17:23:47.848  9275 30956 E ievv    : 	at java.util.concurrent.ThreadPoolExecutor.runWorker(ThreadPoolExecutor.java:1156)
10-23 17:23:47.848  9275 30956 E ievv    : 	at java.util.concurrent.ThreadPoolExecutor$Worker.run(ThreadPoolExecutor.java:651)
10-23 17:23:47.848  9275 30956 E ievv    : 	at bcqi.run(:com.google.android.gms@254031035@25.40.31 (260400-816341114):8)
10-23 17:23:47.848  9275 30956 E ievv    : 	at java.lang.Thread.run(Thread.java:1119)
10-23 17:23:47.851  5589  5589 D ViewRootImpl: AppSizeAfterRelayout, size: Point(1080, 2287), rotation: ROTATION_0
10-23 17:23:47.851  5589  5589 D BufferQueueConsumer: [](id:15d500000fac,api:0,p:-1,c:5589) connect: controlledByApp=false
10-23 17:23:47.852  5589  5589 D BLASTBufferQueue: [VRI[InputMethod]#4012](f:0,a:0) constructor()
10-23 17:23:47.852  5589  5589 D BLASTBufferQueue: [VRI[InputMethod]#4012](f:0,a:0) update width=1080 height=2287 format=-2 mTransformHint=0
10-23 17:23:47.855  5589  5589 I KeyboardModeUtils: KeyboardModeUtils.getKeyboardBottomOffset():435 inch: 0.000000 ydpi: 387.429993 adjustKeyboardBottomByDisplaySize: false currentDensityDpi: 440 defaultDensityDpi: 440 keyboardBottomToScreenPx: 0 keyboardBottomToNavBarPx: -116 navBarHeight: 116
10-23 17:23:47.855  5589  5589 I KeyboardHeightUtil: KeyboardHeightUtil.calculateMaxKeyboardBodyHeight():50 leave 267 height for app when ime window height:2171, header height:121 and isFullscreenMode:false, so the max keyboard body height is:1783
10-23 17:23:47.855  5589  5589 I KeyboardHeightUtil: KeyboardHeightUtil.calculateMaxKeyboardBodyHeight():50 leave 267 height for app when ime window height:2171, header height:121 and isFullscreenMode:false, so the max keyboard body height is:1783
10-23 17:23:47.855  5589  5589 I AndroidIME: KeyboardViewManager.updateKeyboardBodyViewHolderPaddingBottom():472 Set finalPaddingBottom = 5 while holderPaddingBottom = 5; navigationHeight = 116
10-23 17:23:47.855  5589  5589 I WindowMetricsNotification: WindowMetricsNotification.notifyWithWindow():166 
10-23 17:23:47.856  5589  5589 I WindowMetricsNotification: WindowMetricsNotification.notify():159 pfu[bounds=Rect(0, 105 - 1080, 2392), insets=Rect(0, 0 - 0, 116), densityDpi=440, smallestScreenWidthDp=393, displayWidth=1080, displayHeight=2392, xdpi=387.43, ydpi=387.43, isTrustable=true, displayId=0]; DisplayMetrics{density=2.75, width=1080, height=2392, scaledDensity=2.75, xdpi=387.43, ydpi=387.43}
10-23 17:23:47.904  1870  1870 D AutofillSession: Service did not request to wait for delayed fill response.
10-23 17:23:47.914  5589  5657 D BLASTBufferQueue: [VRI[InputMethod]#4012](f:0,a:1) acquireNextBufferLocked size=1080x2287 mFrameNumber=1 applyTransaction=true mTimestamp=824295243773284(auto) mPendingTransactions.size=0 graphicBufferId=24004572229281 transform=0
10-23 17:23:47.916  5589  5589 I GoogleInputMethodService: GoogleInputMethodService$1.onKeyboardViewShown():325 onKeyboardViewShown: keyboardType=prime, keyboardViewType=HEADER keyboardView=com.google.android.libraries.inputmethod.widgets.SoftKeyboardView{93062a2 V.E...... ........ 0,0-1080,121}
10-23 17:23:47.916  5589  5589 I KeyboardHeightUtil: KeyboardHeightUtil.calculateMaxKeyboardBodyHeight():50 leave 267 height for app when ime window height:2171, header height:121 and isFullscreenMode:false, so the max keyboard body height is:1783
10-23 17:23:47.917  5589  5589 I GoogleInputMethodService: GoogleInputMethodService$1.onKeyboardViewShown():325 onKeyboardViewShown: keyboardType=prime, keyboardViewType=BODY keyboardView=com.google.android.libraries.inputmethod.widgets.SoftKeyboardView{c071174 V.E...... ........ 0,0-1080,693}
10-23 17:23:47.917  5589  5589 I KeyboardHeightUtil: KeyboardHeightUtil.calculateMaxKeyboardBodyHeight():50 leave 267 height for app when ime window height:2171, header height:121 and isFullscreenMode:false, so the max keyboard body height is:1783
10-23 17:23:47.917  5589  5589 I GlobeKeyExtension: GlobeKeyExtension$1.onKeyboardViewShown():72 maybeDisableLanguageSwitchKeyPref when the keyboard is shown
10-23 17:23:47.917  5589  5589 I GlobeKeyExtension: GlobeKeyExtension.maybeDisableLanguageSwitchKeyPref():200 maybeDisableLanguageSwitchKeyPref hasGlobeKeyBeenDisabled: false, shouldDisableLanguageSwitchKey: false
10-23 17:23:47.917  5589  5589 I NewLanguagePromptExtension: NewLanguagePromptExtension$1.onKeyboardViewShown():98 Not show new language banner: no change in enabled input method entries
10-23 17:23:47.918  5589  5589 I DynamicLayoutHandler: DynamicLayoutHandler.loadDynamicKeys():83 This isn't a dynamic layout.
10-23 17:23:47.919  5589  6030 I Delight5Decoder: Delight5DecoderWrapper.setKeyboardLayout():536 setKeyboardLayout()
10-23 17:23:47.920 18100 18100 D InsetsController: show(ime(), fromIme=true)
10-23 17:23:47.925  3458  3458 V InlinePresentationRendererServiceImpl: onRenderSuggestion: width=-2, height=-2
10-23 17:23:47.946 18100 30983 W InteractionJankMonitor: Initializing without READ_DEVICE_CONFIG permission. enabled=false, interval=1, missedFrameThreshold=3, frameTimeThreshold=64, package=com.a1taxi.a1taxicustomer
10-23 17:23:47.975  5589  5589 W TooltipLifecycleManager: TooltipLifecycleManager.dismissTooltips():153 Tooltip with id spell_check_add_to_dictionary not found in tooltipManager.
10-23 17:23:47.980  3458  3458 V InlineSuggestionRenderService: width=-2, height=-2, measuredSize=496x121
10-23 17:23:48.004  3458  3458 D ViewRootImpl: AppSizeAfterRelayout, size: Point(496, 121), rotation: ROTATION_0
10-23 17:23:48.004  3458  3458 D BufferQueueConsumer: [](id:d820000049d,api:0,p:-1,c:3458) connect: controlledByApp=false
10-23 17:23:48.004  3458  3458 D BLASTBufferQueue: [VRI[]#1181](f:0,a:0) constructor()
10-23 17:23:48.004  3458  3458 D BLASTBufferQueue: [VRI[]#1181](f:0,a:0) update width=496 height=121 format=-2 mTransformHint=0
10-23 17:23:48.033  1870  1976 D AutofillSession: onShown(): 2, 1
10-23 17:23:48.039  3458 31463 D BLASTBufferQueue: [VRI[]#1181](f:0,a:1) acquireNextBufferLocked size=496x121 mFrameNumber=1 applyTransaction=true mTimestamp=824295369199361(auto) mPendingTransactions.size=0 graphicBufferId=14851996917835 transform=0
10-23 17:23:48.041  5589  5589 I ProactiveSuggestionsHolderManager: ProactiveSuggestionsHolderManager$2.display():195 Requesting to show proactive suggestions: AUTO_FILL PREEMPTIVE_WITH_SUPPRESSION
10-23 17:23:48.049  5589  5589 D BufferQueueConsumer: [](id:15d500000fad,api:0,p:-1,c:5589) connect: controlledByApp=false
10-23 17:23:48.050  5589  5589 D BLASTBufferQueue: [SurfaceView[InputMethod]#4013](f:0,a:0) constructor()
10-23 17:23:48.050  5589  5589 D BLASTBufferQueue: [SurfaceView[InputMethod]#4013](f:0,a:0) update width=770 height=121 format=-2 mTransformHint=0
10-23 17:23:48.053  1870  2895 D BatteryStatsService: noteVideoSurfaceChanged  noteWhich: 49,arg1: 770, arg2: 121, arg3: 5589, arg4: 144846, name: com.google.android.inputmethod.latin
10-23 17:23:48.058  5589  5589 I ProactiveSuggestionsHolderManager: ProactiveSuggestionsHolderManager$Holder.setSuggestionsAndShow():898 succeed to show proactive suggestions AUTO_FILL PREEMPTIVE_WITH_SUPPRESSION
10-23 17:23:48.062  5589  5589 W NotificationCenter: NotificationCenter$NotificationQueue.notifyPendingNotificationsOnExecutor():877 Heavy notify work detected on UI thread: [ncb->jtu] takes 21ms
10-23 17:23:48.063  5589  5589 I KeyboardModeUtils: KeyboardModeUtils.getKeyboardBottomOffset():435 inch: 0.000000 ydpi: 387.429993 adjustKeyboardBottomByDisplaySize: false currentDensityDpi: 440 defaultDensityDpi: 440 keyboardBottomToScreenPx: 0 keyboardBottomToNavBarPx: -116 navBarHeight: 116
10-23 17:23:48.063  5589  5589 I KeyboardHeightUtil: KeyboardHeightUtil.calculateMaxKeyboardBodyHeight():50 leave 267 height for app when ime window height:2171, header height:121 and isFullscreenMode:false, so the max keyboard body height is:1783
10-23 17:23:48.063  5589  5589 I KeyboardHeightUtil: KeyboardHeightUtil.calculateMaxKeyboardBodyHeight():50 leave 267 height for app when ime window height:2171, header height:121 and isFullscreenMode:false, so the max keyboard body height is:1783
10-23 17:23:48.063  5589  5589 I AndroidIME: KeyboardViewManager.updateKeyboardBodyViewHolderPaddingBottom():472 Set finalPaddingBottom = 5 while holderPaddingBottom = 5; navigationHeight = 116
10-23 17:23:48.067  5589  5589 D BufferQueueConsumer: [](id:15d500000fae,api:0,p:-1,c:5589) connect: controlledByApp=false
10-23 17:23:48.068  5589  5589 D BLASTBufferQueue: [SurfaceView[InputMethod]#4014](f:0,a:0) constructor()
10-23 17:23:48.068  5589  5589 D BLASTBufferQueue: [SurfaceView[InputMethod]#4014](f:0,a:0) update width=496 height=121 format=-2 mTransformHint=0
10-23 17:23:48.071  1870  3603 D BatteryStatsService: noteVideoSurfaceChanged  noteWhich: 49,arg1: 496, arg2: 121, arg3: 5589, arg4: 152845, name: com.google.android.inputmethod.latin
10-23 17:23:48.076  5589  5657 D BLASTBufferQueue: [SurfaceView[InputMethod]#4014](f:0,a:1) acquireNextBufferLocked size=496x121 mFrameNumber=1 applyTransaction=true mTimestamp=824295406101515(auto) mPendingTransactions.size=0 graphicBufferId=24004572229282 transform=0
10-23 17:23:48.077  1870  1997 D BatteryStatsService: noteVideoSurfaceChanged  noteWhich: 49,arg1: 248, arg2: 13, arg3: 5589, arg4: 152845, name: com.google.android.inputmethod.latin
10-23 17:23:48.078  1870  1997 D BatteryStatsService: noteVideoSurfaceChanged  noteWhich: 49,arg1: 770, arg2: 121, arg3: 5589, arg4: 144846, name: com.google.android.inputmethod.latin
10-23 17:23:48.085  1870  1997 D BatteryStatsService: noteVideoSurfaceChanged  noteWhich: 49,arg1: 300, arg2: 35, arg3: 5589, arg4: 152845, name: com.google.android.inputmethod.latin
10-23 17:23:48.087  1870  3603 D BatteryStatsService: noteVideoSurfaceChanged  noteWhich: 49,arg1: 346, arg2: 55, arg3: 5589, arg4: 152845, name: com.google.android.inputmethod.latin
10-23 17:23:48.094  9275 30521 W Conscrypt: Could not set socket write timeout: java.net.SocketException: Socket closed
10-23 17:23:48.095  9275 30521 W Conscrypt: 	at com.google.android.gms.org.conscrypt.Platform.setSocketWriteTimeout(:com.google.android.gms@254031035@25.40.31 (260400-816341114):204)
10-23 17:23:48.095  9275 30521 W Conscrypt: 	at com.google.android.gms.org.conscrypt.ConscryptFileDescriptorSocket.setSoWriteTimeout(:com.google.android.gms@254031035@25.40.31 (260400-816341114):4)
10-23 17:23:48.101  1870  1997 D BatteryStatsService: noteVideoSurfaceChanged  noteWhich: 49,arg1: 386, arg2: 73, arg3: 5589, arg4: 152845, name: com.google.android.inputmethod.latin
10-23 17:23:48.118  1870  3603 D BatteryStatsService: noteVideoSurfaceChanged  noteWhich: 49,arg1: 420, arg2: 87, arg3: 5589, arg4: 152845, name: com.google.android.inputmethod.latin
10-23 17:23:48.135  1870  1997 D BatteryStatsService: noteVideoSurfaceChanged  noteWhich: 49,arg1: 448, arg2: 101, arg3: 5589, arg4: 152845, name: com.google.android.inputmethod.latin
10-23 17:23:48.151  1870  3603 D BatteryStatsService: noteVideoSurfaceChanged  noteWhich: 49,arg1: 470, arg2: 109, arg3: 5589, arg4: 152845, name: com.google.android.inputmethod.latin
10-23 17:23:48.152 18100 18100 I ImeTracker: com.a1taxi.a1taxicustomer:898d266d: onShown
10-23 17:23:48.169  1870  1997 D BatteryStatsService: noteVideoSurfaceChanged  noteWhich: 49,arg1: 484, arg2: 117, arg3: 5589, arg4: 152845, name: com.google.android.inputmethod.latin
10-23 17:23:48.185  1870  1997 D BatteryStatsService: noteVideoSurfaceChanged  noteWhich: 49,arg1: 494, arg2: 121, arg3: 5589, arg4: 152845, name: com.google.android.inputmethod.latin
10-23 17:23:48.194  9275 30521 W Conscrypt: Could not set socket write timeout: java.net.SocketException: Socket closed
10-23 17:23:48.194  9275 30521 W Conscrypt: 	at com.google.android.gms.org.conscrypt.Platform.setSocketWriteTimeout(:com.google.android.gms@254031035@25.40.31 (260400-816341114):204)
10-23 17:23:48.195  9275 30521 W Conscrypt: 	at com.google.android.gms.org.conscrypt.ConscryptFileDescriptorSocket.setSoWriteTimeout(:com.google.android.gms@254031035@25.40.31 (260400-816341114):4)
10-23 17:23:48.203  1870  1997 D BatteryStatsService: noteVideoSurfaceChanged  noteWhich: 49,arg1: 496, arg2: 121, arg3: 5589, arg4: 152845, name: com.google.android.inputmethod.latin
10-23 17:23:48.317  5589  5589 W TooltipLifecycleManager: TooltipLifecycleManager.dismissTooltips():153 Tooltip with id SUGGESTION_VIEW_EDU_MINI_DIALOG not found in tooltipManager.
10-23 17:23:48.321  1870  1997 D BatteryStatsService: noteVideoSurfaceChanged  noteWhich: 49,arg1: -1, arg2: -1, arg3: 5589, arg4: 152845, name: com.google.android.inputmethod.latin
10-23 17:23:48.321  5589  5657 E BufferQueueProducer: [SurfaceView[InputMethod]#4014(BLAST Consumer)4014](id:15d500000fae,api:0,p:-1,c:5589) disconnect: not connected (req=1)
10-23 17:23:48.321  5589  5657 W libEGL  : EGLNativeWindowType 0xb4000077e011e480 disconnect failed
10-23 17:23:48.323  5589  5589 D BLASTBufferQueue: [SurfaceView[InputMethod]#4014](f:0,a:1) destructor()
10-23 17:23:48.323  5589  5589 D BufferQueueConsumer: [SurfaceView[InputMethod]#4014(BLAST Consumer)4014](id:15d500000fae,api:0,p:-1,c:5589) disconnect
10-23 17:23:48.324  5589  5589 W TooltipLifecycleManager: TooltipLifecycleManager.dismissTooltips():153 Tooltip with id SUGGESTION_VIEW_EDU_MINI_DIALOG not found in tooltipManager.
10-23 17:23:48.324  5589  5589 W LatinPrimeKeyboard: LatinPrimeKeyboard.consumeEvent():353 consumeEvent() : UPDATE_DYNAMIC_KEYS, no dynamic layout
10-23 17:23:48.336  5589  5589 I KeyboardModeUtils: KeyboardModeUtils.getKeyboardBottomOffset():435 inch: 0.000000 ydpi: 387.429993 adjustKeyboardBottomByDisplaySize: false currentDensityDpi: 440 defaultDensityDpi: 440 keyboardBottomToScreenPx: 0 keyboardBottomToNavBarPx: -116 navBarHeight: 116
10-23 17:23:48.336  5589  5589 I KeyboardHeightUtil: KeyboardHeightUtil.calculateMaxKeyboardBodyHeight():50 leave 267 height for app when ime window height:2171, header height:121 and isFullscreenMode:false, so the max keyboard body height is:1783
10-23 17:23:48.336  5589  5589 I KeyboardHeightUtil: KeyboardHeightUtil.calculateMaxKeyboardBodyHeight():50 leave 267 height for app when ime window height:2171, header height:121 and isFullscreenMode:false, so the max keyboard body height is:1783
10-23 17:23:48.337  5589  5589 I AndroidIME: KeyboardViewManager.updateKeyboardBodyViewHolderPaddingBottom():472 Set finalPaddingBottom = 5 while holderPaddingBottom = 5; navigationHeight = 116
10-23 17:23:48.345  5589  6549 I AndroidSpellCheckerService: AndroidSpellCheckerService.createSession():139 com.google.android.keyboard.client.delight5.LanguageIdentifier@c2302b9 is created
10-23 17:23:48.349  5589  5589 W TooltipLifecycleManager: TooltipLifecycleManager.dismissTooltips():153 Tooltip with id SUGGESTION_VIEW_EDU_MINI_DIALOG not found in tooltipManager.
10-23 17:23:48.390  1870  3777 D BatteryStatsService: noteVideoSurfaceChanged  noteWhich: 49,arg1: -1, arg2: -1, arg3: 5589, arg4: 144846, name: com.google.android.inputmethod.latin
10-23 17:23:48.391  5589  5589 D BLASTBufferQueue: [SurfaceView[InputMethod]#4013](f:0,a:0) destructor()
10-23 17:23:48.391  5589  5589 D BufferQueueConsumer: [SurfaceView[InputMethod]#4013(BLAST Consumer)4013](id:15d500000fad,api:0,p:-1,c:5589) disconnect
10-23 17:23:48.400  5589  5589 I KeyboardModeUtils: KeyboardModeUtils.getKeyboardBottomOffset():435 inch: 0.000000 ydpi: 387.429993 adjustKeyboardBottomByDisplaySize: false currentDensityDpi: 440 defaultDensityDpi: 440 keyboardBottomToScreenPx: 0 keyboardBottomToNavBarPx: -116 navBarHeight: 116
10-23 17:23:48.401  5589  5589 I KeyboardHeightUtil: KeyboardHeightUtil.calculateMaxKeyboardBodyHeight():50 leave 267 height for app when ime window height:2171, header height:121 and isFullscreenMode:false, so the max keyboard body height is:1783
10-23 17:23:48.401  5589  5589 I KeyboardHeightUtil: KeyboardHeightUtil.calculateMaxKeyboardBodyHeight():50 leave 267 height for app when ime window height:2171, header height:121 and isFullscreenMode:false, so the max keyboard body height is:1783
10-23 17:23:48.401  5589  5589 I AndroidIME: KeyboardViewManager.updateKeyboardBodyViewHolderPaddingBottom():472 Set finalPaddingBottom = 5 while holderPaddingBottom = 5; navigationHeight = 116
