10-19 15:07:41.803  5589  5589 I GlobeKeyExtension: GlobeKeyExtension.getKeyboardInitialStates():175 
10-19 15:07:41.803  5589  5589 W Keyboard: Keyboard.getKeyboardViewHelper():609 null helper is returned: keyboardDef=mle{processedConditions={show_comma_key=true, enable_more_candidates_view_for_multilingual=false, layout_9key_split=false, enable_secondary_symbols=false, pref_enable_flick_symbols=false, language=en-US, deprecate_long_press_space_for_ime_picker=false, expressions=normal, enable_flick_symbols=true, variant=qwerty, show_period_key=true, enable_number_row=true, device=phone, keyboard_mode=normal, show_secondary_digits=false, enable_preemptive_decode=true, enable_pk_simulator=false, bottom_period_popup_slash=false}, globalConditions={global_theme_key=theme,!gsf,!pgsans,!pgsf,!use_system_font,BORDER,FLAVOR_DPI=XXHDPI,GOOGLE_ICONS,KEYBOARD_WIDTH_CATEGORY=NORMAL,KEY_BORDER_SHAPE=1,LIGHT_THEME=false,PHYSICAL_DIAGONAL=5.748144,POPUP,SCREEN_SHORTEST_WIDTH=393,SCREEN_SHORTEST_WIDTH_NO_SCALE=393,XXHDPI,bottom4dp,enable_emoji_kitchen_browse_color_v2=true,enable_google_fonts_icons=true,enable_popup_on_keypress=true,keyboard_redesign_google_sans=true,non_linear_scale,noshadow,overlay_builtin_dynamic_color_dark_base.binarypb:gm3-dark-ff131313-ffffffff-4d9204e36e3ccb6a165e3e3dbe763ce0,roundedchip,silkpopup, global_locale=en_US, global_density_dpi=440, global_orientation=1}, className=.latin.keyboard.LatinPrimeKeyboard, resourceIds=[#0x7f1705fb, #0x7f17088d], initialStates=0, keyboardViewDefs=[mls{direction=null, id=#0x7f0b0224, isScalable=true, layoutId=#0x7f0e029f, type=BODY, touchable=true, defaultShow=true}, mls{direction=null, id=#0x7f0b0224, isScalable=false, layoutId=#0x7f0e01f9, type=FLOATING_CANDIDATES, touchable=false, defaultShow=false}, mls{direction=LOCALE, id=#0x7f0b0224, isScalable=false, layoutId=#0x7f0e0500, type=HEADER, touchable=true, defaultShow=true}], persistentStates=0, persistentStatesPrefKey=null, popupBubbleLayoutId=#0x7f0e05f1, recentKeyLayoutId=0, recentKeyPopupLayoutId=0, recentKeyType=null, rememberRecentKey=NONE, sessionStates=17592186044419}, type=WIDGET, helpersCreated=[lxm@2076cbf, lxm@b05af8c, lxm@f3096d5, null], context.getResources().getConfiguration(): {1.0 405mcc869mnc [en_US] ldltr sw393dp w393dp h790dp 440dpi nrml long port night finger -keyb/v/h -nav/h winConfig={ mBounds=Rect(0, 0 - 1080, 2392) mAppBounds=Rect(0, 103 - 1080, 2276) mMaxBounds=Rect(0, 0 - 1080, 2392) mDisplayRotation=ROTATION_0 mWindowingMode=fullscreen mActivityType=undefined mAlwaysOnTop=undefined mRotation=ROTATION_0 isEmbedding:false} s.5420 fontWeightAdjustment=0 themeId=2 themeParameter=0 nightModeLevel = -1 typefaceChanged=0.0 ?spacesystem eaMode=1}
10-19 15:07:41.803 28312 28312 I ImeTracker: com.a1taxi.a1taxicustomer:ae837b39: onRequestShow at ORIGIN_CLIENT reason SHOW_SOFT_INPUT fromUser false
10-19 15:07:41.803  5589  5589 I KeyboardHeightUtil: KeyboardHeightUtil.calculateMaxKeyboardBodyHeight():50 leave 267 height for app when ime window height:2171, header height:121 and isFullscreenMode:false, so the max keyboard body height is:1783
10-19 15:07:41.818 28312 29023 I ReactNativeJS: ' Fetched zones from database:', { count: 2,
10-19 15:07:41.818 28312 29023 I ReactNativeJS:   zones: 
10-19 15:07:41.818 28312 29023 I ReactNativeJS:    [ { name: 'Inner Ring', city: 'Hosur', radius: 7.74 },
10-19 15:07:41.818 28312 29023 I ReactNativeJS:      { name: 'Outer Ring', city: 'Hosur', radius: 13.16 } ] }
10-19 15:07:41.818 28312 29023 I ReactNativeJS: ' Loaded active zones:', 2
10-19 15:07:41.819  5589  5589 I AndroidIME: InputBundleManager.startInput():358 startInput() with mlo[keyboardType=prime, payload=null]
10-19 15:07:41.819  5589  5589 I GlobeKeyExtension: GlobeKeyExtension.onActivate():120 
10-19 15:07:41.820  5589  5589 I LanguagePromoExtension: LanguagePromoExtension.checkDisplayPreconditions():174 Not show language promo: exceeds the max display times.
10-19 15:07:41.820  5589  5589 I HardKeyTracker: HardKeyTracker.unregisterKeySequence():221 Unregister key sequence nfz{labelResId=2132020497, callback=cgp@11bcdba, lastModifier=2, keyCodes=[56], actions=[0]}
10-19 15:07:41.820  5589  5589 I HardKeyTracker: HardKeyTracker.unregisterKeySequence():221 Unregister key sequence nfz{labelResId=2132020497, callback=cgp@2a90b86, lastModifier=0, keyCodes=[317], actions=[0]}
10-19 15:07:41.821  5589  5589 I HardKeyTracker: HardKeyTracker.registerKeySequence():170 Register key sequence nfz{labelResId=2132020497, callback=cgp@974af68, lastModifier=2, keyCodes=[56], actions=[0]}
10-19 15:07:41.821  5589  5589 I HardKeyTracker: HardKeyTracker.registerKeySequence():170 Register key sequence nfz{labelResId=2132020497, callback=cgp@d1c8c67, lastModifier=0, keyCodes=[317], actions=[0]}
10-19 15:07:41.821  5589  5589 I VoiceInputManagerWrapper: VoiceInputManagerWrapper.cancelShutdown():109 cancelShutdown()
10-19 15:07:41.821  5589  5589 I VoiceInputManagerWrapper: VoiceInputManagerWrapper.syncLanguagePacks():121 syncLanguagePacks()
10-19 15:07:41.821  5589  5589 I VoiceInputManager: VoiceInputManager.onKeyboardActivated():1173 onKeyboardActivated() [UD]
10-19 15:07:41.821  5589  5589 I PkModeUpdater: PkModeUpdater.onActivate():74 onActivate false true
10-19 15:07:41.821  5589  5589 I AccessoryInputModeManager: AccessoryInputModeManager.onModeStarted():318 Accessory input mode started: null
10-19 15:07:41.821  5589  5589 W SupplementaryKeyboardsWrapper: SupplementaryKeyboardsWrapper.deactivateKeyboard():161 keyboard accessory_candidates_consumer is not activated before!
10-19 15:07:41.821  5589  6558 I SpeechFactory: SpeechRecognitionFactory.maybeScheduleAutoPackDownloadForFallback():217 maybeScheduleAutoPackDownloadForFallback()
10-19 15:07:41.822  5589  6558 I FallbackOnDeviceRecognitionProvider: FallbackOnDeviceRecognitionProvider.maybeScheduleAutoPackDownload():205 maybeScheduleAutoPackDownload() for language tag en-US
10-19 15:07:41.822  5589  5589 I KeyboardModeUtils: KeyboardModeUtils.getKeyboardBottomOffset():435 inch: 0.000000 ydpi: 387.429993 adjustKeyboardBottomByDisplaySize: false currentDensityDpi: 440 defaultDensityDpi: 440 keyboardBottomToScreenPx: 0 keyboardBottomToNavBarPx: -116 navBarHeight: 116
10-19 15:07:41.822  5589  5589 I KeyboardHeightUtil: KeyboardHeightUtil.calculateMaxKeyboardBodyHeight():50 leave 267 height for app when ime window height:2171, header height:121 and isFullscreenMode:false, so the max keyboard body height is:1783
10-19 15:07:41.822  5589  5589 I KeyboardHeightUtil: KeyboardHeightUtil.calculateMaxKeyboardBodyHeight():50 leave 267 height for app when ime window height:2171, header height:121 and isFullscreenMode:false, so the max keyboard body height is:1783
10-19 15:07:41.822  5589  5589 I AndroidIME: KeyboardViewManager.updateKeyboardBodyViewHolderPaddingBottom():472 Set finalPaddingBottom = 5 while holderPaddingBottom = 5; navigationHeight = 116
10-19 15:07:41.822  5589  5589 I KeyboardHeightUtil: KeyboardHeightUtil.calculateMaxKeyboardBodyHeight():50 leave 267 height for app when ime window height:2171, header height:121 and isFullscreenMode:false, so the max keyboard body height is:1783
10-19 15:07:41.822  5589  5589 I KeyboardHeightUtil: KeyboardHeightUtil.calculateMaxKeyboardBodyHeight():50 leave 267 height for app when ime window height:2171, header height:121 and isFullscreenMode:false, so the max keyboard body height is:1783
10-19 15:07:41.822  5589  5589 W ExtensionWrapper: ExtensionWrapper.setExtensionViewVisibility():811 interface mas is not activate
10-19 15:07:41.823  5589  5589 I Module  : DeviceLockedStatusModuleProvider$Module.updateDeviceLockedStatus():100 repeatCheckTimes = 1, locked = false
10-19 15:07:41.824  5589  5589 I HardKeyTracker: HardKeyTracker.unregisterKeySequence():221 Unregister key sequence nfz{labelResId=2132020501, callback=cgp@f750e99, lastModifier=2, keyCodes=[48], actions=[0]}
10-19 15:07:41.824  5589  5589 I HardKeyTracker: HardKeyTracker.registerKeySequence():170 Register key sequence nfz{labelResId=2132020501, callback=cgp@69edb5e, lastModifier=2, keyCodes=[48], actions=[0]}
10-19 15:07:41.824  5589  5589 I HardKeyTracker: HardKeyTracker.unregisterKeySequence():221 Unregister key sequence nfz{labelResId=2132020501, callback=cgp@9e3196a, lastModifier=2, keyCodes=[48], actions=[0]}
10-19 15:07:41.824  5589  5589 I HardKeyTracker: HardKeyTracker.registerKeySequence():170 Register key sequence nfz{labelResId=2132020501, callback=cgp@f554c5b, lastModifier=2, keyCodes=[48], actions=[0]}
10-19 15:07:41.824  5589  5589 I HardKeyTracker: HardKeyTracker.unregisterKeySequence():221 Unregister key sequence nfz{labelResId=2132020497, callback=cgp@24c400d, lastModifier=2, keyCodes=[56], actions=[0]}
10-19 15:07:41.824  5589  5589 I HardKeyTracker: HardKeyTracker.unregisterKeySequence():221 Unregister key sequence nfz{labelResId=2132020497, callback=cgp@c4ffd10, lastModifier=0, keyCodes=[317], actions=[0]}
10-19 15:07:41.824  5589  5589 I HardKeyTracker: HardKeyTracker.registerKeySequence():170 Register key sequence nfz{labelResId=2132020497, callback=cgp@af061c2, lastModifier=2, keyCodes=[56], actions=[0]}
10-19 15:07:41.824  5589  5589 I HardKeyTracker: HardKeyTracker.registerKeySequence():170 Register key sequence nfz{labelResId=2132020497, callback=cgp@67dbe09, lastModifier=0, keyCodes=[317], actions=[0]}
10-19 15:07:41.825  5589  5589 I HardKeyTracker: HardKeyTracker.unregisterKeySequence():221 Unregister key sequence nfz{labelResId=2132020502, callback=cgp@2f663c5, lastModifier=2, keyCodes=[32], actions=[0]}
10-19 15:07:41.825  5589  5589 I HardKeyTracker: HardKeyTracker.registerKeySequence():170 Register key sequence nfz{labelResId=2132020502, callback=cgp@8be024b, lastModifier=2, keyCodes=[32], actions=[0]}
10-19 15:07:41.827  5589  5589 I HardKeyTracker: HardKeyTracker.unregisterKeySequence():221 Unregister key sequence nfz{labelResId=2132020502, callback=cgp@81d8abe, lastModifier=2, keyCodes=[32], actions=[0]}
10-19 15:07:41.827  5589  5589 I HardKeyTracker: HardKeyTracker.registerKeySequence():170 Register key sequence nfz{labelResId=2132020502, callback=cgp@8953b79, lastModifier=2, keyCodes=[32], actions=[0]}
10-19 15:07:41.827  5589  5589 I VoiceImeExtension: VoiceImeExtension.shouldStartVoiceInputAutomaticallyInCurrentInputBox():378 No private IME option set to start voice input.
10-19 15:07:41.828 28312 29023 W ReactNativeJS: ' No fare configs found in fare_matrix table for booking_type=regular:', null
10-19 15:07:41.828 28312 29023 I ReactNativeJS:  Using fallback configurations
10-19 15:07:41.829 21163 21163 D BoundBrokerSvc: onBind: Intent { act=com.google.firebase.dynamiclinks.service.START pkg=com.google.android.gms }
10-19 15:07:41.829 21163 21163 D BoundBrokerSvc: Loading bound service for intent: Intent { act=com.google.firebase.dynamiclinks.service.START pkg=com.google.android.gms }
10-19 15:07:41.838  5589  5589 D ViewRootImpl: AppSizeAfterRelayout, size: Point(1080, 2287), rotation: ROTATION_0
10-19 15:07:41.838  5589  5589 D BufferQueueConsumer: [](id:15d500000799,api:0,p:-1,c:5589) connect: controlledByApp=false
10-19 15:07:41.838  5589  5589 D BLASTBufferQueue: [VRI[InputMethod]#1945](f:0,a:0) constructor()
10-19 15:07:41.838  5589  5589 D BLASTBufferQueue: [VRI[InputMethod]#1945](f:0,a:0) update width=1080 height=2287 format=-2 mTransformHint=0
10-19 15:07:41.839  5589  5589 I KeyboardModeUtils: KeyboardModeUtils.getKeyboardBottomOffset():435 inch: 0.000000 ydpi: 387.429993 adjustKeyboardBottomByDisplaySize: false currentDensityDpi: 440 defaultDensityDpi: 440 keyboardBottomToScreenPx: 0 keyboardBottomToNavBarPx: -116 navBarHeight: 116
10-19 15:07:41.840  5589  5589 I KeyboardHeightUtil: KeyboardHeightUtil.calculateMaxKeyboardBodyHeight():50 leave 267 height for app when ime window height:2171, header height:121 and isFullscreenMode:false, so the max keyboard body height is:1783
10-19 15:07:41.840  5589  5589 I KeyboardHeightUtil: KeyboardHeightUtil.calculateMaxKeyboardBodyHeight():50 leave 267 height for app when ime window height:2171, header height:121 and isFullscreenMode:false, so the max keyboard body height is:1783
10-19 15:07:41.840  5589  5589 I AndroidIME: KeyboardViewManager.updateKeyboardBodyViewHolderPaddingBottom():472 Set finalPaddingBottom = 5 while holderPaddingBottom = 5; navigationHeight = 116
10-19 15:07:41.840  5589  5589 I WindowMetricsNotification: WindowMetricsNotification.notifyWithWindow():166 
10-19 15:07:41.840  5589  5589 I WindowMetricsNotification: WindowMetricsNotification.notify():159 pfu[bounds=Rect(0, 105 - 1080, 2392), insets=Rect(0, 0 - 0, 116), densityDpi=440, smallestScreenWidthDp=393, displayWidth=1080, displayHeight=2392, xdpi=387.43, ydpi=387.43, isTrustable=true, displayId=0]; DisplayMetrics{density=2.75, width=1080, height=2392, scaledDensity=2.75, xdpi=387.43, ydpi=387.43}
10-19 15:07:41.845 21163 21163 D BoundBrokerSvc: onBind: Intent { act=com.google.android.mdd.service.START dat=chimera-action:/... cmp=com.google.android.gms/.chimera.GmsBoundBrokerService }
10-19 15:07:41.845 21163 21163 D BoundBrokerSvc: Loading bound service for intent: Intent { act=com.google.android.mdd.service.START dat=chimera-action:/... cmp=com.google.android.gms/.chimera.GmsBoundBrokerService }
10-19 15:07:41.858  5589  5657 D BLASTBufferQueue: [VRI[InputMethod]#1945](f:0,a:1) acquireNextBufferLocked size=1080x2287 mFrameNumber=1 applyTransaction=true mTimestamp=630032409856782(auto) mPendingTransactions.size=0 graphicBufferId=24004572224130 transform=0
10-19 15:07:41.860  5589  5589 I GoogleInputMethodService: GoogleInputMethodService$1.onKeyboardViewShown():325 onKeyboardViewShown: keyboardType=prime, keyboardViewType=HEADER keyboardView=com.google.android.libraries.inputmethod.widgets.SoftKeyboardView{15e68d6 V.E...... ........ 0,0-1080,121}
10-19 15:07:41.861  5589  5589 I KeyboardHeightUtil: KeyboardHeightUtil.calculateMaxKeyboardBodyHeight():50 leave 267 height for app when ime window height:2171, header height:121 and isFullscreenMode:false, so the max keyboard body height is:1783
10-19 15:07:41.861  5589  5589 I GoogleInputMethodService: GoogleInputMethodService$1.onKeyboardViewShown():325 onKeyboardViewShown: keyboardType=prime, keyboardViewType=BODY keyboardView=com.google.android.libraries.inputmethod.widgets.SoftKeyboardView{cd04ee9 V.E...... ........ 0,0-1080,693}
10-19 15:07:41.861  5589  5589 I KeyboardHeightUtil: KeyboardHeightUtil.calculateMaxKeyboardBodyHeight():50 leave 267 height for app when ime window height:2171, header height:121 and isFullscreenMode:false, so the max keyboard body height is:1783
10-19 15:07:41.861  5589  5589 I GlobeKeyExtension: GlobeKeyExtension$1.onKeyboardViewShown():72 maybeDisableLanguageSwitchKeyPref when the keyboard is shown
10-19 15:07:41.861 28312 28312 D InsetsController: show(ime(), fromIme=true)
10-19 15:07:41.861  5589  5589 I GlobeKeyExtension: GlobeKeyExtension.maybeDisableLanguageSwitchKeyPref():200 maybeDisableLanguageSwitchKeyPref hasGlobeKeyBeenDisabled: false, shouldDisableLanguageSwitchKey: false
10-19 15:07:41.861  5589  5589 I NewLanguagePromptExtension: NewLanguagePromptExtension$1.onKeyboardViewShown():98 Not show new language banner: no change in enabled input method entries
10-19 15:07:41.862  5589  5589 I DynamicLayoutHandler: DynamicLayoutHandler.loadDynamicKeys():83 This isn't a dynamic layout.
10-19 15:07:41.862  5589  6030 I Delight5Decoder: Delight5DecoderWrapper.setKeyboardLayout():536 setKeyboardLayout()
10-19 15:07:41.862  5589  5589 I StylusModule: StylusModule.onUpdateToolType():800 Update tool type = 1
10-19 15:07:41.863  5589  5589 I KeyboardModeUtils: KeyboardModeUtils.getKeyboardBottomOffset():435 inch: 0.000000 ydpi: 387.429993 adjustKeyboardBottomByDisplaySize: false currentDensityDpi: 440 defaultDensityDpi: 440 keyboardBottomToScreenPx: 0 keyboardBottomToNavBarPx: -116 navBarHeight: 116
10-19 15:07:41.863  5589  5589 I KeyboardHeightUtil: KeyboardHeightUtil.calculateMaxKeyboardBodyHeight():50 leave 267 height for app when ime window height:2171, header height:121 and isFullscreenMode:false, so the max keyboard body height is:1783
10-19 15:07:41.863  5589  5589 I KeyboardHeightUtil: KeyboardHeightUtil.calculateMaxKeyboardBodyHeight():50 leave 267 height for app when ime window height:2171, header height:121 and isFullscreenMode:false, so the max keyboard body height is:1783
10-19 15:07:41.863  5589  5589 I AndroidIME: KeyboardViewManager.updateKeyboardBodyViewHolderPaddingBottom():472 Set finalPaddingBottom = 5 while holderPaddingBottom = 5; navigationHeight = 116
10-19 15:07:41.876 28312 28312 D InsetsController: show(ime(), fromIme=true)
10-19 15:07:41.876 28312 28312 I ImeTracker: com.a1taxi.a1taxicustomer:ae837b39: onCancelled at PHASE_CLIENT_APPLY_ANIMATION
10-19 15:07:41.881 21163 21163 D BoundBrokerSvc: onBind: Intent { act=com.google.android.gms.wallet.service.BIND pkg=com.google.android.gms }
10-19 15:07:41.881 21163 21163 D BoundBrokerSvc: Loading bound service for intent: Intent { act=com.google.android.gms.wallet.service.BIND pkg=com.google.android.gms }
10-19 15:07:41.882 21104 28709 W anqe    : Failed to retrieve prediction data. [CONTEXT service_id=177 ]
10-19 15:07:41.882 21104 28709 W anqe    : java.util.concurrent.ExecutionException: fnpd: No active MDD filegroup android-autofill-infinitedata found for the table autofill-domain-predictions-prod-spanner.
10-19 15:07:41.882 21104 28709 W anqe    : 	at gpkb.j(:com.google.android.gms@254031035@25.40.31 (260400-816341114):21)
10-19 15:07:41.882 21104 28709 W anqe    : 	at gpkk.v(:com.google.android.gms@254031035@25.40.31 (260400-816341114):107)
10-19 15:07:41.882 21104 28709 W anqe    : 	at gpkb.get(:com.google.android.gms@254031035@25.40.31 (260400-816341114):2)
10-19 15:07:41.882 21104 28709 W anqe    : 	at anqe.e(:com.google.android.gms@254031035@25.40.31 (260400-816341114):81)
10-19 15:07:41.882 21104 28709 W anqe    : 	at anqe.a(:com.google.android.gms@254031035@25.40.31 (260400-816341114):124)
10-19 15:07:41.882 21104 28709 W anqe    : 	at anno.call(:com.google.android.gms@254031035@25.40.31 (260400-816341114):5)
10-19 15:07:41.882 21104 28709 W anqe    : 	at java.util.concurrent.FutureTask.run(FutureTask.java:317)
10-19 15:07:41.882 21104 28709 W anqe    : 	at bckr.c(:com.google.android.gms@254031035@25.40.31 (260400-816341114):50)
10-19 15:07:41.882 21104 28709 W anqe    : 	at bckr.run(:com.google.android.gms@254031035@25.40.31 (260400-816341114):73)
10-19 15:07:41.882 21104 28709 W anqe    : 	at java.util.concurrent.ThreadPoolExecutor.runWorker(ThreadPoolExecutor.java:1156)
10-19 15:07:41.882 21104 28709 W anqe    : 	at java.util.concurrent.ThreadPoolExecutor$Worker.run(ThreadPoolExecutor.java:651)
10-19 15:07:41.882 21104 28709 W anqe    : 	at bcqi.run(:com.google.android.gms@254031035@25.40.31 (260400-816341114):8)
10-19 15:07:41.882 21104 28709 W anqe    : 	at java.lang.Thread.run(Thread.java:1119)
10-19 15:07:41.882 21104 28709 W anqe    : Caused by: fnpd: No active MDD filegroup android-autofill-infinitedata found for the table autofill-domain-predictions-prod-spanner.
10-19 15:07:41.882 21104 28709 W anqe    : 	at fnpr.a(:com.google.android.gms@254031035@25.40.31 (260400-816341114):13)
10-19 15:07:41.882 21104 28709 W anqe    : 	at gpjr.d(:com.google.android.gms@254031035@25.40.31 (260400-816341114):3)
10-19 15:07:41.882 21104 28709 W anqe    : 	at gpjt.run(:com.google.android.gms@254031035@25.40.31 (260400-816341114):130)
10-19 15:07:41.882 21104 28709 W anqe    : 	at gpma.execute(:com.google.android.gms@254031035@25.40.31 (260400-816341114):1)
10-19 15:07:41.882 21104 28709 W anqe    : 	at gpkb.f(:com.google.android.gms@254031035@25.40.31 (260400-816341114):1)
10-19 15:07:41.882 21104 28709 W anqe    : 	at gpkb.m(:com.google.android.gms@254031035@25.40.31 (260400-816341114):99)
10-19 15:07:41.882 21104 28709 W anqe    : 	at gpkb.r(:com.google.android.gms@254031035@25.40.31 (260400-816341114):17)
10-19 15:07:41.882 21104 28709 W anqe    : 	at gpko.run(:com.google.android.gms@254031035@25.40.31 (260400-816341114):77)
10-19 15:07:41.882 21104 28709 W anqe    : 	at gpma.execute(:com.google.android.gms@254031035@25.40.31 (260400-816341114):1)
10-19 15:07:41.882 21104 28709 W anqe    : 	at gpkb.f(:com.google.android.gms@254031035@25.40.31 (260400-816341114):1)
10-19 15:07:41.882 21104 28709 W anqe    : 	at gpkb.m(:com.google.android.gms@254031035@25.40.31 (260400-816341114):99)
10-19 15:07:41.882 21104 28709 W anqe    : 	at gpkb.t(:com.google.android.gms@254031035@25.40.31 (260400-816341114):26)
10-19 15:07:41.882 21104 28709 W anqe    : 	at gpjr.e(:com.google.android.gms@254031035@25.40.31 (260400-816341114):3)
10-19 15:07:41.882 21104 28709 W anqe    : 	at gpjt.run(:com.google.android.gms@254031035@25.40.31 (260400-816341114):138)
10-19 15:07:41.882 21104 28709 W anqe    : 	at gpma.execute(:com.google.android.gms@254031035@25.40.31 (260400-816341114):1)
10-19 15:07:41.882 21104 28709 W anqe    : 	at gpkb.f(:com.google.android.gms@254031035@25.40.31 (260400-816341114):1)
10-19 15:07:41.882 21104 28709 W anqe    : 	at gpkb.m(:com.google.android.gms@254031035@25.40.31 (260400-816341114):99)
10-19 15:07:41.882 21104 28709 W anqe    : 	at gpkb.r(:com.google.android.gms@254031035@25.40.31 (260400-816341114):17)
10-19 15:07:41.882 21104 28709 W anqe    : 	at gpko.run(:com.google.android.gms@254031035@25.40.31 (260400-816341114):77)
10-19 15:07:41.882 21104 28709 W anqe    : 	at gpma.execute(:com.google.android.gms@254031035@25.40.31 (260400-816341114):1)
10-19 15:07:41.882 21104 28709 W anqe    : 	at gpkb.f(:com.google.android.gms@254031035@25.40.31 (260400-816341114):1)
10-19 15:07:41.882 21104 28709 W anqe    : 	at gpkb.m(:com.google.android.gms@254031035@25.40.31 (260400-816341114):99)
10-19 15:07:41.882 21104 28709 W anqe    : 	at gpkb.t(:com.google.android.gms@254031035@25.40.31 (260400-816341114):26)
10-19 15:07:41.882 21104 28709 W anqe    : 	at gpmx.run(:com.google.android.gms@254031035@25.40.31 (260400-816341114):5)
10-19 15:07:41.882 21104 28709 W anqe    : 	at gpma.execute(:com.google.android.gms@254031035@25.40.31 (260400-816341114):1)
10-19 15:07:41.882 21104 28709 W anqe    : 	at gpkb.f(:com.google.android.gms@254031035@25.40.31 (260400-816341114):1)
10-19 15:07:41.882 21104 28709 W anqe    : 	at gpkb.m(:com.google.android.gms@254031035@25.40.31 (260400-816341114):99)
10-19 15:07:41.882 21104 28709 W anqe    : 	at gpkb.t(:com.google.android.gms@254031035@25.40.31 (260400-816341114):26)
10-19 15:07:41.882 21104 28709 W anqe    : 	at gpkm.e(:com.google.android.gms@254031035@25.40.31 (260400-816341114):3)
10-19 15:07:41.882 21104 28709 W anqe    : 	at gpko.run(:com.google.android.gms@254031035@25.40.31 (260400-816341114):44)
10-19 15:07:41.882 21104 28709 W anqe    : 	at gpod.run(:com.google.android.gms@254031035@25.40.31 (260400-816341114):64)
10-19 15:07:41.882 21104 28709 W anqe    : 	... 6 more
10-19 15:07:41.882 21104 28709 W anqe    : Caused by: flxc: Requested group not found.
10-19 15:07:41.882 21104 28709 W anqe    : 	at flxa.a(:com.google.android.gms@254031035@25.40.31 (260400-816341114):30)
10-19 15:07:41.882 21104 28709 W anqe    : 	at fmce.a(:com.google.android.gms@254031035@25.40.31 (260400-816341114):19)
10-19 15:07:41.882 21104 28709 W anqe    : 	at ghbr.a(:com.google.android.gms@254031035@25.40.31 (260400-816341114):13)
10-19 15:07:41.882 21104 28709 W anqe    : 	at gpkm.d(:com.google.android.gms@254031035@25.40.31 (260400-816341114):3)
10-19 15:07:41.882 21104 28709 W anqe    : 	at gpko.run(:com.google.android.gms@254031035@25.40.31 (260400-816341114):38)
10-19 15:07:41.882 21104 28709 W anqe    : 	... 7 more
10-19 15:07:41.883 28312 29067 W InteractionJankMonitor: Initializing without READ_DEVICE_CONFIG permission. enabled=false, interval=1, missedFrameThreshold=3, frameTimeThreshold=64, package=com.a1taxi.a1taxicustomer
10-19 15:07:41.884 21104 28711 I anpf    : (REDACTED) Unsupported field type provided by app=%s
10-19 15:07:41.884 21104 28711 I anpf    : (REDACTED) Unsupported field type provided by app=%s
10-19 15:07:41.890 21163 21163 D BoundBrokerSvc: onBind: Intent { act=com.google.android.gms.chromesync.service.zeroparty.START dat=chimera-action:/... cmp=com.google.android.gms/.chimera.GmsApiService }
10-19 15:07:41.890 21163 21163 D BoundBrokerSvc: Loading bound service for intent: Intent { act=com.google.android.gms.chromesync.service.zeroparty.START dat=chimera-action:/... cmp=com.google.android.gms/.chimera.GmsApiService }
10-19 15:07:41.892 21163 21163 D BoundBrokerSvc: onBind: Intent { act=com.google.android.gms.auth.api.phone.service.SmsRetrieverApiService.START dat=chimera-action:/... cmp=com.google.android.gms/.chimera.GmsApiService }
10-19 15:07:41.892 21163 21163 D BoundBrokerSvc: Loading bound service for intent: Intent { act=com.google.android.gms.auth.api.phone.service.SmsRetrieverApiService.START dat=chimera-action:/... cmp=com.google.android.gms/.chimera.GmsApiService }
10-19 15:07:41.902 21104 28924 E ievv    : *~*~*~ Previous channel {0} was garbage collected without being shut down! ~*~*~*
10-19 15:07:41.902 21104 28924 E ievv    :     Make sure to call shutdown()/shutdownNow()
10-19 15:07:41.902 21104 28924 E ievv    : java.lang.RuntimeException: ManagedChannel allocation site
10-19 15:07:41.902 21104 28924 E ievv    : 	at ievu.<init>(:com.google.android.gms@254031035@25.40.31 (260400-816341114):21)
10-19 15:07:41.902 21104 28924 E ievv    : 	at ievv.<init>(:com.google.android.gms@254031035@25.40.31 (260400-816341114):10)
10-19 15:07:41.902 21104 28924 E ievv    : 	at ievt.a(:com.google.android.gms@254031035@25.40.31 (260400-816341114):250)
10-19 15:07:41.902 21104 28924 E ievv    : 	at iegb.a(:com.google.android.gms@254031035@25.40.31 (260400-816341114):5)
10-19 15:07:41.902 21104 28924 E ievv    : 	at cnxf.h(:com.google.android.gms@254031035@25.40.31 (260400-816341114):150)
10-19 15:07:41.902 21104 28924 E ievv    : 	at gsvy.a(:com.google.android.gms@254031035@25.40.31 (260400-816341114):154)
10-19 15:07:41.902 21104 28924 E ievv    : 	at ghbq.a(:com.google.android.gms@254031035@25.40.31 (260400-816341114):13)
10-19 15:07:41.902 21104 28924 E ievv    : 	at gpol.a(:com.google.android.gms@254031035@25.40.31 (260400-816341114):3)
10-19 15:07:41.902 21104 28924 E ievv    : 	at gpnm.run(:com.google.android.gms@254031035@25.40.31 (260400-816341114):19)
10-19 15:07:41.902 21104 28924 E ievv    : 	at gpon.run(:com.google.android.gms@254031035@25.40.31 (260400-816341114):5)
10-19 15:07:41.902 21104 28924 E ievv    : 	at bckr.c(:com.google.android.gms@254031035@25.40.31 (260400-816341114):50)
10-19 15:07:41.902 21104 28924 E ievv    : 	at bckr.run(:com.google.android.gms@254031035@25.40.31 (260400-816341114):73)
10-19 15:07:41.902 21104 28924 E ievv    : 	at java.util.concurrent.ThreadPoolExecutor.runWorker(ThreadPoolExecutor.java:1156)
10-19 15:07:41.902 21104 28924 E ievv    : 	at java.util.concurrent.ThreadPoolExecutor$Worker.run(ThreadPoolExecutor.java:651)
10-19 15:07:41.902 21104 28924 E ievv    : 	at bcqi.run(:com.google.android.gms@254031035@25.40.31 (260400-816341114):8)
10-19 15:07:41.902 21104 28924 E ievv    : 	at java.lang.Thread.run(Thread.java:1119)
10-19 15:07:41.906 21104 29070 I PasswordSaveInfoFactory: Form is missing passwords. [CONTEXT service_id=177 ]
10-19 15:07:41.916 28312 29023 I ReactNativeJS: ' Proxy response received:', 'OK'
10-19 15:07:41.916 28312 29023 I ReactNativeJS: ' Geocoded address:', 'PRXJ+F32, Brindavan Nagar, Plot 87, NGGO\'s Colony, Anand Nagar, Hosur, Tamil Nadu 635109, India'
10-19 15:07:41.916 28312 29023 I ReactNativeJS: ' Geocoded address:', 'PRXJ+F32, Brindavan Nagar, Plot 87, NGGO\'s Colony, Anand Nagar, Hosur, Tamil Nadu 635109, India'
10-19 15:07:41.916 28312 29023 I ReactNativeJS: ' Enhanced Location Service: Got address:', 'PRXJ+F32, Brindavan Nagar, Plot 87, NGGO\'s Colony, Anand Nagar, Hosur, Tamil Nadu 635109, India'
10-19 15:07:41.916 28312 29023 I ReactNativeJS: ' [HOME] Location obtained:', { lat: 12.748655,
10-19 15:07:41.916 28312 29023 I ReactNativeJS:   lng: 77.8299817,
10-19 15:07:41.916 28312 29023 I ReactNativeJS:   address: 'PRXJ+F32, Brindavan Nagar, Plot 87, NGGO\'s Colony, Anand Nagar, Hosur, Tamil Nadu 635109, India' }
10-19 15:07:41.916 28312 29023 I ReactNativeJS:  [HOME] Location state updated successfully
10-19 15:07:41.916 28312 29023 I ReactNativeJS:  [HOME] Location loading state set to false
10-19 15:07:41.916 21163 21208 I SyncManager: (REDACTED) Executing sync(type=%s%s)
10-19 15:07:41.926 21163 21208 I SyncManager: (REDACTED) Executing sync(type=%s) finished in %s
10-19 15:07:41.933 21163 21208 I SyncManager: (REDACTED) Executing sync(type=%s%s)
10-19 15:07:41.939 21163 21208 I SyncManager: (REDACTED) Executing sync(type=%s) finished in %s
10-19 15:07:41.946 21163 21208 I SyncManager: (REDACTED) Executing sync(type=%s%s)
10-19 15:07:41.947 23589 24108 I ReactNativeJS: ' Location', 'updated', 'successfully via RPC'
10-19 15:07:41.949 21163 21208 I SyncManager: (REDACTED) Executing sync(type=%s) finished in %s
10-19 15:07:41.950 21163 21208 I SyncManager: (REDACTED) Executing sync(type=%s%s)
10-19 15:07:41.955 21163 21208 I SyncManager: (REDACTED) Executing sync(type=%s) finished in %s
10-19 15:07:41.969  1870  1870 D AutofillSession: Service did not request to wait for delayed fill response.
10-19 15:07:41.975 21104 28309 W Conscrypt: Could not set socket write timeout: java.net.SocketException: Socket closed
10-19 15:07:41.975 21104 28309 W Conscrypt: 	at com.google.android.gms.org.conscrypt.Platform.setSocketWriteTimeout(:com.google.android.gms@254031035@25.40.31 (260400-816341114):204)
10-19 15:07:41.975 21104 28309 W Conscrypt: 	at com.google.android.gms.org.conscrypt.ConscryptFileDescriptorSocket.setSoWriteTimeout(:com.google.android.gms@254031035@25.40.31 (260400-816341114):4)
10-19 15:07:41.987  5589  5589 W TooltipLifecycleManager: TooltipLifecycleManager.dismissTooltips():153 Tooltip with id spell_check_add_to_dictionary not found in tooltipManager.
10-19 15:07:41.994  3458  3458 V InlinePresentationRendererServiceImpl: onRenderSuggestion: width=-2, height=-2
10-19 15:07:41.997  3458  3458 V InlineSuggestionRenderService: width=-2, height=-2, measuredSize=496x121
10-19 15:07:42.004  1870  1976 D AutofillSession: onShown(): 2, 1
10-19 15:07:42.005  3458  3458 D ViewRootImpl: AppSizeAfterRelayout, size: Point(496, 121), rotation: ROTATION_0
10-19 15:07:42.005  5589  5589 I ProactiveSuggestionsHolderManager: ProactiveSuggestionsHolderManager$2.display():195 Requesting to show proactive suggestions: AUTO_FILL PREEMPTIVE_WITH_SUPPRESSION
10-19 15:07:42.006  3458  3458 D BufferQueueConsumer: [](id:d820000019f,api:0,p:-1,c:3458) connect: controlledByApp=false
10-19 15:07:42.006  3458  3458 D BLASTBufferQueue: [VRI[]#415](f:0,a:0) constructor()
10-19 15:07:42.006  3458  3458 D BLASTBufferQueue: [VRI[]#415](f:0,a:0) update width=496 height=121 format=-2 mTransformHint=0
10-19 15:07:42.008  5589  5589 D BufferQueueConsumer: [](id:15d50000079a,api:0,p:-1,c:5589) connect: controlledByApp=false
10-19 15:07:42.008  5589  5589 D BLASTBufferQueue: [SurfaceView[InputMethod]#1946](f:0,a:0) constructor()
10-19 15:07:42.008  5589  5589 D BLASTBufferQueue: [SurfaceView[InputMethod]#1946](f:0,a:0) update width=770 height=121 format=-2 mTransformHint=0
10-19 15:07:42.010  1870  2894 D BatteryStatsService: noteVideoSurfaceChanged  noteWhich: 49,arg1: 770, arg2: 121, arg3: 5589, arg4: 101975, name: com.google.android.inputmethod.latin
10-19 15:07:42.011  5589  5589 I ProactiveSuggestionsHolderManager: ProactiveSuggestionsHolderManager$Holder.setSuggestionsAndShow():898 succeed to show proactive suggestions AUTO_FILL PREEMPTIVE_WITH_SUPPRESSION
10-19 15:07:42.014  3458 31463 D BLASTBufferQueue: [VRI[]#415](f:0,a:1) acquireNextBufferLocked size=496x121 mFrameNumber=1 applyTransaction=true mTimestamp=630032565067551(auto) mPendingTransactions.size=0 graphicBufferId=14851996912473 transform=0
10-19 15:07:42.020  5589  5589 I KeyboardModeUtils: KeyboardModeUtils.getKeyboardBottomOffset():435 inch: 0.000000 ydpi: 387.429993 adjustKeyboardBottomByDisplaySize: false currentDensityDpi: 440 defaultDensityDpi: 440 keyboardBottomToScreenPx: 0 keyboardBottomToNavBarPx: -116 navBarHeight: 116
10-19 15:07:42.021  5589  5589 I KeyboardHeightUtil: KeyboardHeightUtil.calculateMaxKeyboardBodyHeight():50 leave 267 height for app when ime window height:2171, header height:121 and isFullscreenMode:false, so the max keyboard body height is:1783
10-19 15:07:42.021  5589  5589 I KeyboardHeightUtil: KeyboardHeightUtil.calculateMaxKeyboardBodyHeight():50 leave 267 height for app when ime window height:2171, header height:121 and isFullscreenMode:false, so the max keyboard body height is:1783
10-19 15:07:42.021  5589  5589 I AndroidIME: KeyboardViewManager.updateKeyboardBodyViewHolderPaddingBottom():472 Set finalPaddingBottom = 5 while holderPaddingBottom = 5; navigationHeight = 116
10-19 15:07:42.023  5589  5589 D BufferQueueConsumer: [](id:15d50000079b,api:0,p:-1,c:5589) connect: controlledByApp=false
10-19 15:07:42.023  5589  5589 D BLASTBufferQueue: [SurfaceView[InputMethod]#1947](f:0,a:0) constructor()
10-19 15:07:42.023  5589  5589 D BLASTBufferQueue: [SurfaceView[InputMethod]#1947](f:0,a:0) update width=496 height=121 format=-2 mTransformHint=0
10-19 15:07:42.025  1870  3777 D BatteryStatsService: noteVideoSurfaceChanged  noteWhich: 49,arg1: 496, arg2: 121, arg3: 5589, arg4: 102765, name: com.google.android.inputmethod.latin
10-19 15:07:42.027  5589  5657 D BLASTBufferQueue: [SurfaceView[InputMethod]#1947](f:0,a:1) acquireNextBufferLocked size=496x121 mFrameNumber=1 applyTransaction=true mTimestamp=630032578430705(auto) mPendingTransactions.size=0 graphicBufferId=24004572224137 transform=0
10-19 15:07:42.028  1870  2894 D BatteryStatsService: noteVideoSurfaceChanged  noteWhich: 49,arg1: 248, arg2: 13, arg3: 5589, arg4: 102765, name: com.google.android.inputmethod.latin
10-19 15:07:42.028  1870  2894 D BatteryStatsService: noteVideoSurfaceChanged  noteWhich: 49,arg1: 770, arg2: 121, arg3: 5589, arg4: 101975, name: com.google.android.inputmethod.latin
10-19 15:07:42.038  1870  2894 D BatteryStatsService: noteVideoSurfaceChanged  noteWhich: 49,arg1: 302, arg2: 37, arg3: 5589, arg4: 102765, name: com.google.android.inputmethod.latin
10-19 15:07:42.051 21104 28309 W Conscrypt: Could not set socket write timeout: java.net.SocketException: Socket closed
10-19 15:07:42.051 21104 28309 W Conscrypt: 	at com.google.android.gms.org.conscrypt.Platform.setSocketWriteTimeout(:com.google.android.gms@254031035@25.40.31 (260400-816341114):204)
10-19 15:07:42.051 21104 28309 W Conscrypt: 	at com.google.android.gms.org.conscrypt.ConscryptFileDescriptorSocket.setSoWriteTimeout(:com.google.android.gms@254031035@25.40.31 (260400-816341114):4)
10-19 15:07:42.054  1870  2894 D BatteryStatsService: noteVideoSurfaceChanged  noteWhich: 49,arg1: 348, arg2: 57, arg3: 5589, arg4: 102765, name: com.google.android.inputmethod.latin
10-19 15:07:42.071  1870  2894 D BatteryStatsService: noteVideoSurfaceChanged  noteWhich: 49,arg1: 386, arg2: 73, arg3: 5589, arg4: 102765, name: com.google.android.inputmethod.latin
10-19 15:07:42.087 28312 28312 I ImeTracker: com.a1taxi.a1taxicustomer:e305b85d: onShown
10-19 15:07:42.088  1870  3777 D BatteryStatsService: noteVideoSurfaceChanged  noteWhich: 49,arg1: 422, arg2: 89, arg3: 5589, arg4: 102765, name: com.google.android.inputmethod.latin
10-19 15:07:42.104  1870  2894 D BatteryStatsService: noteVideoSurfaceChanged  noteWhich: 49,arg1: 448, arg2: 101, arg3: 5589, arg4: 102765, name: com.google.android.inputmethod.latin
10-19 15:07:42.123  1870  2894 D BatteryStatsService: noteVideoSurfaceChanged  noteWhich: 49,arg1: 470, arg2: 109, arg3: 5589, arg4: 102765, name: com.google.android.inputmethod.latin
10-19 15:07:42.140  1870  2894 D BatteryStatsService: noteVideoSurfaceChanged  noteWhich: 49,arg1: 484, arg2: 117, arg3: 5589, arg4: 102765, name: com.google.android.inputmethod.latin
10-19 15:07:42.156  1870  2894 D BatteryStatsService: noteVideoSurfaceChanged  noteWhich: 49,arg1: 494, arg2: 121, arg3: 5589, arg4: 102765, name: com.google.android.inputmethod.latin
10-19 15:07:42.163 23589 23589 I TaskService: Handling job with task name 'background-location-task' for app with scoping identifier 'com.a1taxi.driverpro'.
10-19 15:07:42.166 23589 24108 I ReactNativeJS: ' Background location update:', [ { timestamp: 1760866661428,
10-19 15:07:42.166 23589 24108 I ReactNativeJS:     mocked: false,
10-19 15:07:42.166 23589 24108 I ReactNativeJS:     coords: 
10-19 15:07:42.166 23589 24108 I ReactNativeJS:      { altitude: 774.3999633789062,
10-19 15:07:42.166 23589 24108 I ReactNativeJS:        heading: 170.23593139648438,
10-19 15:07:42.166 23589 24108 I ReactNativeJS:        altitudeAccuracy: 10.38388729095459,
10-19 15:07:42.166 23589 24108 I ReactNativeJS:        latitude: 12.7487018,
10-19 15:07:42.166 23589 24108 I ReactNativeJS:        speed: 0.33904343843460083,
10-19 15:07:42.166 23589 24108 I ReactNativeJS:        longitude: 77.8300189,
10-19 15:07:42.166 23589 24108 I ReactNativeJS:        accuracy: 4.535999774932861 } } ]
10-19 15:07:42.173  1870  3607 D BatteryStatsService: noteVideoSurfaceChanged  noteWhich: 49,arg1: 496, arg2: 121, arg3: 5589, arg4: 102765, name: com.google.android.inputmethod.latin
10-19 15:07:42.178 23589 24108 I ReactNativeJS:  Background location update via RPC...
10-19 15:07:42.178 23589 24108 E ReactNativeJS:  Supabase credentials not configured
10-19 15:07:42.182 23589 24086 I TaskService: Finished task 'background-location-task' with eventId '71f3655e-64c5-4cbd-926d-eadfcbbc5c15'.
10-19 15:07:42.187 23589 24109 E unknown:ReactNative: console.error:  Supabase credentials not configured, js engine: hermes, stack:
10-19 15:07:42.187 23589 24109 E unknown:ReactNative: _construct@1:117842
10-19 15:07:42.187 23589 24109 E unknown:ReactNative: Wrapper@1:117496
10-19 15:07:42.187 23589 24109 E unknown:ReactNative: _callSuper@1:115478
10-19 15:07:42.187 23589 24109 E unknown:ReactNative: SyntheticError@1:116983
10-19 15:07:42.187 23589 24109 E unknown:ReactNative: reactConsoleErrorHandler@1:116629
10-19 15:07:42.187 23589 24109 E unknown:ReactNative: ?anon_0_@1:1972213
10-19 15:07:42.187 23589 24109 E unknown:ReactNative: asyncGeneratorStep@1:573272
10-19 15:07:42.187 23589 24109 E unknown:ReactNative: _next@1:573529
10-19 15:07:42.187 23589 24109 E unknown:ReactNative: anonymous@1:136226
10-19 15:07:42.187 23589 24109 E unknown:ReactNative: _callTimer@1:135225
10-19 15:07:42.187 23589 24109 E unknown:ReactNative: _callReactNativeMicrotasksPass@1:135369
10-19 15:07:42.187 23589 24109 E unknown:ReactNative: callReactNativeMicrotasks@1:137289
10-19 15:07:42.187 23589 24109 E unknown:ReactNative: __callReactNativeMicrotasks@1:101038
10-19 15:07:42.187 23589 24109 E unknown:ReactNative: anonymous@1:100174
10-19 15:07:42.187 23589 24109 E unknown:ReactNative: __guard@1:100912
10-19 15:07:42.187 23589 24109 E unknown:ReactNative: flushedQueue@1:100085
10-19 15:07:42.187 23589 24109 E unknown:ReactNative: invokeCallbackAndReturnFlushedQueue@1:100028
10-19 15:07:42.361  5589  5589 W TooltipLifecycleManager: TooltipLifecycleManager.dismissTooltips():153 Tooltip with id SUGGESTION_VIEW_EDU_MINI_DIALOG not found in tooltipManager.
10-19 15:07:42.363  1870  3607 D BatteryStatsService: noteVideoSurfaceChanged  noteWhich: 49,arg1: -1, arg2: -1, arg3: 5589, arg4: 102765, name: com.google.android.inputmethod.latin
10-19 15:07:42.364  5589  5657 E BufferQueueProducer: [SurfaceView[InputMethod]#1947(BLAST Consumer)1947](id:15d50000079b,api:0,p:-1,c:5589) disconnect: not connected (req=1)
10-19 15:07:42.364  5589  5657 W libEGL  : EGLNativeWindowType 0xb4000077e01f98f0 disconnect failed
10-19 15:07:42.365  5589  5589 D BLASTBufferQueue: [SurfaceView[InputMethod]#1947](f:0,a:1) destructor()
10-19 15:07:42.365  5589  5589 D BufferQueueConsumer: [SurfaceView[InputMethod]#1947(BLAST Consumer)1947](id:15d50000079b,api:0,p:-1,c:5589) disconnect
10-19 15:07:42.367  5589  5589 W TooltipLifecycleManager: TooltipLifecycleManager.dismissTooltips():153 Tooltip with id SUGGESTION_VIEW_EDU_MINI_DIALOG not found in tooltipManager.
10-19 15:07:42.368  5589  5589 W LatinPrimeKeyboard: LatinPrimeKeyboard.consumeEvent():353 consumeEvent() : UPDATE_DYNAMIC_KEYS, no dynamic layout
10-19 15:07:42.376  5589  5589 I KeyboardModeUtils: KeyboardModeUtils.getKeyboardBottomOffset():435 inch: 0.000000 ydpi: 387.429993 adjustKeyboardBottomByDisplaySize: false currentDensityDpi: 440 defaultDensityDpi: 440 keyboardBottomToScreenPx: 0 keyboardBottomToNavBarPx: -116 navBarHeight: 116
10-19 15:07:42.377  5589  5589 I KeyboardHeightUtil: KeyboardHeightUtil.calculateMaxKeyboardBodyHeight():50 leave 267 height for app when ime window height:2171, header height:121 and isFullscreenMode:false, so the max keyboard body height is:1783
10-19 15:07:42.377  5589  5589 I KeyboardHeightUtil: KeyboardHeightUtil.calculateMaxKeyboardBodyHeight():50 leave 267 height for app when ime window height:2171, header height:121 and isFullscreenMode:false, so the max keyboard body height is:1783
10-19 15:07:42.377  5589  5589 I AndroidIME: KeyboardViewManager.updateKeyboardBodyViewHolderPaddingBottom():472 Set finalPaddingBottom = 5 while holderPaddingBottom = 5; navigationHeight = 116
10-19 15:07:42.380  5589  5405 I AndroidSpellCheckerService: AndroidSpellCheckerService.createSession():139 com.google.android.keyboard.client.delight5.LanguageIdentifier@58618e8 is created
10-19 15:07:42.382  5589  5589 W TooltipLifecycleManager: TooltipLifecycleManager.dismissTooltips():153 Tooltip with id SUGGESTION_VIEW_EDU_MINI_DIALOG not found in tooltipManager.
10-19 15:07:42.423  5589  5589 I KeyboardModeUtils: KeyboardModeUtils.getKeyboardBottomOffset():435 inch: 0.000000 ydpi: 387.429993 adjustKeyboardBottomByDisplaySize: false currentDensityDpi: 440 defaultDensityDpi: 440 keyboardBottomToScreenPx: 0 keyboardBottomToNavBarPx: -116 navBarHeight: 116
10-19 15:07:42.423  5589  5589 I KeyboardHeightUtil: KeyboardHeightUtil.calculateMaxKeyboardBodyHeight():50 leave 267 height for app when ime window height:2171, header height:121 and isFullscreenMode:false, so the max keyboard body height is:1783
10-19 15:07:42.423  5589  5589 I KeyboardHeightUtil: KeyboardHeightUtil.calculateMaxKeyboardBodyHeight():50 leave 267 height for app when ime window height:2171, header height:121 and isFullscreenMode:false, so the max keyboard body height is:1783
10-19 15:07:42.424  5589  5589 I AndroidIME: KeyboardViewManager.updateKeyboardBodyViewHolderPaddingBottom():472 Set finalPaddingBottom = 5 while holderPaddingBottom = 5; navigationHeight = 116
10-19 15:07:42.431  5589  5589 D BLASTBufferQueue: [SurfaceView[InputMethod]#1946](f:0,a:0) destructor()
10-19 15:07:42.431  5589  5589 D BufferQueueConsumer: [SurfaceView[InputMethod]#1946(BLAST Consumer)1946](id:15d50000079a,api:0,p:-1,c:5589) disconnect
10-19 15:07:42.432  1870  3647 D BatteryStatsService: noteVideoSurfaceChanged  noteWhich: 49,arg1: -1, arg2: -1, arg3: 5589, arg4: 101975, name: com.google.android.inputmethod.latin
10-19 15:07:42.443  5589  5589 I KeyboardModeUtils: KeyboardModeUtils.getKeyboardBottomOffset():435 inch: 0.000000 ydpi: 387.429993 adjustKeyboardBottomByDisplaySize: false currentDensityDpi: 440 defaultDensityDpi: 440 keyboardBottomToScreenPx: 0 keyboardBottomToNavBarPx: -116 navBarHeight: 116
10-19 15:07:42.443  5589  5589 I KeyboardHeightUtil: KeyboardHeightUtil.calculateMaxKeyboardBodyHeight():50 leave 267 height for app when ime window height:2171, header height:121 and isFullscreenMode:false, so the max keyboard body height is:1783
10-19 15:07:42.443  5589  5589 I KeyboardHeightUtil: KeyboardHeightUtil.calculateMaxKeyboardBodyHeight():50 leave 267 height for app when ime window height:2171, header height:121 and isFullscreenMode:false, so the max keyboard body height is:1783
10-19 15:07:42.443  5589  5589 I AndroidIME: KeyboardViewManager.updateKeyboardBodyViewHolderPaddingBottom():472 Set finalPaddingBottom = 5 while holderPaddingBottom = 5; navigationHeight = 116
10-19 15:07:42.512  5589  5589 I KeyboardViewController: KeyboardViewController.showSelfAndAncestors():636 current view doesn't has the priority com.google.android.libraries.inputmethod.accesspoint.widget.AccessPointsBar{e2c0169 I.E...... .......D 0,0-810,121 #7f0b00a0 app:id/0_resource_name_obfuscated} to show itself, DEFAULT
10-19 15:07:42.537  5589  5589 W TooltipLifecycleManager: TooltipLifecycleManager.dismissTooltips():153 Tooltip with id SUGGESTION_VIEW_EDU_MINI_DIALOG not found in tooltipManager.
10-19 15:07:42.573  5589  5589 I KeyboardModeUtils: KeyboardModeUtils.getKeyboardBottomOffset():435 inch: 0.000000 ydpi: 387.429993 adjustKeyboardBottomByDisplaySize: false currentDensityDpi: 440 defaultDensityDpi: 440 keyboardBottomToScreenPx: 0 keyboardBottomToNavBarPx: -116 navBarHeight: 116
10-19 15:07:42.574  5589  5589 I KeyboardHeightUtil: KeyboardHeightUtil.calculateMaxKeyboardBodyHeight():50 leave 267 height for app when ime window height:2171, header height:121 and isFullscreenMode:false, so the max keyboard body height is:1783
10-19 15:07:42.574  5589  5589 I KeyboardHeightUtil: KeyboardHeightUtil.calculateMaxKeyboardBodyHeight():50 leave 267 height for app when ime window height:2171, header height:121 and isFullscreenMode:false, so the max keyboard body height is:1783
10-19 15:07:42.574  5589  5589 I AndroidIME: KeyboardViewManager.updateKeyboardBodyViewHolderPaddingBottom():472 Set finalPaddingBottom = 5 while holderPaddingBottom = 5; navigationHeight = 116
10-19 15:07:42.584  3458  3458 V InlineSuggestionRenderService: Releasing inline suggestion view host
10-19 15:07:42.590  3458  3458 D BLASTBufferQueue: [VRI[]#415](f:0,a:4) destructor()
10-19 15:07:42.590  3458  3458 D BufferQueueConsumer: [VRI[]#415(BLAST Consumer)415](id:d820000019f,api:0,p:-1,c:3458) disconnect
10-19 15:07:42.594  3458  3458 V InlineSuggestionRenderService: Removed the inline suggestion from the cache, current size=1
10-19 15:07:42.663  5589  5589 W TooltipLifecycleManager: TooltipLifecycleManager.dismissTooltips():153 Tooltip with id SUGGESTION_VIEW_EDU_MINI_DIALOG not found in tooltipManager.
10-19 15:07:42.706  5589  5589 I KeyboardModeUtils: KeyboardModeUtils.getKeyboardBottomOffset():435 inch: 0.000000 ydpi: 387.429993 adjustKeyboardBottomByDisplaySize: false currentDensityDpi: 440 defaultDensityDpi: 440 keyboardBottomToScreenPx: 0 keyboardBottomToNavBarPx: -116 navBarHeight: 116
10-19 15:07:42.706  5589  5589 I KeyboardHeightUtil: KeyboardHeightUtil.calculateMaxKeyboardBodyHeight():50 leave 267 height for app when ime window height:2171, header height:121 and isFullscreenMode:false, so the max keyboard body height is:1783
10-19 15:07:42.706  5589  5589 I KeyboardHeightUtil: KeyboardHeightUtil.calculateMaxKeyboardBodyHeight():50 leave 267 height for app when ime window height:2171, header height:121 and isFullscreenMode:false, so the max keyboard body height is:1783
10-19 15:07:42.707  5589  5589 I AndroidIME: KeyboardViewManager.updateKeyboardBodyViewHolderPaddingBottom():472 Set finalPaddingBottom = 5 while holderPaddingBottom = 5; navigationHeight = 116
