10-23 15:01:21.134  5589  5589 W Keyboard: Keyboard.getKeyboardViewHelper():609 null helper is returned: keyboardDef=mle{processedConditions={enable_access_points_in_password_number=true, enable_correction_settings_updates=true, layout_9key_split=false, language=en-US, deprecate_long_press_space_for_ime_picker=false, show_suggestion_strip=true, device=phone, expressions=normal}, globalConditions={global_theme_key=theme,!gsf,!pgsans,!pgsf,!use_system_font,BORDER,FLAVOR_DPI=XXHDPI,GOOGLE_ICONS,KEYBOARD_WIDTH_CATEGORY=NORMAL,KEY_BORDER_SHAPE=1,LIGHT_THEME=false,PHYSICAL_DIAGONAL=5.748144,POPUP,SCREEN_SHORTEST_WIDTH=393,SCREEN_SHORTEST_WIDTH_NO_SCALE=393,XXHDPI,bottom4dp,enable_emoji_kitchen_browse_color_v2=true,enable_google_fonts_icons=true,enable_popup_on_keypress=true,keyboard_redesign_google_sans=true,non_linear_scale,noshadow,overlay_builtin_dynamic_color_dark_base.binarypb:gm3-dark-ff131313-ffffffff-4d9204e36e3ccb6a165e3e3dbe763ce0,roundedchip,silkpopup, global_locale=en_US, global_density_dpi=440, global_orientation=1}, className=.latin.keyboard.LatinDialKeyboard, resourceIds=[#0x7f170885], initialStates=0, keyboardViewDefs=[mls{direction=LOCALE, id=#0x7f0b0224, isScalable=false, layoutId=#0x7f0e0500, type=HEADER, touchable=true, defaultShow=true}, mls{direction=null, id=#0x7f0b0224, isScalable=true, layoutId=#0x7f0e0556, type=BODY, touchable=true, defaultShow=true}], persistentStates=0, persistentStatesPrefKey=null, popupBubbleLayoutId=#0x7f0e05f1, recentKeyLayoutId=0, recentKeyPopupLayoutId=0, recentKeyType=null, rememberRecentKey=NONE, sessionStates=0}, type=WIDGET, helpersCreated=[lxm@dc935fb, lxm@840a618, null, null], context.getResources().getConfiguration(): {1.0 405mcc869mnc [en_US] ldltr sw393dp w393dp h790dp 440dpi nrml long port night finger -keyb/v/h -nav/h winConfig={ mBounds=Rect(0, 0 - 1080, 2392) mAppBounds=Rect(0, 103 - 1080, 2276) mMaxBounds=Rect(0, 0 - 1080, 2392) mDisplayRotation=ROTATION_0 mWindowingMode=fullscreen mActivityType=undefined mAlwaysOnTop=undefined mRotation=ROTATION_0 isEmbedding:false} s.5420 fontWeightAdjustment=0 themeId=2 themeParameter=0 nightModeLevel = -1 typefaceChanged=0.0 ?spacesystem eaMode=1}
10-23 15:01:21.134  5589  5589 I AndroidIME: InputBundleManager.startInput():358 startInput() with mlo[keyboardType=prime, payload=null]
10-23 15:01:21.134  5589  5589 I GlobeKeyExtension: GlobeKeyExtension.onActivate():120 
10-23 15:01:21.135  5589  5589 I LanguagePromoExtension: LanguagePromoExtension.checkDisplayPreconditions():174 Not show language promo: exceeds the max display times.
10-23 15:01:21.135  5589  5589 I NewLanguagePromptExtension: NewLanguagePromptExtension.onActivate():189 Not activated NewLanguagePromptExtension: not a normal text input box.
10-23 15:01:21.136  5589  5589 I HardKeyTracker: HardKeyTracker.unregisterKeySequence():221 Unregister key sequence nfz{labelResId=2132020497, callback=cgp@a5ca648, lastModifier=2, keyCodes=[56], actions=[0]}
10-23 15:01:21.136  5589  5589 I HardKeyTracker: HardKeyTracker.unregisterKeySequence():221 Unregister key sequence nfz{labelResId=2132020497, callback=cgp@5ca98c7, lastModifier=0, keyCodes=[317], actions=[0]}
10-23 15:01:21.136  5589  5589 I HardKeyTracker: HardKeyTracker.registerKeySequence():170 Register key sequence nfz{labelResId=2132020497, callback=cgp@c819963, lastModifier=2, keyCodes=[56], actions=[0]}
10-23 15:01:21.136  5589  5589 I HardKeyTracker: HardKeyTracker.registerKeySequence():170 Register key sequence nfz{labelResId=2132020497, callback=cgp@a14ede, lastModifier=0, keyCodes=[317], actions=[0]}
10-23 15:01:21.136  5589  5589 I VoiceInputManagerWrapper: VoiceInputManagerWrapper.cancelShutdown():109 cancelShutdown()
10-23 15:01:21.136  5589  5589 I VoiceInputManagerWrapper: VoiceInputManagerWrapper.syncLanguagePacks():121 syncLanguagePacks()
10-23 15:01:21.136  5589  5589 I VoiceInputManager: VoiceInputManager.onKeyboardActivated():1173 onKeyboardActivated() [UD]
10-23 15:01:21.136  5589  5589 I PkModeUpdater: PkModeUpdater.onActivate():74 onActivate false true
10-23 15:01:21.136  5589  6558 I SpeechFactory: SpeechRecognitionFactory.maybeScheduleAutoPackDownloadForFallback():217 maybeScheduleAutoPackDownloadForFallback()
10-23 15:01:21.136  5589  5589 I AccessoryInputModeManager: AccessoryInputModeManager.onModeStarted():318 Accessory input mode started: null
10-23 15:01:21.136  5589  6558 I FallbackOnDeviceRecognitionProvider: FallbackOnDeviceRecognitionProvider.maybeScheduleAutoPackDownload():205 maybeScheduleAutoPackDownload() for language tag en-US
10-23 15:01:21.136  5589  5589 W SupplementaryKeyboardsWrapper: SupplementaryKeyboardsWrapper.deactivateKeyboard():161 keyboard accessory_candidates_consumer is not activated before!
10-23 15:01:21.137  5589  5589 I KeyboardModeUtils: KeyboardModeUtils.getKeyboardBottomOffset():435 inch: 0.000000 ydpi: 387.429993 adjustKeyboardBottomByDisplaySize: false currentDensityDpi: 440 defaultDensityDpi: 440 keyboardBottomToScreenPx: 0 keyboardBottomToNavBarPx: -116 navBarHeight: 116
10-23 15:01:21.137  5589  5589 I KeyboardHeightUtil: KeyboardHeightUtil.calculateMaxKeyboardBodyHeight():50 leave 267 height for app when ime window height:2171, header height:121 and isFullscreenMode:false, so the max keyboard body height is:1783
10-23 15:01:21.137  5589  5589 I KeyboardHeightUtil: KeyboardHeightUtil.calculateMaxKeyboardBodyHeight():50 leave 267 height for app when ime window height:2171, header height:121 and isFullscreenMode:false, so the max keyboard body height is:1783
10-23 15:01:21.137  5589  5589 I AndroidIME: KeyboardViewManager.updateKeyboardBodyViewHolderPaddingBottom():472 Set finalPaddingBottom = 5 while holderPaddingBottom = 5; navigationHeight = 116
10-23 15:01:21.137  5589  5589 I KeyboardHeightUtil: KeyboardHeightUtil.calculateMaxKeyboardBodyHeight():50 leave 267 height for app when ime window height:2171, header height:121 and isFullscreenMode:false, so the max keyboard body height is:1783
10-23 15:01:21.137  5589  5589 I KeyboardHeightUtil: KeyboardHeightUtil.calculateMaxKeyboardBodyHeight():50 leave 267 height for app when ime window height:2171, header height:121 and isFullscreenMode:false, so the max keyboard body height is:1783
10-23 15:01:21.137  5589  5589 W ExtensionWrapper: ExtensionWrapper.setExtensionViewVisibility():811 interface mas is not activate
10-23 15:01:21.138  5589  5589 I Module  : DeviceLockedStatusModuleProvider$Module.updateDeviceLockedStatus():100 repeatCheckTimes = 1, locked = false
10-23 15:01:21.138  5589  5589 I HardKeyTracker: HardKeyTracker.unregisterKeySequence():221 Unregister key sequence nfz{labelResId=2132020501, callback=cgp@738ccec, lastModifier=2, keyCodes=[48], actions=[0]}
10-23 15:01:21.139  5589  5589 I HardKeyTracker: HardKeyTracker.registerKeySequence():170 Register key sequence nfz{labelResId=2132020501, callback=cgp@d425bb6, lastModifier=2, keyCodes=[48], actions=[0]}
10-23 15:01:21.139  5589  5589 I HardKeyTracker: HardKeyTracker.unregisterKeySequence():221 Unregister key sequence nfz{labelResId=2132020501, callback=cgp@441cb31, lastModifier=2, keyCodes=[48], actions=[0]}
10-23 15:01:21.139  5589  5589 I HardKeyTracker: HardKeyTracker.registerKeySequence():170 Register key sequence nfz{labelResId=2132020501, callback=cgp@fbba153, lastModifier=2, keyCodes=[48], actions=[0]}
10-23 15:01:21.139  5589  5589 I HardKeyTracker: HardKeyTracker.unregisterKeySequence():221 Unregister key sequence nfz{labelResId=2132020497, callback=cgp@1e5af69, lastModifier=2, keyCodes=[56], actions=[0]}
10-23 15:01:21.139  5589  5589 I HardKeyTracker: HardKeyTracker.unregisterKeySequence():221 Unregister key sequence nfz{labelResId=2132020497, callback=cgp@17f491c, lastModifier=0, keyCodes=[317], actions=[0]}
10-23 15:01:21.139  5589  5589 I HardKeyTracker: HardKeyTracker.registerKeySequence():170 Register key sequence nfz{labelResId=2132020497, callback=cgp@9d4729a, lastModifier=2, keyCodes=[56], actions=[0]}
10-23 15:01:21.139  5589  5589 I HardKeyTracker: HardKeyTracker.registerKeySequence():170 Register key sequence nfz{labelResId=2132020497, callback=cgp@39446c1, lastModifier=0, keyCodes=[317], actions=[0]}
10-23 15:01:21.140  5589  5589 I HardKeyTracker: HardKeyTracker.unregisterKeySequence():221 Unregister key sequence nfz{labelResId=2132020502, callback=cgp@42ae2a1, lastModifier=2, keyCodes=[32], actions=[0]}
10-23 15:01:21.140  5589  5589 I HardKeyTracker: HardKeyTracker.registerKeySequence():170 Register key sequence nfz{labelResId=2132020502, callback=cgp@646baf2, lastModifier=2, keyCodes=[32], actions=[0]}
10-23 15:01:21.143  5589  5589 I HardKeyTracker: HardKeyTracker.unregisterKeySequence():221 Unregister key sequence nfz{labelResId=2132020502, callback=cgp@4efd29b, lastModifier=2, keyCodes=[32], actions=[0]}
10-23 15:01:21.143  5589  5589 I HardKeyTracker: HardKeyTracker.registerKeySequence():170 Register key sequence nfz{labelResId=2132020502, callback=cgp@52ad697, lastModifier=2, keyCodes=[32], actions=[0]}
10-23 15:01:21.144  5589  5589 I StylusModule: StylusModule.onUpdateToolType():800 Update tool type = 1
10-23 15:01:21.144  5589  5589 I StylusModule: StylusModule.onUpdateToolType():800 Update tool type = 1
10-23 15:01:21.146 24527 24527 D InsetsController: show(ime(), fromIme=true)
10-23 15:01:21.146 24527 24527 I ImeTracker: com.a1taxi.a1taxicustomer:272ff8db: onCancelled at PHASE_CLIENT_APPLY_ANIMATION
10-23 15:01:21.146  3458  3458 V InlinePresentationRendererServiceImpl: onRenderSuggestion: width=-2, height=-2
10-23 15:01:21.147 24527 24527 D InsetsController: show(ime(), fromIme=true)
10-23 15:01:21.147 24527 24527 I ImeTracker: com.a1taxi.a1taxicustomer:c5b04b49: onCancelled at PHASE_CLIENT_APPLY_ANIMATION
10-23 15:01:21.149  3458  3458 V InlineSuggestionRenderService: width=-2, height=-2, measuredSize=476x121
10-23 15:01:21.151  5589  5589 I KeyboardModeUtils: KeyboardModeUtils.getKeyboardBottomOffset():435 inch: 0.000000 ydpi: 387.429993 adjustKeyboardBottomByDisplaySize: false currentDensityDpi: 440 defaultDensityDpi: 440 keyboardBottomToScreenPx: 0 keyboardBottomToNavBarPx: -116 navBarHeight: 116
10-23 15:01:21.151  5589  5589 I KeyboardHeightUtil: KeyboardHeightUtil.calculateMaxKeyboardBodyHeight():50 leave 267 height for app when ime window height:2171, header height:121 and isFullscreenMode:false, so the max keyboard body height is:1783
10-23 15:01:21.151  5589  5589 I KeyboardHeightUtil: KeyboardHeightUtil.calculateMaxKeyboardBodyHeight():50 leave 267 height for app when ime window height:2171, header height:121 and isFullscreenMode:false, so the max keyboard body height is:1783
10-23 15:01:21.151  5589  5589 I AndroidIME: KeyboardViewManager.updateKeyboardBodyViewHolderPaddingBottom():472 Set finalPaddingBottom = 5 while holderPaddingBottom = 5; navigationHeight = 116
10-23 15:01:21.151  5589  5589 I WindowMetricsNotification: WindowMetricsNotification.notifyWithWindow():166 
10-23 15:01:21.151  5589  5589 I WindowMetricsNotification: WindowMetricsNotification.notify():159 pfu[bounds=Rect(0, 105 - 1080, 2392), insets=Rect(0, 0 - 0, 116), densityDpi=440, smallestScreenWidthDp=393, displayWidth=1080, displayHeight=2392, xdpi=387.43, ydpi=387.43, isTrustable=true, displayId=0]; DisplayMetrics{density=2.75, width=1080, height=2392, scaledDensity=2.75, xdpi=387.43, ydpi=387.43}
10-23 15:01:21.160  5589  5589 I StylusModule: StylusModule.onUpdateToolType():800 Update tool type = 1
10-23 15:01:21.160  5589  5589 I GoogleInputMethodService: GoogleInputMethodService$1.onKeyboardViewShown():325 onKeyboardViewShown: keyboardType=prime, keyboardViewType=HEADER keyboardView=com.google.android.libraries.inputmethod.widgets.SoftKeyboardView{ff82f07 V.E...... ........ 0,0-1080,121}
10-23 15:01:21.160  5589  5589 I KeyboardHeightUtil: KeyboardHeightUtil.calculateMaxKeyboardBodyHeight():50 leave 267 height for app when ime window height:2171, header height:121 and isFullscreenMode:false, so the max keyboard body height is:1783
10-23 15:01:21.163  5589  5589 I GoogleInputMethodService: GoogleInputMethodService$1.onKeyboardViewShown():325 onKeyboardViewShown: keyboardType=prime, keyboardViewType=BODY keyboardView=com.google.android.libraries.inputmethod.widgets.SoftKeyboardView{f58bee1 V.E...... ........ 0,0-1080,580}
10-23 15:01:21.163  5589  5589 I KeyboardHeightUtil: KeyboardHeightUtil.calculateMaxKeyboardBodyHeight():50 leave 267 height for app when ime window height:2171, header height:121 and isFullscreenMode:false, so the max keyboard body height is:1783
10-23 15:01:21.163  5589  5589 I GlobeKeyExtension: GlobeKeyExtension$1.onKeyboardViewShown():72 maybeDisableLanguageSwitchKeyPref when the keyboard is shown
10-23 15:01:21.163  5589  5589 I GlobeKeyExtension: GlobeKeyExtension.maybeDisableLanguageSwitchKeyPref():200 maybeDisableLanguageSwitchKeyPref hasGlobeKeyBeenDisabled: false, shouldDisableLanguageSwitchKey: false
10-23 15:01:21.163  5589  5589 I NewLanguagePromptExtension: NewLanguagePromptExtension$1.onKeyboardViewShown():88 Not show new language banner: not prime keyboard, or the extension not activated.
10-23 15:01:21.164 24527 24527 D InsetsController: show(ime(), fromIme=true)
10-23 15:01:21.164 24527 24527 I ImeTracker: com.a1taxi.a1taxicustomer:737d9051: onCancelled at PHASE_CLIENT_APPLY_ANIMATION
10-23 15:01:21.164  5589  5589 I KeyboardModeUtils: KeyboardModeUtils.getKeyboardBottomOffset():435 inch: 0.000000 ydpi: 387.429993 adjustKeyboardBottomByDisplaySize: false currentDensityDpi: 440 defaultDensityDpi: 440 keyboardBottomToScreenPx: 0 keyboardBottomToNavBarPx: -116 navBarHeight: 116
10-23 15:01:21.164  5589  5589 I KeyboardHeightUtil: KeyboardHeightUtil.calculateMaxKeyboardBodyHeight():50 leave 267 height for app when ime window height:2171, header height:121 and isFullscreenMode:false, so the max keyboard body height is:1783
10-23 15:01:21.164  5589  5589 I KeyboardHeightUtil: KeyboardHeightUtil.calculateMaxKeyboardBodyHeight():50 leave 267 height for app when ime window height:2171, header height:121 and isFullscreenMode:false, so the max keyboard body height is:1783
10-23 15:01:21.164  5589  5589 I AndroidIME: KeyboardViewManager.updateKeyboardBodyViewHolderPaddingBottom():472 Set finalPaddingBottom = 5 while holderPaddingBottom = 5; navigationHeight = 116
10-23 15:01:21.164  3458  3458 V InlinePresentationRendererServiceImpl: onRenderSuggestion: width=-2, height=-2
10-23 15:01:21.167  3458  3458 V InlineSuggestionRenderService: width=-2, height=-2, measuredSize=472x121
10-23 15:01:21.179  3458  3458 D ViewRootImpl: AppSizeAfterRelayout, size: Point(476, 121), rotation: ROTATION_0
10-23 15:01:21.179  3458  3458 D BufferQueueConsumer: [](id:d8200000486,api:0,p:-1,c:3458) connect: controlledByApp=false
10-23 15:01:21.179  3458  3458 D BLASTBufferQueue: [VRI[]#1158](f:0,a:0) constructor()
10-23 15:01:21.179  3458  3458 D BLASTBufferQueue: [VRI[]#1158](f:0,a:0) update width=476 height=121 format=-2 mTransformHint=0
10-23 15:01:21.184  3458  3458 D ViewRootImpl: AppSizeAfterRelayout, size: Point(472, 121), rotation: ROTATION_0
10-23 15:01:21.186  3458 31463 D BLASTBufferQueue: [VRI[]#1158](f:0,a:1) acquireNextBufferLocked size=476x121 mFrameNumber=1 applyTransaction=true mTimestamp=816641463439443(auto) mPendingTransactions.size=0 graphicBufferId=14851996917674 transform=0
10-23 15:01:21.186  3458  3458 D BufferQueueConsumer: [](id:d8200000487,api:0,p:-1,c:3458) connect: controlledByApp=false
10-23 15:01:21.187  3458  3458 D BLASTBufferQueue: [VRI[]#1159](f:0,a:0) constructor()
10-23 15:01:21.187  3458  3458 D BLASTBufferQueue: [VRI[]#1159](f:0,a:0) update width=472 height=121 format=-2 mTransformHint=0
10-23 15:01:21.189  1870  1976 D AutofillSession: onShown(): 2, 1
10-23 15:01:21.193  3458 31463 D BLASTBufferQueue: [VRI[]#1159](f:0,a:1) acquireNextBufferLocked size=472x121 mFrameNumber=1 applyTransaction=true mTimestamp=816641471020059(auto) mPendingTransactions.size=0 graphicBufferId=14851996917681 transform=0
10-23 15:01:21.197  5589  5589 I ProactiveSuggestionsHolderManager: ProactiveSuggestionsHolderManager$2.display():195 Requesting to show proactive suggestions: AUTO_FILL PREEMPTIVE_WITH_SUPPRESSION
10-23 15:01:21.200  5589  5589 D BufferQueueConsumer: [](id:15d500000f74,api:0,p:-1,c:5589) connect: controlledByApp=false
10-23 15:01:21.200  5589  5589 D BLASTBufferQueue: [SurfaceView[InputMethod]#3956](f:0,a:0) constructor()
10-23 15:01:21.200  5589  5589 D BLASTBufferQueue: [SurfaceView[InputMethod]#3956](f:0,a:0) update width=770 height=121 format=-2 mTransformHint=0
10-23 15:01:21.201  1870  3607 D BatteryStatsService: noteVideoSurfaceChanged  noteWhich: 49,arg1: 770, arg2: 121, arg3: 5589, arg4: 146703, name: com.google.android.inputmethod.latin
10-23 15:01:21.202  5589  5589 I ProactiveSuggestionsHolderManager: ProactiveSuggestionsHolderManager$Holder.setSuggestionsAndShow():898 succeed to show proactive suggestions AUTO_FILL PREEMPTIVE_WITH_SUPPRESSION
10-23 15:01:21.209  5589  5589 I KeyboardModeUtils: KeyboardModeUtils.getKeyboardBottomOffset():435 inch: 0.000000 ydpi: 387.429993 adjustKeyboardBottomByDisplaySize: false currentDensityDpi: 440 defaultDensityDpi: 440 keyboardBottomToScreenPx: 0 keyboardBottomToNavBarPx: -116 navBarHeight: 116
10-23 15:01:21.209  5589  5589 I KeyboardHeightUtil: KeyboardHeightUtil.calculateMaxKeyboardBodyHeight():50 leave 267 height for app when ime window height:2171, header height:121 and isFullscreenMode:false, so the max keyboard body height is:1783
10-23 15:01:21.209  5589  5589 I KeyboardHeightUtil: KeyboardHeightUtil.calculateMaxKeyboardBodyHeight():50 leave 267 height for app when ime window height:2171, header height:121 and isFullscreenMode:false, so the max keyboard body height is:1783
10-23 15:01:21.209  5589  5589 I AndroidIME: KeyboardViewManager.updateKeyboardBodyViewHolderPaddingBottom():472 Set finalPaddingBottom = 5 while holderPaddingBottom = 5; navigationHeight = 116
10-23 15:01:21.214  5589  5589 D BufferQueueConsumer: [](id:15d500000f75,api:0,p:-1,c:5589) connect: controlledByApp=false
10-23 15:01:21.214  5589  5589 D BLASTBufferQueue: [SurfaceView[InputMethod]#3957](f:0,a:0) constructor()
10-23 15:01:21.214  5589  5589 D BLASTBufferQueue: [SurfaceView[InputMethod]#3957](f:0,a:0) update width=476 height=121 format=-2 mTransformHint=0
10-23 15:01:21.216  1870  3607 D BatteryStatsService: noteVideoSurfaceChanged  noteWhich: 49,arg1: 476, arg2: 121, arg3: 5589, arg4: 151744, name: com.google.android.inputmethod.latin
10-23 15:01:21.219  5589  5657 D BLASTBufferQueue: [SurfaceView[InputMethod]#3957](f:0,a:1) acquireNextBufferLocked size=476x121 mFrameNumber=1 applyTransaction=true mTimestamp=816641496766443(auto) mPendingTransactions.size=0 graphicBufferId=24004572229166 transform=0
10-23 15:01:21.220  5589  5589 D BufferQueueConsumer: [](id:15d500000f76,api:0,p:-1,c:5589) connect: controlledByApp=false
10-23 15:01:21.220  5589  5589 D BLASTBufferQueue: [SurfaceView[InputMethod]#3958](f:0,a:0) constructor()
10-23 15:01:21.220  5589  5589 D BLASTBufferQueue: [SurfaceView[InputMethod]#3958](f:0,a:0) update width=472 height=121 format=-2 mTransformHint=0
10-23 15:01:21.222  1870  3386 D BatteryStatsService: noteVideoSurfaceChanged  noteWhich: 49,arg1: 472, arg2: 121, arg3: 5589, arg4: 151746, name: com.google.android.inputmethod.latin
10-23 15:01:21.225  5589  5657 D BLASTBufferQueue: [SurfaceView[InputMethod]#3958](f:0,a:1) acquireNextBufferLocked size=472x121 mFrameNumber=1 applyTransaction=true mTimestamp=816641502570751(auto) mPendingTransactions.size=0 graphicBufferId=24004572229167 transform=0
10-23 15:01:21.226  1870  3607 D BatteryStatsService: noteVideoSurfaceChanged  noteWhich: 49,arg1: 238, arg2: 13, arg3: 5589, arg4: 151744, name: com.google.android.inputmethod.latin
10-23 15:01:21.227  1870  3607 D BatteryStatsService: noteVideoSurfaceChanged  noteWhich: 49,arg1: 236, arg2: 13, arg3: 5589, arg4: 151746, name: com.google.android.inputmethod.latin
10-23 15:01:21.227  1870  3607 D BatteryStatsService: noteVideoSurfaceChanged  noteWhich: 49,arg1: 770, arg2: 121, arg3: 5589, arg4: 146703, name: com.google.android.inputmethod.latin
10-23 15:01:21.232  1870  3607 D BatteryStatsService: noteVideoSurfaceChanged  noteWhich: 49,arg1: 290, arg2: 37, arg3: 5589, arg4: 151744, name: com.google.android.inputmethod.latin
10-23 15:01:21.243  1870  3607 D BatteryStatsService: noteVideoSurfaceChanged  noteWhich: 49,arg1: 334, arg2: 57, arg3: 5589, arg4: 151744, name: com.google.android.inputmethod.latin
10-23 15:01:21.260  1870  3607 D BatteryStatsService: noteVideoSurfaceChanged  noteWhich: 49,arg1: 372, arg2: 73, arg3: 5589, arg4: 151744, name: com.google.android.inputmethod.latin
10-23 15:01:21.277  1870  3777 D BatteryStatsService: noteVideoSurfaceChanged  noteWhich: 49,arg1: 404, arg2: 89, arg3: 5589, arg4: 151744, name: com.google.android.inputmethod.latin
10-23 15:01:21.278  1870  3777 D BatteryStatsService: noteVideoSurfaceChanged  noteWhich: 49,arg1: 288, arg2: 37, arg3: 5589, arg4: 151746, name: com.google.android.inputmethod.latin
10-23 15:01:21.293  9275  9345 W Settings: Setting airplane_mode_on has moved from android.provider.Settings.System to android.provider.Settings.Global, returning read-only value.
10-23 15:01:21.295  9275  9345 W Settings: Setting airplane_mode_on has moved from android.provider.Settings.System to android.provider.Settings.Global, returning read-only value.
10-23 15:01:21.295  1870  3607 D BatteryStatsService: noteVideoSurfaceChanged  noteWhich: 49,arg1: 430, arg2: 101, arg3: 5589, arg4: 151744, name: com.google.android.inputmethod.latin
10-23 15:01:21.296  1870  3607 D BatteryStatsService: noteVideoSurfaceChanged  noteWhich: 49,arg1: 332, arg2: 57, arg3: 5589, arg4: 151746, name: com.google.android.inputmethod.latin
10-23 15:01:21.301  9275 28686 W SystemServiceRegistry: No service published for: wifirtt
10-23 15:01:21.311  1870  3370 D BatteryStatsService: noteVideoSurfaceChanged  noteWhich: 49,arg1: 450, arg2: 109, arg3: 5589, arg4: 151744, name: com.google.android.inputmethod.latin
10-23 15:01:21.311  1870  3777 D BatteryStatsService: noteVideoSurfaceChanged  noteWhich: 49,arg1: 368, arg2: 73, arg3: 5589, arg4: 151746, name: com.google.android.inputmethod.latin
10-23 15:01:21.326  1870  3607 D BatteryStatsService: noteVideoSurfaceChanged  noteWhich: 49,arg1: 466, arg2: 117, arg3: 5589, arg4: 151744, name: com.google.android.inputmethod.latin
10-23 15:01:21.327  1870  3607 D BatteryStatsService: noteVideoSurfaceChanged  noteWhich: 49,arg1: 400, arg2: 89, arg3: 5589, arg4: 151746, name: com.google.android.inputmethod.latin
10-23 15:01:21.343  1870  3777 D BatteryStatsService: noteVideoSurfaceChanged  noteWhich: 49,arg1: 474, arg2: 121, arg3: 5589, arg4: 151744, name: com.google.android.inputmethod.latin
10-23 15:01:21.343  1870  3777 D BatteryStatsService: noteVideoSurfaceChanged  noteWhich: 49,arg1: 428, arg2: 101, arg3: 5589, arg4: 151746, name: com.google.android.inputmethod.latin
10-23 15:01:21.359  1870  3777 D BatteryStatsService: noteVideoSurfaceChanged  noteWhich: 49,arg1: 476, arg2: 121, arg3: 5589, arg4: 151744, name: com.google.android.inputmethod.latin
10-23 15:01:21.359  1870  3777 D BatteryStatsService: noteVideoSurfaceChanged  noteWhich: 49,arg1: 446, arg2: 109, arg3: 5589, arg4: 151746, name: com.google.android.inputmethod.latin
10-23 15:01:21.376  1870  3370 D BatteryStatsService: noteVideoSurfaceChanged  noteWhich: 49,arg1: 462, arg2: 117, arg3: 5589, arg4: 151746, name: com.google.android.inputmethod.latin
10-23 15:01:21.392  1870  3777 D BatteryStatsService: noteVideoSurfaceChanged  noteWhich: 49,arg1: 470, arg2: 121, arg3: 5589, arg4: 151746, name: com.google.android.inputmethod.latin
10-23 15:01:21.398  9275  9345 I ActivityScheduler: nextTriggerTime: 1656052761, in 2000ms, detectorType: 39, FULL_TYPE alarmWindowMillis: 250
10-23 15:01:21.409  1870  3607 D BatteryStatsService: noteVideoSurfaceChanged  noteWhich: 49,arg1: 472, arg2: 121, arg3: 5589, arg4: 151746, name: com.google.android.inputmethod.latin
10-23 15:01:21.410  9275 27792 I NearbyPresence: (REDACTED) %s verified [==] new request %s equals to the old request
10-23 15:01:21.435  9275 27792 I FusedOrientationManager: Registering orientation client. [CONTEXT service_id=6 ]
10-23 15:01:21.446  9275 27792 I FusedOrientationManager: Registering orientation client. [CONTEXT service_id=6 ]
10-23 15:01:21.745  5589  5589 W TooltipLifecycleManager: TooltipLifecycleManager.dismissTooltips():153 Tooltip with id SUGGESTION_VIEW_EDU_MINI_DIALOG not found in tooltipManager.
10-23 15:01:21.747  1870  2718 D BatteryStatsService: noteVideoSurfaceChanged  noteWhich: 49,arg1: -1, arg2: -1, arg3: 5589, arg4: 151746, name: com.google.android.inputmethod.latin
10-23 15:01:21.747  5589  5657 E BufferQueueProducer: [SurfaceView[InputMethod]#3958(BLAST Consumer)3958](id:15d500000f76,api:0,p:-1,c:5589) disconnect: not connected (req=1)
10-23 15:01:21.747  5589  5657 W libEGL  : EGLNativeWindowType 0xb4000077e0270c70 disconnect failed
10-23 15:01:21.747  5589  5589 D BLASTBufferQueue: [SurfaceView[InputMethod]#3958](f:0,a:1) destructor()
10-23 15:01:21.748  5589  5589 D BufferQueueConsumer: [SurfaceView[InputMethod]#3958(BLAST Consumer)3958](id:15d500000f76,api:0,p:-1,c:5589) disconnect
10-23 15:01:21.750  1870  3370 D BatteryStatsService: noteVideoSurfaceChanged  noteWhich: 49,arg1: -1, arg2: -1, arg3: 5589, arg4: 151744, name: com.google.android.inputmethod.latin
10-23 15:01:21.750  5589  5657 E BufferQueueProducer: [SurfaceView[InputMethod]#3957(BLAST Consumer)3957](id:15d500000f75,api:0,p:-1,c:5589) disconnect: not connected (req=1)
10-23 15:01:21.750  5589  5657 W libEGL  : EGLNativeWindowType 0xb4000077e01e6660 disconnect failed
10-23 15:01:21.751  5589  5589 D BLASTBufferQueue: [SurfaceView[InputMethod]#3957](f:0,a:1) destructor()
10-23 15:01:21.751  5589  5589 D BufferQueueConsumer: [SurfaceView[InputMethod]#3957(BLAST Consumer)3957](id:15d500000f75,api:0,p:-1,c:5589) disconnect
10-23 15:01:21.752  5589  5589 W TooltipLifecycleManager: TooltipLifecycleManager.dismissTooltips():153 Tooltip with id SUGGESTION_VIEW_EDU_MINI_DIALOG not found in tooltipManager.
10-23 15:01:21.757  5589  5589 W TooltipLifecycleManager: TooltipLifecycleManager.dismissTooltips():153 Tooltip with id SUGGESTION_VIEW_EDU_MINI_DIALOG not found in tooltipManager.
10-23 15:01:21.758  5589  5589 I KeyboardModeUtils: KeyboardModeUtils.getKeyboardBottomOffset():435 inch: 0.000000 ydpi: 387.429993 adjustKeyboardBottomByDisplaySize: false currentDensityDpi: 440 defaultDensityDpi: 440 keyboardBottomToScreenPx: 0 keyboardBottomToNavBarPx: -116 navBarHeight: 116
10-23 15:01:21.759  5589  5589 I KeyboardHeightUtil: KeyboardHeightUtil.calculateMaxKeyboardBodyHeight():50 leave 267 height for app when ime window height:2171, header height:121 and isFullscreenMode:false, so the max keyboard body height is:1783
10-23 15:01:21.759  5589  5589 I KeyboardHeightUtil: KeyboardHeightUtil.calculateMaxKeyboardBodyHeight():50 leave 267 height for app when ime window height:2171, header height:121 and isFullscreenMode:false, so the max keyboard body height is:1783
10-23 15:01:21.759  5589  5589 I AndroidIME: KeyboardViewManager.updateKeyboardBodyViewHolderPaddingBottom():472 Set finalPaddingBottom = 5 while holderPaddingBottom = 5; navigationHeight = 116
10-23 15:01:21.811  1870  3777 D BatteryStatsService: noteVideoSurfaceChanged  noteWhich: 49,arg1: -1, arg2: -1, arg3: 5589, arg4: 146703, name: com.google.android.inputmethod.latin
10-23 15:01:21.811  5589  5589 D BLASTBufferQueue: [SurfaceView[InputMethod]#3956](f:0,a:0) destructor()
10-23 15:01:21.811  5589  5589 D BufferQueueConsumer: [SurfaceView[InputMethod]#3956(BLAST Consumer)3956](id:15d500000f74,api:0,p:-1,c:5589) disconnect
10-23 15:01:21.826  5589  5589 I KeyboardModeUtils: KeyboardModeUtils.getKeyboardBottomOffset():435 inch: 0.000000 ydpi: 387.429993 adjustKeyboardBottomByDisplaySize: false currentDensityDpi: 440 defaultDensityDpi: 440 keyboardBottomToScreenPx: 0 keyboardBottomToNavBarPx: -116 navBarHeight: 116
10-23 15:01:21.826  5589  5589 I KeyboardHeightUtil: KeyboardHeightUtil.calculateMaxKeyboardBodyHeight():50 leave 267 height for app when ime window height:2171, header height:121 and isFullscreenMode:false, so the max keyboard body height is:1783
10-23 15:01:21.826  5589  5589 I KeyboardHeightUtil: KeyboardHeightUtil.calculateMaxKeyboardBodyHeight():50 leave 267 height for app when ime window height:2171, header height:121 and isFullscreenMode:false, so the max keyboard body height is:1783
10-23 15:01:21.826  5589  5589 I AndroidIME: KeyboardViewManager.updateKeyboardBodyViewHolderPaddingBottom():472 Set finalPaddingBottom = 5 while holderPaddingBottom = 5; navigationHeight = 116
10-23 15:01:21.910  5589  5589 I KeyboardModeUtils: KeyboardModeUtils.getKeyboardBottomOffset():435 inch: 0.000000 ydpi: 387.429993 adjustKeyboardBottomByDisplaySize: false currentDensityDpi: 440 defaultDensityDpi: 440 keyboardBottomToScreenPx: 0 keyboardBottomToNavBarPx: -116 navBarHeight: 116
10-23 15:01:21.910  5589  5589 I KeyboardHeightUtil: KeyboardHeightUtil.calculateMaxKeyboardBodyHeight():50 leave 267 height for app when ime window height:2171, header height:121 and isFullscreenMode:false, so the max keyboard body height is:1783
10-23 15:01:21.910  5589  5589 I KeyboardHeightUtil: KeyboardHeightUtil.calculateMaxKeyboardBodyHeight():50 leave 267 height for app when ime window height:2171, header height:121 and isFullscreenMode:false, so the max keyboard body height is:1783
10-23 15:01:21.911  5589  5589 I AndroidIME: KeyboardViewManager.updateKeyboardBodyViewHolderPaddingBottom():472 Set finalPaddingBottom = 5 while holderPaddingBottom = 5; navigationHeight = 116
10-23 15:01:21.967  3458  3458 V InlineSuggestionRenderService: Releasing inline suggestion view host
10-23 15:01:21.970  3458  3458 D BLASTBufferQueue: [VRI[]#1159](f:0,a:4) destructor()
10-23 15:01:21.970  3458  3458 D BufferQueueConsumer: [VRI[]#1159(BLAST Consumer)1159](id:d8200000487,api:0,p:-1,c:3458) disconnect
10-23 15:01:21.975  3458  3458 V InlineSuggestionRenderService: Removed the inline suggestion from the cache, current size=1
10-23 15:01:21.975  3458  3458 V InlineSuggestionRenderService: Releasing inline suggestion view host
10-23 15:01:21.980  3458  3458 D BLASTBufferQueue: [VRI[]#1158](f:0,a:4) destructor()
10-23 15:01:21.980  3458  3458 D BufferQueueConsumer: [VRI[]#1158(BLAST Consumer)1158](id:d8200000486,api:0,p:-1,c:3458) disconnect
10-23 15:01:21.983  3458  3458 V InlineSuggestionRenderService: Removed the inline suggestion from the cache, current size=0
10-23 15:01:22.014  5589  5589 W TooltipLifecycleManager: TooltipLifecycleManager.dismissTooltips():153 Tooltip with id SUGGESTION_VIEW_EDU_MINI_DIALOG not found in tooltipManager.
10-23 15:01:22.300  5589  5589 W TooltipLifecycleManager: TooltipLifecycleManager.dismissTooltips():153 Tooltip with id SUGGESTION_VIEW_EDU_MINI_DIALOG not found in tooltipManager.
10-23 15:01:22.489  9275  9342 I FusedLocation: (REDACTED) location delivery to %s blocked - too fast
10-23 15:01:22.489  9275  9342 I FusedLocation: (REDACTED) location delivery to %s blocked - too close
10-23 15:01:22.489  9275  9342 I FusedLocation: (REDACTED) location delivery to %s blocked - too fast
10-23 15:01:22.490 24527 26362 I ReactNativeJS: ' [GPS] Live location update:', { lat: '12.748696', lng: '77.829996', accuracy: '4.35m' }
10-23 15:01:22.491  9275  9342 I FusedLocation: (REDACTED) location delivery to %s blocked - too fast
10-23 15:01:22.586  5589  5589 W TooltipLifecycleManager: TooltipLifecycleManager.dismissTooltips():153 Tooltip with id SUGGESTION_VIEW_EDU_MINI_DIALOG not found in tooltipManager.
10-23 15:01:22.839  5589  5589 W TooltipLifecycleManager: TooltipLifecycleManager.dismissTooltips():153 Tooltip with id SUGGESTION_VIEW_EDU_MINI_DIALOG not found in tooltipManager.
10-23 15:01:23.231  5589  5589 W TooltipLifecycleManager: TooltipLifecycleManager.dismissTooltips():153 Tooltip with id SUGGESTION_VIEW_EDU_MINI_DIALOG not found in tooltipManager.
10-23 15:01:23.509  5589  5589 W TooltipLifecycleManager: TooltipLifecycleManager.dismissTooltips():153 Tooltip with id SUGGESTION_VIEW_EDU_MINI_DIALOG not found in tooltipManager.
10-23 15:01:23.801  5589  5589 W TooltipLifecycleManager: TooltipLifecycleManager.dismissTooltips():153 Tooltip with id SUGGESTION_VIEW_EDU_MINI_DIALOG not found in tooltipManager.
10-23 15:01:24.086  5589  5589 W TooltipLifecycleManager: TooltipLifecycleManager.dismissTooltips():153 Tooltip with id SUGGESTION_VIEW_EDU_MINI_DIALOG not found in tooltipManager.
10-23 15:01:24.340  5589  5589 W TooltipLifecycleManager: TooltipLifecycleManager.dismissTooltips():153 Tooltip with id SUGGESTION_VIEW_EDU_MINI_DIALOG not found in tooltipManager.
10-23 15:01:24.489  9275  9342 I FusedLocation: (REDACTED) location delivery to %s blocked - too close
10-23 15:01:24.490  9275  9342 I FusedLocation: (REDACTED) location delivery to %s blocked - too fast
10-23 15:01:24.490  9275  9342 I FusedLocation: (REDACTED) location delivery to %s blocked - too close
10-23 15:01:24.490  9275  9342 I FusedLocation: (REDACTED) location delivery to %s blocked - too fast
10-23 15:01:24.491  9275  9342 I FusedLocation: (REDACTED) location delivery to %s blocked - too fast
10-23 15:01:24.491  9275  9342 I FusedLocation: (REDACTED) location delivery to %s blocked - too fast
10-23 15:01:24.521  9275  9308 I WifiScanner: onFullResults
10-23 15:01:24.521  9275  9671 I WifiScanner: onFullResults
10-23 15:01:24.521  9275  9308 I WifiScanner: onFullResults
10-23 15:01:24.529  9275 28680 I FrewleTileCacheManagerV: (REDACTED) Fetched %d AP models from cache
10-23 15:01:24.550  9275  9342 I FusedLocation: (REDACTED) location delivery to %s blocked - too close
10-23 15:01:24.550  9275  9342 I FusedLocation: (REDACTED) location delivery to %s blocked - too fast
10-23 15:01:24.550  9275  9342 I FusedLocation: (REDACTED) location delivery to %s blocked - too fast
10-23 15:01:24.550  9275  9342 I FusedLocation: (REDACTED) location delivery to %s blocked - too close
10-23 15:01:24.550  9275  9342 I FusedLocation: (REDACTED) location delivery to %s blocked - too fast
10-23 15:01:24.550  9275  9345 I ActivityScheduler: nextTriggerTime: 1656052761, in -1153ms, detectorType: 39, FULL_TYPE alarmWindowMillis: 250
10-23 15:01:24.551  9275  9342 I FusedLocation: (REDACTED) location delivery to %s blocked - too fast
10-23 15:01:24.551  9275  9342 I FusedLocation: (REDACTED) location delivery to %s blocked - too fast
10-23 15:01:24.552  9275  9342 I fznc    : Received empty WiFi-RTT scan. [CONTEXT service_id=6 ]
10-23 15:01:24.711 24527 26362 I ReactNativeJS:  ===== HANDLE SEND OTP CLICKED =====
10-23 15:01:24.711 24527 26362 I ReactNativeJS: ' Formatted phone:', '+918608374935'
10-23 15:01:24.711 24527 26362 I ReactNativeJS:  Setting loading true...
10-23 15:01:24.712 24527 26362 I ReactNativeJS:  Calling sendOTP...
10-23 15:01:24.712 24527 26362 I ReactNativeJS:  ===== SEND OTP STARTING =====
10-23 15:01:24.712 24527 26362 I ReactNativeJS: ' Phone Number:', '+918608374935'
10-23 15:01:24.712 24527 26362 I ReactNativeJS: ' Name:', 'Gv'
10-23 15:01:24.712 24527 26362 I ReactNativeJS: ' Supabase URL:', 'https://whubaypabojomdyfqxcf.supabase.co'
10-23 15:01:24.712 24527 26362 I ReactNativeJS: ' Anon Key exists:', true
10-23 15:01:24.712 24527 26362 I ReactNativeJS: ' Request URL:', 'https://whubaypabojomdyfqxcf.supabase.co/functions/v1/send-otp'
10-23 15:01:24.712 24527 26362 I ReactNativeJS:  Making fetch request...
10-23 15:01:25.098  9275  9310 I IPCThreadState: oneway function results for code 1 on binder at 0xb4000077d00aa170 will be dropped but finished with status UNKNOWN_TRANSACTION and reply parcel size 80
10-23 15:01:25.971 24527 26362 I ReactNativeJS: ' Response status:', 200
10-23 15:01:25.971 24527 26362 I ReactNativeJS: ' Response ok:', true
10-23 15:01:25.974 24527 26362 I ReactNativeJS: ' Response data:', '{\n  "success": true,\n  "message": "OTP generated successfully",\n  "devOtp": "619829",\n  "smsSent": false,\n  "smsError": "Authenticate"\n}'
10-23 15:01:25.974 24527 26362 I ReactNativeJS:   OTP sent successfully!
10-23 15:01:25.974 24527 26362 I ReactNativeJS: ' Dev OTP:', '619829'
10-23 15:01:25.974 24527 26362 I ReactNativeJS: ' SMS Sent:', false
10-23 15:01:25.974 24527 26362 I ReactNativeJS: ' SMS Error:', 'Authenticate'
10-23 15:01:25.974 24527 26362 I ReactNativeJS:  ===== SEND OTP COMPLETE =====
10-23 15:01:25.975 24527 26362 I ReactNativeJS: ' sendOTP returned:', { error: null,
10-23 15:01:25.975 24527 26362 I ReactNativeJS:   otp: '619829',
10-23 15:01:25.975 24527 26362 I ReactNativeJS:   smsSent: false,
10-23 15:01:25.975 24527 26362 I ReactNativeJS:   smsError: 'Authenticate' }
10-23 15:01:25.975 24527 26362 I ReactNativeJS:  No error in result
10-23 15:01:25.975 24527 26362 I ReactNativeJS: ' OTP received:', '619829'
10-23 15:01:25.975 24527 26362 I ReactNativeJS: ' SMS sent status:', false
10-23 15:01:25.975 24527 26362 I ReactNativeJS: ' SMS error:', 'Authenticate'
10-23 15:01:25.987 24527 26362 I ReactNativeJS: ' Showing alert with message:', 'Your OTP code is: 619829\n\n SMS failed: Authenticate\nPlease use the code above.'
10-23 15:01:25.987 24527 26362 I ReactNativeJS:  Will navigate to verify-otp after alert
10-23 15:01:25.987 24527 26362 I ReactNativeJS:  Alert displayed
10-23 15:01:25.987 24527 26362 I ReactNativeJS:  ===== HANDLE SEND OTP END =====
10-23 15:01:25.990 24527 24527 W WindowOnBackDispatcher: OnBackInvokedCallback is not enabled for the application.
10-23 15:01:25.990 24527 24527 W WindowOnBackDispatcher: Set 'android:enableOnBackInvokedCallback="true"' in the application manifest.
10-23 15:01:26.050 24527 24527 D ViewRootImpl: AppSizeAfterRelayout, size: Point(1202, 796), rotation: ROTATION_0
10-23 15:01:26.051 24527 24527 D BufferQueueConsumer: [](id:5fcf00000006,api:0,p:-1,c:24527) connect: controlledByApp=false
10-23 15:01:26.051 24527 24527 D BLASTBufferQueue: [VRI[MainActivity]#5](f:0,a:0) constructor()
10-23 15:01:26.051 24527 24527 D BLASTBufferQueue: [VRI[MainActivity]#5](f:0,a:0) update width=1202 height=796 format=-3 mTransformHint=0
10-23 15:01:26.062 24527 26331 D BLASTBufferQueue: [VRI[MainActivity]#5](f:0,a:1) acquireNextBufferLocked size=1202x796 mFrameNumber=1 applyTransaction=true mTimestamp=816646339467982(auto) mPendingTransactions.size=0 graphicBufferId=105342662869036 transform=0
10-23 15:01:26.498  9275  9342 I FusedLocation: (REDACTED) location delivery to %s blocked - too close
10-23 15:01:26.499  9275  9342 I FusedLocation: (REDACTED) location delivery to %s blocked - too fast
10-23 15:01:26.499  9275  9342 I FusedLocation: (REDACTED) location delivery to %s blocked - too close
10-23 15:01:26.499  9275  9342 I FusedLocation: (REDACTED) location delivery to %s blocked - too fast
10-23 15:01:26.500  9275  9342 I FusedLocation: (REDACTED) location delivery to %s blocked - too fast
10-23 15:01:26.500  9275  9342 I FusedLocation: (REDACTED) location delivery to %s blocked - too fast
10-23 15:01:26.729  9275  9345 I ActivityScheduler: nextTriggerTime: 1656058092, in 2000ms, detectorType: 39, FULL_TYPE alarmWindowMillis: 250
10-23 15:01:28.113 24527 24527 W WindowOnBackDispatcher: sendCancelIfRunning: isInProgress=false callback=android.view.ViewRootImpl$$ExternalSyntheticLambda11@fbe3b73
10-23 15:01:28.113 24527 26362 I ReactNativeJS:  Alert dismissed, navigating to verify-otp...
10-23 15:01:28.114 24527 26362 I ReactNativeJS: ' Target params:', { phoneNumber: '+918608374935', name: 'Gv' }
10-23 15:01:28.120 24527 26331 D HWUI    : endAllActiveAnimators on 0xb4000077801eb930 (RippleDrawable) with handle 0xb4000077d01015f0
10-23 15:01:28.132 24527 27266 D BLASTBufferQueue: [VRI[MainActivity]#5](f:0,a:4) destructor()
10-23 15:01:28.132 24527 27266 D BufferQueueConsumer: [VRI[MainActivity]#5(BLAST Consumer)5](id:5fcf00000006,api:0,p:-1,c:24527) disconnect
10-23 15:01:28.133 24527 24527 W WindowOnBackDispatcher: OnBackInvokedCallback is not enabled for the application.
10-23 15:01:28.133 24527 24527 W WindowOnBackDispatcher: Set 'android:enableOnBackInvokedCallback="true"' in the application manifest.
10-23 15:01:28.145 24527 26362 I ReactNativeJS:  Navigation triggered
10-23 15:01:28.145 24527 26362 I ReactNativeJS: ' AuthNavigator - checking auth state:', { user: false,
10-23 15:01:28.145 24527 26362 I ReactNativeJS:   loading: false,
10-23 15:01:28.145 24527 26362 I ReactNativeJS:   segments: 'auth/verify-otp',
10-23 15:01:28.145 24527 26362 I ReactNativeJS:   userEmail: undefined,
10-23 15:01:28.145 24527 26362 I ReactNativeJS:   userRole: undefined }
10-23 15:01:28.145 24527 26362 I ReactNativeJS:  User on verify-otp screen, skipping navigation
10-23 15:01:28.165 24527 26363 W unknown:ReactNative: Attempt to set local data for view with unknown tag: -1
10-23 15:01:28.165 24527 26363 W unknown:ReactNative: Attempt to set local data for view with unknown tag: -1
10-23 15:01:28.165 24527 26363 W unknown:ReactNative: Attempt to set local data for view with unknown tag: -1
10-23 15:01:28.167 24527 26363 W unknown:ReactNative: Attempt to set local data for view with unknown tag: -1
10-23 15:01:28.168 24527 26363 W unknown:ReactNative: Attempt to set local data for view with unknown tag: -1
10-23 15:01:28.168 24527 26363 W unknown:ReactNative: Attempt to set local data for view with unknown tag: -1
10-23 15:01:28.170 24527 26363 W unknown:ReactNative: Attempt to set local data for view with unknown tag: -1
10-23 15:01:28.170 24527 26363 W unknown:ReactNative: Attempt to set local data for view with unknown tag: -1
10-23 15:01:28.170 24527 26363 W unknown:ReactNative: Attempt to set local data for view with unknown tag: -1
10-23 15:01:28.172 24527 26363 W unknown:ReactNative: Attempt to set local data for view with unknown tag: -1
10-23 15:01:28.173 24527 26363 W unknown:ReactNative: Attempt to set local data for view with unknown tag: -1
10-23 15:01:28.173 24527 26363 W unknown:ReactNative: Attempt to set local data for view with unknown tag: -1
10-23 15:01:28.175 24527 26363 W unknown:ReactNative: Attempt to set local data for view with unknown tag: -1
10-23 15:01:28.175 24527 26363 W unknown:ReactNative: Attempt to set local data for view with unknown tag: -1
10-23 15:01:28.175 24527 26363 W unknown:ReactNative: Attempt to set local data for view with unknown tag: -1
10-23 15:01:28.177 24527 26363 W unknown:ReactNative: Attempt to set local data for view with unknown tag: -1
10-23 15:01:28.177 24527 26363 W unknown:ReactNative: Attempt to set local data for view with unknown tag: -1
10-23 15:01:28.177 24527 26363 W unknown:ReactNative: Attempt to set local data for view with unknown tag: -1
10-23 15:01:28.181 24527 24527 W [RNScreens]: topInsetEnabled prop is not available on Android
10-23 15:01:28.213 24527 24527 V ImeFocusController: onWindowFocus: com.android.internal.policy.DecorView{408a178 V.E...... R......D 0,0-1080,2392 aid=0}[MainActivity] softInputMode=STATE_UNSPECIFIED|ADJUST_RESIZE
10-23 15:01:28.217  5589  5589 I GoogleInputMethodService: GoogleInputMethodService.onFinishInputView():1571 onFinishInputView(false)
10-23 15:01:28.218  5589  5589 I GlobeKeyExtension: GlobeKeyExtension.onDeactivate():144 
10-23 15:01:28.218  5589  5589 W TooltipLifecycleManager: TooltipLifecycleManager.dismissTooltips():153 Tooltip with id SUGGESTION_VIEW_EDU_MINI_DIALOG not found in tooltipManager.
10-23 15:01:28.218  5589  5589 I VoiceInputManagerWrapper: VoiceInputManagerWrapper.shutdown():131 shutdown()
10-23 15:01:28.220  5589  5589 W TooltipLifecycleManager: TooltipLifecycleManager.dismissTooltips():153 Tooltip with id spell_check_add_to_dictionary not found in tooltipManager.
10-23 15:01:28.223  5589  5589 W TooltipLifecycleManager: TooltipLifecycleManager.dismissTooltips():153 Tooltip with id undo_access_point_promotion_banner not found in tooltipManager.
10-23 15:01:28.223  5589  5589 I GoogleInputMethodService: GoogleInputMethodService.onFinishInput():2085 
10-23 15:01:28.224  5589  5589 I Module  : DeviceLockedStatusModuleProvider$Module.updateDeviceLockedStatus():100 repeatCheckTimes = 0, locked = false
10-23 15:01:28.224  5589  5589 I GoogleInputMethodService: GoogleInputMethodService.onStartInput():1346 onStartInput(EditorInfo{EditorInfo{packageName=com.a1taxi.a1taxicustomer, inputType=0, inputTypeString=NULL, enableLearning=false, autoCorrection=false, autoComplete=false, imeOptions=0, privateImeOptions=null, actionName=UNSPECIFIED, actionLabel=null, initialSelStart=-1, initialSelEnd=-1, initialCapsMode=0, label=null, fieldId=0, fieldName=null, extras=null, hintText=null, hintLocales=[]}}, false)
10-23 15:01:28.225  5589  5589 I Module  : DeviceLockedStatusModuleProvider$Module.updateDeviceLockedStatus():100 repeatCheckTimes = 1, locked = false
10-23 15:01:28.225  5589  5589 I HardKeyTracker: HardKeyTracker.registerKeySequence():170 Register key sequence nfz{labelResId=0, callback=gds@871e429, lastModifier=0, keyCodes=[57, 57], actions=[1, 0]}
10-23 15:01:28.225  5589  5589 I HardKeyTracker: HardKeyTracker.registerKeySequence():170 Register key sequence nfz{labelResId=0, callback=gds@b1d94dc, lastModifier=0, keyCodes=[58, 58], actions=[1, 0]}
10-23 15:01:28.230 24527 24527 W RemoteInputConnectionImpl: requestCursorUpdates on inactive InputConnection
10-23 15:01:28.230 24527 24527 D InsetsController: hide(ime(), fromIme=true)
10-23 15:01:28.232  5589  5589 I KeyboardModeUtils: KeyboardModeUtils.getKeyboardBottomOffset():435 inch: 0.000000 ydpi: 387.429993 adjustKeyboardBottomByDisplaySize: false currentDensityDpi: 440 defaultDensityDpi: 440 keyboardBottomToScreenPx: 0 keyboardBottomToNavBarPx: -116 navBarHeight: 116
10-23 15:01:28.232  5589  5589 I KeyboardHeightUtil: KeyboardHeightUtil.calculateMaxKeyboardBodyHeight():50 leave 267 height for app when ime window height:2171, header height:121 and isFullscreenMode:false, so the max keyboard body height is:1783
10-23 15:01:28.232  5589  5589 I KeyboardHeightUtil: KeyboardHeightUtil.calculateMaxKeyboardBodyHeight():50 leave 267 height for app when ime window height:2171, header height:121 and isFullscreenMode:false, so the max keyboard body height is:1783
10-23 15:01:28.232  5589  5589 I AndroidIME: KeyboardViewManager.updateKeyboardBodyViewHolderPaddingBottom():472 Set finalPaddingBottom = 5 while holderPaddingBottom = 5; navigationHeight = 116
10-23 15:01:28.466 24527 24527 I ImeTracker: com.a1taxi.a1taxicustomer:9a2dc480: onRequestHide at ORIGIN_CLIENT reason HIDE_SOFT_INPUT_ON_ANIMATION_STATE_CHANGED fromUser false
10-23 15:01:28.468 24527 24527 I ImeTracker: com.a1taxi.a1taxicustomer:7fc525ac: onHidden
10-23 15:01:28.488  9275  9342 I FusedLocation: (REDACTED) location delivery to %s blocked - too close
10-23 15:01:28.489  9275  9342 I FusedLocation: (REDACTED) location delivery to %s blocked - too fast
10-23 15:01:28.489  9275  9342 I FusedLocation: (REDACTED) location delivery to %s blocked - too close
10-23 15:01:28.490  9275  9342 I FusedLocation: (REDACTED) location delivery to %s blocked - too fast
10-23 15:01:28.491  9275  9342 I FusedLocation: (REDACTED) location delivery to %s blocked - too fast
10-23 15:01:28.617  5589 25171 I SpellCheckerSession: SpellCheckerSession.onClose():690 com.google.android.keyboard.client.delight5.LanguageIdentifier@48c49e3 is closed
10-23 15:01:28.979  5589  5589 W TooltipLifecycleManager: TooltipLifecycleManager.dismissTooltips():153 Tooltip with id undo_access_point_promotion_banner not found in tooltipManager.
10-23 15:01:29.002  5589  5589 D ViewRootImpl: AppSizeAfterRelayout, size: Point(1080, 2287), rotation: ROTATION_0
10-23 15:01:29.003  5589  5589 D BLASTBufferQueue: [VRI[InputMethod]#3953](f:0,a:4) destructor()
10-23 15:01:29.003  5589  5589 D BufferQueueConsumer: [VRI[InputMethod]#3953(BLAST Consumer)3953](id:15d500000f71,api:0,p:-1,c:5589) disconnect
10-23 15:01:29.169 24527 24527 I ImeTracker: com.a1taxi.a1taxicustomer:debc5d45: onRequestShow at ORIGIN_CLIENT reason SHOW_SOFT_INPUT fromUser true
10-23 15:01:29.172  5589  5589 I GoogleInputMethodService: GoogleInputMethodService.onFinishInput():2085 
10-23 15:01:29.173  5589  5589 I Module  : DeviceLockedStatusModuleProvider$Module.updateDeviceLockedStatus():100 repeatCheckTimes = 0, locked = false
10-23 15:01:29.173  5589  5589 W TooltipLifecycleManager: TooltipLifecycleManager.dismissTooltips():153 Tooltip with id SUGGESTION_VIEW_EDU_MINI_DIALOG not found in tooltipManager.
10-23 15:01:29.175  5589  5589 I GoogleInputMethodService: GoogleInputMethodService.onStartInput():1346 onStartInput(EditorInfo{EditorInfo{packageName=com.a1taxi.a1taxicustomer, inputType=4002, inputTypeString=Number, enableLearning=false, autoCorrection=false, autoComplete=false, imeOptions=6, privateImeOptions=null, actionName=DONE, actionLabel=null, initialSelStart=0, initialSelEnd=0, initialCapsMode=2000, label=null, fieldId=1285, fieldName=null, extras=Bundle[mParcelledData.dataSize=404], hintText=empty, hintLocales=[]}}, false)
10-23 15:01:29.176  5589  5589 I Module  : DeviceLockedStatusModuleProvider$Module.updateDeviceLockedStatus():100 repeatCheckTimes = 1, locked = false
10-23 15:01:29.176  5589  5589 I HardKeyTracker: HardKeyTracker.unregisterKeySequence():221 Unregister key sequence nfz{labelResId=0, callback=gds@871e429, lastModifier=0, keyCodes=[57, 57], actions=[1, 0]}
10-23 15:01:29.176  5589  5589 I HardKeyTracker: HardKeyTracker.unregisterKeySequence():221 Unregister key sequence nfz{labelResId=0, callback=gds@b1d94dc, lastModifier=0, keyCodes=[58, 58], actions=[1, 0]}
10-23 15:01:29.178  5589  5589 I StylusModule: StylusModule.onUpdateToolType():800 Update tool type = 1
