10-23 19:09:46.286  5589  5589 I KeyboardHeightUtil: KeyboardHeightUtil.calculateMaxKeyboardBodyHeight():50 leave 267 height for app when ime window height:2171, header height:121 and isFullscreenMode:false, so the max keyboard body height is:1783
10-23 19:09:46.286  5589  5589 I KeyboardHeightUtil: KeyboardHeightUtil.calculateMaxKeyboardBodyHeight():50 leave 267 height for app when ime window height:2171, header height:121 and isFullscreenMode:false, so the max keyboard body height is:1783
10-23 19:09:46.286  5589  5589 I AndroidIME: KeyboardViewManager.updateKeyboardBodyViewHolderPaddingBottom():472 Set finalPaddingBottom = 5 while holderPaddingBottom = 5; navigationHeight = 116
10-23 19:09:46.294  5589  5589 W TooltipLifecycleManager: TooltipLifecycleManager.dismissTooltips():153 Tooltip with id SUGGESTION_VIEW_EDU_MINI_DIALOG not found in tooltipManager.
10-23 19:09:46.340  1870  3647 D BatteryStatsService: noteVideoSurfaceChanged  noteWhich: 49,arg1: -1, arg2: -1, arg3: 5589, arg4: 154359, name: com.google.android.inputmethod.latin
10-23 19:09:46.340  5589  5589 D BLASTBufferQueue: [SurfaceView[InputMethod]#4105](f:0,a:0) destructor()
10-23 19:09:46.340  5589  5589 D BufferQueueConsumer: [SurfaceView[InputMethod]#4105(BLAST Consumer)4105](id:15d500001009,api:0,p:-1,c:5589) disconnect
10-23 19:09:46.341  5589  5589 I KeyboardModeUtils: KeyboardModeUtils.getKeyboardBottomOffset():435 inch: 0.000000 ydpi: 387.429993 adjustKeyboardBottomByDisplaySize: false currentDensityDpi: 440 defaultDensityDpi: 440 keyboardBottomToScreenPx: 0 keyboardBottomToNavBarPx: -116 navBarHeight: 116
10-23 19:09:46.341  5589  5589 I KeyboardHeightUtil: KeyboardHeightUtil.calculateMaxKeyboardBodyHeight():50 leave 267 height for app when ime window height:2171, header height:121 and isFullscreenMode:false, so the max keyboard body height is:1783
10-23 19:09:46.341  5589  5589 I KeyboardHeightUtil: KeyboardHeightUtil.calculateMaxKeyboardBodyHeight():50 leave 267 height for app when ime window height:2171, header height:121 and isFullscreenMode:false, so the max keyboard body height is:1783
10-23 19:09:46.342  5589  5589 I AndroidIME: KeyboardViewManager.updateKeyboardBodyViewHolderPaddingBottom():472 Set finalPaddingBottom = 5 while holderPaddingBottom = 5; navigationHeight = 116
10-23 19:09:46.391  5589  5589 I KeyboardModeUtils: KeyboardModeUtils.getKeyboardBottomOffset():435 inch: 0.000000 ydpi: 387.429993 adjustKeyboardBottomByDisplaySize: false currentDensityDpi: 440 defaultDensityDpi: 440 keyboardBottomToScreenPx: 0 keyboardBottomToNavBarPx: -116 navBarHeight: 116
10-23 19:09:46.392  5589  5589 I KeyboardHeightUtil: KeyboardHeightUtil.calculateMaxKeyboardBodyHeight():50 leave 267 height for app when ime window height:2171, header height:121 and isFullscreenMode:false, so the max keyboard body height is:1783
10-23 19:09:46.392  5589  5589 I KeyboardHeightUtil: KeyboardHeightUtil.calculateMaxKeyboardBodyHeight():50 leave 267 height for app when ime window height:2171, header height:121 and isFullscreenMode:false, so the max keyboard body height is:1783
10-23 19:09:46.392  5589  5589 I AndroidIME: KeyboardViewManager.updateKeyboardBodyViewHolderPaddingBottom():472 Set finalPaddingBottom = 5 while holderPaddingBottom = 5; navigationHeight = 116
10-23 19:09:46.422  5589  5589 I KeyboardViewController: KeyboardViewController.showSelfAndAncestors():636 current view doesn't has the priority com.google.android.libraries.inputmethod.accesspoint.widget.AccessPointsBar{56a78a7 I.E...... .......D 0,0-810,121 #7f0b00a0 app:id/0_resource_name_obfuscated} to show itself, DEFAULT
10-23 19:09:46.427  5589  5589 W TooltipLifecycleManager: TooltipLifecycleManager.dismissTooltips():153 Tooltip with id SUGGESTION_VIEW_EDU_MINI_DIALOG not found in tooltipManager.
10-23 19:09:46.459  5589  5589 I KeyboardModeUtils: KeyboardModeUtils.getKeyboardBottomOffset():435 inch: 0.000000 ydpi: 387.429993 adjustKeyboardBottomByDisplaySize: false currentDensityDpi: 440 defaultDensityDpi: 440 keyboardBottomToScreenPx: 0 keyboardBottomToNavBarPx: -116 navBarHeight: 116
10-23 19:09:46.459  5589  5589 I KeyboardHeightUtil: KeyboardHeightUtil.calculateMaxKeyboardBodyHeight():50 leave 267 height for app when ime window height:2171, header height:121 and isFullscreenMode:false, so the max keyboard body height is:1783
10-23 19:09:46.459  5589  5589 I KeyboardHeightUtil: KeyboardHeightUtil.calculateMaxKeyboardBodyHeight():50 leave 267 height for app when ime window height:2171, header height:121 and isFullscreenMode:false, so the max keyboard body height is:1783
10-23 19:09:46.459  5589  5589 I AndroidIME: KeyboardViewManager.updateKeyboardBodyViewHolderPaddingBottom():472 Set finalPaddingBottom = 5 while holderPaddingBottom = 5; navigationHeight = 116
10-23 19:09:46.474  9275  9342 I FusedLocation: (REDACTED) location delivery to %s blocked - too close
10-23 19:09:46.478  9275  9342 I FusedLocation: (REDACTED) location delivery to %s blocked - too close
10-23 19:09:46.479  9275  9342 I FusedLocation: (REDACTED) location delivery to %s blocked - too close
10-23 19:09:46.479  9275  9342 I FusedLocation: (REDACTED) location delivery to %s blocked - too fast
10-23 19:09:46.479  9275  9342 I FusedLocation: (REDACTED) location delivery to %s blocked - too close
10-23 19:09:46.480  9275  9342 I FusedLocation: (REDACTED) location delivery to %s blocked - too close
10-23 19:09:46.480  9275  9342 I FusedLocation: (REDACTED) location delivery to %s blocked - too fast
10-23 19:09:46.494  3458  3458 V InlineSuggestionRenderService: Releasing inline suggestion view host
10-23 19:09:46.503  3458  3458 D BLASTBufferQueue: [VRI[]#1218](f:0,a:4) destructor()
10-23 19:09:46.504  3458  3458 D BufferQueueConsumer: [VRI[]#1218(BLAST Consumer)1218](id:d82000004c2,api:0,p:-1,c:3458) disconnect
10-23 19:09:46.510  3458  3458 V InlineSuggestionRenderService: Removed the inline suggestion from the cache, current size=0
10-23 19:09:46.581  5589  5589 W TooltipLifecycleManager: TooltipLifecycleManager.dismissTooltips():153 Tooltip with id SUGGESTION_VIEW_EDU_MINI_DIALOG not found in tooltipManager.
10-23 19:09:46.608  5589  5589 I KeyboardModeUtils: KeyboardModeUtils.getKeyboardBottomOffset():435 inch: 0.000000 ydpi: 387.429993 adjustKeyboardBottomByDisplaySize: false currentDensityDpi: 440 defaultDensityDpi: 440 keyboardBottomToScreenPx: 0 keyboardBottomToNavBarPx: -116 navBarHeight: 116
10-23 19:09:46.608  5589  5589 I KeyboardHeightUtil: KeyboardHeightUtil.calculateMaxKeyboardBodyHeight():50 leave 267 height for app when ime window height:2171, header height:121 and isFullscreenMode:false, so the max keyboard body height is:1783
10-23 19:09:46.609  5589  5589 I KeyboardHeightUtil: KeyboardHeightUtil.calculateMaxKeyboardBodyHeight():50 leave 267 height for app when ime window height:2171, header height:121 and isFullscreenMode:false, so the max keyboard body height is:1783
10-23 19:09:46.609  5589  5589 I AndroidIME: KeyboardViewManager.updateKeyboardBodyViewHolderPaddingBottom():472 Set finalPaddingBottom = 5 while holderPaddingBottom = 5; navigationHeight = 116
10-23 19:09:46.876  1870  2929 E AutofillSession: Not starting a new partition on 1073742124@1290064127 because session 1290064127 reached maximum of 10
10-23 19:09:46.882  5589  5589 I GoogleInputMethodService: GoogleInputMethodService.onFinishInputView():1571 onFinishInputView(true)
10-23 19:09:46.882  5589  5589 I GlobeKeyExtension: GlobeKeyExtension.onDeactivate():144 
10-23 19:09:46.882  5589  5589 W TooltipLifecycleManager: TooltipLifecycleManager.dismissTooltips():153 Tooltip with id SUGGESTION_VIEW_EDU_MINI_DIALOG not found in tooltipManager.
10-23 19:09:46.883  5589  5589 I VoiceInputManagerWrapper: VoiceInputManagerWrapper.shutdown():131 shutdown()
10-23 19:09:46.883  5589  5589 W TooltipLifecycleManager: TooltipLifecycleManager.dismissTooltips():153 Tooltip with id spell_check_add_to_dictionary not found in tooltipManager.
10-23 19:09:46.885  5589  5589 I InputBundle: InputBundle.consumeEvent():1032 Skip consuming an event as keyboard status is INACTIVE
10-23 19:09:46.887  5589  5589 I AndroidIME: AbstractIme.onDeactivate():216 LatinIme.onDeactivate()
10-23 19:09:46.890  5589  5589 I GoogleInputMethodService: GoogleInputMethodService.onFinishInput():2085 
10-23 19:09:46.891  5589  5589 I Module  : DeviceLockedStatusModuleProvider$Module.updateDeviceLockedStatus():100 repeatCheckTimes = 0, locked = false
10-23 19:09:46.892  5589  5589 I GoogleInputMethodService: GoogleInputMethodService.onStartInput():1346 onStartInput(EditorInfo{EditorInfo{packageName=com.a1taxi.a1taxicustomer, inputType=4003, inputTypeString=Phone, enableLearning=false, autoCorrection=false, autoComplete=false, imeOptions=4000006, privateImeOptions=null, actionName=DONE, actionLabel=null, initialSelStart=0, initialSelEnd=0, initialCapsMode=2000, label=null, fieldId=2145, fieldName=null, extras=Bundle[mParcelledData.dataSize=404], hintText=non-empty, hintLocales=[]}}, false)
10-23 19:09:46.893  5589  5589 I Module  : DeviceLockedStatusModuleProvider$Module.updateDeviceLockedStatus():100 repeatCheckTimes = 1, locked = false
10-23 19:09:46.893  5589  5589 I HardKeyTracker: HardKeyTracker.unregisterKeySequence():221 Unregister key sequence nfz{labelResId=0, callback=gds@924b1b6, lastModifier=0, keyCodes=[57, 57], actions=[1, 0]}
10-23 19:09:46.893  5589  5589 I HardKeyTracker: HardKeyTracker.unregisterKeySequence():221 Unregister key sequence nfz{labelResId=0, callback=gds@655758d, lastModifier=0, keyCodes=[58, 58], actions=[1, 0]}
10-23 19:09:46.895  5589  5589 I GoogleInputMethodService: GoogleInputMethodService.onStartInputView():1439 onStartInputView(EditorInfo{EditorInfo{packageName=com.a1taxi.a1taxicustomer, inputType=4003, inputTypeString=Phone, enableLearning=false, autoCorrection=false, autoComplete=false, imeOptions=4000006, privateImeOptions=null, actionName=DONE, actionLabel=null, initialSelStart=0, initialSelEnd=0, initialCapsMode=2000, label=null, fieldId=2145, fieldName=null, extras=Bundle[{android.support.text.emoji.emojiCompat_metadataVersion=11, androidx.core.view.inputmethod.EditorInfoCompat.STYLUS_HANDWRITING_ENABLED=true, android.support.text.emoji.emojiCompat_replaceAll=false}], hintText=non-empty, hintLocales=[]}}, false)
10-23 19:09:46.895  5589  5589 I KeyboardHeightUtil: KeyboardHeightUtil.getOemKeyboardHeightRatio():108 systemKeyboardHeightRatio:1.000000.
10-23 19:09:46.896  5589  5589 I AndroidIME: InputBundleManager.loadActiveInputBundleId():528 loadActiveInputBundleId: und-Latn-x-phone-number, phone_number
10-23 19:09:46.896  5589  5589 I KeyboardWrapper: KeyboardWrapper.activateKeyboard():581 activateKeyboard(): type=prime, status=INACTIVE, imeDef=mkk{stringId=phone_number, language=und-Latn-x-phone-number, languageTag=und-Latn-x-phone-number, processedConditions={}, className=com.google.android.libraries.inputmethod.ime.DummyIme, label=2132019312, keyEventInterpreter=null, inlineComposing=true, autoCapital=false, announceAutoSelectedCandidate=false, statusIcon=0, indicatorIcon=0, indicatorLabel=null, displayAppCompletions=false, extraValues=mkd{}, processors=mmb@7d3d911, unacceptableMetaKeys=4098, languageSpecificSettings=0, asciiCapable=false, alwaysShowSuggestions=false, useAsciiPasswordKeyboard=false, keyboardGroupDef=mlk@ee31802, phenotypeFlagId=0, localizationLanguageTag=null, supportsInlineSuggestion=false}
10-23 19:09:46.896  5589  5589 I KeyboardManager: KeyboardManager.requestKeyboard():248 Creating keyboard prime, imeId=phone_number, cacheKey=theme,!gsf,!pgsans,!pgsf,!use_system_font,BORDER,FLAVOR_DPI=XXHDPI,GOOGLE_ICONS,KEYBOARD_WIDTH_CATEGORY=NORMAL,KEY_BORDER_SHAPE=1,LIGHT_THEME=false,PHYSICAL_DIAGONAL=5.748144,POPUP,SCREEN_SHORTEST_WIDTH=393,SCREEN_SHORTEST_WIDTH_NO_SCALE=393,XXHDPI,bottom4dp,enable_emoji_kitchen_browse_color_v2=true,enable_google_fonts_icons=true,enable_popup_on_keypress=true,keyboard_redesign_google_sans=true,non_linear_scale,noshadow,overlay_builtin_dynamic_color_dark_base.binarypb:gm3-dark-ff131313-ffffffff-4d9204e36e3ccb6a165e3e3dbe763ce0,roundedchip,silkpopup
10-23 19:09:46.897  5589  5589 I KeyboardWrapper: KeyboardWrapper.onKeyboardReady():224 onKeyboardReady(): type=prime(prime), kb=com.google.android.apps.inputmethod.latin.keyboard.LatinDialKeyboard@4661c16
10-23 19:09:46.897  5589  5589 I KeyboardWrapper: KeyboardWrapper.doActivateKeyboard():611 doActivateKeyboard(): prime
10-23 19:09:46.897  5589  6019 I OnDeviceWmrCalculator: OnDeviceWmrCalculator.calculateWmr():94 WMR: 0.0000 (0 / 1)
10-23 19:09:46.913  5589  5589 I KeyboardViewHelper: KeyboardViewHelper.getView():180 Get view with height ratio:1.000000
10-23 19:09:46.951  5589  5589 I KeyboardHeightUtil: KeyboardHeightUtil.calculateMaxKeyboardBodyHeight():50 leave 267 height for app when ime window height:2171, header height:121 and isFullscreenMode:false, so the max keyboard body height is:1783
10-23 19:09:46.951  5589  5589 W TooltipLifecycleManager: TooltipLifecycleManager.dismissTooltips():153 Tooltip with id undo_access_point_promotion_banner not found in tooltipManager.
10-23 19:09:46.952  5589  5589 I KeyboardModeUtils: KeyboardModeUtils.getKeyboardBottomOffset():435 inch: 0.000000 ydpi: 387.429993 adjustKeyboardBottomByDisplaySize: false currentDensityDpi: 440 defaultDensityDpi: 440 keyboardBottomToScreenPx: 0 keyboardBottomToNavBarPx: -116 navBarHeight: 116
10-23 19:09:46.952  5589  5589 I KeyboardHeightUtil: KeyboardHeightUtil.calculateMaxKeyboardBodyHeight():50 leave 267 height for app when ime window height:2171, header height:121 and isFullscreenMode:false, so the max keyboard body height is:1783
10-23 19:09:46.952  5589  5589 I KeyboardHeightUtil: KeyboardHeightUtil.calculateMaxKeyboardBodyHeight():50 leave 267 height for app when ime window height:2171, header height:121 and isFullscreenMode:false, so the max keyboard body height is:1783
10-23 19:09:46.952  5589  5589 I AndroidIME: KeyboardViewManager.updateKeyboardBodyViewHolderPaddingBottom():472 Set finalPaddingBottom = 5 while holderPaddingBottom = 5; navigationHeight = 116
10-23 19:09:46.952  5589  5589 I KeyboardHeightUtil: KeyboardHeightUtil.calculateMaxKeyboardBodyHeight():50 leave 267 height for app when ime window height:2171, header height:121 and isFullscreenMode:false, so the max keyboard body height is:1783
10-23 19:09:46.952  5589  5589 I KeyboardHeightUtil: KeyboardHeightUtil.calculateMaxKeyboardBodyHeight():50 leave 267 height for app when ime window height:2171, header height:121 and isFullscreenMode:false, so the max keyboard body height is:1783
10-23 19:09:46.953  5589  5589 I KeyboardModeUtils: KeyboardModeUtils.getKeyboardBottomOffset():435 inch: 0.000000 ydpi: 387.429993 adjustKeyboardBottomByDisplaySize: false currentDensityDpi: 440 defaultDensityDpi: 440 keyboardBottomToScreenPx: 0 keyboardBottomToNavBarPx: -116 navBarHeight: 116
10-23 19:09:46.953  5589  5589 I KeyboardHeightUtil: KeyboardHeightUtil.calculateMaxKeyboardBodyHeight():50 leave 267 height for app when ime window height:2171, header height:121 and isFullscreenMode:false, so the max keyboard body height is:1783
10-23 19:09:46.953  5589  5589 I KeyboardHeightUtil: KeyboardHeightUtil.calculateMaxKeyboardBodyHeight():50 leave 267 height for app when ime window height:2171, header height:121 and isFullscreenMode:false, so the max keyboard body height is:1783
10-23 19:09:46.953  5589  5589 I AndroidIME: KeyboardViewManager.updateKeyboardBodyViewHolderPaddingBottom():472 Set finalPaddingBottom = 5 while holderPaddingBottom = 5; navigationHeight = 116
10-23 19:09:46.953  5589  5589 I KeyboardHeightUtil: KeyboardHeightUtil.calculateMaxKeyboardBodyHeight():50 leave 267 height for app when ime window height:2171, header height:121 and isFullscreenMode:false, so the max keyboard body height is:1783
10-23 19:09:46.953  5589  5589 I KeyboardHeightUtil: KeyboardHeightUtil.calculateMaxKeyboardBodyHeight():50 leave 267 height for app when ime window height:2171, header height:121 and isFullscreenMode:false, so the max keyboard body height is:1783
10-23 19:09:46.954  5589  5589 I GlobeKeyExtension: GlobeKeyExtension.getKeyboardInitialStates():175 
10-23 19:09:46.955  5589  5589 W Keyboard: Keyboard.getKeyboardViewHelper():609 null helper is returned: keyboardDef=mle{processedConditions={enable_access_points_in_password_number=true, enable_correction_settings_updates=true, layout_9key_split=false, language=en-US, deprecate_long_press_space_for_ime_picker=false, show_suggestion_strip=true, device=phone, expressions=normal}, globalConditions={global_theme_key=theme,!gsf,!pgsans,!pgsf,!use_system_font,BORDER,FLAVOR_DPI=XXHDPI,GOOGLE_ICONS,KEYBOARD_WIDTH_CATEGORY=NORMAL,KEY_BORDER_SHAPE=1,LIGHT_THEME=false,PHYSICAL_DIAGONAL=5.748144,POPUP,SCREEN_SHORTEST_WIDTH=393,SCREEN_SHORTEST_WIDTH_NO_SCALE=393,XXHDPI,bottom4dp,enable_emoji_kitchen_browse_color_v2=true,enable_google_fonts_icons=true,enable_popup_on_keypress=true,keyboard_redesign_google_sans=true,non_linear_scale,noshadow,overlay_builtin_dynamic_color_dark_base.binarypb:gm3-dark-ff131313-ffffffff-4d9204e36e3ccb6a165e3e3dbe763ce0,roundedchip,silkpopup, global_locale=en_US, global_density_dpi=440, global_orientation=1}, className=.latin.keyboard.LatinDialKeyboard, resourceIds=[#0x7f170885], initialStates=0, keyboardViewDefs=[mls{direction=LOCALE, id=#0x7f0b0224, isScalable=false, layoutId=#0x7f0e0500, type=HEADER, touchable=true, defaultShow=true}, mls{direction=null, id=#0x7f0b0224, isScalable=true, layoutId=#0x7f0e0556, type=BODY, touchable=true, defaultShow=true}], persistentStates=0, persistentStatesPrefKey=null, popupBubbleLayoutId=#0x7f0e05f1, recentKeyLayoutId=0, recentKeyPopupLayoutId=0, recentKeyType=null, rememberRecentKey=NONE, sessionStates=0}, type=FLOATING_CANDIDATES, helpersCreated=[lxm@68a0fc, lxm@c818385, null, null], context.getResources().getConfiguration(): {1.0 405mcc869mnc [en_US] ldltr sw393dp w393dp h790dp 440dpi nrml long port night finger -keyb/v/h -nav/h winConfig={ mBounds=Rect(0, 0 - 1080, 2392) mAppBounds=Rect(0, 103 - 1080, 2276) mMaxBounds=Rect(0, 0 - 1080, 2392) mDisplayRotation=ROTATION_0 mWindowingMode=fullscreen mActivityType=undefined mAlwaysOnTop=undefined mRotation=ROTATION_0 isEmbedding:false} s.5420 fontWeightAdjustment=0 themeId=2 themeParameter=0 nightModeLevel = -1 typefaceChanged=0.0 ?spacesystem eaMode=1}
10-23 19:09:46.955  5589  5589 W Keyboard: Keyboard.getKeyboardViewHelper():609 null helper is returned: keyboardDef=mle{processedConditions={enable_access_points_in_password_number=true, enable_correction_settings_updates=true, layout_9key_split=false, language=en-US, deprecate_long_press_space_for_ime_picker=false, show_suggestion_strip=true, device=phone, expressions=normal}, globalConditions={global_theme_key=theme,!gsf,!pgsans,!pgsf,!use_system_font,BORDER,FLAVOR_DPI=XXHDPI,GOOGLE_ICONS,KEYBOARD_WIDTH_CATEGORY=NORMAL,KEY_BORDER_SHAPE=1,LIGHT_THEME=false,PHYSICAL_DIAGONAL=5.748144,POPUP,SCREEN_SHORTEST_WIDTH=393,SCREEN_SHORTEST_WIDTH_NO_SCALE=393,XXHDPI,bottom4dp,enable_emoji_kitchen_browse_color_v2=true,enable_google_fonts_icons=true,enable_popup_on_keypress=true,keyboard_redesign_google_sans=true,non_linear_scale,noshadow,overlay_builtin_dynamic_color_dark_base.binarypb:gm3-dark-ff131313-ffffffff-4d9204e36e3ccb6a165e3e3dbe763ce0,roundedchip,silkpopup, global_locale=en_US, global_density_dpi=440, global_orientation=1}, className=.latin.keyboard.LatinDialKeyboard, resourceIds=[#0x7f170885], initialStates=0, keyboardViewDefs=[mls{direction=LOCALE, id=#0x7f0b0224, isScalable=false, layoutId=#0x7f0e0500, type=HEADER, touchable=true, defaultShow=true}, mls{direction=null, id=#0x7f0b0224, isScalable=true, layoutId=#0x7f0e0556, type=BODY, touchable=true, defaultShow=true}], persistentStates=0, persistentStatesPrefKey=null, popupBubbleLayoutId=#0x7f0e05f1, recentKeyLayoutId=0, recentKeyPopupLayoutId=0, recentKeyType=null, rememberRecentKey=NONE, sessionStates=0}, type=WIDGET, helpersCreated=[lxm@68a0fc, lxm@c818385, null, null], context.getResources().getConfiguration(): {1.0 405mcc869mnc [en_US] ldltr sw393dp w393dp h790dp 440dpi nrml long port night finger -keyb/v/h -nav/h winConfig={ mBounds=Rect(0, 0 - 1080, 2392) mAppBounds=Rect(0, 103 - 1080, 2276) mMaxBounds=Rect(0, 0 - 1080, 2392) mDisplayRotation=ROTATION_0 mWindowingMode=fullscreen mActivityType=undefined mAlwaysOnTop=undefined mRotation=ROTATION_0 isEmbedding:false} s.5420 fontWeightAdjustment=0 themeId=2 themeParameter=0 nightModeLevel = -1 typefaceChanged=0.0 ?spacesystem eaMode=1}
10-23 19:09:46.955  5589  5589 I AndroidIME: InputBundleManager.startInput():358 startInput() with mlo[keyboardType=prime, payload=null]
10-23 19:09:46.955  5589  5589 I GlobeKeyExtension: GlobeKeyExtension.onActivate():120 
10-23 19:09:46.957  5589  5589 I LanguagePromoExtension: LanguagePromoExtension.checkDisplayPreconditions():174 Not show language promo: exceeds the max display times.
10-23 19:09:46.957  5589  5589 I NewLanguagePromptExtension: NewLanguagePromptExtension.onActivate():189 Not activated NewLanguagePromptExtension: not a normal text input box.
10-23 19:09:46.958  5589  5589 I HardKeyTracker: HardKeyTracker.unregisterKeySequence():221 Unregister key sequence nfz{labelResId=2132020497, callback=cgp@9276e9d, lastModifier=2, keyCodes=[56], actions=[0]}
10-23 19:09:46.958  5589  5589 I HardKeyTracker: HardKeyTracker.unregisterKeySequence():221 Unregister key sequence nfz{labelResId=2132020497, callback=cgp@7c9a8e0, lastModifier=0, keyCodes=[317], actions=[0]}
10-23 19:09:46.958  5589  5589 I HardKeyTracker: HardKeyTracker.registerKeySequence():170 Register key sequence nfz{labelResId=2132020497, callback=cgp@c3b461, lastModifier=2, keyCodes=[56], actions=[0]}
10-23 19:09:46.958  5589  5589 I HardKeyTracker: HardKeyTracker.registerKeySequence():170 Register key sequence nfz{labelResId=2132020497, callback=cgp@d36ec74, lastModifier=0, keyCodes=[317], actions=[0]}
10-23 19:09:46.958  5589  5589 I VoiceInputManagerWrapper: VoiceInputManagerWrapper.cancelShutdown():109 cancelShutdown()
10-23 19:09:46.958  5589  5589 I VoiceInputManagerWrapper: VoiceInputManagerWrapper.syncLanguagePacks():121 syncLanguagePacks()
10-23 19:09:46.958  5589  5589 I VoiceInputManager: VoiceInputManager.onKeyboardActivated():1173 onKeyboardActivated() [UD]
10-23 19:09:46.958  5589  5589 I PkModeUpdater: PkModeUpdater.onActivate():74 onActivate false true
10-23 19:09:46.958  5589  5589 I AccessoryInputModeManager: AccessoryInputModeManager.onModeStarted():318 Accessory input mode started: null
10-23 19:09:46.958  5589  6558 I SpeechFactory: SpeechRecognitionFactory.maybeScheduleAutoPackDownloadForFallback():217 maybeScheduleAutoPackDownloadForFallback()
10-23 19:09:46.958  5589  5589 W SupplementaryKeyboardsWrapper: SupplementaryKeyboardsWrapper.deactivateKeyboard():161 keyboard accessory_candidates_consumer is not activated before!
10-23 19:09:46.959  5589  6558 I FallbackOnDeviceRecognitionProvider: FallbackOnDeviceRecognitionProvider.maybeScheduleAutoPackDownload():205 maybeScheduleAutoPackDownload() for language tag en-US
10-23 19:09:46.959  5589  5589 I KeyboardModeUtils: KeyboardModeUtils.getKeyboardBottomOffset():435 inch: 0.000000 ydpi: 387.429993 adjustKeyboardBottomByDisplaySize: false currentDensityDpi: 440 defaultDensityDpi: 440 keyboardBottomToScreenPx: 0 keyboardBottomToNavBarPx: -116 navBarHeight: 116
10-23 19:09:46.959  5589  5589 I KeyboardHeightUtil: KeyboardHeightUtil.calculateMaxKeyboardBodyHeight():50 leave 267 height for app when ime window height:2171, header height:121 and isFullscreenMode:false, so the max keyboard body height is:1783
10-23 19:09:46.959  5589  5589 I KeyboardHeightUtil: KeyboardHeightUtil.calculateMaxKeyboardBodyHeight():50 leave 267 height for app when ime window height:2171, header height:121 and isFullscreenMode:false, so the max keyboard body height is:1783
10-23 19:09:46.959  5589  5589 I AndroidIME: KeyboardViewManager.updateKeyboardBodyViewHolderPaddingBottom():472 Set finalPaddingBottom = 5 while holderPaddingBottom = 5; navigationHeight = 116
10-23 19:09:46.959  5589  5589 I KeyboardHeightUtil: KeyboardHeightUtil.calculateMaxKeyboardBodyHeight():50 leave 267 height for app when ime window height:2171, header height:121 and isFullscreenMode:false, so the max keyboard body height is:1783
10-23 19:09:46.959  5589  5589 I KeyboardHeightUtil: KeyboardHeightUtil.calculateMaxKeyboardBodyHeight():50 leave 267 height for app when ime window height:2171, header height:121 and isFullscreenMode:false, so the max keyboard body height is:1783
10-23 19:09:46.959  5589  5589 W ExtensionWrapper: ExtensionWrapper.setExtensionViewVisibility():811 interface mas is not activate
10-23 19:09:46.961  5589  5589 I Module  : DeviceLockedStatusModuleProvider$Module.updateDeviceLockedStatus():100 repeatCheckTimes = 1, locked = false
10-23 19:09:46.961  5589  5589 I HardKeyTracker: HardKeyTracker.unregisterKeySequence():221 Unregister key sequence nfz{labelResId=2132020501, callback=cgp@a9e973b, lastModifier=2, keyCodes=[48], actions=[0]}
10-23 19:09:46.961  5589  5589 I HardKeyTracker: HardKeyTracker.registerKeySequence():170 Register key sequence nfz{labelResId=2132020501, callback=cgp@54f560c, lastModifier=2, keyCodes=[48], actions=[0]}
10-23 19:09:46.961  5589  5589 I HardKeyTracker: HardKeyTracker.unregisterKeySequence():221 Unregister key sequence nfz{labelResId=2132020501, callback=cgp@37941ed, lastModifier=2, keyCodes=[48], actions=[0]}
10-23 19:09:46.962  5589  5589 I HardKeyTracker: HardKeyTracker.registerKeySequence():170 Register key sequence nfz{labelResId=2132020501, callback=cgp@35177d1, lastModifier=2, keyCodes=[48], actions=[0]}
10-23 19:09:46.963  5589  5589 I HardKeyTracker: HardKeyTracker.unregisterKeySequence():221 Unregister key sequence nfz{labelResId=2132020497, callback=cgp@cc5c1a5, lastModifier=2, keyCodes=[56], actions=[0]}
10-23 19:09:46.963  5589  5589 I HardKeyTracker: HardKeyTracker.unregisterKeySequence():221 Unregister key sequence nfz{labelResId=2132020497, callback=cgp@69c3d88, lastModifier=0, keyCodes=[317], actions=[0]}
10-23 19:09:46.963  5589  5589 I HardKeyTracker: HardKeyTracker.registerKeySequence():170 Register key sequence nfz{labelResId=2132020497, callback=cgp@2627d10, lastModifier=2, keyCodes=[56], actions=[0]}
10-23 19:09:46.963  5589  5589 I HardKeyTracker: HardKeyTracker.registerKeySequence():170 Register key sequence nfz{labelResId=2132020497, callback=cgp@b4e542f, lastModifier=0, keyCodes=[317], actions=[0]}
10-23 19:09:46.963  5589  5589 I HardKeyTracker: HardKeyTracker.unregisterKeySequence():221 Unregister key sequence nfz{labelResId=2132020502, callback=cgp@cbb805d, lastModifier=2, keyCodes=[32], actions=[0]}
10-23 19:09:46.964  5589  5589 I HardKeyTracker: HardKeyTracker.registerKeySequence():170 Register key sequence nfz{labelResId=2132020502, callback=cgp@d90de28, lastModifier=2, keyCodes=[32], actions=[0]}
10-23 19:09:46.965  5589  5589 I HardKeyTracker: HardKeyTracker.unregisterKeySequence():221 Unregister key sequence nfz{labelResId=2132020502, callback=cgp@39e18b8, lastModifier=2, keyCodes=[32], actions=[0]}
10-23 19:09:46.965  5589  5589 I HardKeyTracker: HardKeyTracker.registerKeySequence():170 Register key sequence nfz{labelResId=2132020502, callback=cgp@6194835, lastModifier=2, keyCodes=[32], actions=[0]}
10-23 19:09:46.965  5589  5589 I StylusModule: StylusModule.onUpdateToolType():800 Update tool type = 1
10-23 19:09:46.966  5589  5589 I StylusModule: StylusModule.onUpdateToolType():800 Update tool type = 1
10-23 19:09:46.973  5589  5589 I KeyboardModeUtils: KeyboardModeUtils.getKeyboardBottomOffset():435 inch: 0.000000 ydpi: 387.429993 adjustKeyboardBottomByDisplaySize: false currentDensityDpi: 440 defaultDensityDpi: 440 keyboardBottomToScreenPx: 0 keyboardBottomToNavBarPx: -116 navBarHeight: 116
10-23 19:09:46.973  5589  5589 I KeyboardHeightUtil: KeyboardHeightUtil.calculateMaxKeyboardBodyHeight():50 leave 267 height for app when ime window height:2171, header height:121 and isFullscreenMode:false, so the max keyboard body height is:1783
10-23 19:09:46.973  5589  5589 I KeyboardHeightUtil: KeyboardHeightUtil.calculateMaxKeyboardBodyHeight():50 leave 267 height for app when ime window height:2171, header height:121 and isFullscreenMode:false, so the max keyboard body height is:1783
10-23 19:09:46.973  5589  5589 I AndroidIME: KeyboardViewManager.updateKeyboardBodyViewHolderPaddingBottom():472 Set finalPaddingBottom = 5 while holderPaddingBottom = 5; navigationHeight = 116
10-23 19:09:46.973  5589  5589 I WindowMetricsNotification: WindowMetricsNotification.notifyWithWindow():166 
10-23 19:09:46.973  5589  5589 I WindowMetricsNotification: WindowMetricsNotification.notify():159 pfu[bounds=Rect(0, 105 - 1080, 2392), insets=Rect(0, 0 - 0, 116), densityDpi=440, smallestScreenWidthDp=393, displayWidth=1080, displayHeight=2392, xdpi=387.43, ydpi=387.43, isTrustable=true, displayId=0]; DisplayMetrics{density=2.75, width=1080, height=2392, scaledDensity=2.75, xdpi=387.43, ydpi=387.43}
10-23 19:09:46.980  5589  5589 I StylusModule: StylusModule.onUpdateToolType():800 Update tool type = 1
10-23 19:09:46.982  5589  5589 I GoogleInputMethodService: GoogleInputMethodService$1.onKeyboardViewShown():325 onKeyboardViewShown: keyboardType=prime, keyboardViewType=HEADER keyboardView=com.google.android.libraries.inputmethod.widgets.SoftKeyboardView{3421e50 V.E...... ........ 0,0-1080,121}
10-23 19:09:46.982  5589  5589 I KeyboardHeightUtil: KeyboardHeightUtil.calculateMaxKeyboardBodyHeight():50 leave 267 height for app when ime window height:2171, header height:121 and isFullscreenMode:false, so the max keyboard body height is:1783
10-23 19:09:46.985  5589  5589 I GoogleInputMethodService: GoogleInputMethodService$1.onKeyboardViewShown():325 onKeyboardViewShown: keyboardType=prime, keyboardViewType=BODY keyboardView=com.google.android.libraries.inputmethod.widgets.SoftKeyboardView{5cf1609 V.E...... ........ 0,0-1080,580}
10-23 19:09:46.985  5589  5589 I KeyboardHeightUtil: KeyboardHeightUtil.calculateMaxKeyboardBodyHeight():50 leave 267 height for app when ime window height:2171, header height:121 and isFullscreenMode:false, so the max keyboard body height is:1783
10-23 19:09:46.985  5589  5589 I GlobeKeyExtension: GlobeKeyExtension$1.onKeyboardViewShown():72 maybeDisableLanguageSwitchKeyPref when the keyboard is shown
10-23 19:09:46.985  5589  5589 I GlobeKeyExtension: GlobeKeyExtension.maybeDisableLanguageSwitchKeyPref():200 maybeDisableLanguageSwitchKeyPref hasGlobeKeyBeenDisabled: false, shouldDisableLanguageSwitchKey: false
10-23 19:09:46.984  3458  3458 V InlinePresentationRendererServiceImpl: onRenderSuggestion: width=-2, height=-2
10-23 19:09:46.985  5589  5589 I NewLanguagePromptExtension: NewLanguagePromptExtension$1.onKeyboardViewShown():88 Not show new language banner: not prime keyboard, or the extension not activated.
10-23 19:09:46.988  3458  3458 V InlineSuggestionRenderService: width=-2, height=-2, measuredSize=476x121
10-23 19:09:46.992  5589  5589 I KeyboardModeUtils: KeyboardModeUtils.getKeyboardBottomOffset():435 inch: 0.000000 ydpi: 387.429993 adjustKeyboardBottomByDisplaySize: false currentDensityDpi: 440 defaultDensityDpi: 440 keyboardBottomToScreenPx: 0 keyboardBottomToNavBarPx: -116 navBarHeight: 116
10-23 19:09:46.992  5589  5589 I KeyboardHeightUtil: KeyboardHeightUtil.calculateMaxKeyboardBodyHeight():50 leave 267 height for app when ime window height:2171, header height:121 and isFullscreenMode:false, so the max keyboard body height is:1783
10-23 19:09:46.992  5589  5589 I KeyboardHeightUtil: KeyboardHeightUtil.calculateMaxKeyboardBodyHeight():50 leave 267 height for app when ime window height:2171, header height:121 and isFullscreenMode:false, so the max keyboard body height is:1783
10-23 19:09:46.992  5589  5589 I AndroidIME: KeyboardViewManager.updateKeyboardBodyViewHolderPaddingBottom():472 Set finalPaddingBottom = 5 while holderPaddingBottom = 5; navigationHeight = 116
10-23 19:09:46.999  3458  3458 V InlinePresentationRendererServiceImpl: onRenderSuggestion: width=-2, height=-2
10-23 19:09:47.000  3458  3458 V InlineSuggestionRenderService: width=-2, height=-2, measuredSize=472x121
10-23 19:09:47.013  1870  1976 D AutofillSession: onShown(): 2, 1
10-23 19:09:47.015  3458  3458 D ViewRootImpl: AppSizeAfterRelayout, size: Point(476, 121), rotation: ROTATION_0
10-23 19:09:47.015  3458  3458 D BufferQueueConsumer: [](id:d82000004c3,api:0,p:-1,c:3458) connect: controlledByApp=false
10-23 19:09:47.015  3458  3458 D BLASTBufferQueue: [VRI[]#1219](f:0,a:0) constructor()
10-23 19:09:47.015  3458  3458 D BLASTBufferQueue: [VRI[]#1219](f:0,a:0) update width=476 height=121 format=-2 mTransformHint=0
10-23 19:09:47.019  3458  3458 D ViewRootImpl: AppSizeAfterRelayout, size: Point(472, 121), rotation: ROTATION_0
10-23 19:09:47.020  3458 31463 D BLASTBufferQueue: [VRI[]#1219](f:0,a:1) acquireNextBufferLocked size=476x121 mFrameNumber=1 applyTransaction=true mTimestamp=830654350099202(auto) mPendingTransactions.size=0 graphicBufferId=14851996918101 transform=0
10-23 19:09:47.020  3458  3458 D BufferQueueConsumer: [](id:d82000004c4,api:0,p:-1,c:3458) connect: controlledByApp=false
10-23 19:09:47.020  3458  3458 D BLASTBufferQueue: [VRI[]#1220](f:0,a:0) constructor()
10-23 19:09:47.020  3458  3458 D BLASTBufferQueue: [VRI[]#1220](f:0,a:0) update width=472 height=121 format=-2 mTransformHint=0
10-23 19:09:47.024  3458 31463 D BLASTBufferQueue: [VRI[]#1220](f:0,a:1) acquireNextBufferLocked size=472x121 mFrameNumber=1 applyTransaction=true mTimestamp=830654353882509(auto) mPendingTransactions.size=0 graphicBufferId=14851996918108 transform=0
10-23 19:09:47.028  5589  5589 I ProactiveSuggestionsHolderManager: ProactiveSuggestionsHolderManager$2.display():195 Requesting to show proactive suggestions: AUTO_FILL PREEMPTIVE_WITH_SUPPRESSION
10-23 19:09:47.031  5589  5589 D BufferQueueConsumer: [](id:15d50000100b,api:0,p:-1,c:5589) connect: controlledByApp=false
10-23 19:09:47.031  5589  5589 D BLASTBufferQueue: [SurfaceView[InputMethod]#4107](f:0,a:0) constructor()
10-23 19:09:47.032  5589  5589 D BLASTBufferQueue: [SurfaceView[InputMethod]#4107](f:0,a:0) update width=770 height=121 format=-2 mTransformHint=0
10-23 19:09:47.033  1870  2894 D BatteryStatsService: noteVideoSurfaceChanged  noteWhich: 49,arg1: 770, arg2: 121, arg3: 5589, arg4: 155037, name: com.google.android.inputmethod.latin
10-23 19:09:47.034  5589  5589 I ProactiveSuggestionsHolderManager: ProactiveSuggestionsHolderManager$Holder.setSuggestionsAndShow():898 succeed to show proactive suggestions AUTO_FILL PREEMPTIVE_WITH_SUPPRESSION
10-23 19:09:47.043  5589  5589 I KeyboardModeUtils: KeyboardModeUtils.getKeyboardBottomOffset():435 inch: 0.000000 ydpi: 387.429993 adjustKeyboardBottomByDisplaySize: false currentDensityDpi: 440 defaultDensityDpi: 440 keyboardBottomToScreenPx: 0 keyboardBottomToNavBarPx: -116 navBarHeight: 116
10-23 19:09:47.043  5589  5589 I KeyboardHeightUtil: KeyboardHeightUtil.calculateMaxKeyboardBodyHeight():50 leave 267 height for app when ime window height:2171, header height:121 and isFullscreenMode:false, so the max keyboard body height is:1783
10-23 19:09:47.044  5589  5589 I KeyboardHeightUtil: KeyboardHeightUtil.calculateMaxKeyboardBodyHeight():50 leave 267 height for app when ime window height:2171, header height:121 and isFullscreenMode:false, so the max keyboard body height is:1783
10-23 19:09:47.044  5589  5589 I AndroidIME: KeyboardViewManager.updateKeyboardBodyViewHolderPaddingBottom():472 Set finalPaddingBottom = 5 while holderPaddingBottom = 5; navigationHeight = 116
10-23 19:09:47.047  5589  5589 D BufferQueueConsumer: [](id:15d50000100c,api:0,p:-1,c:5589) connect: controlledByApp=false
10-23 19:09:47.047  5589  5589 D BLASTBufferQueue: [SurfaceView[InputMethod]#4108](f:0,a:0) constructor()
10-23 19:09:47.047  5589  5589 D BLASTBufferQueue: [SurfaceView[InputMethod]#4108](f:0,a:0) update width=476 height=121 format=-2 mTransformHint=0
10-23 19:09:47.050  1870  2895 D BatteryStatsService: noteVideoSurfaceChanged  noteWhich: 49,arg1: 476, arg2: 121, arg3: 5589, arg4: 155928, name: com.google.android.inputmethod.latin
10-23 19:09:47.054  5589  5657 D BLASTBufferQueue: [SurfaceView[InputMethod]#4108](f:0,a:1) acquireNextBufferLocked size=476x121 mFrameNumber=1 applyTransaction=true mTimestamp=830654383663817(auto) mPendingTransactions.size=0 graphicBufferId=24004572229508 transform=0
10-23 19:09:47.055  5589  5589 D BufferQueueConsumer: [](id:15d50000100d,api:0,p:-1,c:5589) connect: controlledByApp=false
10-23 19:09:47.055  5589  5589 D BLASTBufferQueue: [SurfaceView[InputMethod]#4109](f:0,a:0) constructor()
10-23 19:09:47.055  5589  5589 D BLASTBufferQueue: [SurfaceView[InputMethod]#4109](f:0,a:0) update width=472 height=121 format=-2 mTransformHint=0
10-23 19:09:47.059  1870  2894 D BatteryStatsService: noteVideoSurfaceChanged  noteWhich: 49,arg1: 472, arg2: 121, arg3: 5589, arg4: 155930, name: com.google.android.inputmethod.latin
10-23 19:09:47.062  5589  5657 D BLASTBufferQueue: [SurfaceView[InputMethod]#4109](f:0,a:1) acquireNextBufferLocked size=472x121 mFrameNumber=1 applyTransaction=true mTimestamp=830654392210509(auto) mPendingTransactions.size=0 graphicBufferId=24004572229509 transform=0
10-23 19:09:47.063  1870  2894 D BatteryStatsService: noteVideoSurfaceChanged  noteWhich: 49,arg1: 238, arg2: 13, arg3: 5589, arg4: 155928, name: com.google.android.inputmethod.latin
10-23 19:09:47.064  1870  2894 D BatteryStatsService: noteVideoSurfaceChanged  noteWhich: 49,arg1: 236, arg2: 13, arg3: 5589, arg4: 155930, name: com.google.android.inputmethod.latin
10-23 19:09:47.064  1870  2894 D BatteryStatsService: noteVideoSurfaceChanged  noteWhich: 49,arg1: 770, arg2: 121, arg3: 5589, arg4: 155037, name: com.google.android.inputmethod.latin
10-23 19:09:47.069  1870  2894 D BatteryStatsService: noteVideoSurfaceChanged  noteWhich: 49,arg1: 290, arg2: 37, arg3: 5589, arg4: 155928, name: com.google.android.inputmethod.latin
10-23 19:09:47.077  1870  2894 D BatteryStatsService: noteVideoSurfaceChanged  noteWhich: 49,arg1: 334, arg2: 57, arg3: 5589, arg4: 155928, name: com.google.android.inputmethod.latin
10-23 19:09:47.095  1870  2894 D BatteryStatsService: noteVideoSurfaceChanged  noteWhich: 49,arg1: 372, arg2: 73, arg3: 5589, arg4: 155928, name: com.google.android.inputmethod.latin
10-23 19:09:47.111  1870  2895 D BatteryStatsService: noteVideoSurfaceChanged  noteWhich: 49,arg1: 404, arg2: 89, arg3: 5589, arg4: 155928, name: com.google.android.inputmethod.latin
10-23 19:09:47.112  1870  2895 D BatteryStatsService: noteVideoSurfaceChanged  noteWhich: 49,arg1: 288, arg2: 37, arg3: 5589, arg4: 155930, name: com.google.android.inputmethod.latin
10-23 19:09:47.129  1870  3343 D BatteryStatsService: noteVideoSurfaceChanged  noteWhich: 49,arg1: 430, arg2: 101, arg3: 5589, arg4: 155928, name: com.google.android.inputmethod.latin
10-23 19:09:47.130  1870  3343 D BatteryStatsService: noteVideoSurfaceChanged  noteWhich: 49,arg1: 332, arg2: 57, arg3: 5589, arg4: 155930, name: com.google.android.inputmethod.latin
10-23 19:09:47.146  1870  3343 D BatteryStatsService: noteVideoSurfaceChanged  noteWhich: 49,arg1: 450, arg2: 109, arg3: 5589, arg4: 155928, name: com.google.android.inputmethod.latin
10-23 19:09:47.147  1870  3343 D BatteryStatsService: noteVideoSurfaceChanged  noteWhich: 49,arg1: 368, arg2: 73, arg3: 5589, arg4: 155930, name: com.google.android.inputmethod.latin
10-23 19:09:47.163  1870  3343 D BatteryStatsService: noteVideoSurfaceChanged  noteWhich: 49,arg1: 466, arg2: 117, arg3: 5589, arg4: 155928, name: com.google.android.inputmethod.latin
10-23 19:09:47.164  1870  3343 D BatteryStatsService: noteVideoSurfaceChanged  noteWhich: 49,arg1: 400, arg2: 89, arg3: 5589, arg4: 155930, name: com.google.android.inputmethod.latin
10-23 19:09:47.180  1870  3343 D BatteryStatsService: noteVideoSurfaceChanged  noteWhich: 49,arg1: 474, arg2: 121, arg3: 5589, arg4: 155928, name: com.google.android.inputmethod.latin
10-23 19:09:47.181  1870  3343 D BatteryStatsService: noteVideoSurfaceChanged  noteWhich: 49,arg1: 428, arg2: 101, arg3: 5589, arg4: 155930, name: com.google.android.inputmethod.latin
10-23 19:09:47.197  1870  2895 D BatteryStatsService: noteVideoSurfaceChanged  noteWhich: 49,arg1: 476, arg2: 121, arg3: 5589, arg4: 155928, name: com.google.android.inputmethod.latin
10-23 19:09:47.200  1870  2895 D BatteryStatsService: noteVideoSurfaceChanged  noteWhich: 49,arg1: 448, arg2: 111, arg3: 5589, arg4: 155930, name: com.google.android.inputmethod.latin
10-23 19:09:47.213  1870  2895 D BatteryStatsService: noteVideoSurfaceChanged  noteWhich: 49,arg1: 462, arg2: 117, arg3: 5589, arg4: 155930, name: com.google.android.inputmethod.latin
10-23 19:09:47.229  1870  3343 D BatteryStatsService: noteVideoSurfaceChanged  noteWhich: 49,arg1: 470, arg2: 121, arg3: 5589, arg4: 155930, name: com.google.android.inputmethod.latin
10-23 19:09:47.246  1870  3343 D BatteryStatsService: noteVideoSurfaceChanged  noteWhich: 49,arg1: 472, arg2: 121, arg3: 5589, arg4: 155930, name: com.google.android.inputmethod.latin
10-23 19:09:47.383  9275  9345 W Settings: Setting airplane_mode_on has moved from android.provider.Settings.System to android.provider.Settings.Global, returning read-only value.
10-23 19:09:47.390  9275 10601 W SystemServiceRegistry: No service published for: wifirtt
10-23 19:09:47.409  9275  9313 I WifiScanner: onFullResults
10-23 19:09:47.409  9275  9308 I WifiScanner: onFullResults
10-23 19:09:47.410  9275  9289 I WifiScanner: onFullResults
10-23 19:09:47.441  9275 11632 I FrewleTileCacheManagerV: (REDACTED) Fetched %d AP models from cache
10-23 19:09:47.469  9275  9342 I FusedLocation: (REDACTED) location delivery to %s blocked - too close
10-23 19:09:47.469  9275  9342 I FusedLocation: (REDACTED) location delivery to %s blocked - too fast
10-23 19:09:47.469  9275  9342 I FusedLocation: (REDACTED) location delivery to %s blocked - too close
10-23 19:09:47.470  9275  9342 I FusedLocation: (REDACTED) location delivery to %s blocked - too close
10-23 19:09:47.471  9275  9342 I FusedLocation: (REDACTED) location delivery to %s blocked - too close
10-23 19:09:47.473  9275  9342 I FusedLocation: (REDACTED) location delivery to %s blocked - too close
10-23 19:09:47.473  9275  9342 I FusedLocation: (REDACTED) location delivery to %s blocked - too fast
10-23 19:09:47.474  9275  9342 I fznc    : Received empty WiFi-RTT scan. [CONTEXT service_id=6 ]
10-23 19:09:47.480  9275 11632 I SemanticLocation: [InfMgr] No location reports after filtering [CONTEXT service_id=173 ]
10-23 19:09:47.582  5589  5589 W TooltipLifecycleManager: TooltipLifecycleManager.dismissTooltips():153 Tooltip with id SUGGESTION_VIEW_EDU_MINI_DIALOG not found in tooltipManager.
10-23 19:09:47.583  1870  2894 D BatteryStatsService: noteVideoSurfaceChanged  noteWhich: 49,arg1: -1, arg2: -1, arg3: 5589, arg4: 155930, name: com.google.android.inputmethod.latin
10-23 19:09:47.584  5589  5657 E BufferQueueProducer: [SurfaceView[InputMethod]#4109(BLAST Consumer)4109](id:15d50000100d,api:0,p:-1,c:5589) disconnect: not connected (req=1)
10-23 19:09:47.584  5589  5657 W libEGL  : EGLNativeWindowType 0xb4000077e025b7d0 disconnect failed
10-23 19:09:47.584  5589  5589 D BLASTBufferQueue: [SurfaceView[InputMethod]#4109](f:0,a:1) destructor()
10-23 19:09:47.584  5589  5589 D BufferQueueConsumer: [SurfaceView[InputMethod]#4109(BLAST Consumer)4109](id:15d50000100d,api:0,p:-1,c:5589) disconnect
10-23 19:09:47.587  1870  2894 D BatteryStatsService: noteVideoSurfaceChanged  noteWhich: 49,arg1: -1, arg2: -1, arg3: 5589, arg4: 155928, name: com.google.android.inputmethod.latin
10-23 19:09:47.587  5589  5657 E BufferQueueProducer: [SurfaceView[InputMethod]#4108(BLAST Consumer)4108](id:15d50000100c,api:0,p:-1,c:5589) disconnect: not connected (req=1)
10-23 19:09:47.588  5589  5657 W libEGL  : EGLNativeWindowType 0xb4000077e0283f00 disconnect failed
10-23 19:09:47.588  5589  5589 D BLASTBufferQueue: [SurfaceView[InputMethod]#4108](f:0,a:1) destructor()
10-23 19:09:47.588  5589  5589 D BufferQueueConsumer: [SurfaceView[InputMethod]#4108(BLAST Consumer)4108](id:15d50000100c,api:0,p:-1,c:5589) disconnect
10-23 19:09:47.590  5589  5589 W TooltipLifecycleManager: TooltipLifecycleManager.dismissTooltips():153 Tooltip with id SUGGESTION_VIEW_EDU_MINI_DIALOG not found in tooltipManager.
10-23 19:09:47.592  5589  5589 I KeyboardModeUtils: KeyboardModeUtils.getKeyboardBottomOffset():435 inch: 0.000000 ydpi: 387.429993 adjustKeyboardBottomByDisplaySize: false currentDensityDpi: 440 defaultDensityDpi: 440 keyboardBottomToScreenPx: 0 keyboardBottomToNavBarPx: -116 navBarHeight: 116
10-23 19:09:47.593  5589  5589 I KeyboardHeightUtil: KeyboardHeightUtil.calculateMaxKeyboardBodyHeight():50 leave 267 height for app when ime window height:2171, header height:121 and isFullscreenMode:false, so the max keyboard body height is:1783
10-23 19:09:47.593  5589  5589 I KeyboardHeightUtil: KeyboardHeightUtil.calculateMaxKeyboardBodyHeight():50 leave 267 height for app when ime window height:2171, header height:121 and isFullscreenMode:false, so the max keyboard body height is:1783
10-23 19:09:47.594  5589  5589 I AndroidIME: KeyboardViewManager.updateKeyboardBodyViewHolderPaddingBottom():472 Set finalPaddingBottom = 5 while holderPaddingBottom = 5; navigationHeight = 116
10-23 19:09:47.597  5589  5589 W TooltipLifecycleManager: TooltipLifecycleManager.dismissTooltips():153 Tooltip with id SUGGESTION_VIEW_EDU_MINI_DIALOG not found in tooltipManager.
10-23 19:09:47.649  5589  5589 D BLASTBufferQueue: [SurfaceView[InputMethod]#4107](f:0,a:0) destructor()
10-23 19:09:47.649  5589  5589 D BufferQueueConsumer: [SurfaceView[InputMethod]#4107(BLAST Consumer)4107](id:15d50000100b,api:0,p:-1,c:5589) disconnect
10-23 19:09:47.650  1870  2895 D BatteryStatsService: noteVideoSurfaceChanged  noteWhich: 49,arg1: -1, arg2: -1, arg3: 5589, arg4: 155037, name: com.google.android.inputmethod.latin
10-23 19:09:47.661  5589  5589 I KeyboardModeUtils: KeyboardModeUtils.getKeyboardBottomOffset():435 inch: 0.000000 ydpi: 387.429993 adjustKeyboardBottomByDisplaySize: false currentDensityDpi: 440 defaultDensityDpi: 440 keyboardBottomToScreenPx: 0 keyboardBottomToNavBarPx: -116 navBarHeight: 116
10-23 19:09:47.661  5589  5589 I KeyboardHeightUtil: KeyboardHeightUtil.calculateMaxKeyboardBodyHeight():50 leave 267 height for app when ime window height:2171, header height:121 and isFullscreenMode:false, so the max keyboard body height is:1783
10-23 19:09:47.661  5589  5589 I KeyboardHeightUtil: KeyboardHeightUtil.calculateMaxKeyboardBodyHeight():50 leave 267 height for app when ime window height:2171, header height:121 and isFullscreenMode:false, so the max keyboard body height is:1783
10-23 19:09:47.662  5589  5589 I AndroidIME: KeyboardViewManager.updateKeyboardBodyViewHolderPaddingBottom():472 Set finalPaddingBottom = 5 while holderPaddingBottom = 5; navigationHeight = 116
10-23 19:09:47.759  5589  5589 I KeyboardModeUtils: KeyboardModeUtils.getKeyboardBottomOffset():435 inch: 0.000000 ydpi: 387.429993 adjustKeyboardBottomByDisplaySize: false currentDensityDpi: 440 defaultDensityDpi: 440 keyboardBottomToScreenPx: 0 keyboardBottomToNavBarPx: -116 navBarHeight: 116
10-23 19:09:47.759  5589  5589 I KeyboardHeightUtil: KeyboardHeightUtil.calculateMaxKeyboardBodyHeight():50 leave 267 height for app when ime window height:2171, header height:121 and isFullscreenMode:false, so the max keyboard body height is:1783
10-23 19:09:47.759  5589  5589 I KeyboardHeightUtil: KeyboardHeightUtil.calculateMaxKeyboardBodyHeight():50 leave 267 height for app when ime window height:2171, header height:121 and isFullscreenMode:false, so the max keyboard body height is:1783
10-23 19:09:47.759  5589  5589 I AndroidIME: KeyboardViewManager.updateKeyboardBodyViewHolderPaddingBottom():472 Set finalPaddingBottom = 5 while holderPaddingBottom = 5; navigationHeight = 116
10-23 19:09:47.798  3458  3458 V InlineSuggestionRenderService: Releasing inline suggestion view host
10-23 19:09:47.801  3458  3458 D BLASTBufferQueue: [VRI[]#1219](f:0,a:4) destructor()
10-23 19:09:47.801  3458  3458 D BufferQueueConsumer: [VRI[]#1219(BLAST Consumer)1219](id:d82000004c3,api:0,p:-1,c:3458) disconnect
10-23 19:09:47.805  3458  3458 V InlineSuggestionRenderService: Removed the inline suggestion from the cache, current size=1
10-23 19:09:47.805  3458  3458 V InlineSuggestionRenderService: Releasing inline suggestion view host
10-23 19:09:47.810  3458  3458 D BLASTBufferQueue: [VRI[]#1220](f:0,a:4) destructor()
10-23 19:09:47.810  3458  3458 D BufferQueueConsumer: [VRI[]#1220(BLAST Consumer)1220](id:d82000004c4,api:0,p:-1,c:3458) disconnect
10-23 19:09:47.815  3458  3458 V InlineSuggestionRenderService: Removed the inline suggestion from the cache, current size=0
10-23 19:09:47.824  5589  5589 W TooltipLifecycleManager: TooltipLifecycleManager.dismissTooltips():153 Tooltip with id SUGGESTION_VIEW_EDU_MINI_DIALOG not found in tooltipManager.
10-23 19:09:48.109  5589  5589 W TooltipLifecycleManager: TooltipLifecycleManager.dismissTooltips():153 Tooltip with id SUGGESTION_VIEW_EDU_MINI_DIALOG not found in tooltipManager.
10-23 19:09:48.401  5589  5589 W TooltipLifecycleManager: TooltipLifecycleManager.dismissTooltips():153 Tooltip with id SUGGESTION_VIEW_EDU_MINI_DIALOG not found in tooltipManager.
10-23 19:09:48.497  9275  9342 I FusedLocation: (REDACTED) location delivery to %s blocked - too close
10-23 19:09:48.498  9275  9342 I FusedLocation: (REDACTED) location delivery to %s blocked - too fast
10-23 19:09:48.499  9275  9342 I FusedLocation: (REDACTED) location delivery to %s blocked - too close
10-23 19:09:48.500  9275  9342 I FusedLocation: (REDACTED) location delivery to %s blocked - too close
10-23 19:09:48.501  9275  9342 I FusedLocation: (REDACTED) location delivery to %s blocked - too fast
