10-23 17:24:15.316 18100 30834 I ReactNativeJS:      driver_allowance: 0,
10-23 17:24:15.316 18100 30834 I ReactNativeJS:      extra_km_charges: 0,
10-23 17:24:15.316 18100 30834 I ReactNativeJS:      gst_on_platform_fee: 1.7999999999999998 },
10-23 17:24:15.316 18100 30834 I ReactNativeJS:   created_at: '2025-10-23T11:04:46.167444+00:00',
10-23 17:24:15.316 18100 30834 I ReactNativeJS:   updated_at: '2025-10-23T11:04:46.167444+00:00',
10-23 17:24:15.316 18100 30834 I ReactNativeJS:   driver_id: '707e2d38-7346-4a2e-bddb-e1157475f786',
10-23 17:24:15.316 18100 30834 I ReactNativeJS:   customer_id: 'e95a4f14-8958-49e9-8ede-d81b82a7ba12',
10-23 17:24:15.316 18100 30834 I ReactNativeJS:   trip_type: null,
10-23 17:24:15.316 18100 30834 I ReactNativeJS:   pickup_address: 'PRXJ+F32, Brindavan Nagar, Plot 87, NGGO\'s Colony, Anand Nagar, Hosur, Tamil Nadu 635109, India',
10-23 17:24:15.316 18100 30834 I ReactNativeJS:   destination_address: 'Bagalur, Tamil Nadu, India',
10-23 17:24:15.316 18100 30834 I ReactNativeJS:   gst_on_charges: 14.141297974004567,
10-23 17:24:15.316 18100 30834 I ReactNativeJS:   gst_on_platform_fee: 1.7999999999999998,
10-23 17:24:15.316 18100 30834 I ReactNativeJS:   rental_hours: 4,
10-23 17:24:15.316 18100 30834 I ReactNativeJS:   scheduled_time: null,
10-23 17:24:15.316 18100 30834 I ReactNativeJS:   completed_at: '2025-10-23T11:04:45.436+00:00',
10-23 17:24:15.316 18100 30834 I ReactNativeJS:   driver_name: 'Yarab basha',
10-23 17:24:15.316 18100 30834 I ReactNativeJS:   driver_phone: '',
10-23 17:24:15.316 18100 30834 I ReactNativeJS:   driver_rating: 5,
10-23 17:24:15.316 18100 30834 I ReactNativeJS:   vehicle_id: '82c6be6a-2c88-49ba-87e8-e8923303a15c',
10-23 17:24:15.316 18100 30834 I ReactNativeJS:   vehicle_make: 'TOYOTA',
10-23 17:24:15.316 18100 30834 I ReactNativeJS:   vehicle_model: 'ETIOS',
10-23 17:24:15.316 18100 30834 I ReactNativeJS:   vehicle_color: 'GREY',
10-23 17:24:15.316 18100 30834 I ReactNativeJS:   vehicle_license_plate: 'KA02AF196' }
10-23 17:24:15.316 18100 30834 W ReactNativeJS: '🎯 [TRIP_NOTIFICATION] Component render, notifications count:', 50
10-23 17:24:15.317 18100 30834 W ReactNativeJS: '🎯 [TRIP_NOTIFICATION] Notifications:', '[{"id":"c0930979-b31c-4f63-b636-2d97a731c792","type":"ride_completed","status":"unread"},{"id":"2012b652-4fe3-4c41-9df3-bc9d3186a24a","type":"ride_status_changed","status":"unread"},{"id":"61a74f93-5643-46ef-8ebb-56d7ed81f675","type":"ride_status_changed","status":"unread"},{"id":"e75df879-8cb8-4dee-8100-8dd61f99b26e","type":"ride_status_changed","status":"unread"},{"id":"55a746c6-9b8c-44e6-b80c-2beac586c467","type":"ride_status_changed","status":"unread"},{"id":"7c3cc3c7-e9b6-4cf8-91bb-1bb827ff7808","type":"ride_status_changed","status":"unread"},{"id":"8012a1d6-41e9-4ff2-a75b-8fee9a93ca8e","type":"ride_status_changed","status":"unread"},{"id":"d29bae80-10e7-4d05-99d5-8dc43f61d814","type":"ride_status_changed","status":"read"},{"id":"d7d8686d-95ee-4ce0-97da-ed89564b014b","type":"ride_status_changed","status":"read"},{"id":"755a6269-1daf-4327-ab71-f65e3700bf1a","type":"ride_status_changed","status":"read"},{"id":"500d07b9-07ca-40df-9d4a-3efcf677a117","type":"ride_status_changed","status":"read"},{"id":"df4552cd-e9bc-4e40-a8a0-1270b37737db","type":"booking_completed","status":"read"},{"id":"acb2b80a-267e-4b98-acd0-397461aee537","type":"booking_completed","status":"read"},{"id":"60dbc0b5-662a-48af-b01a-55212f6ac6ea","type":"booking_completed","status":"read"},{"id":"0f408121-1188-4550-9f50-919dcc8a4ed1","type":"booking_completed","status":"read"},{"id":"23052592-9d19-442c-b40f-12b90c3da756","type":"booking_completed","status":"read"},{"id":"c9ff3014-54e3-4b30-9f22-eceee292796b","type":"ride_status_changed","status":"read"},{"id":"879d4bbd-20ad-4253-a1c6-ae7535e7c211","type":"ride_status_changed","status":"read"},{"id":"286129cf-19e6-41fd-b52f-d17334d0d0f9","type":"ride_status_changed","status":"read"},{"id":"b55ac709-48d5-4db2-8246-e23f9bd317ec","type":"ride_completed","status":"read"},{"id":"92abe95d-e47d-48fa-8159-b119f5802710","type":"ride_status_changed","status":"read"},{"id":"73ad244d-a00b-42a9-83e9-97932b9db2d2","type":"ride_status_changed","status":"read"},{"id":"971613ac-8d86-4ab6-8fe5-49c528ca56ee","type":"ride_status_changed","status":"read"},{"id":"49f0f7f9-03d6-4211-b47d-0e7738f190fa","type":"ride_completed","status":"read"},{"id":"6a87c30d-c48d-458c-9b94-32dd5e75ac05","type":"ride_status_changed","status":"read"},{"id":"aee0b7a7-9cb2-4f6b-b53f-fa47642319d0","type":"ride_status_changed","status":"read"},{"id":"6c1d61c3-6cbd-4310-adfe-6d36bc611939","type":"ride_status_changed","status":"read"},{"id":"9d9ab6e7-0357-4305-9ba8-e91c0bb29897","type":"ride_status_changed","status":"read"},{"id":"d952183c-69a7-47dc-a848-d11bc2fff300","type":"ride_cancelled","status":"read"},{"id":"a01d13a8-c95b-4bf1-b0e1-8b2a8e9aaa6b","type":"ride_status_changed","status":"read"},{"id":"5a385bc8-147d-4ac2-834c-305ed9db9a05","type":"ride_completed","status":"read"},{"id":"b9365ade-a3a4-4036-b42f-606b88d5fac9","type":"ride_status_changed","status":"read"},{"id":"b6a2c6b6-bdb4-40ce-a092-25f6dd4ba953","type":"ride_status_changed","status":"read"},{"id":"d850bf94-823f-497a-b292-075abf5b5a59","type":"ride_status_changed","status":"read"},{"id":"5d8275c0-6692-44b3-a4ff-4eabba59873e","type":"ride_status_changed","status":"read"},{"id":"5cfa0487-5d05-42e8-8e92-11a287b3ded0","type":"ride_completed","status":"read"},{"id":"679ed79c-eb21-4609-a2b9-a1d304d4d4ad","type":"ride_status_changed","status":"read"},{"id":"53bb9116-5f1d-445c-94e0-f2e3d9fa3ffe","type":"ride_status_changed","status":"read"},{"id":"4196d3c8-e6dd-4a11-8d40-6771aa06de07","type":"ride_status_changed","status":"read"},{"id":"8d21f749-083a-46d1-9f7e-f7dc5c36ef05","type":"ride_status_changed","status":"read"},{"id":"0a371105-3196-4055-97ad-b230dba42df5","type":"ride_completed","status":"read"},{"id":"9f010555-c90c-447e-83ae-919809ba8350","type":"ride_status_changed","status":"read"},{"id":"84dd0357-20ec-4317-b7bd-7b31515219fb","type":"ride_status_changed","status":"read"},{"id":"caaa4644-cefa-47e6-8c92-60415a52ef4b","type":"ride_status_changed","status":"read"},{"id":"c6e2da1c-f900-47c8-b289-a88
10-23 17:24:15.317 18100 30834 I ReactNativeJS: '✅ [TRIP_NOTIFICATION] Rendering modal with notification:', { id: 'c0930979-b31c-4f63-b636-2d97a731c792',
10-23 17:24:15.317 18100 30834 I ReactNativeJS:   user_id: 'e95a4f14-8958-49e9-8ede-d81b82a7ba12',
10-23 17:24:15.317 18100 30834 I ReactNativeJS:   type: 'ride_completed',
10-23 17:24:15.317 18100 30834 I ReactNativeJS:   title: 'Trip Completed',
10-23 17:24:15.317 18100 30834 I ReactNativeJS:   message: 'Your ride has been completed successfully.',
10-23 17:24:15.317 18100 30834 I ReactNativeJS:   data: 
10-23 17:24:15.317 18100 30834 I ReactNativeJS:    { ride_id: '658b01b1-dc46-470e-a48e-07b8b8e08fa2',
10-23 17:24:15.317 18100 30834 I ReactNativeJS:      fare_amount: 309 },
10-23 17:24:15.317 18100 30834 I ReactNativeJS:   status: 'unread',
10-23 17:24:15.317 18100 30834 I ReactNativeJS:   created_at: '2025-10-23T11:04:46.92906+00:00',
10-23 17:24:15.317 18100 30834 I ReactNativeJS:   updated_at: '2025-10-23T11:04:46.92906+00:00',
10-23 17:24:15.317 18100 30834 I ReactNativeJS:   expires_at: null }
10-23 17:24:15.334 18100 30834 W ReactNativeJS: '🎯 [TRIP_NOTIFICATION] Component render, notifications count:', 50
10-23 17:24:15.335 18100 30834 W ReactNativeJS: '🎯 [TRIP_NOTIFICATION] Notifications:', '[{"id":"c0930979-b31c-4f63-b636-2d97a731c792","type":"ride_completed","status":"unread"},{"id":"2012b652-4fe3-4c41-9df3-bc9d3186a24a","type":"ride_status_changed","status":"unread"},{"id":"61a74f93-5643-46ef-8ebb-56d7ed81f675","type":"ride_status_changed","status":"unread"},{"id":"e75df879-8cb8-4dee-8100-8dd61f99b26e","type":"ride_status_changed","status":"unread"},{"id":"55a746c6-9b8c-44e6-b80c-2beac586c467","type":"ride_status_changed","status":"unread"},{"id":"7c3cc3c7-e9b6-4cf8-91bb-1bb827ff7808","type":"ride_status_changed","status":"unread"},{"id":"8012a1d6-41e9-4ff2-a75b-8fee9a93ca8e","type":"ride_status_changed","status":"unread"},{"id":"d29bae80-10e7-4d05-99d5-8dc43f61d814","type":"ride_status_changed","status":"read"},{"id":"d7d8686d-95ee-4ce0-97da-ed89564b014b","type":"ride_status_changed","status":"read"},{"id":"755a6269-1daf-4327-ab71-f65e3700bf1a","type":"ride_status_changed","status":"read"},{"id":"500d07b9-07ca-40df-9d4a-3efcf677a117","type":"ride_status_changed","status":"read"},{"id":"df4552cd-e9bc-4e40-a8a0-1270b37737db","type":"booking_completed","status":"read"},{"id":"acb2b80a-267e-4b98-acd0-397461aee537","type":"booking_completed","status":"read"},{"id":"60dbc0b5-662a-48af-b01a-55212f6ac6ea","type":"booking_completed","status":"read"},{"id":"0f408121-1188-4550-9f50-919dcc8a4ed1","type":"booking_completed","status":"read"},{"id":"23052592-9d19-442c-b40f-12b90c3da756","type":"booking_completed","status":"read"},{"id":"c9ff3014-54e3-4b30-9f22-eceee292796b","type":"ride_status_changed","status":"read"},{"id":"879d4bbd-20ad-4253-a1c6-ae7535e7c211","type":"ride_status_changed","status":"read"},{"id":"286129cf-19e6-41fd-b52f-d17334d0d0f9","type":"ride_status_changed","status":"read"},{"id":"b55ac709-48d5-4db2-8246-e23f9bd317ec","type":"ride_completed","status":"read"},{"id":"92abe95d-e47d-48fa-8159-b119f5802710","type":"ride_status_changed","status":"read"},{"id":"73ad244d-a00b-42a9-83e9-97932b9db2d2","type":"ride_status_changed","status":"read"},{"id":"971613ac-8d86-4ab6-8fe5-49c528ca56ee","type":"ride_status_changed","status":"read"},{"id":"49f0f7f9-03d6-4211-b47d-0e7738f190fa","type":"ride_completed","status":"read"},{"id":"6a87c30d-c48d-458c-9b94-32dd5e75ac05","type":"ride_status_changed","status":"read"},{"id":"aee0b7a7-9cb2-4f6b-b53f-fa47642319d0","type":"ride_status_changed","status":"read"},{"id":"6c1d61c3-6cbd-4310-adfe-6d36bc611939","type":"ride_status_changed","status":"read"},{"id":"9d9ab6e7-0357-4305-9ba8-e91c0bb29897","type":"ride_status_changed","status":"read"},{"id":"d952183c-69a7-47dc-a848-d11bc2fff300","type":"ride_cancelled","status":"read"},{"id":"a01d13a8-c95b-4bf1-b0e1-8b2a8e9aaa6b","type":"ride_status_changed","status":"read"},{"id":"5a385bc8-147d-4ac2-834c-305ed9db9a05","type":"ride_completed","status":"read"},{"id":"b9365ade-a3a4-4036-b42f-606b88d5fac9","type":"ride_status_changed","status":"read"},{"id":"b6a2c6b6-bdb4-40ce-a092-25f6dd4ba953","type":"ride_status_changed","status":"read"},{"id":"d850bf94-823f-497a-b292-075abf5b5a59","type":"ride_status_changed","status":"read"},{"id":"5d8275c0-6692-44b3-a4ff-4eabba59873e","type":"ride_status_changed","status":"read"},{"id":"5cfa0487-5d05-42e8-8e92-11a287b3ded0","type":"ride_completed","status":"read"},{"id":"679ed79c-eb21-4609-a2b9-a1d304d4d4ad","type":"ride_status_changed","status":"read"},{"id":"53bb9116-5f1d-445c-94e0-f2e3d9fa3ffe","type":"ride_status_changed","status":"read"},{"id":"4196d3c8-e6dd-4a11-8d40-6771aa06de07","type":"ride_status_changed","status":"read"},{"id":"8d21f749-083a-46d1-9f7e-f7dc5c36ef05","type":"ride_status_changed","status":"read"},{"id":"0a371105-3196-4055-97ad-b230dba42df5","type":"ride_completed","status":"read"},{"id":"9f010555-c90c-447e-83ae-919809ba8350","type":"ride_status_changed","status":"read"},{"id":"84dd0357-20ec-4317-b7bd-7b31515219fb","type":"ride_status_changed","status":"read"},{"id":"caaa4644-cefa-47e6-8c92-60415a52ef4b","type":"ride_status_changed","status":"read"},{"id":"c6e2da1c-f900-47c8-b289-a88
10-23 17:24:15.335 18100 30834 I ReactNativeJS: '✅ [TRIP_NOTIFICATION] Rendering modal with notification:', { id: 'c0930979-b31c-4f63-b636-2d97a731c792',
10-23 17:24:15.335 18100 30834 I ReactNativeJS:   user_id: 'e95a4f14-8958-49e9-8ede-d81b82a7ba12',
10-23 17:24:15.335 18100 30834 I ReactNativeJS:   type: 'ride_completed',
10-23 17:24:15.335 18100 30834 I ReactNativeJS:   title: 'Trip Completed',
10-23 17:24:15.335 18100 30834 I ReactNativeJS:   message: 'Your ride has been completed successfully.',
10-23 17:24:15.335 18100 30834 I ReactNativeJS:   data: 
10-23 17:24:15.335 18100 30834 I ReactNativeJS:    { ride_id: '658b01b1-dc46-470e-a48e-07b8b8e08fa2',
10-23 17:24:15.335 18100 30834 I ReactNativeJS:      fare_amount: 309 },
10-23 17:24:15.335 18100 30834 I ReactNativeJS:   status: 'unread',
10-23 17:24:15.335 18100 30834 I ReactNativeJS:   created_at: '2025-10-23T11:04:46.92906+00:00',
10-23 17:24:15.335 18100 30834 I ReactNativeJS:   updated_at: '2025-10-23T11:04:46.92906+00:00',
10-23 17:24:15.335 18100 30834 I ReactNativeJS:   expires_at: null }
10-23 17:24:15.347  7087  7087 D ViewRootImpl: AppSizeAfterRelayout, size: Point(1202, 1037), rotation: ROTATION_0
10-23 17:24:15.348  7087  7087 D BLASTBufferQueue: [VRI[GrantPermissionsActivity]#7](f:0,a:4) destructor()
10-23 17:24:15.348  7087  7087 D BufferQueueConsumer: [VRI[GrantPermissionsActivity]#7(BLAST Consumer)7](id:1baf00000007,api:0,p:-1,c:7087) disconnect
10-23 17:24:15.349 18100 30834 I ReactNativeJS: 🔔 [BANNER_DEBUG] ===== NOTIFICATION BANNER EFFECT =====
10-23 17:24:15.349 18100 30834 I ReactNativeJS: '🔔 [BANNER_DEBUG] Banner summary:', { totalNotifications: 50,
10-23 17:24:15.349 18100 30834 I ReactNativeJS:   currentlyVisible: false,
10-23 17:24:15.349 18100 30834 I ReactNativeJS:   currentNotification: undefined,
10-23 17:24:15.349 18100 30834 I ReactNativeJS:   shownNotificationsCount: 0,
10-23 17:24:15.349 18100 30834 I ReactNativeJS:   tripCompletedNotifications: 0,
10-23 17:24:15.349 18100 30834 I ReactNativeJS:   unreadTripCompleted: 0 }
10-23 17:24:15.350 18100 30834 I ReactNativeJS: 🚫 [BANNER_DEBUG] ===== BLOCKING COMPLETION NOTIFICATION FROM BANNER =====
10-23 17:24:15.350 18100 30834 I ReactNativeJS: '🚫 [BANNER_DEBUG] Completion notification blocked from banner:', { id: 'c0930979-b31c-4f63-b636-2d97a731c792',
10-23 17:24:15.350 18100 30834 I ReactNativeJS:   type: 'ride_completed',
10-23 17:24:15.350 18100 30834 I ReactNativeJS:   title: 'Trip Completed',
10-23 17:24:15.350 18100 30834 I ReactNativeJS:   rideId: '658b01b1-dc46-470e-a48e-07b8b8e08fa2',
10-23 17:24:15.350 18100 30834 I ReactNativeJS:   bookingId: undefined,
10-23 17:24:15.350 18100 30834 I ReactNativeJS:   fareAmount: 309,
10-23 17:24:15.350 18100 30834 I ReactNativeJS:   reason: 'Should show in full-screen modal only' }
10-23 17:24:15.350 18100 30834 I ReactNativeJS: 📱 [BANNER_DEBUG] ===== BANNER DISPLAY DECISION =====
10-23 17:24:15.352 18100 30834 I ReactNativeJS: 🔔 [BANNER_DEBUG] ===== NOTIFICATION BANNER EFFECT =====
10-23 17:24:15.352 18100 30834 I ReactNativeJS: '🔔 [BANNER_DEBUG] Banner summary:', { totalNotifications: 50,
10-23 17:24:15.352 18100 30834 I ReactNativeJS:   currentlyVisible: false,
10-23 17:24:15.352 18100 30834 I ReactNativeJS:   currentNotification: undefined,
10-23 17:24:15.352 18100 30834 I ReactNativeJS:   shownNotificationsCount: 0,
10-23 17:24:15.352 18100 30834 I ReactNativeJS:   tripCompletedNotifications: 0,
10-23 17:24:15.352 18100 30834 I ReactNativeJS:   unreadTripCompleted: 0 }
10-23 17:24:15.352 18100 30834 I ReactNativeJS: 🚫 [BANNER_DEBUG] ===== BLOCKING COMPLETION NOTIFICATION FROM BANNER =====
10-23 17:24:15.352 18100 30834 I ReactNativeJS: '🚫 [BANNER_DEBUG] Completion notification blocked from banner:', { id: 'c0930979-b31c-4f63-b636-2d97a731c792',
10-23 17:24:15.352 18100 30834 I ReactNativeJS:   type: 'ride_completed',
10-23 17:24:15.352 18100 30834 I ReactNativeJS:   title: 'Trip Completed',
10-23 17:24:15.352 18100 30834 I ReactNativeJS:   rideId: '658b01b1-dc46-470e-a48e-07b8b8e08fa2',
10-23 17:24:15.352 18100 30834 I ReactNativeJS:   bookingId: undefined,
10-23 17:24:15.352 18100 30834 I ReactNativeJS:   fareAmount: 309,
10-23 17:24:15.352 18100 30834 I ReactNativeJS:   reason: 'Should show in full-screen modal only' }
10-23 17:24:15.352 18100 30834 I ReactNativeJS: 📱 [BANNER_DEBUG] ===== BANNER DISPLAY DECISION =====
10-23 17:24:15.373  7087  7100 W ssioncontroller: ApkAssets: Deleting an ApkAssets object '<empty> and /data/app/~~VIS6tXDkz90Swyq0z_Ni5Q==/com.a1taxi.a1taxicustomer-x1YNXDRYhfyPxx0dkD6WFg==/base.apk' with 1 weak references
10-23 17:24:15.375  7087  7087 W WindowOnBackDispatcher: sendCancelIfRunning: isInProgress=false callback=android.view.ViewRootImpl$$ExternalSyntheticLambda11@fc3a9a
10-23 17:24:15.419 18100 31089 W Settings: Setting device_provisioned has moved from android.provider.Settings.System to android.provider.Settings.Global, returning read-only value.
10-23 17:24:15.432 18100 31089 W ProxyAndroidLoggerBackend: Too many Flogger logs received before configuration. Dropping old logs.
10-23 17:24:15.434 18100 18100 W ProxyAndroidLoggerBackend: Too many Flogger logs received before configuration. Dropping old logs.
10-23 17:24:15.435 18100 18100 W ProxyAndroidLoggerBackend: Too many Flogger logs received before configuration. Dropping old logs.
10-23 17:24:15.437 18100 18100 W ProxyAndroidLoggerBackend: Too many Flogger logs received before configuration. Dropping old logs.
10-23 17:24:15.437 18100 18100 W ProxyAndroidLoggerBackend: Too many Flogger logs received before configuration. Dropping old logs.
10-23 17:24:15.442 18100 18100 W ProxyAndroidLoggerBackend: Too many Flogger logs received before configuration. Dropping old logs.
10-23 17:24:15.446 18100 31099 I HttpFlagsLoader: HTTP flags log line (Impl): Using live production flag values from Google
10-23 17:24:15.453 18100 31099 I HttpEngBuilderWrap: NetworkQualityEstimator is unsupported when HttpEngineNativeProvider is used
10-23 17:24:15.458 18100 31100 D HttpFlagsLoader: Found application exporting HTTP flags: com.google.android.gms
10-23 17:24:15.458 18100 18100 W ProxyAndroidLoggerBackend: Too many Flogger logs received before configuration. Dropping old logs.
10-23 17:24:15.458 18100 31100 D HttpFlagsLoader: HTTP flags file path: /data/user_de/0/com.google.android.gms/app_httpflags/flags.binarypb
10-23 17:24:15.466 18100 31100 D HttpFlagsLoader: Successfully loaded HTTP flags: # android.net.connectivity.org.chromium.net.httpflags.Flags@3b2909b7
10-23 17:24:15.466 18100 31100 D HttpFlagsLoader: flags {
10-23 17:24:15.466 18100 31100 D HttpFlagsLoader:   key: "Cronet_ForceHttpEngineInFallback"
10-23 17:24:15.466 18100 31100 D HttpFlagsLoader:   value {
10-23 17:24:15.466 18100 31100 D HttpFlagsLoader:     constrained_values {
10-23 17:24:15.466 18100 31100 D HttpFlagsLoader:       app_id: "com.google.android.gms"
10-23 17:24:15.466 18100 31100 D HttpFlagsLoader:     }
10-23 17:24:15.466 18100 31100 D HttpFlagsLoader:     constrained_values {
10-23 17:24:15.466 18100 31100 D HttpFlagsLoader:       app_id: "com.android.vending"
10-23 17:24:15.466 18100 31100 D HttpFlagsLoader:     }
10-23 17:24:15.466 18100 31100 D HttpFlagsLoader:     constrained_values {
10-23 17:24:15.466 18100 31100 D HttpFlagsLoader:       bool_value: true
10-23 17:24:15.466 18100 31100 D HttpFlagsLoader:       min_version: "137.0.7141.0"
10-23 17:24:15.466 18100 31100 D HttpFlagsLoader:     }
10-23 17:24:15.466 18100 31100 D HttpFlagsLoader:   }
10-23 17:24:15.466 18100 31100 D HttpFlagsLoader: }
10-23 17:24:15.466 18100 31100 D HttpFlagsLoader: flags {
10-23 17:24:15.466 18100 31100 D HttpFlagsLoader:   key: "Cronet_override_network_thread_priority"
10-23 17:24:15.466 18100 31100 D HttpFlagsLoader:   value {
10-23 17:24:15.466 18100 31100 D HttpFlagsLoader:     constrained_values {
10-23 17:24:15.466 18100 31100 D HttpFlagsLoader:       app_id: "com.google.android.gms"
10-23 17:24:15.466 18100 31100 D HttpFlagsLoader:     }
10-23 17:24:15.466 18100 31100 D HttpFlagsLoader:     constrained_values {
10-23 17:24:15.466 18100 31100 D HttpFlagsLoader:       app_id: "com.android.vending"
10-23 17:24:15.466 18100 31100 D HttpFlagsLoader:     }
10-23 17:24:15.466 18100 31100 D HttpFlagsLoader:     constrained_values {
10-23 17:24:15.466 18100 31100 D HttpFlagsLoader:       int_value: 0
10-23 17:24:15.466 18100 31100 D HttpFlagsLoader:       min_version: "126.0.6465.0"
10-23 17:24:15.466 18100 31100 D HttpFlagsLoader:     }
10-23 17:24:15.466 18100 31100 D HttpFlagsLoader:   }
10-23 17:24:15.466 18100 31100 D HttpFlagsLoader: }
10-23 17:24:15.466 18100 31100 D HttpFlagsLoader: flags {
10-23 17:24:15.466 18100 31100 D HttpFlagsLoader:   key: "ChromiumBaseFeature_OverrideConnectionOptions"
10-23 17:24:15.466 18100 31100 D HttpFlagsLoader:   value {
10-23 17:24:15.466 18100 31100 D HttpFlagsLoader:   }
10-23 17:24:15.466 18100 31100 D HttpFlagsLoader: }
10-23 17:24:15.466 18100 31100 D HttpFlagsLoader: flags {
10-23 17:24:15.466 18100 31100 D HttpFlagsLoader:   key: "Cronet_InitializeBuildInfoOnStartup"
10-23 17:24:15.466 18100 31100 D HttpFlagsLoader:   value {
10-23 17:24:15.466 18100 31100 D HttpFlagsLoader:     constrained_values {
10-23 17:24:15.466 18100 31100 D HttpFlagsLoader:       app_id: "com.google.android.gms"
10-23 17:24:15.466 18100 31100 D HttpFlagsLoader:     }
10-23 17:24:15.466 18100 31100 D HttpFlagsLoader:     constrained_values {
10-23 17:24:15.466 18100 31100 D HttpFlagsLoader:       app_id: "com.android.vending"
10-23 17:24:15.466 18100 31100 D HttpFlagsLoader:     }
10-23 17:24:15.466 18100 31100 D HttpFlagsLoader:     constrained_values {
10-23 17:24:15.466 18100 31100 D HttpFlagsLoader:       bool_value: false
10-23 17:24:15.466 18100 31100 D HttpFlagsLoader:       min_version: "135.0.7011.0"
10-23 17:24:15.466 18100 31100 D HttpFlagsLoader:     }
10-23 17:24:15.466 18100 31100 D HttpFlagsLoader:   }
10-23 17:24:15.466 18100 31100 D HttpFlagsLoader: }
10-23 17:24:15.466 18100 31100 D HttpFlagsLoader: flags {
10-23 17:24:15.466 18100 31100 D HttpFlagsLoader:   key: "ChromiumBaseFeature_OverrideClientConnectionOptions_PARAM_ForceOff"
10-23 17:24:15.466 18100 31100 D HttpFlagsLoader:   value {
10-23 17:24:15.466 18100 31100 D HttpFlagsLoader:   }
10-23 17:24:15.466 18100 31100 D HttpFlagsLoader: }
10-23 17:24:15.466 18100 31100 D HttpFlagsLoader: flags {
10-23 17:24:15.466 18100 31100 D HttpFlagsLoader:   key: "Cronet_OverrideNativeCronetWithHttpEngine"
10-23 17:24:15.466 18100 31100 D HttpFlagsLoader:   value {
10-23 17:24:15.466 18100 31100 D HttpFlagsLoader:     constrained_values {
10-23 17:24:15.466 18100 31100 D HttpFlagsLoader:       app_id: "com.google.android.gms"
10-23 17:24:15.466 18100 31100 D HttpFlagsLoader:     }
10-23 17:24:15.466 18100 31100 D HttpFlagsLoader:     constrained_values {
10-23 17:24:15.466 18100 31100 D HttpFlagsLoader:       app_id: "com.android.vending"
10-23 17:24:15.466 18100 31100 D HttpFlagsLoader:     }
10-23 17:24:15.466 18100 31100 D HttpFlagsLoader:     constrained_values {
10-23 17:24:15.466 18100 31100 D HttpFlagsLoader:       app_id: "com.google.android.googlequicksearchbox"
10-23 17:24:15.466 18100 31100 D HttpFlagsLoader:       bool_value: true
10-23 17:24:15.466 18100 31100 D HttpFlagsLoader:       min_version: "139.0.7205.3"
10-23 17:24:15.466 18100 31100 D HttpFlagsLoader:     }
10-23 17:24:15.466 18100 31100 D HttpFlagsLoader:     constrained_values {
10-23 17:24:15.466 18100 31100 D HttpFlagsLoader:       app_id: "com.google.android.apps.maps"
10-23 17:24:15.466 18100 31100 D HttpFlagsLoader:       bool_value: true
10-23 17:24:15.466 18100 31100 D HttpFlagsLoader:       min_version: "139.0.7205.3"
10-23 17:24:15.466 18100 31100 D HttpFlagsLoader:     }
10-23 17:24:15.466 18100 31100 D HttpFlagsLoader:     constrained_values {
10-23 17:24:15.466 18100 31100 D HttpFlagsLoader:       app_id: "com.google.android.gm"
10-23 17:24:15.466 18100 31100 D HttpFlagsLoader:       bool_value: true
10-23 17:24:15.466 18100 31100 D HttpFlagsLoader:       min_version: "139.0.7205.3"
10-23 17:24:15.466 18100 31100 D HttpFlagsLoader:     }
10-23 17:24:15.466 18100 31100 D HttpFlagsLoader:     constrained_values {
10-23 17:24:15.466 18100 31100 D HttpFlagsLoader:       app_id: "com.google.android.calendar"
10-23 17:24:15.466 18100 31100 D HttpFlagsLoader:       bool_value: true
10-23 17:24:15.466 18100 31100 D HttpFlagsLoader:       min_version: "139.0.7205.3"
10-23 17:24:15.466 18100 31100 D HttpFlagsLoader:     }
10-23 17:24:15.466 18100 31100 D HttpFlagsLoader:   }
10-23 17:24:15.466 18100 31100 D HttpFlagsLoader: }
10-23 17:24:15.466 18100 31100 D HttpFlagsLoader: flags {
10-23 17:24:15.466 18100 31100 D HttpFlagsLoader:   key: "Cronet_UpdateNetworkStateOnlyOnceOnStartup"
10-23 17:24:15.466 18100 31100 D HttpFlagsLoader:   value {
10-23 17:24:15.466 18100 31100 D HttpFlagsLoader:     constrained_values {
10-23 17:24:15.466 18100 31100 D HttpFlagsLoader:       app_id: "com.google.android.gms"
10-23 17:24:15.466 18100 31100 D HttpFlagsLoader:     }
10-23 17:24:15.466 18100 31100 D HttpFlagsLoader:     constrained_values {
10-23 17:24:15.466 18100 31100 D HttpFlagsLoader:       app_id: "com.android.vending"
10-23 17:24:15.466 18100 31100 D HttpFlagsLoader:     }
10-23 17:24:15.466 18100 31100 D HttpFlagsLoader:     constrained_values {
10-23 17:24:15.466 18100 31100 D HttpFlagsLoader:       bool_value: true
10-23 17:24:15.466 18100 31100 D HttpFlagsLoader:       min_version: "134.0.6948.0"
10-23 17:24:15.466 18100 31100 D HttpFlagsLoader:     }
10-23 17:24:15.466 18100 31100 D HttpFlagsLoader:   }
10-23 17:24:15.466 18100 31100 D HttpFlagsLoader: }
10-23 17:24:15.466 18100 31100 D HttpFlagsLoader: flags {
10-23 17:24:15.466 18100 31100 D HttpFlagsLoader:   key: "Cronet_log_me"
10-23 17:24:15.466 18100 31100 D HttpFlagsLoader:   value {
10-23 17:24:15.466 18100 31100 D HttpFlagsLoader:     constrained_values {
10-23 17:24:15.466 18100 31100 D HttpFlagsLoader:       string_value: "Using live production flag values from Google"
10-23 17:24:15.466 18100 31100 D HttpFlagsLoader:     }
10-23 17:24:15.466 18100 31100 D HttpFlagsLoader:   }
10-23 17:24:15.466 18100 31100 D HttpFlagsLoader: }
10-23 17:24:15.466 18100 31100 D HttpFlagsLoader: flags {
10-23 17:24:15.466 18100 31100 D HttpFlagsLoader:   key: "Cronet_OverrideWithHttpEngine"
10-23 17:24:15.466 18100 31100 D HttpFlagsLoader:   value {
10-23 17:24:15.466 18100 31100 D HttpFlagsLoader:     constrained_values {
10-23 17:24:15.466 18100 31100 D HttpFlagsLoader:       app_id: "com.google.android.gms"
10-23 17:24:15.466 18100 31100 D HttpFlagsLoader:     }
10-23 17:24:15.466 18100 31100 D HttpFlagsLoader:     constrained_values {
10-23 17:24:15.466 18100 31100 D HttpFlagsLoader:       app_id: "com.android.vending"
10-23 17:24:15.466 18100 31100 D HttpFlagsLoader:     }
10-23 17:24:15.466 18100 31100 D HttpFlagsLoader:     constrained_values {
10-23 17:24:15.466 18100 31100 D HttpFlagsLoader:       app_id: "com.google.android.googlequicksearchbox"
10-23 17:24:15.466 18100 31100 D HttpFlagsLoader:       bool_value: true
10-23 17:24:15.466 18100 31100 D HttpFlagsLoader:       min_version: "139.0.7205.3"
10-23 17:24:15.466 18100 31100 D HttpFlagsLoader:     }
10-23 17:24:15.466 18100 31100 D HttpFlagsLoader:     constrained_values {
10-23 17:24:15.466 18100 31100 D HttpFlagsLoader:       app_id: "com.google.android.apps.maps"
10-23 17:24:15.466 18100 31100 D HttpFlagsLoader:       bool_value: true
10-23 17:24:15.466 18100 31100 D HttpFlagsLoader:       min_version: "139.0.7205.3"
10-23 17:24:15.466 18100 31100 D HttpFlagsLoader:     }
10-23 17:24:15.466 18100 31100 D HttpFlagsLoader:     constrained_values {
10-23 17:24:15.466 18100 31100 D HttpFlagsLoader:       app_id: "com.google.android.gm"
10-23 17:24:15.466 18100 31100 D HttpFlagsLoader:       bool_value: true
10-23 17:24:15.466 18100 31100 D HttpFlagsLoader:       min_version: "139.0.7205.3"
10-23 17:24:15.466 18100 31100 D HttpFlagsLoader:     }
10-23 17:24:15.466 18100 31100 D HttpFlagsLoader:     constrained_values {
10-23 17:24:15.466 18100 31100 D HttpFlagsLoader:       app_id: "com.google.android.calendar"
10-23 17:24:15.466 18100 31100 D HttpFlagsLoader:       bool_value: true
10-23 17:24:15.466 18100 31100 D HttpFlagsLoader:       min_version: "139.0.7205.3"
10-23 17:24:15.466 18100 31100 D HttpFlagsLoader:     }
10-23 17:24:15.466 18100 31100 D HttpFlagsLoader:   }
10-23 17:24:15.466 18100 31100 D HttpFlagsLoader: }
10-23 17:24:15.466 18100 31100 D HttpFlagsLoader: flags {
10-23 17:24:15.466 18100 31100 D HttpFlagsLoader:   key: "ChromiumBaseFeature_OverrideConnectionOptions_PARAM_ForceOff"
10-23 17:24:15.466 18100 31100 D HttpFlagsLoader:   value {
10-23 17:24:15.466 18100 31100 D HttpFlagsLoader:   }
10-23 17:24:15.466 18100 31100 D HttpFlagsLoader: }
10-23 17:24:15.466 18100 31100 D HttpFlagsLoader: flags {
10-23 17:24:15.466 18100 31100 D HttpFlagsLoader:   key: "ChromiumBaseFeature_OverrideClientConnectionOptions"
10-23 17:24:15.466 18100 31100 D HttpFlagsLoader:   value {
10-23 17:24:15.466 18100 31100 D HttpFlagsLoader:   }
10-23 17:24:15.466 18100 31100 D HttpFlagsLoader: }
10-23 17:24:15.466 18100 31100 D HttpFlagsLoader: flags {
10-23 17:24:15.466 18100 31100 D HttpFlagsLoader:   key: "ChromiumBaseFeature_OverrideClientConnectionOptions_PARAM_ForceOn"
10-23 17:24:15.466 18100 31100 D HttpFlagsLoader:   value {
10-23 17:24:15.466 18100 31100 D HttpFlagsLoader:   }
10-23 17:24:15.466 18100 31100 D HttpFlagsLoader: }
10-23 17:24:15.466 18100 31100 D HttpFlagsLoader: flags {
10-23 17:24:15.466 18100 31100 D HttpFlagsLoader:   key: "ChromiumBaseFeature_kQuicRegisterConnectionClosePayload"
10-23 17:24:15.466 18100 31100 D HttpFlagsLoader:   value {
10-23 17:24:15.466 18100 31100 D HttpFlagsLoader:   }
10-23 17:24:15.466 18100 31100 D HttpFlagsLoader: }
10-23 17:24:15.466 18100 31100 I HttpFlagsLoader: HTTP flags log line (Impl): Using live production flag values from Google
10-23 17:24:15.477  9275  9342 I FusedLocation: (REDACTED) location delivery to %s blocked - too close
10-23 17:24:15.477  9275  9342 I FusedLocation: (REDACTED) location delivery to %s blocked - too fast
10-23 17:24:15.478  9275  9342 I FusedLocation: (REDACTED) location delivery to %s blocked - too close
10-23 17:24:15.479  9275  9342 I FusedLocation: (REDACTED) location delivery to %s blocked - too fast
10-23 17:24:15.479  9275  9342 I FusedLocation: (REDACTED) location delivery to %s blocked - too fast
10-23 17:24:15.479  9275  9342 I FusedLocation: (REDACTED) location delivery to %s blocked - too fast
10-23 17:24:15.481 18100 18100 W ProxyAndroidLoggerBackend: Too many Flogger logs received before configuration. Dropping old logs.
10-23 17:24:15.488 18100 31099 I cn_CronetLibraryLoader: Cronet version: 139.0.7205.3, arch: aarch64
10-23 17:24:15.498 18100 18100 W ProxyAndroidLoggerBackend: Too many Flogger logs received before configuration. Dropping old logs.
10-23 17:24:15.505 18100 31099 W ProxyAndroidLoggerBackend: Too many Flogger logs received before configuration. Dropping old logs.
10-23 17:24:15.507 18100 31099 W ProxyAndroidLoggerBackend: Too many Flogger logs received before configuration. Dropping old logs.
10-23 17:24:15.507 18100 31099 W ProxyAndroidLoggerBackend: Too many Flogger logs received before configuration. Dropping old logs.
10-23 17:24:15.507 18100 31099 W ProxyAndroidLoggerBackend: Too many Flogger logs received before configuration. Dropping old logs.
10-23 17:24:15.547 18100 18100 W ProxyAndroidLoggerBackend: Too many Flogger logs received before configuration. Dropping old logs.
10-23 17:24:15.548 18100 31097 W ProxyAndroidLoggerBackend: Too many Flogger logs received before configuration. Dropping old logs.
10-23 17:24:15.548 18100 18100 W ProxyAndroidLoggerBackend: Too many Flogger logs received before configuration. Dropping old logs.
10-23 17:24:15.548 18100 18100 W ProxyAndroidLoggerBackend: Too many Flogger logs received before configuration. Dropping old logs.
10-23 17:24:15.549 18100 31097 W ProxyAndroidLoggerBackend: Too many Flogger logs received before configuration. Dropping old logs.
10-23 17:24:15.549 18100 31097 W ProxyAndroidLoggerBackend: Too many Flogger logs received before configuration. Dropping old logs.
10-23 17:24:15.550 18100 18100 W ProxyAndroidLoggerBackend: Too many Flogger logs received before configuration. Dropping old logs.
10-23 17:24:15.550 18100 18100 W ProxyAndroidLoggerBackend: Too many Flogger logs received before configuration. Dropping old logs.
10-23 17:24:15.550 18100 18100 W ProxyAndroidLoggerBackend: Too many Flogger logs received before configuration. Dropping old logs.
10-23 17:24:15.550 18100 18100 W ProxyAndroidLoggerBackend: Too many Flogger logs received before configuration. Dropping old logs.
10-23 17:24:15.551 18100 18100 W ProxyAndroidLoggerBackend: Too many Flogger logs received before configuration. Dropping old logs.
10-23 17:24:15.551 18100 18100 W ProxyAndroidLoggerBackend: Too many Flogger logs received before configuration. Dropping old logs.
10-23 17:24:15.551 18100 18100 W ProxyAndroidLoggerBackend: Too many Flogger logs received before configuration. Dropping old logs.
10-23 17:24:15.571 18100 18100 I Choreographer: Skipped 37 frames!  The application may be doing too much work on its main thread.
10-23 17:24:15.573 18100 18100 D BufferQueueConsumer: [](id:46b400000003,api:0,p:-1,c:18100) connect: controlledByApp=true
10-23 17:24:15.579 18100 30834 I ReactNativeJS: 🔔 [BANNER_DEBUG] ===== NOTIFICATION BANNER EFFECT =====
10-23 17:24:15.579 18100 30834 I ReactNativeJS: '🔔 [BANNER_DEBUG] Banner summary:', { totalNotifications: 50,
10-23 17:24:15.579 18100 30834 I ReactNativeJS:   currentlyVisible: false,
10-23 17:24:15.579 18100 30834 I ReactNativeJS:   currentNotification: undefined,
10-23 17:24:15.579 18100 30834 I ReactNativeJS:   shownNotificationsCount: 0,
10-23 17:24:15.579 18100 30834 I ReactNativeJS:   tripCompletedNotifications: 0,
10-23 17:24:15.579 18100 30834 I ReactNativeJS:   unreadTripCompleted: 0 }
10-23 17:24:15.579 18100 30834 I ReactNativeJS: 🚫 [BANNER_DEBUG] ===== BLOCKING COMPLETION NOTIFICATION FROM BANNER =====
10-23 17:24:15.580 18100 30834 I ReactNativeJS: '🚫 [BANNER_DEBUG] Completion notification blocked from banner:', { id: 'c0930979-b31c-4f63-b636-2d97a731c792',
10-23 17:24:15.580 18100 30834 I ReactNativeJS:   type: 'ride_completed',
10-23 17:24:15.580 18100 30834 I ReactNativeJS:   title: 'Trip Completed',
10-23 17:24:15.580 18100 30834 I ReactNativeJS:   rideId: '658b01b1-dc46-470e-a48e-07b8b8e08fa2',
10-23 17:24:15.580 18100 30834 I ReactNativeJS:   bookingId: undefined,
10-23 17:24:15.580 18100 30834 I ReactNativeJS:   fareAmount: 309,
10-23 17:24:15.580 18100 30834 I ReactNativeJS:   reason: 'Should show in full-screen modal only' }
10-23 17:24:15.580 18100 30834 I ReactNativeJS: 📱 [BANNER_DEBUG] ===== BANNER DISPLAY DECISION =====
10-23 17:24:15.581 18100 30834 I ReactNativeJS: 🔔 [BANNER_DEBUG] ===== NOTIFICATION BANNER EFFECT =====
10-23 17:24:15.583 18100 30834 I ReactNativeJS: '🔔 [BANNER_DEBUG] Banner summary:', { totalNotifications: 50,
10-23 17:24:15.583 18100 30834 I ReactNativeJS:   currentlyVisible: false,
10-23 17:24:15.583 18100 30834 I ReactNativeJS:   currentNotification: undefined,
10-23 17:24:15.583 18100 30834 I ReactNativeJS:   shownNotificationsCount: 0,
10-23 17:24:15.583 18100 30834 I ReactNativeJS:   tripCompletedNotifications: 0,
10-23 17:24:15.583 18100 30834 I ReactNativeJS:   unreadTripCompleted: 0 }
10-23 17:24:15.584 18100 30834 I ReactNativeJS: 🚫 [BANNER_DEBUG] ===== BLOCKING COMPLETION NOTIFICATION FROM BANNER =====
10-23 17:24:15.584 18100 30834 I ReactNativeJS: '🚫 [BANNER_DEBUG] Completion notification blocked from banner:', { id: 'c0930979-b31c-4f63-b636-2d97a731c792',
10-23 17:24:15.584 18100 30834 I ReactNativeJS:   type: 'ride_completed',
10-23 17:24:15.584 18100 30834 I ReactNativeJS:   title: 'Trip Completed',
10-23 17:24:15.584 18100 30834 I ReactNativeJS:   rideId: '658b01b1-dc46-470e-a48e-07b8b8e08fa2',
10-23 17:24:15.584 18100 30834 I ReactNativeJS:   bookingId: undefined,
10-23 17:24:15.584 18100 30834 I ReactNativeJS:   fareAmount: 309,
10-23 17:24:15.584 18100 30834 I ReactNativeJS:   reason: 'Should show in full-screen modal only' }
10-23 17:24:15.585 18100 30834 I ReactNativeJS: 📱 [BANNER_DEBUG] ===== BANNER DISPLAY DECISION =====
10-23 17:24:15.588 18100 30834 I ReactNativeJS: 🔔 [BANNER_DEBUG] ===== NOTIFICATION BANNER EFFECT =====
10-23 17:24:15.588 18100 30834 I ReactNativeJS: '🔔 [BANNER_DEBUG] Banner summary:', { totalNotifications: 50,
10-23 17:24:15.588 18100 30834 I ReactNativeJS:   currentlyVisible: false,
10-23 17:24:15.588 18100 30834 I ReactNativeJS:   currentNotification: undefined,
10-23 17:24:15.588 18100 30834 I ReactNativeJS:   shownNotificationsCount: 0,
10-23 17:24:15.588 18100 30834 I ReactNativeJS:   tripCompletedNotifications: 0,
10-23 17:24:15.588 18100 30834 I ReactNativeJS:   unreadTripCompleted: 0 }
10-23 17:24:15.588 18100 30834 I ReactNativeJS: 🚫 [BANNER_DEBUG] ===== BLOCKING COMPLETION NOTIFICATION FROM BANNER =====
10-23 17:24:15.588 18100 30834 I ReactNativeJS: '🚫 [BANNER_DEBUG] Completion notification blocked from banner:', { id: 'c0930979-b31c-4f63-b636-2d97a731c792',
10-23 17:24:15.588 18100 30834 I ReactNativeJS:   type: 'ride_completed',
10-23 17:24:15.588 18100 30834 I ReactNativeJS:   title: 'Trip Completed',
10-23 17:24:15.588 18100 30834 I ReactNativeJS:   rideId: '658b01b1-dc46-470e-a48e-07b8b8e08fa2',
10-23 17:24:15.588 18100 30834 I ReactNativeJS:   bookingId: undefined,
10-23 17:24:15.588 18100 30834 I ReactNativeJS:   fareAmount: 309,
10-23 17:24:15.588 18100 30834 I ReactNativeJS:   reason: 'Should show in full-screen modal only' }
10-23 17:24:15.588 18100 30834 I ReactNativeJS: 📱 [BANNER_DEBUG] ===== BANNER DISPLAY DECISION =====
10-23 17:24:15.589 18100 30834 I ReactNativeJS: 🔔 [BANNER_DEBUG] ===== NOTIFICATION BANNER EFFECT =====
10-23 17:24:15.590 18100 30834 I ReactNativeJS: '🔔 [BANNER_DEBUG] Banner summary:', { totalNotifications: 50,
10-23 17:24:15.590 18100 30834 I ReactNativeJS:   currentlyVisible: false,
10-23 17:24:15.590 18100 30834 I ReactNativeJS:   currentNotification: undefined,
10-23 17:24:15.590 18100 30834 I ReactNativeJS:   shownNotificationsCount: 0,
10-23 17:24:15.590 18100 30834 I ReactNativeJS:   tripCompletedNotifications: 0,
10-23 17:24:15.590 18100 30834 I ReactNativeJS:   unreadTripCompleted: 0 }
10-23 17:24:15.590 18100 30834 I ReactNativeJS: 🚫 [BANNER_DEBUG] ===== BLOCKING COMPLETION NOTIFICATION FROM BANNER =====
10-23 17:24:15.590 18100 30834 I ReactNativeJS: '🚫 [BANNER_DEBUG] Completion notification blocked from banner:', { id: 'c0930979-b31c-4f63-b636-2d97a731c792',
10-23 17:24:15.590 18100 30834 I ReactNativeJS:   type: 'ride_completed',
10-23 17:24:15.590 18100 30834 I ReactNativeJS:   title: 'Trip Completed',
10-23 17:24:15.590 18100 30834 I ReactNativeJS:   rideId: '658b01b1-dc46-470e-a48e-07b8b8e08fa2',
10-23 17:24:15.590 18100 30834 I ReactNativeJS:   bookingId: undefined,
10-23 17:24:15.590 18100 30834 I ReactNativeJS:   fareAmount: 309,
10-23 17:24:15.590 18100 30834 I ReactNativeJS:   reason: 'Should show in full-screen modal only' }
10-23 17:24:15.590 18100 30834 I ReactNativeJS: 📱 [BANNER_DEBUG] ===== BANNER DISPLAY DECISION =====
10-23 17:24:15.591 18100 30834 I ReactNativeJS: 🔔 [BANNER_DEBUG] ===== NOTIFICATION BANNER EFFECT =====
10-23 17:24:15.591 18100 30834 I ReactNativeJS: '🔔 [BANNER_DEBUG] Banner summary:', { totalNotifications: 50,
10-23 17:24:15.591 18100 30834 I ReactNativeJS:   currentlyVisible: false,
10-23 17:24:15.591 18100 30834 I ReactNativeJS:   currentNotification: undefined,
10-23 17:24:15.591 18100 30834 I ReactNativeJS:   shownNotificationsCount: 0,
10-23 17:24:15.591 18100 30834 I ReactNativeJS:   tripCompletedNotifications: 0,
10-23 17:24:15.591 18100 30834 I ReactNativeJS:   unreadTripCompleted: 0 }
10-23 17:24:15.591 18100 30834 I ReactNativeJS: 🚫 [BANNER_DEBUG] ===== BLOCKING COMPLETION NOTIFICATION FROM BANNER =====
10-23 17:24:15.591 18100 30834 I ReactNativeJS: '🚫 [BANNER_DEBUG] Completion notification blocked from banner:', { id: 'c0930979-b31c-4f63-b636-2d97a731c792',
10-23 17:24:15.591 18100 30834 I ReactNativeJS:   type: 'ride_completed',
10-23 17:24:15.591 18100 30834 I ReactNativeJS:   title: 'Trip Completed',
10-23 17:24:15.591 18100 30834 I ReactNativeJS:   rideId: '658b01b1-dc46-470e-a48e-07b8b8e08fa2',
10-23 17:24:15.591 18100 30834 I ReactNativeJS:   bookingId: undefined,
10-23 17:24:15.591 18100 30834 I ReactNativeJS:   fareAmount: 309,
10-23 17:24:15.591 18100 30834 I ReactNativeJS:   reason: 'Should show in full-screen modal only' }
10-23 17:24:15.591 18100 30834 I ReactNativeJS: 📱 [BANNER_DEBUG] ===== BANNER DISPLAY DECISION =====
10-23 17:24:15.592 18100 30834 I ReactNativeJS: 🔔 [BANNER_DEBUG] ===== NOTIFICATION BANNER EFFECT =====
10-23 17:24:15.593 18100 30834 I ReactNativeJS: '🔔 [BANNER_DEBUG] Banner summary:', { totalNotifications: 50,
10-23 17:24:15.593 18100 30834 I ReactNativeJS:   currentlyVisible: false,
10-23 17:24:15.593 18100 30834 I ReactNativeJS:   currentNotification: undefined,
10-23 17:24:15.593 18100 30834 I ReactNativeJS:   shownNotificationsCount: 0,
10-23 17:24:15.593 18100 30834 I ReactNativeJS:   tripCompletedNotifications: 0,
10-23 17:24:15.593 18100 30834 I ReactNativeJS:   unreadTripCompleted: 0 }
10-23 17:24:15.593 18100 30834 I ReactNativeJS: 🚫 [BANNER_DEBUG] ===== BLOCKING COMPLETION NOTIFICATION FROM BANNER =====
10-23 17:24:15.593 18100 30834 I ReactNativeJS: '🚫 [BANNER_DEBUG] Completion notification blocked from banner:', { id: 'c0930979-b31c-4f63-b636-2d97a731c792',
10-23 17:24:15.593 18100 30834 I ReactNativeJS:   type: 'ride_completed',
10-23 17:24:15.593 18100 30834 I ReactNativeJS:   title: 'Trip Completed',
10-23 17:24:15.593 18100 30834 I ReactNativeJS:   rideId: '658b01b1-dc46-470e-a48e-07b8b8e08fa2',
10-23 17:24:15.593 18100 30834 I ReactNativeJS:   bookingId: undefined,
10-23 17:24:15.593 18100 30834 I ReactNativeJS:   fareAmount: 309,
10-23 17:24:15.593 18100 30834 I ReactNativeJS:   reason: 'Should show in full-screen modal only' }
10-23 17:24:15.593 18100 30834 I ReactNativeJS: 📱 [BANNER_DEBUG] ===== BANNER DISPLAY DECISION =====
10-23 17:24:15.598 18100 30834 I ReactNativeJS: 🔔 [BANNER_DEBUG] ===== NOTIFICATION BANNER EFFECT =====
10-23 17:24:15.598 18100 30834 I ReactNativeJS: '🔔 [BANNER_DEBUG] Banner summary:', { totalNotifications: 50,
10-23 17:24:15.598 18100 30834 I ReactNativeJS:   currentlyVisible: false,
10-23 17:24:15.598 18100 30834 I ReactNativeJS:   currentNotification: undefined,
10-23 17:24:15.598 18100 30834 I ReactNativeJS:   shownNotificationsCount: 0,
10-23 17:24:15.598 18100 30834 I ReactNativeJS:   tripCompletedNotifications: 0,
10-23 17:24:15.598 18100 30834 I ReactNativeJS:   unreadTripCompleted: 0 }
10-23 17:24:15.598 18100 30834 I ReactNativeJS: 🚫 [BANNER_DEBUG] ===== BLOCKING COMPLETION NOTIFICATION FROM BANNER =====
10-23 17:24:15.599 18100 30834 I ReactNativeJS: '🚫 [BANNER_DEBUG] Completion notification blocked from banner:', { id: 'c0930979-b31c-4f63-b636-2d97a731c792',
10-23 17:24:15.599 18100 30834 I ReactNativeJS:   type: 'ride_completed',
10-23 17:24:15.599 18100 30834 I ReactNativeJS:   title: 'Trip Completed',
10-23 17:24:15.599 18100 30834 I ReactNativeJS:   rideId: '658b01b1-dc46-470e-a48e-07b8b8e08fa2',
10-23 17:24:15.599 18100 30834 I ReactNativeJS:   bookingId: undefined,
10-23 17:24:15.599 18100 30834 I ReactNativeJS:   fareAmount: 309,
10-23 17:24:15.599 18100 30834 I ReactNativeJS:   reason: 'Should show in full-screen modal only' }
10-23 17:24:15.600 18100 30834 I ReactNativeJS: 📱 [BANNER_DEBUG] ===== BANNER DISPLAY DECISION =====
10-23 17:24:15.601 18100 30834 E ReactNativeJS: 'Error initializing notifications:', { [Error: Make sure to complete the guide at https://docs.expo.dev/push-notifications/fcm-credentials/ : Default FirebaseApp is not initialized in this process com.a1taxi.a1taxicustomer. Make sure to call FirebaseApp.initializeApp(Context) first.] code: 'E_REGISTRATION_FAILED' }
10-23 17:24:15.601  9275 31034 I PhenotypeResourceReader: unable to find any Phenotype resource metadata for com.a1taxi.a1taxicustomer
10-23 17:24:15.604 18100 30835 E unknown:ReactNative: console.error: Error initializing notifications: Error: Make sure to complete the guide at https://docs.expo.dev/push-notifications/fcm-credentials/ : Default FirebaseApp is not initialized in this process com.a1taxi.a1taxicustomer. Make sure to call FirebaseApp.initializeApp(Context) first., js engine: hermes, stack:
10-23 17:24:15.604 18100 30835 E unknown:ReactNative: _construct@1:176663
10-23 17:24:15.604 18100 30835 E unknown:ReactNative: Wrapper@1:176317
10-23 17:24:15.604 18100 30835 E unknown:ReactNative: _callSuper@1:174148
10-23 17:24:15.604 18100 30835 E unknown:ReactNative: SyntheticError@1:175804
10-23 17:24:15.604 18100 30835 E unknown:ReactNative: reactConsoleErrorHandler@1:175415
10-23 17:24:15.604 18100 30835 E unknown:ReactNative: ?anon_0_@1:2338998
10-23 17:24:15.604 18100 30835 E unknown:ReactNative: asyncGeneratorStep@1:606388
10-23 17:24:15.604 18100 30835 E unknown:ReactNative: _throw@1:606693
10-23 17:24:15.604 18100 30835 E unknown:ReactNative: anonymous@1:445791
10-23 17:24:15.604 18100 30835 E unknown:ReactNative: _callTimer@1:444776
10-23 17:24:15.604 18100 30835 E unknown:ReactNative: _callReactNativeMicrotasksPass@1:444920
10-23 17:24:15.604 18100 30835 E unknown:ReactNative: callReactNativeMicrotasks@1:446865
10-23 17:24:15.604 18100 30835 E unknown:ReactNative: __callReactNativeMicrotasks@1:167304
10-23 17:24:15.604 18100 30835 E unknown:ReactNative: anonymous@1:166440
10-23 17:24:15.604 18100 30835 E unknown:ReactNative: __guard@1:167178
10-23 17:24:15.604 18100 30835 E unknown:ReactNative: flushedQueue@1:166351
10-23 17:24:15.616  9275 31035 W GetConfigSnapshotOp: Succeeded but not registered: com.google.android.gms.maps#com.a1taxi.a1taxicustomer [CONTEXT service_id=51 ]
10-23 17:24:15.639 18100 30834 I ReactNativeJS: 🔔 [BANNER_DEBUG] ===== NOTIFICATION BANNER EFFECT =====
10-23 17:24:15.639 18100 30834 I ReactNativeJS: '🔔 [BANNER_DEBUG] Banner summary:', { totalNotifications: 50,
10-23 17:24:15.639 18100 30834 I ReactNativeJS:   currentlyVisible: false,
10-23 17:24:15.639 18100 30834 I ReactNativeJS:   currentNotification: undefined,
10-23 17:24:15.639 18100 30834 I ReactNativeJS:   shownNotificationsCount: 0,
10-23 17:24:15.639 18100 30834 I ReactNativeJS:   tripCompletedNotifications: 0,
10-23 17:24:15.639 18100 30834 I ReactNativeJS:   unreadTripCompleted: 0 }
10-23 17:24:15.639 18100 30834 I ReactNativeJS: 🚫 [BANNER_DEBUG] ===== BLOCKING COMPLETION NOTIFICATION FROM BANNER =====
10-23 17:24:15.639 18100 30834 I ReactNativeJS: '🚫 [BANNER_DEBUG] Completion notification blocked from banner:', { id: 'c0930979-b31c-4f63-b636-2d97a731c792',
10-23 17:24:15.639 18100 30834 I ReactNativeJS:   type: 'ride_completed',
10-23 17:24:15.639 18100 30834 I ReactNativeJS:   title: 'Trip Completed',
10-23 17:24:15.639 18100 30834 I ReactNativeJS:   rideId: '658b01b1-dc46-470e-a48e-07b8b8e08fa2',
10-23 17:24:15.639 18100 30834 I ReactNativeJS:   bookingId: undefined,
10-23 17:24:15.639 18100 30834 I ReactNativeJS:   fareAmount: 309,
10-23 17:24:15.639 18100 30834 I ReactNativeJS:   reason: 'Should show in full-screen modal only' }
10-23 17:24:15.639 18100 30834 I ReactNativeJS: 📱 [BANNER_DEBUG] ===== BANNER DISPLAY DECISION =====
10-23 17:24:15.649  9275 31035 I HeterodyneSyncScheduler: (REDACTED) Scheduling Phenotype for a %s(%d, %s) one off with window [%d, %d] in seconds
10-23 17:24:15.649  9275 31034 I HeterodyneSyncScheduler: (REDACTED) Scheduling Phenotype for a %s(%d, %s) one off with window [%d, %d] in seconds
10-23 17:24:15.652  9275 31034 I PhenotypeResourceReader: unable to find any Phenotype resource metadata for com.a1taxi.a1taxicustomer
10-23 17:24:15.655  9275 31034 I PhenotypeResourceReader: unable to find any Phenotype resource metadata for com.a1taxi.a1taxicustomer
10-23 17:24:15.670 18100 18100 W ProxyAndroidLoggerBackend: Too many Flogger logs received before configuration. Dropping old logs.
10-23 17:24:15.670 18100 18100 W ProxyAndroidLoggerBackend: Too many Flogger logs received before configuration. Dropping old logs.
10-23 17:24:15.670 18100 18100 W ProxyAndroidLoggerBackend: Too many Flogger logs received before configuration. Dropping old logs.
10-23 17:24:15.671 18100 18100 V ImeFocusController: onWindowFocus: com.android.internal.policy.DecorView{dd4be0d V.E...... R......D 0,0-1080,2392}[MainActivity] softInputMode=STATE_UNSPECIFIED|ADJUST_RESIZE
10-23 17:24:15.674  5589  5589 I GoogleInputMethodService: GoogleInputMethodService.onFinishInput():2085 
10-23 17:24:15.674  5589  5589 I Module  : DeviceLockedStatusModuleProvider$Module.updateDeviceLockedStatus():100 repeatCheckTimes = 0, locked = false
10-23 17:24:15.675  5589  5589 I GoogleInputMethodService: GoogleInputMethodService.onStartInput():1346 onStartInput(EditorInfo{EditorInfo{packageName=com.a1taxi.a1taxicustomer, inputType=0, inputTypeString=NULL, enableLearning=false, autoCorrection=false, autoComplete=false, imeOptions=0, privateImeOptions=null, actionName=UNSPECIFIED, actionLabel=null, initialSelStart=-1, initialSelEnd=-1, initialCapsMode=0, label=null, fieldId=0, fieldName=null, extras=null, hintText=null, hintLocales=[]}}, false)
10-23 17:24:15.675  5589  5589 I Module  : DeviceLockedStatusModuleProvider$Module.updateDeviceLockedStatus():100 repeatCheckTimes = 1, locked = false
10-23 17:24:15.698 18100 30834 I ReactNativeJS: 📍 [GPS] Starting live GPS tracking (Uber-style)...
10-23 17:24:15.708 18100 30834 W ReactNativeJS: 🏠 [HOME] ===== RENDERING HOME SCREEN =====
10-23 17:24:15.708 18100 30834 W ReactNativeJS: '🏠 [HOME] currentLocation:', '{"latitude":12.7486447,"longitude":77.8299961,"altitude":774.2999877929688,"accuracy":3.0209999084472656,"altitudeAccuracy":null,"heading":null,"speed":null}'
10-23 17:24:15.708 18100 30834 W ReactNativeJS: '🏠 [HOME] pickupCoords:', '{"latitude":12.7486447,"longitude":77.8299961}'
10-23 17:24:15.709 18100 30834 W ReactNativeJS: '🏠 [HOME] destinationCoords:', 'null'
10-23 17:24:15.710 18100 30834 W ReactNativeJS: '🏠 [HOME] pickupLocation text:', 'PRXJ+F32, Brindavan Nagar, Plot 87, NGGO\'s Colony, Anand Nagar, Hosur, Tamil Nadu 635109, India'
