10-19 16:02:28.715  5589  5589 I KeyboardHeightUtil: KeyboardHeightUtil.calculateMaxKeyboardBodyHeight():50 leave 267 height for app when ime window height:2171, header height:121 and isFullscreenMode:false, so the max keyboard body height is:1783
10-19 16:02:28.715  5589  5589 I KeyboardHeightUtil: KeyboardHeightUtil.calculateMaxKeyboardBodyHeight():50 leave 267 height for app when ime window height:2171, header height:121 and isFullscreenMode:false, so the max keyboard body height is:1783
10-19 16:02:28.715  5589  5589 I AndroidIME: KeyboardViewManager.updateKeyboardBodyViewHolderPaddingBottom():472 Set finalPaddingBottom = 5 while holderPaddingBottom = 5; navigationHeight = 116
10-19 16:02:28.755  5589  5589 I KeyboardViewController: KeyboardViewController.showSelfAndAncestors():636 current view doesn't has the priority com.google.android.libraries.inputmethod.accesspoint.widget.AccessPointsBar{e2c0169 I.E...... .......D 0,0-810,121 #7f0b00a0 app:id/0_resource_name_obfuscated} to show itself, DEFAULT
10-19 16:02:28.766  5589  5589 W TooltipLifecycleManager: TooltipLifecycleManager.dismissTooltips():153 Tooltip with id SUGGESTION_VIEW_EDU_MINI_DIALOG not found in tooltipManager.
10-19 16:02:28.798  5589  5589 I KeyboardModeUtils: KeyboardModeUtils.getKeyboardBottomOffset():435 inch: 0.000000 ydpi: 387.429993 adjustKeyboardBottomByDisplaySize: false currentDensityDpi: 440 defaultDensityDpi: 440 keyboardBottomToScreenPx: 0 keyboardBottomToNavBarPx: -116 navBarHeight: 116
10-19 16:02:28.798  5589  5589 I KeyboardHeightUtil: KeyboardHeightUtil.calculateMaxKeyboardBodyHeight():50 leave 267 height for app when ime window height:2171, header height:121 and isFullscreenMode:false, so the max keyboard body height is:1783
10-19 16:02:28.798  5589  5589 I KeyboardHeightUtil: KeyboardHeightUtil.calculateMaxKeyboardBodyHeight():50 leave 267 height for app when ime window height:2171, header height:121 and isFullscreenMode:false, so the max keyboard body height is:1783
10-19 16:02:28.798  5589  5589 I AndroidIME: KeyboardViewManager.updateKeyboardBodyViewHolderPaddingBottom():472 Set finalPaddingBottom = 5 while holderPaddingBottom = 5; navigationHeight = 116
10-19 16:02:28.837  3458  3458 V InlineSuggestionRenderService: Releasing inline suggestion view host
10-19 16:02:28.852  3458  3458 D BLASTBufferQueue: [VRI[]#443](f:0,a:4) destructor()
10-19 16:02:28.853  3458  3458 D BufferQueueConsumer: [VRI[]#443(BLAST Consumer)443](id:d82000001bb,api:0,p:-1,c:3458) disconnect
10-19 16:02:28.868  3458  3458 V InlineSuggestionRenderService: Removed the inline suggestion from the cache, current size=0
10-19 16:02:29.094  5589  5589 I GoogleInputMethodService: GoogleInputMethodService.onFinishInputView():1571 onFinishInputView(true)
10-19 16:02:29.094  5589  5589 I GlobeKeyExtension: GlobeKeyExtension.onDeactivate():144 
10-19 16:02:29.095  5589  5589 W TooltipLifecycleManager: TooltipLifecycleManager.dismissTooltips():153 Tooltip with id SUGGESTION_VIEW_EDU_MINI_DIALOG not found in tooltipManager.
10-19 16:02:29.095  5589  5589 I VoiceInputManagerWrapper: VoiceInputManagerWrapper.shutdown():131 shutdown()
10-19 16:02:29.096  5589  5589 W TooltipLifecycleManager: TooltipLifecycleManager.dismissTooltips():153 Tooltip with id spell_check_add_to_dictionary not found in tooltipManager.
10-19 16:02:29.098  5589  5589 I InputBundle: InputBundle.consumeEvent():1032 Skip consuming an event as keyboard status is INACTIVE
10-19 16:02:29.102  5589  5589 I AndroidIME: AbstractIme.onDeactivate():216 LatinIme.onDeactivate()
10-19 16:02:29.105  5589  5589 I GoogleInputMethodService: GoogleInputMethodService.onFinishInput():2085 
10-19 16:02:29.106  5589  5589 I Module  : DeviceLockedStatusModuleProvider$Module.updateDeviceLockedStatus():100 repeatCheckTimes = 0, locked = false
10-19 16:02:29.107  5589  5589 I GoogleInputMethodService: GoogleInputMethodService.onStartInput():1346 onStartInput(EditorInfo{EditorInfo{packageName=com.a1taxi.a1taxicustomer, inputType=4003, inputTypeString=Phone, enableLearning=false, autoCorrection=false, autoComplete=false, imeOptions=4000006, privateImeOptions=null, actionName=DONE, actionLabel=null, initialSelStart=0, initialSelEnd=0, initialCapsMode=2000, label=null, fieldId=1479, fieldName=null, extras=Bundle[mParcelledData.dataSize=404], hintText=non-empty, hintLocales=[]}}, false)
10-19 16:02:29.108  5589  5589 I Module  : DeviceLockedStatusModuleProvider$Module.updateDeviceLockedStatus():100 repeatCheckTimes = 1, locked = false
10-19 16:02:29.108  5589  5589 I HardKeyTracker: HardKeyTracker.unregisterKeySequence():221 Unregister key sequence nfz{labelResId=0, callback=gds@fb2e623, lastModifier=0, keyCodes=[57, 57], actions=[1, 0]}
10-19 16:02:29.108  5589  5589 I HardKeyTracker: HardKeyTracker.unregisterKeySequence():221 Unregister key sequence nfz{labelResId=0, callback=gds@99929e, lastModifier=0, keyCodes=[58, 58], actions=[1, 0]}
10-19 16:02:29.110  5589  5589 I GoogleInputMethodService: GoogleInputMethodService.onStartInputView():1439 onStartInputView(EditorInfo{EditorInfo{packageName=com.a1taxi.a1taxicustomer, inputType=4003, inputTypeString=Phone, enableLearning=false, autoCorrection=false, autoComplete=false, imeOptions=4000006, privateImeOptions=null, actionName=DONE, actionLabel=null, initialSelStart=0, initialSelEnd=0, initialCapsMode=2000, label=null, fieldId=1479, fieldName=null, extras=Bundle[{android.support.text.emoji.emojiCompat_metadataVersion=11, androidx.core.view.inputmethod.EditorInfoCompat.STYLUS_HANDWRITING_ENABLED=true, android.support.text.emoji.emojiCompat_replaceAll=false}], hintText=non-empty, hintLocales=[]}}, false)
10-19 16:02:29.110  5589  5589 I KeyboardHeightUtil: KeyboardHeightUtil.getOemKeyboardHeightRatio():108 systemKeyboardHeightRatio:1.000000.
10-19 16:02:29.111  5589  5589 I AndroidIME: InputBundleManager.loadActiveInputBundleId():528 loadActiveInputBundleId: und-Latn-x-phone-number, phone_number
10-19 16:02:29.111  5589  5589 I KeyboardWrapper: KeyboardWrapper.activateKeyboard():581 activateKeyboard(): type=prime, status=INACTIVE, imeDef=mkk{stringId=phone_number, language=und-Latn-x-phone-number, languageTag=und-Latn-x-phone-number, processedConditions={}, className=com.google.android.libraries.inputmethod.ime.DummyIme, label=2132019312, keyEventInterpreter=null, inlineComposing=true, autoCapital=false, announceAutoSelectedCandidate=false, statusIcon=0, indicatorIcon=0, indicatorLabel=null, displayAppCompletions=false, extraValues=mkd{}, processors=mmb@7d3d911, unacceptableMetaKeys=4098, languageSpecificSettings=0, asciiCapable=false, alwaysShowSuggestions=false, useAsciiPasswordKeyboard=false, keyboardGroupDef=mlk@ee31802, phenotypeFlagId=0, localizationLanguageTag=null, supportsInlineSuggestion=false}
10-19 16:02:29.112  5589  5589 I KeyboardManager: KeyboardManager.requestKeyboard():248 Creating keyboard prime, imeId=phone_number, cacheKey=theme,!gsf,!pgsans,!pgsf,!use_system_font,BORDER,FLAVOR_DPI=XXHDPI,GOOGLE_ICONS,KEYBOARD_WIDTH_CATEGORY=NORMAL,KEY_BORDER_SHAPE=1,LIGHT_THEME=false,PHYSICAL_DIAGONAL=5.748144,POPUP,SCREEN_SHORTEST_WIDTH=393,SCREEN_SHORTEST_WIDTH_NO_SCALE=393,XXHDPI,bottom4dp,enable_emoji_kitchen_browse_color_v2=true,enable_google_fonts_icons=true,enable_popup_on_keypress=true,keyboard_redesign_google_sans=true,non_linear_scale,noshadow,overlay_builtin_dynamic_color_dark_base.binarypb:gm3-dark-ff131313-ffffffff-4d9204e36e3ccb6a165e3e3dbe763ce0,roundedchip,silkpopup
10-19 16:02:29.112  5589  5589 I KeyboardWrapper: KeyboardWrapper.onKeyboardReady():224 onKeyboardReady(): type=prime(prime), kb=com.google.android.apps.inputmethod.latin.keyboard.LatinDialKeyboard@ea8fac2
10-19 16:02:29.112  5589  5589 I KeyboardWrapper: KeyboardWrapper.doActivateKeyboard():611 doActivateKeyboard(): prime
10-19 16:02:29.115  5589  6019 I OnDeviceWmrCalculator: OnDeviceWmrCalculator.calculateWmr():94 WMR: 0.0000 (0 / 1)
10-19 16:02:29.128  5589  5589 I KeyboardViewHelper: KeyboardViewHelper.getView():180 Get view with height ratio:1.000000
10-19 16:02:29.151  5589  5589 I KeyboardHeightUtil: KeyboardHeightUtil.calculateMaxKeyboardBodyHeight():50 leave 267 height for app when ime window height:2171, header height:121 and isFullscreenMode:false, so the max keyboard body height is:1783
10-19 16:02:29.151  5589  5589 W TooltipLifecycleManager: TooltipLifecycleManager.dismissTooltips():153 Tooltip with id undo_access_point_promotion_banner not found in tooltipManager.
10-19 16:02:29.152  5589  5589 I KeyboardModeUtils: KeyboardModeUtils.getKeyboardBottomOffset():435 inch: 0.000000 ydpi: 387.429993 adjustKeyboardBottomByDisplaySize: false currentDensityDpi: 440 defaultDensityDpi: 440 keyboardBottomToScreenPx: 0 keyboardBottomToNavBarPx: -116 navBarHeight: 116
10-19 16:02:29.153  5589  5589 I KeyboardHeightUtil: KeyboardHeightUtil.calculateMaxKeyboardBodyHeight():50 leave 267 height for app when ime window height:2171, header height:121 and isFullscreenMode:false, so the max keyboard body height is:1783
10-19 16:02:29.153  5589  5589 I KeyboardHeightUtil: KeyboardHeightUtil.calculateMaxKeyboardBodyHeight():50 leave 267 height for app when ime window height:2171, header height:121 and isFullscreenMode:false, so the max keyboard body height is:1783
10-19 16:02:29.153  5589  5589 I AndroidIME: KeyboardViewManager.updateKeyboardBodyViewHolderPaddingBottom():472 Set finalPaddingBottom = 5 while holderPaddingBottom = 5; navigationHeight = 116
10-19 16:02:29.153  5589  5589 I KeyboardHeightUtil: KeyboardHeightUtil.calculateMaxKeyboardBodyHeight():50 leave 267 height for app when ime window height:2171, header height:121 and isFullscreenMode:false, so the max keyboard body height is:1783
10-19 16:02:29.153  5589  5589 I KeyboardHeightUtil: KeyboardHeightUtil.calculateMaxKeyboardBodyHeight():50 leave 267 height for app when ime window height:2171, header height:121 and isFullscreenMode:false, so the max keyboard body height is:1783
10-19 16:02:29.153  5589  5589 I KeyboardModeUtils: KeyboardModeUtils.getKeyboardBottomOffset():435 inch: 0.000000 ydpi: 387.429993 adjustKeyboardBottomByDisplaySize: false currentDensityDpi: 440 defaultDensityDpi: 440 keyboardBottomToScreenPx: 0 keyboardBottomToNavBarPx: -116 navBarHeight: 116
10-19 16:02:29.153  5589  5589 I KeyboardHeightUtil: KeyboardHeightUtil.calculateMaxKeyboardBodyHeight():50 leave 267 height for app when ime window height:2171, header height:121 and isFullscreenMode:false, so the max keyboard body height is:1783
10-19 16:02:29.153  5589  5589 I KeyboardHeightUtil: KeyboardHeightUtil.calculateMaxKeyboardBodyHeight():50 leave 267 height for app when ime window height:2171, header height:121 and isFullscreenMode:false, so the max keyboard body height is:1783
10-19 16:02:29.153  5589  5589 I AndroidIME: KeyboardViewManager.updateKeyboardBodyViewHolderPaddingBottom():472 Set finalPaddingBottom = 5 while holderPaddingBottom = 5; navigationHeight = 116
10-19 16:02:29.153  5589  5589 I KeyboardHeightUtil: KeyboardHeightUtil.calculateMaxKeyboardBodyHeight():50 leave 267 height for app when ime window height:2171, header height:121 and isFullscreenMode:false, so the max keyboard body height is:1783
10-19 16:02:29.153  5589  5589 I KeyboardHeightUtil: KeyboardHeightUtil.calculateMaxKeyboardBodyHeight():50 leave 267 height for app when ime window height:2171, header height:121 and isFullscreenMode:false, so the max keyboard body height is:1783
10-19 16:02:29.154  5589  5589 I GlobeKeyExtension: GlobeKeyExtension.getKeyboardInitialStates():175 
10-19 16:02:29.154  5589  5589 W Keyboard: Keyboard.getKeyboardViewHelper():609 null helper is returned: keyboardDef=mle{processedConditions={enable_access_points_in_password_number=true, enable_correction_settings_updates=true, layout_9key_split=false, language=en-US, deprecate_long_press_space_for_ime_picker=false, show_suggestion_strip=true, device=phone, expressions=normal}, globalConditions={global_theme_key=theme,!gsf,!pgsans,!pgsf,!use_system_font,BORDER,FLAVOR_DPI=XXHDPI,GOOGLE_ICONS,KEYBOARD_WIDTH_CATEGORY=NORMAL,KEY_BORDER_SHAPE=1,LIGHT_THEME=false,PHYSICAL_DIAGONAL=5.748144,POPUP,SCREEN_SHORTEST_WIDTH=393,SCREEN_SHORTEST_WIDTH_NO_SCALE=393,XXHDPI,bottom4dp,enable_emoji_kitchen_browse_color_v2=true,enable_google_fonts_icons=true,enable_popup_on_keypress=true,keyboard_redesign_google_sans=true,non_linear_scale,noshadow,overlay_builtin_dynamic_color_dark_base.binarypb:gm3-dark-ff131313-ffffffff-4d9204e36e3ccb6a165e3e3dbe763ce0,roundedchip,silkpopup, global_locale=en_US, global_density_dpi=440, global_orientation=1}, className=.latin.keyboard.LatinDialKeyboard, resourceIds=[#0x7f170885], initialStates=0, keyboardViewDefs=[mls{direction=LOCALE, id=#0x7f0b0224, isScalable=false, layoutId=#0x7f0e0500, type=HEADER, touchable=true, defaultShow=true}, mls{direction=null, id=#0x7f0b0224, isScalable=true, layoutId=#0x7f0e0556, type=BODY, touchable=true, defaultShow=true}], persistentStates=0, persistentStatesPrefKey=null, popupBubbleLayoutId=#0x7f0e05f1, recentKeyLayoutId=0, recentKeyPopupLayoutId=0, recentKeyType=null, rememberRecentKey=NONE, sessionStates=0}, type=FLOATING_CANDIDATES, helpersCreated=[lxm@73d36c7, lxm@ab24f4, null, null], context.getResources().getConfiguration(): {1.0 405mcc869mnc [en_US] ldltr sw393dp w393dp h790dp 440dpi nrml long port night finger -keyb/v/h -nav/h winConfig={ mBounds=Rect(0, 0 - 1080, 2392) mAppBounds=Rect(0, 103 - 1080, 2276) mMaxBounds=Rect(0, 0 - 1080, 2392) mDisplayRotation=ROTATION_0 mWindowingMode=fullscreen mActivityType=undefined mAlwaysOnTop=undefined mRotation=ROTATION_0 isEmbedding:false} s.5420 fontWeightAdjustment=0 themeId=2 themeParameter=0 nightModeLevel = -1 typefaceChanged=0.0 ?spacesystem eaMode=1}
10-19 16:02:29.154  5589  5589 W Keyboard: Keyboard.getKeyboardViewHelper():609 null helper is returned: keyboardDef=mle{processedConditions={enable_access_points_in_password_number=true, enable_correction_settings_updates=true, layout_9key_split=false, language=en-US, deprecate_long_press_space_for_ime_picker=false, show_suggestion_strip=true, device=phone, expressions=normal}, globalConditions={global_theme_key=theme,!gsf,!pgsans,!pgsf,!use_system_font,BORDER,FLAVOR_DPI=XXHDPI,GOOGLE_ICONS,KEYBOARD_WIDTH_CATEGORY=NORMAL,KEY_BORDER_SHAPE=1,LIGHT_THEME=false,PHYSICAL_DIAGONAL=5.748144,POPUP,SCREEN_SHORTEST_WIDTH=393,SCREEN_SHORTEST_WIDTH_NO_SCALE=393,XXHDPI,bottom4dp,enable_emoji_kitchen_browse_color_v2=true,enable_google_fonts_icons=true,enable_popup_on_keypress=true,keyboard_redesign_google_sans=true,non_linear_scale,noshadow,overlay_builtin_dynamic_color_dark_base.binarypb:gm3-dark-ff131313-ffffffff-4d9204e36e3ccb6a165e3e3dbe763ce0,roundedchip,silkpopup, global_locale=en_US, global_density_dpi=440, global_orientation=1}, className=.latin.keyboard.LatinDialKeyboard, resourceIds=[#0x7f170885], initialStates=0, keyboardViewDefs=[mls{direction=LOCALE, id=#0x7f0b0224, isScalable=false, layoutId=#0x7f0e0500, type=HEADER, touchable=true, defaultShow=true}, mls{direction=null, id=#0x7f0b0224, isScalable=true, layoutId=#0x7f0e0556, type=BODY, touchable=true, defaultShow=true}], persistentStates=0, persistentStatesPrefKey=null, popupBubbleLayoutId=#0x7f0e05f1, recentKeyLayoutId=0, recentKeyPopupLayoutId=0, recentKeyType=null, rememberRecentKey=NONE, sessionStates=0}, type=WIDGET, helpersCreated=[lxm@73d36c7, lxm@ab24f4, null, null], context.getResources().getConfiguration(): {1.0 405mcc869mnc [en_US] ldltr sw393dp w393dp h790dp 440dpi nrml long port night finger -keyb/v/h -nav/h winConfig={ mBounds=Rect(0, 0 - 1080, 2392) mAppBounds=Rect(0, 103 - 1080, 2276) mMaxBounds=Rect(0, 0 - 1080, 2392) mDisplayRotation=ROTATION_0 mWindowingMode=fullscreen mActivityType=undefined mAlwaysOnTop=undefined mRotation=ROTATION_0 isEmbedding:false} s.5420 fontWeightAdjustment=0 themeId=2 themeParameter=0 nightModeLevel = -1 typefaceChanged=0.0 ?spacesystem eaMode=1}
10-19 16:02:29.155  5589  5589 I AndroidIME: InputBundleManager.startInput():358 startInput() with mlo[keyboardType=prime, payload=null]
10-19 16:02:29.155  5589  5589 I GlobeKeyExtension: GlobeKeyExtension.onActivate():120 
10-19 16:02:29.157  5589  5589 I LanguagePromoExtension: LanguagePromoExtension.checkDisplayPreconditions():174 Not show language promo: exceeds the max display times.
10-19 16:02:29.157  5589  5589 I NewLanguagePromptExtension: NewLanguagePromptExtension.onActivate():189 Not activated NewLanguagePromptExtension: not a normal text input box.
10-19 16:02:29.157  5589  5589 I HardKeyTracker: HardKeyTracker.unregisterKeySequence():221 Unregister key sequence nfz{labelResId=2132020497, callback=cgp@43b6f5d, lastModifier=2, keyCodes=[56], actions=[0]}
10-19 16:02:29.157  5589  5589 I HardKeyTracker: HardKeyTracker.unregisterKeySequence():221 Unregister key sequence nfz{labelResId=2132020497, callback=cgp@b3b30a0, lastModifier=0, keyCodes=[317], actions=[0]}
10-19 16:02:29.157  5589  5589 I HardKeyTracker: HardKeyTracker.registerKeySequence():170 Register key sequence nfz{labelResId=2132020497, callback=cgp@ea0b7ca, lastModifier=2, keyCodes=[56], actions=[0]}
10-19 16:02:29.157  5589  5589 I HardKeyTracker: HardKeyTracker.registerKeySequence():170 Register key sequence nfz{labelResId=2132020497, callback=cgp@34071b1, lastModifier=0, keyCodes=[317], actions=[0]}
10-19 16:02:29.157  5589  5589 I VoiceInputManagerWrapper: VoiceInputManagerWrapper.cancelShutdown():109 cancelShutdown()
10-19 16:02:29.158  5589  5589 I VoiceInputManagerWrapper: VoiceInputManagerWrapper.syncLanguagePacks():121 syncLanguagePacks()
10-19 16:02:29.158  5589  5589 I VoiceInputManager: VoiceInputManager.onKeyboardActivated():1173 onKeyboardActivated() [UD]
10-19 16:02:29.158  5589  6558 I SpeechFactory: SpeechRecognitionFactory.maybeScheduleAutoPackDownloadForFallback():217 maybeScheduleAutoPackDownloadForFallback()
10-19 16:02:29.158  5589  5589 I PkModeUpdater: PkModeUpdater.onActivate():74 onActivate false true
10-19 16:02:29.158  5589  6558 I FallbackOnDeviceRecognitionProvider: FallbackOnDeviceRecognitionProvider.maybeScheduleAutoPackDownload():205 maybeScheduleAutoPackDownload() for language tag en-US
10-19 16:02:29.158  5589  5589 I AccessoryInputModeManager: AccessoryInputModeManager.onModeStarted():318 Accessory input mode started: null
10-19 16:02:29.158  5589  5589 W SupplementaryKeyboardsWrapper: SupplementaryKeyboardsWrapper.deactivateKeyboard():161 keyboard accessory_candidates_consumer is not activated before!
10-19 16:02:29.159  5589  5589 I KeyboardModeUtils: KeyboardModeUtils.getKeyboardBottomOffset():435 inch: 0.000000 ydpi: 387.429993 adjustKeyboardBottomByDisplaySize: false currentDensityDpi: 440 defaultDensityDpi: 440 keyboardBottomToScreenPx: 0 keyboardBottomToNavBarPx: -116 navBarHeight: 116
10-19 16:02:29.159  5589  5589 I KeyboardHeightUtil: KeyboardHeightUtil.calculateMaxKeyboardBodyHeight():50 leave 267 height for app when ime window height:2171, header height:121 and isFullscreenMode:false, so the max keyboard body height is:1783
10-19 16:02:29.159  5589  5589 I KeyboardHeightUtil: KeyboardHeightUtil.calculateMaxKeyboardBodyHeight():50 leave 267 height for app when ime window height:2171, header height:121 and isFullscreenMode:false, so the max keyboard body height is:1783
10-19 16:02:29.159  5589  5589 I AndroidIME: KeyboardViewManager.updateKeyboardBodyViewHolderPaddingBottom():472 Set finalPaddingBottom = 5 while holderPaddingBottom = 5; navigationHeight = 116
10-19 16:02:29.159  5589  5589 I KeyboardHeightUtil: KeyboardHeightUtil.calculateMaxKeyboardBodyHeight():50 leave 267 height for app when ime window height:2171, header height:121 and isFullscreenMode:false, so the max keyboard body height is:1783
10-19 16:02:29.159  5589  5589 I KeyboardHeightUtil: KeyboardHeightUtil.calculateMaxKeyboardBodyHeight():50 leave 267 height for app when ime window height:2171, header height:121 and isFullscreenMode:false, so the max keyboard body height is:1783
10-19 16:02:29.159  5589  5589 W ExtensionWrapper: ExtensionWrapper.setExtensionViewVisibility():811 interface mas is not activate
10-19 16:02:29.160  5589  5589 I Module  : DeviceLockedStatusModuleProvider$Module.updateDeviceLockedStatus():100 repeatCheckTimes = 1, locked = false
10-19 16:02:29.160  5589  5589 I HardKeyTracker: HardKeyTracker.unregisterKeySequence():221 Unregister key sequence nfz{labelResId=2132020501, callback=cgp@393ddfb, lastModifier=2, keyCodes=[48], actions=[0]}
10-19 16:02:29.160  5589  5589 I HardKeyTracker: HardKeyTracker.registerKeySequence():170 Register key sequence nfz{labelResId=2132020501, callback=cgp@870fe70, lastModifier=2, keyCodes=[48], actions=[0]}
10-19 16:02:29.160  5589  5589 I HardKeyTracker: HardKeyTracker.unregisterKeySequence():221 Unregister key sequence nfz{labelResId=2132020501, callback=cgp@23013c4, lastModifier=2, keyCodes=[48], actions=[0]}
10-19 16:02:29.160  5589  5589 I HardKeyTracker: HardKeyTracker.registerKeySequence():170 Register key sequence nfz{labelResId=2132020501, callback=cgp@c96b7a5, lastModifier=2, keyCodes=[48], actions=[0]}
10-19 16:02:29.161  5589  5589 I HardKeyTracker: HardKeyTracker.unregisterKeySequence():221 Unregister key sequence nfz{labelResId=2132020497, callback=cgp@65c2a65, lastModifier=2, keyCodes=[56], actions=[0]}
10-19 16:02:29.161  5589  5589 I HardKeyTracker: HardKeyTracker.unregisterKeySequence():221 Unregister key sequence nfz{labelResId=2132020497, callback=cgp@8a14d48, lastModifier=0, keyCodes=[317], actions=[0]}
10-19 16:02:29.161  5589  5589 I HardKeyTracker: HardKeyTracker.registerKeySequence():170 Register key sequence nfz{labelResId=2132020497, callback=cgp@7527834, lastModifier=2, keyCodes=[56], actions=[0]}
10-19 16:02:29.161  5589  5589 I HardKeyTracker: HardKeyTracker.registerKeySequence():170 Register key sequence nfz{labelResId=2132020497, callback=cgp@5fd54a3, lastModifier=0, keyCodes=[317], actions=[0]}
10-19 16:02:29.162  5589  5589 I HardKeyTracker: HardKeyTracker.unregisterKeySequence():221 Unregister key sequence nfz{labelResId=2132020502, callback=cgp@c1e411d, lastModifier=2, keyCodes=[32], actions=[0]}
10-19 16:02:29.162  5589  5589 I HardKeyTracker: HardKeyTracker.registerKeySequence():170 Register key sequence nfz{labelResId=2132020502, callback=cgp@65899cc, lastModifier=2, keyCodes=[32], actions=[0]}
10-19 16:02:29.163  5589  5589 I HardKeyTracker: HardKeyTracker.unregisterKeySequence():221 Unregister key sequence nfz{labelResId=2132020502, callback=cgp@be69878, lastModifier=2, keyCodes=[32], actions=[0]}
10-19 16:02:29.163  5589  5589 I HardKeyTracker: HardKeyTracker.registerKeySequence():170 Register key sequence nfz{labelResId=2132020502, callback=cgp@d954cc9, lastModifier=2, keyCodes=[32], actions=[0]}
10-19 16:02:29.163  5589  5589 I StylusModule: StylusModule.onUpdateToolType():800 Update tool type = 1
10-19 16:02:29.164  5589  5589 I StylusModule: StylusModule.onUpdateToolType():800 Update tool type = 1
10-19 16:02:29.172  5589  5589 I KeyboardModeUtils: KeyboardModeUtils.getKeyboardBottomOffset():435 inch: 0.000000 ydpi: 387.429993 adjustKeyboardBottomByDisplaySize: false currentDensityDpi: 440 defaultDensityDpi: 440 keyboardBottomToScreenPx: 0 keyboardBottomToNavBarPx: -116 navBarHeight: 116
10-19 16:02:29.172  5589  5589 I KeyboardHeightUtil: KeyboardHeightUtil.calculateMaxKeyboardBodyHeight():50 leave 267 height for app when ime window height:2171, header height:121 and isFullscreenMode:false, so the max keyboard body height is:1783
10-19 16:02:29.172  5589  5589 I KeyboardHeightUtil: KeyboardHeightUtil.calculateMaxKeyboardBodyHeight():50 leave 267 height for app when ime window height:2171, header height:121 and isFullscreenMode:false, so the max keyboard body height is:1783
10-19 16:02:29.172  5589  5589 I AndroidIME: KeyboardViewManager.updateKeyboardBodyViewHolderPaddingBottom():472 Set finalPaddingBottom = 5 while holderPaddingBottom = 5; navigationHeight = 116
10-19 16:02:29.172  5589  5589 I WindowMetricsNotification: WindowMetricsNotification.notifyWithWindow():166 
10-19 16:02:29.172  5589  5589 I WindowMetricsNotification: WindowMetricsNotification.notify():159 pfu[bounds=Rect(0, 105 - 1080, 2392), insets=Rect(0, 0 - 0, 116), densityDpi=440, smallestScreenWidthDp=393, displayWidth=1080, displayHeight=2392, xdpi=387.43, ydpi=387.43, isTrustable=true, displayId=0]; DisplayMetrics{density=2.75, width=1080, height=2392, scaledDensity=2.75, xdpi=387.43, ydpi=387.43}
10-19 16:02:29.184  5589  5589 I StylusModule: StylusModule.onUpdateToolType():800 Update tool type = 1
10-19 16:02:29.185  5589  5589 I GoogleInputMethodService: GoogleInputMethodService$1.onKeyboardViewShown():325 onKeyboardViewShown: keyboardType=prime, keyboardViewType=HEADER keyboardView=com.google.android.libraries.inputmethod.widgets.SoftKeyboardView{fb9ff15 V.E...... ........ 0,0-1080,121}
10-19 16:02:29.185  5589  5589 I KeyboardHeightUtil: KeyboardHeightUtil.calculateMaxKeyboardBodyHeight():50 leave 267 height for app when ime window height:2171, header height:121 and isFullscreenMode:false, so the max keyboard body height is:1783
10-19 16:02:29.187  5589  5589 I GoogleInputMethodService: GoogleInputMethodService$1.onKeyboardViewShown():325 onKeyboardViewShown: keyboardType=prime, keyboardViewType=BODY keyboardView=com.google.android.libraries.inputmethod.widgets.SoftKeyboardView{7d38419 V.E...... ........ 0,0-1080,580}
10-19 16:02:29.188  5589  5589 I KeyboardHeightUtil: KeyboardHeightUtil.calculateMaxKeyboardBodyHeight():50 leave 267 height for app when ime window height:2171, header height:121 and isFullscreenMode:false, so the max keyboard body height is:1783
10-19 16:02:29.189  5589  5589 I GlobeKeyExtension: GlobeKeyExtension$1.onKeyboardViewShown():72 maybeDisableLanguageSwitchKeyPref when the keyboard is shown
10-19 16:02:29.190  5589  5589 I GlobeKeyExtension: GlobeKeyExtension.maybeDisableLanguageSwitchKeyPref():200 maybeDisableLanguageSwitchKeyPref hasGlobeKeyBeenDisabled: false, shouldDisableLanguageSwitchKey: false
10-19 16:02:29.190  5589  5589 I NewLanguagePromptExtension: NewLanguagePromptExtension$1.onKeyboardViewShown():88 Not show new language banner: not prime keyboard, or the extension not activated.
10-19 16:02:29.190  5589  5589 I KeyboardModeUtils: KeyboardModeUtils.getKeyboardBottomOffset():435 inch: 0.000000 ydpi: 387.429993 adjustKeyboardBottomByDisplaySize: false currentDensityDpi: 440 defaultDensityDpi: 440 keyboardBottomToScreenPx: 0 keyboardBottomToNavBarPx: -116 navBarHeight: 116
10-19 16:02:29.190  5589  5589 I KeyboardHeightUtil: KeyboardHeightUtil.calculateMaxKeyboardBodyHeight():50 leave 267 height for app when ime window height:2171, header height:121 and isFullscreenMode:false, so the max keyboard body height is:1783
10-19 16:02:29.190  5589  5589 I KeyboardHeightUtil: KeyboardHeightUtil.calculateMaxKeyboardBodyHeight():50 leave 267 height for app when ime window height:2171, header height:121 and isFullscreenMode:false, so the max keyboard body height is:1783
10-19 16:02:29.191  5589  5589 I AndroidIME: KeyboardViewManager.updateKeyboardBodyViewHolderPaddingBottom():472 Set finalPaddingBottom = 5 while holderPaddingBottom = 5; navigationHeight = 116
10-19 16:02:29.193  3458  3458 V InlinePresentationRendererServiceImpl: onRenderSuggestion: width=-2, height=-2
10-19 16:02:29.196  3458  3458 V InlineSuggestionRenderService: width=-2, height=-2, measuredSize=476x121
10-19 16:02:29.208  3458  3458 V InlinePresentationRendererServiceImpl: onRenderSuggestion: width=-2, height=-2
10-19 16:02:29.210  3458  3458 V InlineSuggestionRenderService: width=-2, height=-2, measuredSize=472x121
10-19 16:02:29.223  3458  3458 D ViewRootImpl: AppSizeAfterRelayout, size: Point(476, 121), rotation: ROTATION_0
10-19 16:02:29.223  3458  3458 D BufferQueueConsumer: [](id:d82000001bc,api:0,p:-1,c:3458) connect: controlledByApp=false
10-19 16:02:29.223  3458  3458 D BLASTBufferQueue: [VRI[]#444](f:0,a:0) constructor()
10-19 16:02:29.223  3458  3458 D BLASTBufferQueue: [VRI[]#444](f:0,a:0) update width=476 height=121 format=-2 mTransformHint=0
10-19 16:02:29.224  1870  1976 D AutofillSession: onShown(): 2, 1
10-19 16:02:29.227  3458  3458 D ViewRootImpl: AppSizeAfterRelayout, size: Point(472, 121), rotation: ROTATION_0
10-19 16:02:29.229  3458 31463 D BLASTBufferQueue: [VRI[]#444](f:0,a:1) acquireNextBufferLocked size=476x121 mFrameNumber=1 applyTransaction=true mTimestamp=633319780537670(auto) mPendingTransactions.size=0 graphicBufferId=14851996912676 transform=0
10-19 16:02:29.230  3458  3458 D BufferQueueConsumer: [](id:d82000001bd,api:0,p:-1,c:3458) connect: controlledByApp=false
10-19 16:02:29.230  3458  3458 D BLASTBufferQueue: [VRI[]#445](f:0,a:0) constructor()
10-19 16:02:29.230  3458  3458 D BLASTBufferQueue: [VRI[]#445](f:0,a:0) update width=472 height=121 format=-2 mTransformHint=0
10-19 16:02:29.237  3458 31463 D BLASTBufferQueue: [VRI[]#445](f:0,a:1) acquireNextBufferLocked size=472x121 mFrameNumber=1 applyTransaction=true mTimestamp=633319787945055(auto) mPendingTransactions.size=0 graphicBufferId=14851996912683 transform=0
10-19 16:02:29.240  5589  5589 I ProactiveSuggestionsHolderManager: ProactiveSuggestionsHolderManager$2.display():195 Requesting to show proactive suggestions: AUTO_FILL PREEMPTIVE_WITH_SUPPRESSION
10-19 16:02:29.244  5589  5589 D BufferQueueConsumer: [](id:15d5000007e1,api:0,p:-1,c:5589) connect: controlledByApp=false
10-19 16:02:29.244  5589  5589 D BLASTBufferQueue: [SurfaceView[InputMethod]#2017](f:0,a:0) constructor()
10-19 16:02:29.244  5589  5589 D BLASTBufferQueue: [SurfaceView[InputMethod]#2017](f:0,a:0) update width=770 height=121 format=-2 mTransformHint=0
10-19 16:02:29.251  1870  2895 D BatteryStatsService: noteVideoSurfaceChanged  noteWhich: 49,arg1: 770, arg2: 121, arg3: 5589, arg4: 101666, name: com.google.android.inputmethod.latin
10-19 16:02:29.257  5589  5589 I ProactiveSuggestionsHolderManager: ProactiveSuggestionsHolderManager$Holder.setSuggestionsAndShow():898 succeed to show proactive suggestions AUTO_FILL PREEMPTIVE_WITH_SUPPRESSION
10-19 16:02:29.260  5589  5589 I KeyboardModeUtils: KeyboardModeUtils.getKeyboardBottomOffset():435 inch: 0.000000 ydpi: 387.429993 adjustKeyboardBottomByDisplaySize: false currentDensityDpi: 440 defaultDensityDpi: 440 keyboardBottomToScreenPx: 0 keyboardBottomToNavBarPx: -116 navBarHeight: 116
10-19 16:02:29.260  5589  5589 I KeyboardHeightUtil: KeyboardHeightUtil.calculateMaxKeyboardBodyHeight():50 leave 267 height for app when ime window height:2171, header height:121 and isFullscreenMode:false, so the max keyboard body height is:1783
10-19 16:02:29.260  5589  5589 I KeyboardHeightUtil: KeyboardHeightUtil.calculateMaxKeyboardBodyHeight():50 leave 267 height for app when ime window height:2171, header height:121 and isFullscreenMode:false, so the max keyboard body height is:1783
10-19 16:02:29.260  5589  5589 I AndroidIME: KeyboardViewManager.updateKeyboardBodyViewHolderPaddingBottom():472 Set finalPaddingBottom = 5 while holderPaddingBottom = 5; navigationHeight = 116
10-19 16:02:29.264  5589  5589 D BufferQueueConsumer: [](id:15d5000007e2,api:0,p:-1,c:5589) connect: controlledByApp=false
10-19 16:02:29.265  5589  5589 D BLASTBufferQueue: [SurfaceView[InputMethod]#2018](f:0,a:0) constructor()
10-19 16:02:29.265  5589  5589 D BLASTBufferQueue: [SurfaceView[InputMethod]#2018](f:0,a:0) update width=476 height=121 format=-2 mTransformHint=0
10-19 16:02:29.267  1870  2894 D BatteryStatsService: noteVideoSurfaceChanged  noteWhich: 49,arg1: 476, arg2: 121, arg3: 5589, arg4: 104272, name: com.google.android.inputmethod.latin
10-19 16:02:29.270  5589  5657 D BLASTBufferQueue: [SurfaceView[InputMethod]#2018](f:0,a:1) acquireNextBufferLocked size=476x121 mFrameNumber=1 applyTransaction=true mTimestamp=633319821925978(auto) mPendingTransactions.size=0 graphicBufferId=24004572224283 transform=0
10-19 16:02:29.271  5589  5589 D BufferQueueConsumer: [](id:15d5000007e3,api:0,p:-1,c:5589) connect: controlledByApp=false
10-19 16:02:29.272  5589  5589 D BLASTBufferQueue: [SurfaceView[InputMethod]#2019](f:0,a:0) constructor()
10-19 16:02:29.272  5589  5589 D BLASTBufferQueue: [SurfaceView[InputMethod]#2019](f:0,a:0) update width=472 height=121 format=-2 mTransformHint=0
10-19 16:02:29.274  1870  3776 D BatteryStatsService: noteVideoSurfaceChanged  noteWhich: 49,arg1: 472, arg2: 121, arg3: 5589, arg4: 104274, name: com.google.android.inputmethod.latin
10-19 16:02:29.276  5589  5657 D BLASTBufferQueue: [SurfaceView[InputMethod]#2019](f:0,a:1) acquireNextBufferLocked size=472x121 mFrameNumber=1 applyTransaction=true mTimestamp=633319827909363(auto) mPendingTransactions.size=0 graphicBufferId=24004572224284 transform=0
10-19 16:02:29.278  1870  2895 D BatteryStatsService: noteVideoSurfaceChanged  noteWhich: 49,arg1: 238, arg2: 13, arg3: 5589, arg4: 104272, name: com.google.android.inputmethod.latin
10-19 16:02:29.278  1870  2895 D BatteryStatsService: noteVideoSurfaceChanged  noteWhich: 49,arg1: 236, arg2: 13, arg3: 5589, arg4: 104274, name: com.google.android.inputmethod.latin
10-19 16:02:29.279  1870  2895 D BatteryStatsService: noteVideoSurfaceChanged  noteWhich: 49,arg1: 770, arg2: 121, arg3: 5589, arg4: 101666, name: com.google.android.inputmethod.latin
10-19 16:02:29.283  1870  3776 D BatteryStatsService: noteVideoSurfaceChanged  noteWhich: 49,arg1: 332, arg2: 55, arg3: 5589, arg4: 104272, name: com.google.android.inputmethod.latin
10-19 16:02:29.293  5589  5601 I putmethod.latin: Background concurrent copying GC freed 19MB AllocSpace bytes, 25(1280KB) LOS objects, 49% free, 20MB/40MB, paused 72us,78us total 128.781ms
10-19 16:02:29.297  5589  5602 I BpBinder: onLastStrongRef automatically unlinking death recipients: 
10-19 16:02:29.299  1870  3606 D BatteryStatsService: noteVideoSurfaceChanged  noteWhich: 49,arg1: 372, arg2: 73, arg3: 5589, arg4: 104272, name: com.google.android.inputmethod.latin
10-19 16:02:29.302  5589  5602 I BpBinder: onLastStrongRef automatically unlinking death recipients: 
10-19 16:02:29.304  5589  5602 I BpBinder: onLastStrongRef automatically unlinking death recipients: 
10-19 16:02:29.304  5589  5602 I BpBinder: onLastStrongRef automatically unlinking death recipients: 
10-19 16:02:29.309  5589  5602 I BpBinder: onLastStrongRef automatically unlinking death recipients: 
10-19 16:02:29.316  1870  2671 D BatteryStatsService: noteVideoSurfaceChanged  noteWhich: 49,arg1: 404, arg2: 89, arg3: 5589, arg4: 104272, name: com.google.android.inputmethod.latin
10-19 16:02:29.316  1870  2671 D BatteryStatsService: noteVideoSurfaceChanged  noteWhich: 49,arg1: 288, arg2: 37, arg3: 5589, arg4: 104274, name: com.google.android.inputmethod.latin
10-19 16:02:29.326  5589 10501 W AutoCloseableTracker: AutoCloseableTracker.drainReferenceQueue():98 Cleanup AutoCloseable object that missing the close() call
10-19 16:02:29.326  5589 10501 W AutoCloseableTracker: key
10-19 16:02:29.326  5589 10501 W AutoCloseableTracker: 	at kev.<init>(PG:18)
10-19 16:02:29.326  5589 10501 W AutoCloseableTracker: 	at kfd.<init>(PG:1)
10-19 16:02:29.326  5589 10501 W AutoCloseableTracker: 	at kfb.<init>(PG:2)
10-19 16:02:29.326  5589 10501 W AutoCloseableTracker: 	at com.google.android.keyboard.client.delight5.LanguageIdentifier.<init>(PG:6)
10-19 16:02:29.326  5589 10501 W AutoCloseableTracker: 	at com.google.android.keyboard.client.delight5.LanguageIdentifier.<init>(PG:8)
10-19 16:02:29.326  5589 10501 W AutoCloseableTracker: 	at com.android.inputmethod.latin.spellcheck.AndroidSpellCheckerService.createSession(PG:32)
10-19 16:02:29.326  5589 10501 W AutoCloseableTracker: 	at android.service.textservice.SpellCheckerService$SpellCheckerServiceBinder.getISpellCheckerSession(SpellCheckerService.java:361)
10-19 16:02:29.326  5589 10501 W AutoCloseableTracker: 	at com.android.internal.textservice.ISpellCheckerService$Stub.onTransact(ISpellCheckerService.java:111)
10-19 16:02:29.326  5589 10501 W AutoCloseableTracker: 	at android.os.Binder.execTransactInternal(Binder.java:1566)
10-19 16:02:29.326  5589 10501 W AutoCloseableTracker: 	at android.os.Binder.execTransact(Binder.java:1505)
10-19 16:02:29.335  1870  2894 D BatteryStatsService: noteVideoSurfaceChanged  noteWhich: 49,arg1: 430, arg2: 101, arg3: 5589, arg4: 104272, name: com.google.android.inputmethod.latin
10-19 16:02:29.336  1870  2894 D BatteryStatsService: noteVideoSurfaceChanged  noteWhich: 49,arg1: 330, arg2: 55, arg3: 5589, arg4: 104274, name: com.google.android.inputmethod.latin
10-19 16:02:29.350  1870  2894 D BatteryStatsService: noteVideoSurfaceChanged  noteWhich: 49,arg1: 450, arg2: 109, arg3: 5589, arg4: 104272, name: com.google.android.inputmethod.latin
10-19 16:02:29.351  1870  2894 D BatteryStatsService: noteVideoSurfaceChanged  noteWhich: 49,arg1: 368, arg2: 73, arg3: 5589, arg4: 104274, name: com.google.android.inputmethod.latin
10-19 16:02:29.370  1870  2894 D BatteryStatsService: noteVideoSurfaceChanged  noteWhich: 49,arg1: 466, arg2: 117, arg3: 5589, arg4: 104272, name: com.google.android.inputmethod.latin
10-19 16:02:29.371  1870  2894 D BatteryStatsService: noteVideoSurfaceChanged  noteWhich: 49,arg1: 400, arg2: 89, arg3: 5589, arg4: 104274, name: com.google.android.inputmethod.latin
10-19 16:02:29.385  1870  2671 D BatteryStatsService: noteVideoSurfaceChanged  noteWhich: 49,arg1: 474, arg2: 121, arg3: 5589, arg4: 104272, name: com.google.android.inputmethod.latin
10-19 16:02:29.386  1870  2671 D BatteryStatsService: noteVideoSurfaceChanged  noteWhich: 49,arg1: 426, arg2: 101, arg3: 5589, arg4: 104274, name: com.google.android.inputmethod.latin
10-19 16:02:29.402  1870  2894 D BatteryStatsService: noteVideoSurfaceChanged  noteWhich: 49,arg1: 476, arg2: 121, arg3: 5589, arg4: 104272, name: com.google.android.inputmethod.latin
10-19 16:02:29.403  1870  2894 D BatteryStatsService: noteVideoSurfaceChanged  noteWhich: 49,arg1: 446, arg2: 109, arg3: 5589, arg4: 104274, name: com.google.android.inputmethod.latin
10-19 16:02:29.419  1870  2894 D BatteryStatsService: noteVideoSurfaceChanged  noteWhich: 49,arg1: 462, arg2: 117, arg3: 5589, arg4: 104274, name: com.google.android.inputmethod.latin
10-19 16:02:29.437  1870  3386 D BatteryStatsService: noteVideoSurfaceChanged  noteWhich: 49,arg1: 470, arg2: 121, arg3: 5589, arg4: 104274, name: com.google.android.inputmethod.latin
10-19 16:02:29.453  1870  2671 D BatteryStatsService: noteVideoSurfaceChanged  noteWhich: 49,arg1: 472, arg2: 121, arg3: 5589, arg4: 104274, name: com.google.android.inputmethod.latin
10-19 16:02:29.501 21104 21184 I FusedLocation: (REDACTED) location delivery to %s blocked - too fast
10-19 16:02:29.501 21104 21184 I FusedLocation: (REDACTED) location delivery to %s blocked - too close
10-19 16:02:29.501 21104 21184 I FusedLocation: (REDACTED) location delivery to %s blocked - too close
10-19 16:02:29.502 21104 21184 I FusedLocation: (REDACTED) location delivery to %s blocked - too close
10-19 16:02:29.506 21104 21184 I FusedLocation: (REDACTED) location delivery to %s blocked - too fast
10-19 16:02:29.587 21104 15837 I NearbyPresence: (REDACTED) %s verified [==] new request %s equals to the old request
10-19 16:02:29.884  5720  5865 D SQLiteQueryBuilder: SELECT _id, _data, _size, date_modified, bucket_id, orientation, datetaken FROM images WHERE ((((is_pending=0 AND NOT _modifier=4) OR (is_pending=1 AND lower(_data) NOT REGEXP '.*/\.pending-(\d+)-([^/]+)$' AND owner_package_name IN ( 'com.vivo.widget.gallery' , 'com.vivo.gallery' )))) AND (is_trashed=0) AND (volume_name IN ( 'external_primary' ))) AND (( bucket_id IN ( -1212198981, -1695567127, -53910322, -2140495773, 606811175, 1251957395, 1115488879, 1092149518, 390907738, -1694063856, -803954635, -1690180765, -1816304744, 911081060, -1291404494, -1285319851, -651554454, 151630153, 543621159, -2002206485, 73761835, -1760112825, -71543827, -302991967, -1227671927, -156420408, -1516374533, 1829735780, -1450708494, -506316380, -1341114264, 1114833418, 1152093397, -1733679058, -2131021710, -680697881, 2084439217, -2024679488, -1447456465, 700805465, 991906690, 1345966226, 657155968, 1266435012, -1966306697, -1897284014, -1949680778, 434583847, 990381004, -1526850504, -1612742889, -1273942824, -1004938028, 331203438, 708879003, 255899559, -528275350, -602893060, -1055518229, 545491069, -1716401999, 668104411, -1118657469, 1040014575, 849662899, -174887798, -1292465169, 1101584562, -613830029, -1577375515, -1628155945, -1033534650, -328196774, -2071947861, 805181138, -1104308479, 181789691, 619245019, 616142335, -1829889111, -1578944343, -1809455754, 1690766750, -793566743, 272894235, -435605656, -1858432929, -792464988, -434569360, -1462931038, -879973635, 65759896, -924335728, -1809287853, 1755148769, -223571158, 2126348076, 48382832, 700217390, 630412299, 183872366, 1059985074, -1806957104, -1641691205, -571335571, 1519174419, 1036004452, -2031220924, -1537104433, 1829930144, -745596364, -8122821, 1366741172, 1548299660, 1674287630, -1535937100, 13148420, 1909659649, 264986155, -9482612, 13005089, -2089205090, -1022498075, -919133986, -884178250, -1422443828, -670014994, -2121027476, 2020100714, 489993, 448544941, -2101462868, -261299595, 1172023232, 1278178828, -607125002, -856420653, -1973993346, 1498690426, -1527464249, -1945110980, 395625896, 1909316592, 569711560, -1686988495, 1763470175, -1488038648, 2113906615, -550734493, 85651275, -1964037955, 428383196, -1949793892, 1136101865, 2018234913, -18391924, 1490911920, -884178653, -1170470833, -1215953411, 1077477957, -1198914825, 1461775709, -643464410, 1900774339, 1272506704, -485246563, 1960476238, -1291404897, -1950041765, 1664549270, 2070856141, 1220790880, 359301071, 278762032, 470519460, -924530092, -1382559966, 904275793, 1298630565, 1186223222, -519179321, 232691476, -1684913851, -750954006, 83641895, 1145800364, -2012790048, 1286776387, 397907126, 1330064451, -1804177550, -1809174739, 174397812, 2043613916, -675937132, 1736146008, -1702973091, -1184968074, 1502601919, 1574223589, 445258174, -1682700158, -351293385, 638217523, 2052700512, 949947357, -1318309340, 616722321, -1406249091, 656868479, -402361508, -1410236246, -1193446467, -1415689986, -1935708161, 1786892787, -2041971395, -1087402833, -1809045590, 658433208, 1208185747, 761624307, 250774884, 12344107, -1415495622, 35166595, -175675851, 912551383, -1432612566, 39258592, -131644514, -1950760957, -1022555983, -1656404229, -731336746, 1106324018, 1962141495, -643270046, 133162019, -2075879543, 945165185, -1572118126, 1746875333, -2129001792, -1739773001, -214169408, 1354535744, -1551292529, 581197485, 1732723533, 1456888538, -1448813142, 13311172, -1569520032, -1527994117, 348164313, 1631149349, -242606674, -1914187326, -1445556762, 211087524, -219150656, -1422672119, -1530754818, -1171388910, -2072752055, -1325148867, 361712075, -1730634595, -340891674, 1407102871, 53870456, -508660256, 2028258487, -815228101, -1694937425, -519178918, 1561178453, -1131671344, 1431320847, 2046578077, -781677303, 1291266200, 848578299, -1972390376, -978314959, -1319727662, 943502520, 1028125135, -175466238, 1195992005, 1920382715, 2108277051, 443703009, 675671268, 263662367, -347572232, 183545411, 1450478273, -1879659704, 1957916785, 1976953110, -1157253172, -1407948598, 
10-19 16:02:29.952  5589  5589 W TooltipLifecycleManager: TooltipLifecycleManager.dismissTooltips():153 Tooltip with id SUGGESTION_VIEW_EDU_MINI_DIALOG not found in tooltipManager.
10-19 16:02:29.957  1870  2671 D BatteryStatsService: noteVideoSurfaceChanged  noteWhich: 49,arg1: -1, arg2: -1, arg3: 5589, arg4: 104274, name: com.google.android.inputmethod.latin
10-19 16:02:29.957  5589  5657 E BufferQueueProducer: [SurfaceView[InputMethod]#2019(BLAST Consumer)2019](id:15d5000007e3,api:0,p:-1,c:5589) disconnect: not connected (req=1)
10-19 16:02:29.957  5589  5657 W libEGL  : EGLNativeWindowType 0xb4000077e02330a0 disconnect failed
10-19 16:02:29.958  5589  5589 D BLASTBufferQueue: [SurfaceView[InputMethod]#2019](f:0,a:1) destructor()
10-19 16:02:29.958  5589  5589 D BufferQueueConsumer: [SurfaceView[InputMethod]#2019(BLAST Consumer)2019](id:15d5000007e3,api:0,p:-1,c:5589) disconnect
10-19 16:02:29.960  1870  2671 D BatteryStatsService: noteVideoSurfaceChanged  noteWhich: 49,arg1: -1, arg2: -1, arg3: 5589, arg4: 104272, name: com.google.android.inputmethod.latin
10-19 16:02:29.961  5589  5657 E BufferQueueProducer: [SurfaceView[InputMethod]#2018(BLAST Consumer)2018](id:15d5000007e2,api:0,p:-1,c:5589) disconnect: not connected (req=1)
10-19 16:02:29.961  5589  5657 W libEGL  : EGLNativeWindowType 0xb4000077e0244120 disconnect failed
10-19 16:02:29.961  5589  5589 D BLASTBufferQueue: [SurfaceView[InputMethod]#2018](f:0,a:1) destructor()
10-19 16:02:29.961  5589  5589 D BufferQueueConsumer: [SurfaceView[InputMethod]#2018(BLAST Consumer)2018](id:15d5000007e2,api:0,p:-1,c:5589) disconnect
10-19 16:02:29.963  5589  5589 W TooltipLifecycleManager: TooltipLifecycleManager.dismissTooltips():153 Tooltip with id SUGGESTION_VIEW_EDU_MINI_DIALOG not found in tooltipManager.
10-19 16:02:29.966  5589  5589 I KeyboardModeUtils: KeyboardModeUtils.getKeyboardBottomOffset():435 inch: 0.000000 ydpi: 387.429993 adjustKeyboardBottomByDisplaySize: false currentDensityDpi: 440 defaultDensityDpi: 440 keyboardBottomToScreenPx: 0 keyboardBottomToNavBarPx: -116 navBarHeight: 116
10-19 16:02:29.966  5589  5589 I KeyboardHeightUtil: KeyboardHeightUtil.calculateMaxKeyboardBodyHeight():50 leave 267 height for app when ime window height:2171, header height:121 and isFullscreenMode:false, so the max keyboard body height is:1783
10-19 16:02:29.966  5589  5589 I KeyboardHeightUtil: KeyboardHeightUtil.calculateMaxKeyboardBodyHeight():50 leave 267 height for app when ime window height:2171, header height:121 and isFullscreenMode:false, so the max keyboard body height is:1783
10-19 16:02:29.966  5589  5589 I AndroidIME: KeyboardViewManager.updateKeyboardBodyViewHolderPaddingBottom():472 Set finalPaddingBottom = 5 while holderPaddingBottom = 5; navigationHeight = 116
10-19 16:02:29.971  5589  5589 W TooltipLifecycleManager: TooltipLifecycleManager.dismissTooltips():153 Tooltip with id SUGGESTION_VIEW_EDU_MINI_DIALOG not found in tooltipManager.
10-19 16:02:30.022  1870  2671 D BatteryStatsService: noteVideoSurfaceChanged  noteWhich: 49,arg1: -1, arg2: -1, arg3: 5589, arg4: 101666, name: com.google.android.inputmethod.latin
10-19 16:02:30.022  5589  5589 D BLASTBufferQueue: [SurfaceView[InputMethod]#2017](f:0,a:0) destructor()
10-19 16:02:30.022  5589  5589 D BufferQueueConsumer: [SurfaceView[InputMethod]#2017(BLAST Consumer)2017](id:15d5000007e1,api:0,p:-1,c:5589) disconnect
10-19 16:02:30.034  5589  5589 I KeyboardModeUtils: KeyboardModeUtils.getKeyboardBottomOffset():435 inch: 0.000000 ydpi: 387.429993 adjustKeyboardBottomByDisplaySize: false currentDensityDpi: 440 defaultDensityDpi: 440 keyboardBottomToScreenPx: 0 keyboardBottomToNavBarPx: -116 navBarHeight: 116
10-19 16:02:30.034  5589  5589 I KeyboardHeightUtil: KeyboardHeightUtil.calculateMaxKeyboardBodyHeight():50 leave 267 height for app when ime window height:2171, header height:121 and isFullscreenMode:false, so the max keyboard body height is:1783
10-19 16:02:30.035  5589  5589 I KeyboardHeightUtil: KeyboardHeightUtil.calculateMaxKeyboardBodyHeight():50 leave 267 height for app when ime window height:2171, header height:121 and isFullscreenMode:false, so the max keyboard body height is:1783
10-19 16:02:30.035  5589  5589 I AndroidIME: KeyboardViewManager.updateKeyboardBodyViewHolderPaddingBottom():472 Set finalPaddingBottom = 5 while holderPaddingBottom = 5; navigationHeight = 116
10-19 16:02:30.133  5589  5589 I KeyboardModeUtils: KeyboardModeUtils.getKeyboardBottomOffset():435 inch: 0.000000 ydpi: 387.429993 adjustKeyboardBottomByDisplaySize: false currentDensityDpi: 440 defaultDensityDpi: 440 keyboardBottomToScreenPx: 0 keyboardBottomToNavBarPx: -116 navBarHeight: 116
10-19 16:02:30.133  5589  5589 I KeyboardHeightUtil: KeyboardHeightUtil.calculateMaxKeyboardBodyHeight():50 leave 267 height for app when ime window height:2171, header height:121 and isFullscreenMode:false, so the max keyboard body height is:1783
10-19 16:02:30.133  5589  5589 I KeyboardHeightUtil: KeyboardHeightUtil.calculateMaxKeyboardBodyHeight():50 leave 267 height for app when ime window height:2171, header height:121 and isFullscreenMode:false, so the max keyboard body height is:1783
10-19 16:02:30.133  5589  5589 I AndroidIME: KeyboardViewManager.updateKeyboardBodyViewHolderPaddingBottom():472 Set finalPaddingBottom = 5 while holderPaddingBottom = 5; navigationHeight = 116
10-19 16:02:30.157  5589  5589 W TooltipLifecycleManager: TooltipLifecycleManager.dismissTooltips():153 Tooltip with id SUGGESTION_VIEW_EDU_MINI_DIALOG not found in tooltipManager.
10-19 16:02:30.172  3458  3458 V InlineSuggestionRenderService: Releasing inline suggestion view host
10-19 16:02:30.176  3458  3458 D BLASTBufferQueue: [VRI[]#445](f:0,a:4) destructor()
10-19 16:02:30.176  3458  3458 D BufferQueueConsumer: [VRI[]#445(BLAST Consumer)445](id:d82000001bd,api:0,p:-1,c:3458) disconnect
10-19 16:02:30.182  3458  3458 V InlineSuggestionRenderService: Removed the inline suggestion from the cache, current size=1
10-19 16:02:30.182  3458  3458 V InlineSuggestionRenderService: Releasing inline suggestion view host
10-19 16:02:30.188  3458  3458 D BLASTBufferQueue: [VRI[]#444](f:0,a:4) destructor()
10-19 16:02:30.189  3458  3458 D BufferQueueConsumer: [VRI[]#444(BLAST Consumer)444](id:d82000001bc,api:0,p:-1,c:3458) disconnect
10-19 16:02:30.192  3458  3458 V InlineSuggestionRenderService: Removed the inline suggestion from the cache, current size=0
10-19 16:02:30.435  5589  5589 W TooltipLifecycleManager: TooltipLifecycleManager.dismissTooltips():153 Tooltip with id SUGGESTION_VIEW_EDU_MINI_DIALOG not found in tooltipManager.
