10-23 15:01:17.361 24527 26362 I ReactNativeJS:        vehicle_type: 'hatchback_ac',
10-23 15:01:17.361 24527 26362 I ReactNativeJS:        status: 'online',
10-23 15:01:17.361 24527 26362 I ReactNativeJS:        verified: true },
10-23 15:01:17.361 24527 26362 I ReactNativeJS:      { id: '38ee94d8-ac2d-450e-8084-0bef654546d7',
10-23 15:01:17.361 24527 26362 I ReactNativeJS:        user_id: 'fdd94862-18e4-49d4-b6c0-8b9f73c8ff8c',
10-23 15:01:17.361 24527 26362 I ReactNativeJS:        name: undefined,
10-23 15:01:17.361 24527 26362 I ReactNativeJS:        vehicle_type: 'sedan',
10-23 15:01:17.361 24527 26362 I ReactNativeJS:        status: 'online',
10-23 15:01:17.361 24527 26362 I ReactNativeJS:        verified: true },
10-23 15:01:17.361 24527 26362 I ReactNativeJS:      { id: 'b4613ecf-44b5-49ba-8613-f8993b6db1d6',
10-23 15:01:17.361 24527 26362 I ReactNativeJS:        user_id: '539b06c9-4e24-49a4-b307-3fb3f9dc39da',
10-23 15:01:17.361 24527 26362 I ReactNativeJS:        name: undefined,
10-23 15:01:17.361 24527 26362 I ReactNativeJS:        vehicle_type: 'sedan',
10-23 15:01:17.361 24527 26362 I ReactNativeJS:        status: 'online',
10-23 15:01:17.361 24527 26362 I ReactNativeJS:        verified: true },
10-23 15:01:17.361 24527 26362 I ReactNativeJS:      { id: '631f4ab4-c643-45a8-addd-541595b0fe86',
10-23 15:01:17.361 24527 26362 I ReactNativeJS:        user_id: 'b12c8a48-05b3-475a-b042-4810aee4e918',
10-23 15:01:17.361 24527 26362 I ReactNativeJS:        name: undefined,
10-23 15:01:17.361 24527 26362 I ReactNativeJS:        vehicle_type: 'suv',
10-23 15:01:17.361 24527 26362 I ReactNativeJS:        status: 'online',
10-23 15:01:17.361 24527 26362 I ReactNativeJS:        verified: true },
10-23 15:01:17.361 24527 26362 I ReactNativeJS:      { id: '0330d75a-67b0-4b12-b9b7-22a241af9c57',
10-23 15:01:17.361 24527 26362 I ReactNativeJS:        user_id: 'f5e495f1-75a4-4ce1-bb60-4adfc348b8fc',
10-23 15:01:17.361 24527 26362 I ReactNativeJS:        name: undefined,
10-23 15:01:17.361 24527 26362 I ReactNativeJS:        vehicle_type: 'sedan',
10-23 15:01:17.361 24527 26362 I ReactNativeJS:        status: 'online',
10-23 15:01:17.361 24527 26362 I ReactNativeJS:        verified: true },
10-23 15:01:17.361 24527 26362 I ReactNativeJS:      { id: '058f85df-35b3-4027-81a1-bd52a0df8e4a',
10-23 15:01:17.361 24527 26362 I ReactNativeJS:        user_id: '411ee301-8ffc-4874-86e9-37716951bc4d',
10-23 15:01:17.361 24527 26362 I ReactNativeJS:        name: undefined,
10-23 15:01:17.361 24527 26362 I ReactNativeJS:        vehicle_type: 'suv_ac',
10-23 15:01:17.361 24527 26362 I ReactNativeJS:        status: 'online',
10-23 15:01:17.361 24527 26362 I ReactNativeJS:        verified: true } ] }
10-23 15:01:17.362 24527 26362 I ReactNativeJS: ' [DRIVER-SERVICE] Step 2: Getting locations for user IDs:', [ '16011178-decf-4de3-beae-94ca46ce9258',
10-23 15:01:17.362 24527 26362 I ReactNativeJS:   'ae53a792-6aed-4186-823d-61c34c6defe2',
10-23 15:01:17.362 24527 26362 I ReactNativeJS:   'e6145579-4f5a-439f-b929-fa478580c049',
10-23 15:01:17.362 24527 26362 I ReactNativeJS:   '5d6651c8-2e3f-44e7-b4a1-0056c1d5315b',
10-23 15:01:17.362 24527 26362 I ReactNativeJS:   '6150ee57-77e5-45f7-b6c7-a586f22f2af8',
10-23 15:01:17.362 24527 26362 I ReactNativeJS:   'dc475d27-6167-4695-a014-dcb8d160b4c6',
10-23 15:01:17.362 24527 26362 I ReactNativeJS:   '550e8400-e29b-41d4-a716-446655440001',
10-23 15:01:17.362 24527 26362 I ReactNativeJS:   '550e8400-e29b-41d4-a716-446655440002',
10-23 15:01:17.362 24527 26362 I ReactNativeJS:   '6c03a657-c3e4-466e-b49c-324c2d051ce9',
10-23 15:01:17.362 24527 26362 I ReactNativeJS:   '550e8400-e29b-41d4-a716-446655440003',
10-23 15:01:17.362 24527 26362 I ReactNativeJS:   '550e8400-e29b-41d4-a716-446655440004',
10-23 15:01:17.362 24527 26362 I ReactNativeJS:   '550e8400-e29b-41d4-a716-446655440005',
10-23 15:01:17.362 24527 26362 I ReactNativeJS:   'ed59084b-f517-4da3-814c-a314cdd8b4c6',
10-23 15:01:17.362 24527 26362 I ReactNativeJS:   '892d8e0d-7ca5-4dd8-9979-539f394538f2',
10-23 15:01:17.362 24527 26362 I ReactNativeJS:   'cb735787-e96d-4d1d-9975-c112e75dfabd',
10-23 15:01:17.362 24527 26362 I ReactNativeJS:   'fdd94862-18e4-49d4-b6c0-8b9f73c8ff8c',
10-23 15:01:17.362 24527 26362 I ReactNativeJS:   '539b06c9-4e24-49a4-b307-3fb3f9dc39da',
10-23 15:01:17.362 24527 26362 I ReactNativeJS:   'b12c8a48-05b3-475a-b042-4810aee4e918',
10-23 15:01:17.362 24527 26362 I ReactNativeJS:   'f5e495f1-75a4-4ce1-bb60-4adfc348b8fc',
10-23 15:01:17.362 24527 26362 I ReactNativeJS:   '411ee301-8ffc-4874-86e9-37716951bc4d' ]
10-23 15:01:17.655 24527 26362 I ReactNativeJS: ' [DRIVER-SERVICE] Found locations:', { total: 0, details: [] }
10-23 15:01:17.655 24527 26362 I ReactNativeJS:  [DRIVER-SERVICE] Step 3: Processing drivers with distance calculation...
10-23 15:01:17.655 24527 26362 I ReactNativeJS: ' [DRIVER-SERVICE] Customer coordinates for distance calc:', { lat: 12.7486397,
10-23 15:01:17.655 24527 26362 I ReactNativeJS:   lng: 77.8299251,
10-23 15:01:17.655 24527 26362 I ReactNativeJS:   type: 'number',
10-23 15:01:17.655 24527 26362 I ReactNativeJS:   isValid: true }
10-23 15:01:17.655 24527 26362 I ReactNativeJS:  [DRIVER-SERVICE] Driver 22480cc3-665c-407e-ad8a-8eafde67706b (undefined) skipped: no recent location
10-23 15:01:17.655 24527 26362 I ReactNativeJS:  [DRIVER-SERVICE] Driver 76b66a88-dff9-4965-9e36-8a92023f155d (undefined) skipped: no recent location
10-23 15:01:17.655 24527 26362 I ReactNativeJS:  [DRIVER-SERVICE] Driver 6f55e87b-6558-48df-af8c-d69190918b32 (undefined) skipped: no recent location
10-23 15:01:17.656 24527 26362 I ReactNativeJS:  [DRIVER-SERVICE] Driver 97a4ba58-9431-48e5-ac8f-3472b8357179 (undefined) skipped: no recent location
10-23 15:01:17.656 24527 26362 I ReactNativeJS:  [DRIVER-SERVICE] Driver c568b21d-0975-4388-a9fb-cc00013b6d4f (undefined) skipped: no recent location
10-23 15:01:17.656 24527 26362 I ReactNativeJS:  [DRIVER-SERVICE] Driver 7055c2f9-99fa-4d96-bc6c-079b5cda6f56 (undefined) skipped: no recent location
10-23 15:01:17.656 24527 26362 I ReactNativeJS:  [DRIVER-SERVICE] Driver 770e8400-e29b-41d4-a716-446655440001 (undefined) skipped: no recent location
10-23 15:01:17.656 24527 26362 I ReactNativeJS:  [DRIVER-SERVICE] Driver 770e8400-e29b-41d4-a716-446655440002 (undefined) skipped: no recent location
10-23 15:01:17.656 24527 26362 I ReactNativeJS:  [DRIVER-SERVICE] Driver 43d81d7d-e647-46cf-8599-11f63996b03e (undefined) skipped: no recent location
10-23 15:01:17.656 24527 26362 I ReactNativeJS:  [DRIVER-SERVICE] Driver 770e8400-e29b-41d4-a716-446655440003 (undefined) skipped: no recent location
10-23 15:01:17.656 24527 26362 I ReactNativeJS:  [DRIVER-SERVICE] Driver 770e8400-e29b-41d4-a716-446655440004 (undefined) skipped: no recent location
10-23 15:01:17.656 24527 26362 I ReactNativeJS:  [DRIVER-SERVICE] Driver 770e8400-e29b-41d4-a716-446655440005 (undefined) skipped: no recent location
10-23 15:01:17.656 24527 26362 I ReactNativeJS:  [DRIVER-SERVICE] Driver 707e2d38-7346-4a2e-bddb-e1157475f786 (undefined) skipped: no recent location
10-23 15:01:17.656 24527 26362 I ReactNativeJS:  [DRIVER-SERVICE] Driver 489b94a7-777b-4e11-ba5c-17e0a3173737 (undefined) skipped: no recent location
10-23 15:01:17.656 24527 26362 I ReactNativeJS:  [DRIVER-SERVICE] Driver d7b4a339-2ba5-45ed-a2ec-238548a8eab6 (undefined) skipped: no recent location
10-23 15:01:17.661 24527 26362 I ReactNativeJS:  [DRIVER-SERVICE] Driver 38ee94d8-ac2d-450e-8084-0bef654546d7 (undefined) skipped: no recent location
10-23 15:01:17.661 24527 26362 I ReactNativeJS:  [DRIVER-SERVICE] Driver b4613ecf-44b5-49ba-8613-f8993b6db1d6 (undefined) skipped: no recent location
10-23 15:01:17.661 24527 26362 I ReactNativeJS:  [DRIVER-SERVICE] Driver 631f4ab4-c643-45a8-addd-541595b0fe86 (undefined) skipped: no recent location
10-23 15:01:17.661 24527 26362 I ReactNativeJS:  [DRIVER-SERVICE] Driver 0330d75a-67b0-4b12-b9b7-22a241af9c57 (undefined) skipped: no recent location
10-23 15:01:17.661 24527 26362 I ReactNativeJS:  [DRIVER-SERVICE] Driver 058f85df-35b3-4027-81a1-bd52a0df8e4a (undefined) skipped: no recent location
10-23 15:01:17.661 24527 26362 I ReactNativeJS:  [DRIVER-SERVICE] ===== DIRECT DATABASE ACCESS RESULT =====
10-23 15:01:17.661 24527 26362 I ReactNativeJS: ' [DRIVER-SERVICE] Final summary:', { total_drivers_processed: 20,
10-23 15:01:17.661 24527 26362 I ReactNativeJS:   available_drivers_found: 0,
10-23 15:01:17.661 24527 26362 I ReactNativeJS:   customer_location: { lat: 12.7486397, lng: 77.8299251 },
10-23 15:01:17.661 24527 26362 I ReactNativeJS:   radius_km: 10,
10-23 15:01:17.661 24527 26362 I ReactNativeJS:   vehicle_type_filter: 'all (no filter applied)' }
10-23 15:01:17.662 24527 26362 I ReactNativeJS: ' [DRIVER-SERVICE] Polling update:', 0, 'drivers'
10-23 15:01:17.662 24527 26362 I ReactNativeJS: ' [HOME] Received driver locations update:', 0, 'drivers'
10-23 15:01:17.663 24527 26362 W ReactNativeJS:  [HOME] ===== RENDERING HOME SCREEN =====
10-23 15:01:17.663 24527 26362 W ReactNativeJS: ' [HOME] currentLocation:', '{"altitude":771.7999877929688,"heading":0,"altitudeAccuracy":2.132702112197876,"latitude":12.7486272,"speed":0,"longitude":77.8298528,"accuracy":20}'
10-23 15:01:17.663 24527 26362 W ReactNativeJS: ' [HOME] pickupCoords:', '{"latitude":12.7486305,"longitude":77.829852}'
10-23 15:01:17.663 24527 26362 W ReactNativeJS: ' [HOME] destinationCoords:', 'null'
10-23 15:01:17.663 24527 26362 W ReactNativeJS: ' [HOME] pickupLocation text:', 'PRXJ+F32, Brindavan Nagar, Plot 87, NGGO\'s Colony, Anand Nagar, Hosur, Tamil Nadu 635109, India'
10-23 15:01:17.663 24527 26362 W ReactNativeJS: ' [HOME] availableDrivers count:', 0
10-23 15:01:17.663 24527 26362 W ReactNativeJS: ' [HOME] showDriversOnMap:', true
10-23 15:01:17.664 24527 26362 I ReactNativeJS: ' [HOME-V2] ABOUT TO RENDER SimpleHosurMap with props:', { hasUserLocation: true,
10-23 15:01:17.664 24527 26362 I ReactNativeJS:   hasPickup: true,
10-23 15:01:17.664 24527 26362 I ReactNativeJS:   hasDestination: false,
10-23 15:01:17.664 24527 26362 I ReactNativeJS:   showDriversOnMap: true,
10-23 15:01:17.664 24527 26362 I ReactNativeJS:   timestamp: '2025-10-23T09:31:17.663Z' }
10-23 15:01:17.664 24527 26362 I ReactNativeJS:  [SIMPLE-MAP-V2] NEW CODE IS LOADED - VERSION 2.0 
10-23 15:01:17.664 24527 26362 I ReactNativeJS:  [SIMPLE-MAP] ===== RENDERING MAP =====
10-23 15:01:17.664 24527 26362 I ReactNativeJS: ' [SIMPLE-MAP] Props received:', { hasUserLocation: true,
10-23 15:01:17.664 24527 26362 I ReactNativeJS:   hasPickupLocation: true,
10-23 15:01:17.664 24527 26362 I ReactNativeJS:   hasDestinationLocation: false,
10-23 15:01:17.664 24527 26362 I ReactNativeJS:   showCenteredPin: true,
10-23 15:01:17.664 24527 26362 I ReactNativeJS:   userLocation: { latitude: 12.7486272, longitude: 77.8298528 },
10-23 15:01:17.664 24527 26362 I ReactNativeJS:   pickupLocation: { latitude: 12.7486305, longitude: 77.829852 },
10-23 15:01:17.664 24527 26362 I ReactNativeJS:   destinationLocation: null,
10-23 15:01:17.664 24527 26362 I ReactNativeJS:   availableDriversCount: 0,
10-23 15:01:17.664 24527 26362 I ReactNativeJS:   showDrivers: true }
10-23 15:01:17.664 24527 26362 I ReactNativeJS: ' [V3] RENDERING ULTRA-VISIBLE PICKUP MARKER at:', { latitude: 12.7486305, longitude: 77.829852 }
10-23 15:01:17.675 24527 26362 I ReactNativeJS:  [MAP] Smoothly animating to user location
10-23 15:01:17.675 24527 26362 I ReactNativeJS:  [HOME] ===== AVAILABLE DRIVERS STATE CHANGED =====
10-23 15:01:17.675 24527 26362 I ReactNativeJS: ' [HOME] availableDrivers state update:', { count: 0,
10-23 15:01:17.675 24527 26362 I ReactNativeJS:   showDriversOnMap: true,
10-23 15:01:17.675 24527 26362 I ReactNativeJS:   driversPassedToMap: 0,
10-23 15:01:17.675 24527 26362 I ReactNativeJS:   drivers: [] }
10-23 15:01:17.675 24527 26362 I ReactNativeJS:  [HOME] No drivers to pass to map (availableDrivers is empty)
10-23 15:01:17.907 24527 26362 I ReactNativeJS:  Sign out button pressed
10-23 15:01:17.909 24527 24527 W WindowOnBackDispatcher: OnBackInvokedCallback is not enabled for the application.
10-23 15:01:17.909 24527 24527 W WindowOnBackDispatcher: Set 'android:enableOnBackInvokedCallback="true"' in the application manifest.
10-23 15:01:17.971 24527 26362 I ReactNativeJS: ' [DRIVER-SERVICE] Found locations:', { total: 0, details: [] }
10-23 15:01:17.971 24527 26362 I ReactNativeJS:  [DRIVER-SERVICE] Step 3: Processing drivers with distance calculation...
10-23 15:01:17.971 24527 26362 I ReactNativeJS: ' [DRIVER-SERVICE] Customer coordinates for distance calc:', { lat: 12.7486272,
10-23 15:01:17.971 24527 26362 I ReactNativeJS:   lng: 77.8298528,
10-23 15:01:17.971 24527 26362 I ReactNativeJS:   type: 'number',
10-23 15:01:17.971 24527 26362 I ReactNativeJS:   isValid: true }
10-23 15:01:17.971 24527 26362 I ReactNativeJS:  [DRIVER-SERVICE] Driver 22480cc3-665c-407e-ad8a-8eafde67706b (undefined) skipped: no recent location
10-23 15:01:17.971 24527 26362 I ReactNativeJS:  [DRIVER-SERVICE] Driver 76b66a88-dff9-4965-9e36-8a92023f155d (undefined) skipped: no recent location
10-23 15:01:17.971 24527 26362 I ReactNativeJS:  [DRIVER-SERVICE] Driver 6f55e87b-6558-48df-af8c-d69190918b32 (undefined) skipped: no recent location
10-23 15:01:17.971 24527 26362 I ReactNativeJS:  [DRIVER-SERVICE] Driver 97a4ba58-9431-48e5-ac8f-3472b8357179 (undefined) skipped: no recent location
10-23 15:01:17.971 24527 26362 I ReactNativeJS:  [DRIVER-SERVICE] Driver c568b21d-0975-4388-a9fb-cc00013b6d4f (undefined) skipped: no recent location
10-23 15:01:17.971 24527 26362 I ReactNativeJS:  [DRIVER-SERVICE] Driver 7055c2f9-99fa-4d96-bc6c-079b5cda6f56 (undefined) skipped: no recent location
10-23 15:01:17.971 24527 26362 I ReactNativeJS:  [DRIVER-SERVICE] Driver 770e8400-e29b-41d4-a716-446655440001 (undefined) skipped: no recent location
10-23 15:01:17.971 24527 26362 I ReactNativeJS:  [DRIVER-SERVICE] Driver 770e8400-e29b-41d4-a716-446655440002 (undefined) skipped: no recent location
10-23 15:01:17.971 24527 26362 I ReactNativeJS:  [DRIVER-SERVICE] Driver 43d81d7d-e647-46cf-8599-11f63996b03e (undefined) skipped: no recent location
10-23 15:01:17.971 24527 26362 I ReactNativeJS:  [DRIVER-SERVICE] Driver 770e8400-e29b-41d4-a716-446655440003 (undefined) skipped: no recent location
10-23 15:01:17.971 24527 26362 I ReactNativeJS:  [DRIVER-SERVICE] Driver 770e8400-e29b-41d4-a716-446655440004 (undefined) skipped: no recent location
10-23 15:01:17.971 24527 26362 I ReactNativeJS:  [DRIVER-SERVICE] Driver 770e8400-e29b-41d4-a716-446655440005 (undefined) skipped: no recent location
10-23 15:01:17.971 24527 26362 I ReactNativeJS:  [DRIVER-SERVICE] Driver 707e2d38-7346-4a2e-bddb-e1157475f786 (undefined) skipped: no recent location
10-23 15:01:17.971 24527 26362 I ReactNativeJS:  [DRIVER-SERVICE] Driver 489b94a7-777b-4e11-ba5c-17e0a3173737 (undefined) skipped: no recent location
10-23 15:01:17.971 24527 26362 I ReactNativeJS:  [DRIVER-SERVICE] Driver d7b4a339-2ba5-45ed-a2ec-238548a8eab6 (undefined) skipped: no recent location
10-23 15:01:17.971 24527 26362 I ReactNativeJS:  [DRIVER-SERVICE] Driver 38ee94d8-ac2d-450e-8084-0bef654546d7 (undefined) skipped: no recent location
10-23 15:01:17.971 24527 26362 I ReactNativeJS:  [DRIVER-SERVICE] Driver b4613ecf-44b5-49ba-8613-f8993b6db1d6 (undefined) skipped: no recent location
10-23 15:01:17.971 24527 26362 I ReactNativeJS:  [DRIVER-SERVICE] Driver 631f4ab4-c643-45a8-addd-541595b0fe86 (undefined) skipped: no recent location
10-23 15:01:17.971 24527 26362 I ReactNativeJS:  [DRIVER-SERVICE] Driver 0330d75a-67b0-4b12-b9b7-22a241af9c57 (undefined) skipped: no recent location
10-23 15:01:17.971 24527 26362 I ReactNativeJS:  [DRIVER-SERVICE] Driver 058f85df-35b3-4027-81a1-bd52a0df8e4a (undefined) skipped: no recent location
10-23 15:01:17.971 24527 26362 I ReactNativeJS:  [DRIVER-SERVICE] ===== DIRECT DATABASE ACCESS RESULT =====
10-23 15:01:17.972 24527 26362 I ReactNativeJS: ' [DRIVER-SERVICE] Final summary:', { total_drivers_processed: 20,
10-23 15:01:17.972 24527 26362 I ReactNativeJS:   available_drivers_found: 0,
10-23 15:01:17.972 24527 26362 I ReactNativeJS:   customer_location: { lat: 12.7486272, lng: 77.8298528 },
10-23 15:01:17.972 24527 26362 I ReactNativeJS:   radius_km: 10,
10-23 15:01:17.972 24527 26362 I ReactNativeJS:   vehicle_type_filter: 'all (no filter applied)' }
10-23 15:01:17.972 24527 26362 I ReactNativeJS: ' [DRIVER-SERVICE] Initial fetch completed:', 0, 'drivers'
10-23 15:01:17.972 24527 26362 I ReactNativeJS: ' [HOME] Received driver locations update:', 0, 'drivers'
10-23 15:01:17.973 24527 26362 W ReactNativeJS:  [HOME] ===== RENDERING HOME SCREEN =====
10-23 15:01:17.973 24527 26362 W ReactNativeJS: ' [HOME] currentLocation:', '{"altitude":771.7999877929688,"heading":0,"altitudeAccuracy":2.132702112197876,"latitude":12.7486272,"speed":0,"longitude":77.8298528,"accuracy":20}'
10-23 15:01:17.973 24527 26362 W ReactNativeJS: ' [HOME] pickupCoords:', '{"latitude":12.7486305,"longitude":77.829852}'
10-23 15:01:17.973 24527 26362 W ReactNativeJS: ' [HOME] destinationCoords:', 'null'
10-23 15:01:17.973 24527 26362 W ReactNativeJS: ' [HOME] pickupLocation text:', 'PRXJ+F32, Brindavan Nagar, Plot 87, NGGO\'s Colony, Anand Nagar, Hosur, Tamil Nadu 635109, India'
10-23 15:01:17.973 24527 26362 W ReactNativeJS: ' [HOME] availableDrivers count:', 0
10-23 15:01:17.973 24527 26362 W ReactNativeJS: ' [HOME] showDriversOnMap:', true
10-23 15:01:17.974 24527 26362 I ReactNativeJS: ' [HOME-V2] ABOUT TO RENDER SimpleHosurMap with props:', { hasUserLocation: true,
10-23 15:01:17.974 24527 26362 I ReactNativeJS:   hasPickup: true,
10-23 15:01:17.974 24527 26362 I ReactNativeJS:   hasDestination: false,
10-23 15:01:17.974 24527 26362 I ReactNativeJS:   showDriversOnMap: true,
10-23 15:01:17.974 24527 26362 I ReactNativeJS:   timestamp: '2025-10-23T09:31:17.973Z' }
10-23 15:01:17.974 24527 26362 I ReactNativeJS:  [SIMPLE-MAP-V2] NEW CODE IS LOADED - VERSION 2.0 
10-23 15:01:17.974 24527 26362 I ReactNativeJS:  [SIMPLE-MAP] ===== RENDERING MAP =====
10-23 15:01:17.974 24527 26362 I ReactNativeJS: ' [SIMPLE-MAP] Props received:', { hasUserLocation: true,
10-23 15:01:17.974 24527 26362 I ReactNativeJS:   hasPickupLocation: true,
10-23 15:01:17.974 24527 26362 I ReactNativeJS:   hasDestinationLocation: false,
10-23 15:01:17.974 24527 26362 I ReactNativeJS:   showCenteredPin: true,
10-23 15:01:17.974 24527 26362 I ReactNativeJS:   userLocation: { latitude: 12.7486272, longitude: 77.8298528 },
10-23 15:01:17.974 24527 26362 I ReactNativeJS:   pickupLocation: { latitude: 12.7486305, longitude: 77.829852 },
10-23 15:01:17.974 24527 26362 I ReactNativeJS:   destinationLocation: null,
10-23 15:01:17.974 24527 26362 I ReactNativeJS:   availableDriversCount: 0,
10-23 15:01:17.974 24527 26362 I ReactNativeJS:   showDrivers: true }
10-23 15:01:17.974 24527 26362 I ReactNativeJS: ' [V3] RENDERING ULTRA-VISIBLE PICKUP MARKER at:', { latitude: 12.7486305, longitude: 77.829852 }
10-23 15:01:17.976 24527 24527 D ViewRootImpl: AppSizeAfterRelayout, size: Point(1202, 713), rotation: ROTATION_0
10-23 15:01:17.976 24527 24527 D BufferQueueConsumer: [](id:5fcf00000005,api:0,p:-1,c:24527) connect: controlledByApp=false
10-23 15:01:17.976 24527 24527 D BLASTBufferQueue: [VRI[MainActivity]#4](f:0,a:0) constructor()
10-23 15:01:17.976 24527 24527 D BLASTBufferQueue: [VRI[MainActivity]#4](f:0,a:0) update width=1202 height=713 format=-3 mTransformHint=0
10-23 15:01:17.983 24527 26362 I ReactNativeJS:  [MAP] Smoothly animating to user location
10-23 15:01:17.984 24527 26362 I ReactNativeJS:  [HOME] ===== AVAILABLE DRIVERS STATE CHANGED =====
10-23 15:01:17.984 24527 26362 I ReactNativeJS: ' [HOME] availableDrivers state update:', { count: 0,
10-23 15:01:17.984 24527 26362 I ReactNativeJS:   showDriversOnMap: true,
10-23 15:01:17.984 24527 26362 I ReactNativeJS:   driversPassedToMap: 0,
10-23 15:01:17.984 24527 26362 I ReactNativeJS:   drivers: [] }
10-23 15:01:17.984 24527 26362 I ReactNativeJS:  [HOME] No drivers to pass to map (availableDrivers is empty)
10-23 15:01:17.987 24527 26331 D BLASTBufferQueue: [VRI[MainActivity]#4](f:0,a:1) acquireNextBufferLocked size=1202x713 mFrameNumber=1 applyTransaction=true mTimestamp=816638264309520(auto) mPendingTransactions.size=0 graphicBufferId=105342662869029 transform=0
10-23 15:01:18.574 24527 24527 W WindowOnBackDispatcher: sendCancelIfRunning: isInProgress=false callback=android.view.ViewRootImpl$$ExternalSyntheticLambda11@9b175cd
10-23 15:01:18.574 24527 26362 I ReactNativeJS:  User confirmed sign out
10-23 15:01:18.574 24527 26362 I ReactNativeJS:  Calling signOut function...
10-23 15:01:18.574 24527 26362 I ReactNativeJS:  Starting sign out process...
10-23 15:01:18.579 24527 26331 D HWUI    : endAllActiveAnimators on 0xb4000077801bc190 (RippleDrawable) with handle 0xb4000077d00fb980
10-23 15:01:18.592 24527 24527 W WindowOnBackDispatcher: OnBackInvokedCallback is not enabled for the application.
10-23 15:01:18.592 24527 24527 W WindowOnBackDispatcher: Set 'android:enableOnBackInvokedCallback="true"' in the application manifest.
10-23 15:01:18.594 24527 26876 D BLASTBufferQueue: [VRI[MainActivity]#4](f:0,a:4) destructor()
10-23 15:01:18.594 24527 26876 D BufferQueueConsumer: [VRI[MainActivity]#4(BLAST Consumer)4](id:5fcf00000005,api:0,p:-1,c:24527) disconnect
10-23 15:01:18.631 24527 24527 V ImeFocusController: onWindowFocus: com.android.internal.policy.DecorView{408a178 V.E...... R......D 0,0-1080,2392 aid=0}[MainActivity] softInputMode=STATE_UNSPECIFIED|ADJUST_RESIZE
10-23 15:01:18.636  5589  5589 I GoogleInputMethodService: GoogleInputMethodService.onFinishInput():2085 
10-23 15:01:18.637  5589  5589 I Module  : DeviceLockedStatusModuleProvider$Module.updateDeviceLockedStatus():100 repeatCheckTimes = 0, locked = false
10-23 15:01:18.638  5589  5589 I GoogleInputMethodService: GoogleInputMethodService.onStartInput():1346 onStartInput(EditorInfo{EditorInfo{packageName=com.a1taxi.a1taxicustomer, inputType=0, inputTypeString=NULL, enableLearning=false, autoCorrection=false, autoComplete=false, imeOptions=0, privateImeOptions=null, actionName=UNSPECIFIED, actionLabel=null, initialSelStart=-1, initialSelEnd=-1, initialCapsMode=0, label=null, fieldId=0, fieldName=null, extras=null, hintText=null, hintLocales=[]}}, false)
10-23 15:01:18.639  5589  5589 I Module  : DeviceLockedStatusModuleProvider$Module.updateDeviceLockedStatus():100 repeatCheckTimes = 1, locked = false
10-23 15:01:18.935 24527 26362 W ReactNativeJS: ' [TRIP_NOTIFICATION] Component render, notifications count:', 50
10-23 15:01:18.938 24527 26362 W ReactNativeJS: ' [TRIP_NOTIFICATION] Notifications:', '[{"id":"d7d8686d-95ee-4ce0-97da-ed89564b014b","type":"ride_status_changed","status":"read"},{"id":"755a6269-1daf-4327-ab71-f65e3700bf1a","type":"ride_status_changed","status":"read"},{"id":"500d07b9-07ca-40df-9d4a-3efcf677a117","type":"ride_status_changed","status":"read"},{"id":"df4552cd-e9bc-4e40-a8a0-1270b37737db","type":"booking_completed","status":"read"},{"id":"acb2b80a-267e-4b98-acd0-397461aee537","type":"booking_completed","status":"read"},{"id":"60dbc0b5-662a-48af-b01a-55212f6ac6ea","type":"booking_completed","status":"read"},{"id":"0f408121-1188-4550-9f50-919dcc8a4ed1","type":"booking_completed","status":"read"},{"id":"23052592-9d19-442c-b40f-12b90c3da756","type":"booking_completed","status":"read"},{"id":"c9ff3014-54e3-4b30-9f22-eceee292796b","type":"ride_status_changed","status":"read"},{"id":"879d4bbd-20ad-4253-a1c6-ae7535e7c211","type":"ride_status_changed","status":"read"},{"id":"286129cf-19e6-41fd-b52f-d17334d0d0f9","type":"ride_status_changed","status":"read"},{"id":"b55ac709-48d5-4db2-8246-e23f9bd317ec","type":"ride_completed","status":"read"},{"id":"92abe95d-e47d-48fa-8159-b119f5802710","type":"ride_status_changed","status":"read"},{"id":"73ad244d-a00b-42a9-83e9-97932b9db2d2","type":"ride_status_changed","status":"read"},{"id":"971613ac-8d86-4ab6-8fe5-49c528ca56ee","type":"ride_status_changed","status":"read"},{"id":"49f0f7f9-03d6-4211-b47d-0e7738f190fa","type":"ride_completed","status":"read"},{"id":"6a87c30d-c48d-458c-9b94-32dd5e75ac05","type":"ride_status_changed","status":"read"},{"id":"aee0b7a7-9cb2-4f6b-b53f-fa47642319d0","type":"ride_status_changed","status":"read"},{"id":"6c1d61c3-6cbd-4310-adfe-6d36bc611939","type":"ride_status_changed","status":"read"},{"id":"9d9ab6e7-0357-4305-9ba8-e91c0bb29897","type":"ride_status_changed","status":"read"},{"id":"d952183c-69a7-47dc-a848-d11bc2fff300","type":"ride_cancelled","status":"read"},{"id":"a01d13a8-c95b-4bf1-b0e1-8b2a8e9aaa6b","type":"ride_status_changed","status":"read"},{"id":"5a385bc8-147d-4ac2-834c-305ed9db9a05","type":"ride_completed","status":"read"},{"id":"b9365ade-a3a4-4036-b42f-606b88d5fac9","type":"ride_status_changed","status":"read"},{"id":"b6a2c6b6-bdb4-40ce-a092-25f6dd4ba953","type":"ride_status_changed","status":"read"},{"id":"d850bf94-823f-497a-b292-075abf5b5a59","type":"ride_status_changed","status":"read"},{"id":"5d8275c0-6692-44b3-a4ff-4eabba59873e","type":"ride_status_changed","status":"read"},{"id":"5cfa0487-5d05-42e8-8e92-11a287b3ded0","type":"ride_completed","status":"read"},{"id":"679ed79c-eb21-4609-a2b9-a1d304d4d4ad","type":"ride_status_changed","status":"read"},{"id":"53bb9116-5f1d-445c-94e0-f2e3d9fa3ffe","type":"ride_status_changed","status":"read"},{"id":"4196d3c8-e6dd-4a11-8d40-6771aa06de07","type":"ride_status_changed","status":"read"},{"id":"8d21f749-083a-46d1-9f7e-f7dc5c36ef05","type":"ride_status_changed","status":"read"},{"id":"0a371105-3196-4055-97ad-b230dba42df5","type":"ride_completed","status":"read"},{"id":"9f010555-c90c-447e-83ae-919809ba8350","type":"ride_status_changed","status":"read"},{"id":"84dd0357-20ec-4317-b7bd-7b31515219fb","type":"ride_status_changed","status":"read"},{"id":"caaa4644-cefa-47e6-8c92-60415a52ef4b","type":"ride_status_changed","status":"read"},{"id":"c6e2da1c-f900-47c8-b289-a88c28451f89","type":"ride_status_changed","status":"read"},{"id":"c1a54517-80eb-451d-8fbb-26492459f1c4","type":"ride_status_changed","status":"read"},{"id":"d3a69945-ed73-4db9-84db-77b1013c8fe2","type":"ride_completed","status":"read"},{"id":"8de5daf3-1c41-4bc6-8e2c-c3873b443cbb","type":"ride_status_changed","status":"read"},{"id":"93b3c278-21c8-4094-a13b-ae25cea5afa8","type":"ride_status_changed","status":"read"},{"id":"057c85ff-f0f5-4a15-9e89-de6dc65465a2","type":"ride_status_changed","status":"read"},{"id":"0c757b14-73dc-4cb2-ae18-1eadd9fd89dd","type":"ride_status_changed","status":"read"},{"id":"1aecf168-e878-49f1-a444-e9b29cae4999","type":"ride_completed","status":"read"},{"id":"bfa488a8-af20-42ff-bb01-899b93ad36d5","type":"
10-23 15:01:18.938 24527 26362 I ReactNativeJS: ' [TRIP_NOTIFICATION] Component render - visible:', false, 'notification:', false
10-23 15:01:18.939 24527 26362 W ReactNativeJS:  [HOME] ===== RENDERING HOME SCREEN =====
10-23 15:01:18.939 24527 26362 W ReactNativeJS: ' [HOME] currentLocation:', '{"altitude":771.7999877929688,"heading":0,"altitudeAccuracy":2.132702112197876,"latitude":12.7486272,"speed":0,"longitude":77.8298528,"accuracy":20}'
10-23 15:01:18.939 24527 26362 W ReactNativeJS: ' [HOME] pickupCoords:', '{"latitude":12.7486305,"longitude":77.829852}'
10-23 15:01:18.939 24527 26362 W ReactNativeJS: ' [HOME] destinationCoords:', 'null'
10-23 15:01:18.940 24527 26362 W ReactNativeJS: ' [HOME] pickupLocation text:', 'PRXJ+F32, Brindavan Nagar, Plot 87, NGGO\'s Colony, Anand Nagar, Hosur, Tamil Nadu 635109, India'
10-23 15:01:18.940 24527 26362 W ReactNativeJS: ' [HOME] availableDrivers count:', 0
10-23 15:01:18.940 24527 26362 W ReactNativeJS: ' [HOME] showDriversOnMap:', true
10-23 15:01:18.940 24527 26362 I ReactNativeJS: ' [HOME-V2] ABOUT TO RENDER SimpleHosurMap with props:', { hasUserLocation: true,
10-23 15:01:18.940 24527 26362 I ReactNativeJS:   hasPickup: true,
10-23 15:01:18.940 24527 26362 I ReactNativeJS:   hasDestination: false,
10-23 15:01:18.940 24527 26362 I ReactNativeJS:   showDriversOnMap: true,
10-23 15:01:18.940 24527 26362 I ReactNativeJS:   timestamp: '2025-10-23T09:31:18.940Z' }
10-23 15:01:18.941 24527 26362 I ReactNativeJS:  [SIMPLE-MAP-V2] NEW CODE IS LOADED - VERSION 2.0 
10-23 15:01:18.941 24527 26362 I ReactNativeJS:  [SIMPLE-MAP] ===== RENDERING MAP =====
10-23 15:01:18.941 24527 26362 I ReactNativeJS: ' [SIMPLE-MAP] Props received:', { hasUserLocation: true,
10-23 15:01:18.941 24527 26362 I ReactNativeJS:   hasPickupLocation: true,
10-23 15:01:18.941 24527 26362 I ReactNativeJS:   hasDestinationLocation: false,
10-23 15:01:18.941 24527 26362 I ReactNativeJS:   showCenteredPin: true,
10-23 15:01:18.941 24527 26362 I ReactNativeJS:   userLocation: { latitude: 12.7486272, longitude: 77.8298528 },
10-23 15:01:18.941 24527 26362 I ReactNativeJS:   pickupLocation: { latitude: 12.7486305, longitude: 77.829852 },
10-23 15:01:18.941 24527 26362 I ReactNativeJS:   destinationLocation: null,
10-23 15:01:18.941 24527 26362 I ReactNativeJS:   availableDriversCount: 0,
10-23 15:01:18.941 24527 26362 I ReactNativeJS:   showDrivers: true }
10-23 15:01:18.942 24527 26362 I ReactNativeJS: ' [V3] RENDERING ULTRA-VISIBLE PICKUP MARKER at:', { latitude: 12.7486305, longitude: 77.829852 }
10-23 15:01:18.963 24527 26362 I ReactNativeJS:  [MAP] Smoothly animating to user location
10-23 15:01:18.964 24527 26362 W ReactNativeJS: ' [TRIP_NOTIFICATION] Component render, notifications count:', 50
10-23 15:01:18.964 24527 26362 W ReactNativeJS: ' [TRIP_NOTIFICATION] Notifications:', '[{"id":"d7d8686d-95ee-4ce0-97da-ed89564b014b","type":"ride_status_changed","status":"read"},{"id":"755a6269-1daf-4327-ab71-f65e3700bf1a","type":"ride_status_changed","status":"read"},{"id":"500d07b9-07ca-40df-9d4a-3efcf677a117","type":"ride_status_changed","status":"read"},{"id":"df4552cd-e9bc-4e40-a8a0-1270b37737db","type":"booking_completed","status":"read"},{"id":"acb2b80a-267e-4b98-acd0-397461aee537","type":"booking_completed","status":"read"},{"id":"60dbc0b5-662a-48af-b01a-55212f6ac6ea","type":"booking_completed","status":"read"},{"id":"0f408121-1188-4550-9f50-919dcc8a4ed1","type":"booking_completed","status":"read"},{"id":"23052592-9d19-442c-b40f-12b90c3da756","type":"booking_completed","status":"read"},{"id":"c9ff3014-54e3-4b30-9f22-eceee292796b","type":"ride_status_changed","status":"read"},{"id":"879d4bbd-20ad-4253-a1c6-ae7535e7c211","type":"ride_status_changed","status":"read"},{"id":"286129cf-19e6-41fd-b52f-d17334d0d0f9","type":"ride_status_changed","status":"read"},{"id":"b55ac709-48d5-4db2-8246-e23f9bd317ec","type":"ride_completed","status":"read"},{"id":"92abe95d-e47d-48fa-8159-b119f5802710","type":"ride_status_changed","status":"read"},{"id":"73ad244d-a00b-42a9-83e9-97932b9db2d2","type":"ride_status_changed","status":"read"},{"id":"971613ac-8d86-4ab6-8fe5-49c528ca56ee","type":"ride_status_changed","status":"read"},{"id":"49f0f7f9-03d6-4211-b47d-0e7738f190fa","type":"ride_completed","status":"read"},{"id":"6a87c30d-c48d-458c-9b94-32dd5e75ac05","type":"ride_status_changed","status":"read"},{"id":"aee0b7a7-9cb2-4f6b-b53f-fa47642319d0","type":"ride_status_changed","status":"read"},{"id":"6c1d61c3-6cbd-4310-adfe-6d36bc611939","type":"ride_status_changed","status":"read"},{"id":"9d9ab6e7-0357-4305-9ba8-e91c0bb29897","type":"ride_status_changed","status":"read"},{"id":"d952183c-69a7-47dc-a848-d11bc2fff300","type":"ride_cancelled","status":"read"},{"id":"a01d13a8-c95b-4bf1-b0e1-8b2a8e9aaa6b","type":"ride_status_changed","status":"read"},{"id":"5a385bc8-147d-4ac2-834c-305ed9db9a05","type":"ride_completed","status":"read"},{"id":"b9365ade-a3a4-4036-b42f-606b88d5fac9","type":"ride_status_changed","status":"read"},{"id":"b6a2c6b6-bdb4-40ce-a092-25f6dd4ba953","type":"ride_status_changed","status":"read"},{"id":"d850bf94-823f-497a-b292-075abf5b5a59","type":"ride_status_changed","status":"read"},{"id":"5d8275c0-6692-44b3-a4ff-4eabba59873e","type":"ride_status_changed","status":"read"},{"id":"5cfa0487-5d05-42e8-8e92-11a287b3ded0","type":"ride_completed","status":"read"},{"id":"679ed79c-eb21-4609-a2b9-a1d304d4d4ad","type":"ride_status_changed","status":"read"},{"id":"53bb9116-5f1d-445c-94e0-f2e3d9fa3ffe","type":"ride_status_changed","status":"read"},{"id":"4196d3c8-e6dd-4a11-8d40-6771aa06de07","type":"ride_status_changed","status":"read"},{"id":"8d21f749-083a-46d1-9f7e-f7dc5c36ef05","type":"ride_status_changed","status":"read"},{"id":"0a371105-3196-4055-97ad-b230dba42df5","type":"ride_completed","status":"read"},{"id":"9f010555-c90c-447e-83ae-919809ba8350","type":"ride_status_changed","status":"read"},{"id":"84dd0357-20ec-4317-b7bd-7b31515219fb","type":"ride_status_changed","status":"read"},{"id":"caaa4644-cefa-47e6-8c92-60415a52ef4b","type":"ride_status_changed","status":"read"},{"id":"c6e2da1c-f900-47c8-b289-a88c28451f89","type":"ride_status_changed","status":"read"},{"id":"c1a54517-80eb-451d-8fbb-26492459f1c4","type":"ride_status_changed","status":"read"},{"id":"d3a69945-ed73-4db9-84db-77b1013c8fe2","type":"ride_completed","status":"read"},{"id":"8de5daf3-1c41-4bc6-8e2c-c3873b443cbb","type":"ride_status_changed","status":"read"},{"id":"93b3c278-21c8-4094-a13b-ae25cea5afa8","type":"ride_status_changed","status":"read"},{"id":"057c85ff-f0f5-4a15-9e89-de6dc65465a2","type":"ride_status_changed","status":"read"},{"id":"0c757b14-73dc-4cb2-ae18-1eadd9fd89dd","type":"ride_status_changed","status":"read"},{"id":"1aecf168-e878-49f1-a444-e9b29cae4999","type":"ride_completed","status":"read"},{"id":"bfa488a8-af20-42ff-bb01-899b93ad36d5","type":"
10-23 15:01:18.964 24527 26362 I ReactNativeJS: ' [TRIP_NOTIFICATION] Component render - visible:', false, 'notification:', false
10-23 15:01:18.965 24527 26362 W ReactNativeJS:  [HOME] ===== RENDERING HOME SCREEN =====
10-23 15:01:18.965 24527 26362 W ReactNativeJS: ' [HOME] currentLocation:', '{"altitude":771.7999877929688,"heading":0,"altitudeAccuracy":2.132702112197876,"latitude":12.7486272,"speed":0,"longitude":77.8298528,"accuracy":20}'
10-23 15:01:18.965 24527 26362 W ReactNativeJS: ' [HOME] pickupCoords:', '{"latitude":12.7486305,"longitude":77.829852}'
10-23 15:01:18.965 24527 26362 W ReactNativeJS: ' [HOME] destinationCoords:', 'null'
10-23 15:01:18.965 24527 26362 W ReactNativeJS: ' [HOME] pickupLocation text:', 'PRXJ+F32, Brindavan Nagar, Plot 87, NGGO\'s Colony, Anand Nagar, Hosur, Tamil Nadu 635109, India'
10-23 15:01:18.965 24527 26362 W ReactNativeJS: ' [HOME] availableDrivers count:', 0
10-23 15:01:18.965 24527 26362 W ReactNativeJS: ' [HOME] showDriversOnMap:', true
10-23 15:01:18.965 24527 26362 I ReactNativeJS: ' [HOME-V2] ABOUT TO RENDER SimpleHosurMap with props:', { hasUserLocation: true,
10-23 15:01:18.965 24527 26362 I ReactNativeJS:   hasPickup: true,
10-23 15:01:18.965 24527 26362 I ReactNativeJS:   hasDestination: false,
10-23 15:01:18.965 24527 26362 I ReactNativeJS:   showDriversOnMap: true,
10-23 15:01:18.965 24527 26362 I ReactNativeJS:   timestamp: '2025-10-23T09:31:18.965Z' }
10-23 15:01:18.965 24527 26362 I ReactNativeJS:  [SIMPLE-MAP-V2] NEW CODE IS LOADED - VERSION 2.0 
10-23 15:01:18.965 24527 26362 I ReactNativeJS:  [SIMPLE-MAP] ===== RENDERING MAP =====
10-23 15:01:18.965 24527 26362 I ReactNativeJS: ' [SIMPLE-MAP] Props received:', { hasUserLocation: true,
10-23 15:01:18.965 24527 26362 I ReactNativeJS:   hasPickupLocation: true,
10-23 15:01:18.965 24527 26362 I ReactNativeJS:   hasDestinationLocation: false,
10-23 15:01:18.965 24527 26362 I ReactNativeJS:   showCenteredPin: true,
10-23 15:01:18.965 24527 26362 I ReactNativeJS:   userLocation: { latitude: 12.7486272, longitude: 77.8298528 },
10-23 15:01:18.965 24527 26362 I ReactNativeJS:   pickupLocation: { latitude: 12.7486305, longitude: 77.829852 },
10-23 15:01:18.965 24527 26362 I ReactNativeJS:   destinationLocation: null,
10-23 15:01:18.965 24527 26362 I ReactNativeJS:   availableDriversCount: 0,
10-23 15:01:18.965 24527 26362 I ReactNativeJS:   showDrivers: true }
10-23 15:01:18.965 24527 26362 I ReactNativeJS: ' [V3] RENDERING ULTRA-VISIBLE PICKUP MARKER at:', { latitude: 12.7486305, longitude: 77.829852 }
10-23 15:01:18.977 24527 26362 I ReactNativeJS:  [MAP] Smoothly animating to user location
10-23 15:01:18.979 24527 26362 I ReactNativeJS: ' AuthNavigator - checking auth state:', { user: false,
10-23 15:01:18.979 24527 26362 I ReactNativeJS:   loading: false,
10-23 15:01:18.979 24527 26362 I ReactNativeJS:   segments: '(tabs)/profile',
10-23 15:01:18.979 24527 26362 I ReactNativeJS:   userEmail: undefined,
10-23 15:01:18.979 24527 26362 I ReactNativeJS:   userRole: undefined }
10-23 15:01:18.979 24527 26362 I ReactNativeJS:  Redirecting to login - user not authenticated
10-23 15:01:18.999 24527 26362 I ReactNativeJS:  [HOME] Stopping driver location polling
10-23 15:01:19.000 24527 26362 I ReactNativeJS:  [DRIVER-SERVICE] Stopped driver location polling
10-23 15:01:19.005 24527 26362 I ReactNativeJS:  Sign out completed, redirecting to login...
10-23 15:01:19.005 24527 26362 I ReactNativeJS:  Sign out completed
10-23 15:01:19.006 24527 26362 I ReactNativeJS: ' AuthNavigator - checking auth state:', { user: false,
10-23 15:01:19.006 24527 26362 I ReactNativeJS:   loading: false,
10-23 15:01:19.006 24527 26362 I ReactNativeJS:   segments: 'auth/login',
10-23 15:01:19.006 24527 26362 I ReactNativeJS:   userEmail: undefined,
10-23 15:01:19.006 24527 26362 I ReactNativeJS:   userRole: undefined }
10-23 15:01:19.020 24527 26363 W unknown:ReactNative: Attempt to set local data for view with unknown tag: -1
10-23 15:01:19.020 24527 26363 W unknown:ReactNative: Attempt to set local data for view with unknown tag: -1
10-23 15:01:19.020 24527 26363 W unknown:ReactNative: Attempt to set local data for view with unknown tag: -1
10-23 15:01:19.027 24527 26363 W unknown:ReactNative: Attempt to set local data for view with unknown tag: -1
10-23 15:01:19.028 24527 26363 W unknown:ReactNative: Attempt to set local data for view with unknown tag: -1
10-23 15:01:19.028 24527 26363 W unknown:ReactNative: Attempt to set local data for view with unknown tag: -1
10-23 15:01:19.037 24527 24527 W [RNScreens]: topInsetEnabled prop is not available on Android
10-23 15:01:19.039 24527 24527 W [RNScreens]: topInsetEnabled prop is not available on Android
10-23 15:01:19.046 24527 24527 D Google Android Maps SDK: For capability in capabilities, log:
10-23 15:01:19.046 24527 24527 D Google Android Maps SDK: "AdvancedMarkers: false: Capabilities unavailable without a Map ID."Data-driven styling: false
10-23 15:01:19.053 24527 26711 W ProxyAndroidLoggerBackend: Too many Flogger logs received before configuration. Dropping old logs.
10-23 15:01:19.127 24527 24527 W ProxyAndroidLoggerBackend: Too many Flogger logs received before configuration. Dropping old logs.
10-23 15:01:19.131 24527 24527 W ProxyAndroidLoggerBackend: Too many Flogger logs received before configuration. Dropping old logs.
10-23 15:01:19.137 24527 24527 W ProxyAndroidLoggerBackend: Too many Flogger logs received before configuration. Dropping old logs.
10-23 15:01:19.137 24527 24527 W ProxyAndroidLoggerBackend: Too many Flogger logs received before configuration. Dropping old logs.
10-23 15:01:19.141 24527 24527 W ProxyAndroidLoggerBackend: Too many Flogger logs received before configuration. Dropping old logs.
10-23 15:01:19.141 24527 24527 W ProxyAndroidLoggerBackend: Too many Flogger logs received before configuration. Dropping old logs.
10-23 15:01:19.142 24527 24527 W ProxyAndroidLoggerBackend: Too many Flogger logs received before configuration. Dropping old logs.
10-23 15:01:19.142 24527 24527 W ProxyAndroidLoggerBackend: Too many Flogger logs received before configuration. Dropping old logs.
10-23 15:01:19.236 24527 26363 W unknown:ReactNative: Attempt to set local data for view with unknown tag: -1
10-23 15:01:19.236 24527 26363 W unknown:ReactNative: Attempt to set local data for view with unknown tag: -1
10-23 15:01:19.236 24527 26363 W unknown:ReactNative: Attempt to set local data for view with unknown tag: -1
10-23 15:01:19.236 24527 26363 W unknown:ReactNative: Attempt to set local data for view with unknown tag: -1
10-23 15:01:19.236 24527 26363 W unknown:ReactNative: Attempt to set local data for view with unknown tag: -1
10-23 15:01:19.236 24527 26363 W unknown:ReactNative: Attempt to set local data for view with unknown tag: -1
10-23 15:01:19.244 24527 24527 W [RNScreens]: topInsetEnabled prop is not available on Android
10-23 15:01:19.886 24527 24527 I ImeTracker: com.a1taxi.a1taxicustomer:cf01ce4a: onRequestShow at ORIGIN_CLIENT reason SHOW_SOFT_INPUT fromUser true
10-23 15:01:19.891  5589  5589 I GoogleInputMethodService: GoogleInputMethodService.onFinishInput():2085 
10-23 15:01:19.892  5589  5589 I Module  : DeviceLockedStatusModuleProvider$Module.updateDeviceLockedStatus():100 repeatCheckTimes = 0, locked = false
10-23 15:01:19.892  5589  5589 I GoogleInputMethodService: GoogleInputMethodService.onStartInput():1346 onStartInput(EditorInfo{EditorInfo{packageName=com.a1taxi.a1taxicustomer, inputType=2001, inputTypeString=Normal[CapWords], enableLearning=false, autoCorrection=true, autoComplete=true, imeOptions=8000006, privateImeOptions=null, actionName=DONE, actionLabel=null, initialSelStart=0, initialSelEnd=0, initialCapsMode=2000, label=null, fieldId=1159, fieldName=null, extras=Bundle[mParcelledData.dataSize=404], hintText=non-empty, hintLocales=[]}}, false)
10-23 15:01:19.896  5589  5589 I Module  : DeviceLockedStatusModuleProvider$Module.updateDeviceLockedStatus():100 repeatCheckTimes = 1, locked = false
10-23 15:01:19.901 24527 24527 I AssistStructure: Flattened final assist data: 2536 bytes, containing 1 windows, 16 views
10-23 15:01:19.901  1870  3607 D AutofillSession: createPendingIntent for request 4144
10-23 15:01:19.908 24527 24527 I ImeTracker: com.a1taxi.a1taxicustomer:56b7e4b4: onRequestShow at ORIGIN_CLIENT reason SHOW_SOFT_INPUT fromUser false
10-23 15:01:19.916  5589  5589 I StylusModule: StylusModule.onUpdateToolType():800 Update tool type = 1
10-23 15:01:19.919  5589  5589 I GoogleInputMethodService: GoogleInputMethodService.onStartInputView():1439 onStartInputView(EditorInfo{EditorInfo{packageName=com.a1taxi.a1taxicustomer, inputType=2001, inputTypeString=Normal[CapWords], enableLearning=false, autoCorrection=true, autoComplete=true, imeOptions=8000006, privateImeOptions=null, actionName=DONE, actionLabel=null, initialSelStart=0, initialSelEnd=0, initialCapsMode=2000, label=null, fieldId=1159, fieldName=null, extras=Bundle[{android.support.text.emoji.emojiCompat_metadataVersion=11, androidx.core.view.inputmethod.EditorInfoCompat.STYLUS_HANDWRITING_ENABLED=true, android.support.text.emoji.emojiCompat_replaceAll=false}], hintText=non-empty, hintLocales=[]}}, false)
10-23 15:01:19.926  5589  5589 I KeyboardHeightUtil: KeyboardHeightUtil.getOemKeyboardHeightRatio():108 systemKeyboardHeightRatio:1.000000.
10-23 15:01:19.929  5589  5589 I AndroidIME: InputBundleManager.loadActiveInputBundleId():528 loadActiveInputBundleId: en-US, ime_english_united_states
10-23 15:01:19.932  5589  5589 I AndroidIME: AbstractIme.onActivate():96 LatinIme.onActivate() : EditorInfo = EditorInfo{packageName=com.a1taxi.a1taxicustomer, inputType=2001, inputTypeString=Normal[CapWords], enableLearning=false, autoCorrection=true, autoComplete=true, imeOptions=8000006, privateImeOptions=null, actionName=DONE, actionLabel=null, initialSelStart=0, initialSelEnd=0, initialCapsMode=2000, label=null, fieldId=1159, fieldName=null, extras=Bundle[{android.support.text.emoji.emojiCompat_metadataVersion=11, androidx.core.view.inputmethod.EditorInfoCompat.STYLUS_HANDWRITING_ENABLED=true, android.support.text.emoji.emojiCompat_replaceAll=false}], hintText=non-empty, hintLocales=[]}, IncognitoMode = false, DeviceLocked = false
10-23 15:01:19.936  5589  5589 I InputBundle: InputBundle.consumeEvent():1032 Skip consuming an event as keyboard status is INACTIVE
10-23 15:01:19.941  5589  5589 I Delight5Facilitator: Delight5Facilitator.initializeForIme():740 initializeForIme() : Locale = [en_US], layout = qwerty
10-23 15:01:19.958  5589  5589 I LatinIme: LatinIme.updateEnableInlineSuggestionsOnDecoderSideFlags():1247 inline flag updated to:false
10-23 15:01:19.964  5589  5589 I LatinIme: LatinIme.updateEnableInlineSuggestionsOnDecoderSideFlags():1247 inline flag updated to:false
10-23 15:01:19.988  5589  5589 I InputBundle: InputBundle.consumeEvent():1032 Skip consuming an event as keyboard status is INACTIVE
10-23 15:01:19.988  5589  5589 I LatinIme: LatinIme.resetInputContext():2251 resetInputContext(): reason=1, externalEditsInfo=ExternalEditsInfo{action=0, offset=-1, text=null, originalText=null, edits=null}
10-23 15:01:19.988  5589  5589 I InputBundle: InputBundle.consumeEvent():1032 Skip consuming an event as keyboard status is INACTIVE
10-23 15:01:19.992  5589  5589 I KeyboardWrapper: KeyboardWrapper.activateKeyboard():581 activateKeyboard(): type=prime, status=INACTIVE, imeDef=mkk{stringId=ime_english_united_states, language=en-US, languageTag=en-US, processedConditions={writing_helper_enable_by_word_revert=false, true=true, enable_number_row=true, device=phone, enable_pk_simulator=false}, className=com.google.android.apps.inputmethod.libs.latin5.LatinIme, label=0, keyEventInterpreter=null, inlineComposing=true, autoCapital=true, announceAutoSelectedCandidate=true, statusIcon=0, indicatorIcon=0, indicatorLabel=US, displayAppCompletions=true, extraValues=mkd{#0x7f0b02e0=TypedValue{t=0x3/d=0x0 "com.google.android.apps.inputmethod.libs.latin5.LatinIme"}}, processors=mmb@7d3d911, unacceptableMetaKeys=4098, languageSpecificSettings=0, asciiCapable=true, alwaysShowSuggestions=false, useAsciiPasswordKeyboard=false, keyboardGroupDef=mlk@9ed8bf6, phenotypeFlagId=0, localizationLanguageTag=null, supportsInlineSuggestion=true}
10-23 15:01:19.992  5589  5589 I KeyboardManager: KeyboardManager.requestKeyboard():248 Creating keyboard prime, imeId=ime_english_united_states, cacheKey=theme,!gsf,!pgsans,!pgsf,!use_system_font,BORDER,FLAVOR_DPI=XXHDPI,GOOGLE_ICONS,KEYBOARD_WIDTH_CATEGORY=NORMAL,KEY_BORDER_SHAPE=1,LIGHT_THEME=false,PHYSICAL_DIAGONAL=5.748144,POPUP,SCREEN_SHORTEST_WIDTH=393,SCREEN_SHORTEST_WIDTH_NO_SCALE=393,XXHDPI,bottom4dp,enable_emoji_kitchen_browse_color_v2=true,enable_google_fonts_icons=true,enable_popup_on_keypress=true,keyboard_redesign_google_sans=true,non_linear_scale,noshadow,overlay_builtin_dynamic_color_dark_base.binarypb:gm3-dark-ff131313-ffffffff-4d9204e36e3ccb6a165e3e3dbe763ce0,roundedchip,silkpopup
10-23 15:01:19.994  5589  5589 I KeyboardWrapper: KeyboardWrapper.onKeyboardReady():224 onKeyboardReady(): type=prime(prime), kb=com.google.android.apps.inputmethod.latin.keyboard.LatinPrimeKeyboard@c39dea9
10-23 15:01:19.994  5589  5589 I KeyboardWrapper: KeyboardWrapper.doActivateKeyboard():611 doActivateKeyboard(): prime
10-23 15:01:20.007  9275 28678 W anqe    : Failed to retrieve prediction data. [CONTEXT service_id=177 ]
10-23 15:01:20.007  9275 28678 W anqe    : java.util.concurrent.ExecutionException: fnpd: No active MDD filegroup android-autofill-infinitedata found for the table autofill-domain-predictions-prod-spanner.
10-23 15:01:20.007  9275 28678 W anqe    : 	at gpkb.j(:com.google.android.gms@254031035@25.40.31 (260400-816341114):21)
10-23 15:01:20.007  9275 28678 W anqe    : 	at gpkk.v(:com.google.android.gms@254031035@25.40.31 (260400-816341114):107)
10-23 15:01:20.007  9275 28678 W anqe    : 	at gpkb.get(:com.google.android.gms@254031035@25.40.31 (260400-816341114):2)
10-23 15:01:20.007  9275 28678 W anqe    : 	at anqe.e(:com.google.android.gms@254031035@25.40.31 (260400-816341114):81)
10-23 15:01:20.007  9275 28678 W anqe    : 	at anqe.a(:com.google.android.gms@254031035@25.40.31 (260400-816341114):124)
10-23 15:01:20.007  9275 28678 W anqe    : 	at anno.call(:com.google.android.gms@254031035@25.40.31 (260400-816341114):5)
10-23 15:01:20.007  9275 28678 W anqe    : 	at java.util.concurrent.FutureTask.run(FutureTask.java:317)
10-23 15:01:20.007  9275 28678 W anqe    : 	at bckr.c(:com.google.android.gms@254031035@25.40.31 (260400-816341114):50)
10-23 15:01:20.007  9275 28678 W anqe    : 	at bckr.run(:com.google.android.gms@254031035@25.40.31 (260400-816341114):73)
10-23 15:01:20.007  9275 28678 W anqe    : 	at java.util.concurrent.ThreadPoolExecutor.runWorker(ThreadPoolExecutor.java:1156)
10-23 15:01:20.007  9275 28678 W anqe    : 	at java.util.concurrent.ThreadPoolExecutor$Worker.run(ThreadPoolExecutor.java:651)
10-23 15:01:20.007  9275 28678 W anqe    : 	at bcqi.run(:com.google.android.gms@254031035@25.40.31 (260400-816341114):8)
10-23 15:01:20.007  9275 28678 W anqe    : 	at java.lang.Thread.run(Thread.java:1119)
10-23 15:01:20.007  9275 28678 W anqe    : Caused by: fnpd: No active MDD filegroup android-autofill-infinitedata found for the table autofill-domain-predictions-prod-spanner.
10-23 15:01:20.007  9275 28678 W anqe    : 	at fnpr.a(:com.google.android.gms@254031035@25.40.31 (260400-816341114):13)
10-23 15:01:20.007  9275 28678 W anqe    : 	at gpjr.d(:com.google.android.gms@254031035@25.40.31 (260400-816341114):3)
10-23 15:01:20.007  9275 28678 W anqe    : 	at gpjt.run(:com.google.android.gms@254031035@25.40.31 (260400-816341114):130)
10-23 15:01:20.007  9275 28678 W anqe    : 	at gpma.execute(:com.google.android.gms@254031035@25.40.31 (260400-816341114):1)
10-23 15:01:20.007  9275 28678 W anqe    : 	at gpkb.f(:com.google.android.gms@254031035@25.40.31 (260400-816341114):1)
10-23 15:01:20.007  9275 28678 W anqe    : 	at gpkb.m(:com.google.android.gms@254031035@25.40.31 (260400-816341114):99)
10-23 15:01:20.007  9275 28678 W anqe    : 	at gpkb.r(:com.google.android.gms@254031035@25.40.31 (260400-816341114):17)
10-23 15:01:20.007  9275 28678 W anqe    : 	at gpko.run(:com.google.android.gms@254031035@25.40.31 (260400-816341114):77)
