10-23 18:09:58.345  5589  5589 W TooltipLifecycleManager: TooltipLifecycleManager.dismissTooltips():153 Tooltip with id undo_access_point_promotion_banner not found in tooltipManager.
10-23 18:09:58.345  5589  5589 I KeyboardModeUtils: KeyboardModeUtils.getKeyboardBottomOffset():435 inch: 0.000000 ydpi: 387.429993 adjustKeyboardBottomByDisplaySize: false currentDensityDpi: 440 defaultDensityDpi: 440 keyboardBottomToScreenPx: 0 keyboardBottomToNavBarPx: -116 navBarHeight: 116
10-23 18:09:58.346  5589  5589 I KeyboardHeightUtil: KeyboardHeightUtil.calculateMaxKeyboardBodyHeight():50 leave 267 height for app when ime window height:2171, header height:121 and isFullscreenMode:false, so the max keyboard body height is:1783
10-23 18:09:58.346  5589  5589 I KeyboardHeightUtil: KeyboardHeightUtil.calculateMaxKeyboardBodyHeight():50 leave 267 height for app when ime window height:2171, header height:121 and isFullscreenMode:false, so the max keyboard body height is:1783
10-23 18:09:58.346  5589  5589 I AndroidIME: KeyboardViewManager.updateKeyboardBodyViewHolderPaddingBottom():472 Set finalPaddingBottom = 5 while holderPaddingBottom = 5; navigationHeight = 116
10-23 18:09:58.346  5589  5589 I KeyboardHeightUtil: KeyboardHeightUtil.calculateMaxKeyboardBodyHeight():50 leave 267 height for app when ime window height:2171, header height:121 and isFullscreenMode:false, so the max keyboard body height is:1783
10-23 18:09:58.346  5589  5589 I KeyboardHeightUtil: KeyboardHeightUtil.calculateMaxKeyboardBodyHeight():50 leave 267 height for app when ime window height:2171, header height:121 and isFullscreenMode:false, so the max keyboard body height is:1783
10-23 18:09:58.346  5589  5589 I KeyboardModeUtils: KeyboardModeUtils.getKeyboardBottomOffset():435 inch: 0.000000 ydpi: 387.429993 adjustKeyboardBottomByDisplaySize: false currentDensityDpi: 440 defaultDensityDpi: 440 keyboardBottomToScreenPx: 0 keyboardBottomToNavBarPx: -116 navBarHeight: 116
10-23 18:09:58.346  5589  5589 I KeyboardHeightUtil: KeyboardHeightUtil.calculateMaxKeyboardBodyHeight():50 leave 267 height for app when ime window height:2171, header height:121 and isFullscreenMode:false, so the max keyboard body height is:1783
10-23 18:09:58.346  5589  5589 I KeyboardHeightUtil: KeyboardHeightUtil.calculateMaxKeyboardBodyHeight():50 leave 267 height for app when ime window height:2171, header height:121 and isFullscreenMode:false, so the max keyboard body height is:1783
10-23 18:09:58.346  5589  5589 I AndroidIME: KeyboardViewManager.updateKeyboardBodyViewHolderPaddingBottom():472 Set finalPaddingBottom = 5 while holderPaddingBottom = 5; navigationHeight = 116
10-23 18:09:58.346  5589  5589 I KeyboardHeightUtil: KeyboardHeightUtil.calculateMaxKeyboardBodyHeight():50 leave 267 height for app when ime window height:2171, header height:121 and isFullscreenMode:false, so the max keyboard body height is:1783
10-23 18:09:58.346  5589  5589 I KeyboardHeightUtil: KeyboardHeightUtil.calculateMaxKeyboardBodyHeight():50 leave 267 height for app when ime window height:2171, header height:121 and isFullscreenMode:false, so the max keyboard body height is:1783
10-23 18:09:58.347  5589  5589 I GlobeKeyExtension: GlobeKeyExtension.getKeyboardInitialStates():175 
10-23 18:09:58.347  5589  5589 W KeyboardDef: KeyboardDef.getKeyboardViewDef():739 KeyboardViewDef is not found: keyboardDef=mle{processedConditions={enable_access_points_in_password_number=true, enable_correction_settings_updates=true, layout_9key_split=false, language=en-US, deprecate_long_press_space_for_ime_picker=false, show_suggestion_strip=true, device=phone, expressions=normal}, globalConditions={global_theme_key=theme,!gsf,!pgsans,!pgsf,!use_system_font,BORDER,FLAVOR_DPI=XXHDPI,GOOGLE_ICONS,KEYBOARD_WIDTH_CATEGORY=NORMAL,KEY_BORDER_SHAPE=1,LIGHT_THEME=false,PHYSICAL_DIAGONAL=5.748144,POPUP,SCREEN_SHORTEST_WIDTH=393,SCREEN_SHORTEST_WIDTH_NO_SCALE=393,XXHDPI,bottom4dp,enable_emoji_kitchen_browse_color_v2=true,enable_google_fonts_icons=true,enable_popup_on_keypress=true,keyboard_redesign_google_sans=true,non_linear_scale,noshadow,overlay_builtin_dynamic_color_dark_base.binarypb:gm3-dark-ff131313-ffffffff-4d9204e36e3ccb6a165e3e3dbe763ce0,roundedchip,silkpopup, global_locale=en_US, global_density_dpi=440, global_orientation=1}, className=.latin.keyboard.LatinDialKeyboard, resourceIds=[#0x7f170885], initialStates=0, keyboardViewDefs=[mls{direction=LOCALE, id=#0x7f0b0224, isScalable=false, layoutId=#0x7f0e0500, type=HEADER, touchable=true, defaultShow=true}, mls{direction=null, id=#0x7f0b0224, isScalable=true, layoutId=#0x7f0e0556, type=BODY, touchable=true, defaultShow=true}], persistentStates=0, persistentStatesPrefKey=null, popupBubbleLayoutId=#0x7f0e05f1, recentKeyLayoutId=0, recentKeyPopupLayoutId=0, recentKeyType=null, rememberRecentKey=NONE, sessionStates=0}, type=FLOATING_CANDIDATES, id=2131427876
10-23 18:09:58.347  5589  5589 W Keyboard: Keyboard.getKeyboardViewHelper():609 null helper is returned: keyboardDef=mle{processedConditions={enable_access_points_in_password_number=true, enable_correction_settings_updates=true, layout_9key_split=false, language=en-US, deprecate_long_press_space_for_ime_picker=false, show_suggestion_strip=true, device=phone, expressions=normal}, globalConditions={global_theme_key=theme,!gsf,!pgsans,!pgsf,!use_system_font,BORDER,FLAVOR_DPI=XXHDPI,GOOGLE_ICONS,KEYBOARD_WIDTH_CATEGORY=NORMAL,KEY_BORDER_SHAPE=1,LIGHT_THEME=false,PHYSICAL_DIAGONAL=5.748144,POPUP,SCREEN_SHORTEST_WIDTH=393,SCREEN_SHORTEST_WIDTH_NO_SCALE=393,XXHDPI,bottom4dp,enable_emoji_kitchen_browse_color_v2=true,enable_google_fonts_icons=true,enable_popup_on_keypress=true,keyboard_redesign_google_sans=true,non_linear_scale,noshadow,overlay_builtin_dynamic_color_dark_base.binarypb:gm3-dark-ff131313-ffffffff-4d9204e36e3ccb6a165e3e3dbe763ce0,roundedchip,silkpopup, global_locale=en_US, global_density_dpi=440, global_orientation=1}, className=.latin.keyboard.LatinDialKeyboard, resourceIds=[#0x7f170885], initialStates=0, keyboardViewDefs=[mls{direction=LOCALE, id=#0x7f0b0224, isScalable=false, layoutId=#0x7f0e0500, type=HEADER, touchable=true, defaultShow=true}, mls{direction=null, id=#0x7f0b0224, isScalable=true, layoutId=#0x7f0e0556, type=BODY, touchable=true, defaultShow=true}], persistentStates=0, persistentStatesPrefKey=null, popupBubbleLayoutId=#0x7f0e05f1, recentKeyLayoutId=0, recentKeyPopupLayoutId=0, recentKeyType=null, rememberRecentKey=NONE, sessionStates=0}, type=FLOATING_CANDIDATES, helpersCreated=[lxm@68a0fc, lxm@c818385, null, null], context.getResources().getConfiguration(): {1.0 405mcc869mnc [en_US] ldltr sw393dp w393dp h790dp 440dpi nrml long port night finger -keyb/v/h -nav/h winConfig={ mBounds=Rect(0, 0 - 1080, 2392) mAppBounds=Rect(0, 103 - 1080, 2276) mMaxBounds=Rect(0, 0 - 1080, 2392) mDisplayRotation=ROTATION_0 mWindowingMode=fullscreen mActivityType=undefined mAlwaysOnTop=undefined mRotation=ROTATION_0 isEmbedding:false} s.5420 fontWeightAdjustment=0 themeId=2 themeParameter=0 nightModeLevel = -1 typefaceChanged=0.0 ?spacesystem eaMode=1}
10-23 18:09:58.347  5589  5589 W KeyboardDef: KeyboardDef.getKeyboardViewDef():739 KeyboardViewDef is not found: keyboardDef=mle{processedConditions={enable_access_points_in_password_number=true, enable_correction_settings_updates=true, layout_9key_split=false, language=en-US, deprecate_long_press_space_for_ime_picker=false, show_suggestion_strip=true, device=phone, expressions=normal}, globalConditions={global_theme_key=theme,!gsf,!pgsans,!pgsf,!use_system_font,BORDER,FLAVOR_DPI=XXHDPI,GOOGLE_ICONS,KEYBOARD_WIDTH_CATEGORY=NORMAL,KEY_BORDER_SHAPE=1,LIGHT_THEME=false,PHYSICAL_DIAGONAL=5.748144,POPUP,SCREEN_SHORTEST_WIDTH=393,SCREEN_SHORTEST_WIDTH_NO_SCALE=393,XXHDPI,bottom4dp,enable_emoji_kitchen_browse_color_v2=true,enable_google_fonts_icons=true,enable_popup_on_keypress=true,keyboard_redesign_google_sans=true,non_linear_scale,noshadow,overlay_builtin_dynamic_color_dark_base.binarypb:gm3-dark-ff131313-ffffffff-4d9204e36e3ccb6a165e3e3dbe763ce0,roundedchip,silkpopup, global_locale=en_US, global_density_dpi=440, global_orientation=1}, className=.latin.keyboard.LatinDialKeyboard, resourceIds=[#0x7f170885], initialStates=0, keyboardViewDefs=[mls{direction=LOCALE, id=#0x7f0b0224, isScalable=false, layoutId=#0x7f0e0500, type=HEADER, touchable=true, defaultShow=true}, mls{direction=null, id=#0x7f0b0224, isScalable=true, layoutId=#0x7f0e0556, type=BODY, touchable=true, defaultShow=true}], persistentStates=0, persistentStatesPrefKey=null, popupBubbleLayoutId=#0x7f0e05f1, recentKeyLayoutId=0, recentKeyPopupLayoutId=0, recentKeyType=null, rememberRecentKey=NONE, sessionStates=0}, type=WIDGET, id=2131427876
10-23 18:09:58.347  5589  5589 W Keyboard: Keyboard.getKeyboardViewHelper():609 null helper is returned: keyboardDef=mle{processedConditions={enable_access_points_in_password_number=true, enable_correction_settings_updates=true, layout_9key_split=false, language=en-US, deprecate_long_press_space_for_ime_picker=false, show_suggestion_strip=true, device=phone, expressions=normal}, globalConditions={global_theme_key=theme,!gsf,!pgsans,!pgsf,!use_system_font,BORDER,FLAVOR_DPI=XXHDPI,GOOGLE_ICONS,KEYBOARD_WIDTH_CATEGORY=NORMAL,KEY_BORDER_SHAPE=1,LIGHT_THEME=false,PHYSICAL_DIAGONAL=5.748144,POPUP,SCREEN_SHORTEST_WIDTH=393,SCREEN_SHORTEST_WIDTH_NO_SCALE=393,XXHDPI,bottom4dp,enable_emoji_kitchen_browse_color_v2=true,enable_google_fonts_icons=true,enable_popup_on_keypress=true,keyboard_redesign_google_sans=true,non_linear_scale,noshadow,overlay_builtin_dynamic_color_dark_base.binarypb:gm3-dark-ff131313-ffffffff-4d9204e36e3ccb6a165e3e3dbe763ce0,roundedchip,silkpopup, global_locale=en_US, global_density_dpi=440, global_orientation=1}, className=.latin.keyboard.LatinDialKeyboard, resourceIds=[#0x7f170885], initialStates=0, keyboardViewDefs=[mls{direction=LOCALE, id=#0x7f0b0224, isScalable=false, layoutId=#0x7f0e0500, type=HEADER, touchable=true, defaultShow=true}, mls{direction=null, id=#0x7f0b0224, isScalable=true, layoutId=#0x7f0e0556, type=BODY, touchable=true, defaultShow=true}], persistentStates=0, persistentStatesPrefKey=null, popupBubbleLayoutId=#0x7f0e05f1, recentKeyLayoutId=0, recentKeyPopupLayoutId=0, recentKeyType=null, rememberRecentKey=NONE, sessionStates=0}, type=WIDGET, helpersCreated=[lxm@68a0fc, lxm@c818385, null, null], context.getResources().getConfiguration(): {1.0 405mcc869mnc [en_US] ldltr sw393dp w393dp h790dp 440dpi nrml long port night finger -keyb/v/h -nav/h winConfig={ mBounds=Rect(0, 0 - 1080, 2392) mAppBounds=Rect(0, 103 - 1080, 2276) mMaxBounds=Rect(0, 0 - 1080, 2392) mDisplayRotation=ROTATION_0 mWindowingMode=fullscreen mActivityType=undefined mAlwaysOnTop=undefined mRotation=ROTATION_0 isEmbedding:false} s.5420 fontWeightAdjustment=0 themeId=2 themeParameter=0 nightModeLevel = -1 typefaceChanged=0.0 ?spacesystem eaMode=1}
10-23 18:09:58.349  5589  5589 I AndroidIME: InputBundleManager.startInput():358 startInput() with mlo[keyboardType=prime, payload=null]
10-23 18:09:58.349  5589  5589 I GlobeKeyExtension: GlobeKeyExtension.onActivate():120 
10-23 18:09:58.351  5589  5589 I LanguagePromoExtension: LanguagePromoExtension.checkDisplayPreconditions():174 Not show language promo: exceeds the max display times.
10-23 18:09:58.351  5589  5589 I NewLanguagePromptExtension: NewLanguagePromptExtension.onActivate():189 Not activated NewLanguagePromptExtension: not a normal text input box.
10-23 18:09:58.351  5589  5589 I HardKeyTracker: HardKeyTracker.unregisterKeySequence():221 Unregister key sequence nfz{labelResId=2132020497, callback=cgp@9a6146b, lastModifier=2, keyCodes=[56], actions=[0]}
10-23 18:09:58.351  5589  5589 I HardKeyTracker: HardKeyTracker.unregisterKeySequence():221 Unregister key sequence nfz{labelResId=2132020497, callback=cgp@8ae2b86, lastModifier=0, keyCodes=[317], actions=[0]}
10-23 18:09:58.351  5589  5589 I HardKeyTracker: HardKeyTracker.registerKeySequence():170 Register key sequence nfz{labelResId=2132020497, callback=cgp@4b7498a, lastModifier=2, keyCodes=[56], actions=[0]}
10-23 18:09:58.351  5589  5589 I HardKeyTracker: HardKeyTracker.registerKeySequence():170 Register key sequence nfz{labelResId=2132020497, callback=cgp@efe7e71, lastModifier=0, keyCodes=[317], actions=[0]}
10-23 18:09:58.351  5589  5589 I VoiceInputManagerWrapper: VoiceInputManagerWrapper.cancelShutdown():109 cancelShutdown()
10-23 18:09:58.351  5589  5589 I VoiceInputManagerWrapper: VoiceInputManagerWrapper.syncLanguagePacks():121 syncLanguagePacks()
10-23 18:09:58.351  5589  5589 I VoiceInputManager: VoiceInputManager.onKeyboardActivated():1173 onKeyboardActivated() [UD]
10-23 18:09:58.351  5589  5589 I PkModeUpdater: PkModeUpdater.onActivate():74 onActivate false true
10-23 18:09:58.351  5589  5589 I AccessoryInputModeManager: AccessoryInputModeManager.onModeStarted():318 Accessory input mode started: null
10-23 18:09:58.352  5589  5589 W SupplementaryKeyboardsWrapper: SupplementaryKeyboardsWrapper.deactivateKeyboard():161 keyboard accessory_candidates_consumer is not activated before!
10-23 18:09:58.352  5589  6558 I SpeechFactory: SpeechRecognitionFactory.maybeScheduleAutoPackDownloadForFallback():217 maybeScheduleAutoPackDownloadForFallback()
10-23 18:09:58.352  5589  5589 I KeyboardModeUtils: KeyboardModeUtils.getKeyboardBottomOffset():435 inch: 0.000000 ydpi: 387.429993 adjustKeyboardBottomByDisplaySize: false currentDensityDpi: 440 defaultDensityDpi: 440 keyboardBottomToScreenPx: 0 keyboardBottomToNavBarPx: -116 navBarHeight: 116
10-23 18:09:58.352  5589  6558 I FallbackOnDeviceRecognitionProvider: FallbackOnDeviceRecognitionProvider.maybeScheduleAutoPackDownload():205 maybeScheduleAutoPackDownload() for language tag en-US
10-23 18:09:58.352  5589  5589 I KeyboardHeightUtil: KeyboardHeightUtil.calculateMaxKeyboardBodyHeight():50 leave 267 height for app when ime window height:2171, header height:121 and isFullscreenMode:false, so the max keyboard body height is:1783
10-23 18:09:58.352  5589  5589 I KeyboardHeightUtil: KeyboardHeightUtil.calculateMaxKeyboardBodyHeight():50 leave 267 height for app when ime window height:2171, header height:121 and isFullscreenMode:false, so the max keyboard body height is:1783
10-23 18:09:58.352  5589  5589 I AndroidIME: KeyboardViewManager.updateKeyboardBodyViewHolderPaddingBottom():472 Set finalPaddingBottom = 5 while holderPaddingBottom = 5; navigationHeight = 116
10-23 18:09:58.352  5589  5589 I KeyboardHeightUtil: KeyboardHeightUtil.calculateMaxKeyboardBodyHeight():50 leave 267 height for app when ime window height:2171, header height:121 and isFullscreenMode:false, so the max keyboard body height is:1783
10-23 18:09:58.352  5589  5589 I KeyboardHeightUtil: KeyboardHeightUtil.calculateMaxKeyboardBodyHeight():50 leave 267 height for app when ime window height:2171, header height:121 and isFullscreenMode:false, so the max keyboard body height is:1783
10-23 18:09:58.352  5589  5589 W ExtensionWrapper: ExtensionWrapper.setExtensionViewVisibility():811 interface mas is not activate
10-23 18:09:58.354  5589  5589 I Module  : DeviceLockedStatusModuleProvider$Module.updateDeviceLockedStatus():100 repeatCheckTimes = 1, locked = false
10-23 18:09:58.354  5589  5589 I HardKeyTracker: HardKeyTracker.unregisterKeySequence():221 Unregister key sequence nfz{labelResId=2132020501, callback=cgp@6b8e0e0, lastModifier=2, keyCodes=[48], actions=[0]}
10-23 18:09:58.354  5589  5589 I HardKeyTracker: HardKeyTracker.registerKeySequence():170 Register key sequence nfz{labelResId=2132020501, callback=cgp@29d8aa9, lastModifier=2, keyCodes=[48], actions=[0]}
10-23 18:09:58.354  5589  5589 I HardKeyTracker: HardKeyTracker.unregisterKeySequence():221 Unregister key sequence nfz{labelResId=2132020501, callback=cgp@5555f44, lastModifier=2, keyCodes=[48], actions=[0]}
10-23 18:09:58.354  5589  5589 I HardKeyTracker: HardKeyTracker.registerKeySequence():170 Register key sequence nfz{labelResId=2132020501, callback=cgp@37d293a, lastModifier=2, keyCodes=[48], actions=[0]}
10-23 18:09:58.354  5589  5589 I HardKeyTracker: HardKeyTracker.unregisterKeySequence():221 Unregister key sequence nfz{labelResId=2132020497, callback=cgp@6ce5807, lastModifier=2, keyCodes=[56], actions=[0]}
10-23 18:09:58.355  5589  5589 I HardKeyTracker: HardKeyTracker.unregisterKeySequence():221 Unregister key sequence nfz{labelResId=2132020497, callback=cgp@af888d2, lastModifier=0, keyCodes=[317], actions=[0]}
10-23 18:09:58.355  5589  5589 I HardKeyTracker: HardKeyTracker.registerKeySequence():170 Register key sequence nfz{labelResId=2132020497, callback=cgp@b7eff1d, lastModifier=2, keyCodes=[56], actions=[0]}
10-23 18:09:58.355  5589  5589 I HardKeyTracker: HardKeyTracker.registerKeySequence():170 Register key sequence nfz{labelResId=2132020497, callback=cgp@c50d360, lastModifier=0, keyCodes=[317], actions=[0]}
10-23 18:09:58.355  5589  5589 I HardKeyTracker: HardKeyTracker.unregisterKeySequence():221 Unregister key sequence nfz{labelResId=2132020502, callback=cgp@37040ff, lastModifier=2, keyCodes=[32], actions=[0]}
10-23 18:09:58.355  5589  5589 I HardKeyTracker: HardKeyTracker.registerKeySequence():170 Register key sequence nfz{labelResId=2132020502, callback=cgp@7bff4d5, lastModifier=2, keyCodes=[32], actions=[0]}
10-23 18:09:58.356  5589  5589 I HardKeyTracker: HardKeyTracker.unregisterKeySequence():221 Unregister key sequence nfz{labelResId=2132020502, callback=cgp@9260593, lastModifier=2, keyCodes=[32], actions=[0]}
10-23 18:09:58.356  5589  5589 I HardKeyTracker: HardKeyTracker.registerKeySequence():170 Register key sequence nfz{labelResId=2132020502, callback=cgp@2b8e58e, lastModifier=2, keyCodes=[32], actions=[0]}
10-23 18:09:58.356  5589  5589 I StylusModule: StylusModule.onUpdateToolType():800 Update tool type = 1
10-23 18:09:58.357  5589  5589 I StylusModule: StylusModule.onUpdateToolType():800 Update tool type = 1
10-23 18:09:58.366  5589  5589 I KeyboardModeUtils: KeyboardModeUtils.getKeyboardBottomOffset():435 inch: 0.000000 ydpi: 387.429993 adjustKeyboardBottomByDisplaySize: false currentDensityDpi: 440 defaultDensityDpi: 440 keyboardBottomToScreenPx: 0 keyboardBottomToNavBarPx: -116 navBarHeight: 116
10-23 18:09:58.366  5589  5589 I KeyboardHeightUtil: KeyboardHeightUtil.calculateMaxKeyboardBodyHeight():50 leave 267 height for app when ime window height:2171, header height:121 and isFullscreenMode:false, so the max keyboard body height is:1783
10-23 18:09:58.366  5589  5589 I KeyboardHeightUtil: KeyboardHeightUtil.calculateMaxKeyboardBodyHeight():50 leave 267 height for app when ime window height:2171, header height:121 and isFullscreenMode:false, so the max keyboard body height is:1783
10-23 18:09:58.366  5589  5589 I AndroidIME: KeyboardViewManager.updateKeyboardBodyViewHolderPaddingBottom():472 Set finalPaddingBottom = 5 while holderPaddingBottom = 5; navigationHeight = 116
10-23 18:09:58.366  5589  5589 I WindowMetricsNotification: WindowMetricsNotification.notifyWithWindow():166 
10-23 18:09:58.366  5589  5589 I WindowMetricsNotification: WindowMetricsNotification.notify():159 pfu[bounds=Rect(0, 105 - 1080, 2392), insets=Rect(0, 0 - 0, 116), densityDpi=440, smallestScreenWidthDp=393, displayWidth=1080, displayHeight=2392, xdpi=387.43, ydpi=387.43, isTrustable=true, displayId=0]; DisplayMetrics{density=2.75, width=1080, height=2392, scaledDensity=2.75, xdpi=387.43, ydpi=387.43}
10-23 18:09:58.366  5589  5589 W View    : requestLayout() improperly called by com.google.android.libraries.inputmethod.widgets.SoftKeyView{1bdc8d8 VFE...C.. ......ID 6,0-122,121 #7f0b04d8 app:id/key_pos_header_access_points_menu} during layout: running second layout pass
10-23 18:09:58.366  5589  5589 W View    : requestLayout() improperly called by com.google.android.libraries.inputmethod.widgets.CopyImageSourceView{e356716 V.ED..... ......ID 6,0-1048,121 #7f0b01e1 app:id/0_resource_name_obfuscated} during layout: running second layout pass
10-23 18:09:58.366  5589  5589 W View    : requestLayout() improperly called by android.widget.LinearLayout{329c897 V.E...... ......ID 122,0-932,121 #7f0b0387 app:id/0_resource_name_obfuscated} during layout: running second layout pass
10-23 18:09:58.366  5589  5589 W View    : requestLayout() improperly called by com.google.android.libraries.inputmethod.widgets.SoftKeyView{498dea2 VFE...C.. ......ID 932,0-1048,121 #7f0b04e0 app:id/key_pos_header_power_key} during layout: running second layout pass
10-23 18:09:58.367  5589  5589 I KeyboardModeUtils: KeyboardModeUtils.getKeyboardBottomOffset():435 inch: 0.000000 ydpi: 387.429993 adjustKeyboardBottomByDisplaySize: false currentDensityDpi: 440 defaultDensityDpi: 440 keyboardBottomToScreenPx: 0 keyboardBottomToNavBarPx: -116 navBarHeight: 116
10-23 18:09:58.367  5589  5589 I KeyboardHeightUtil: KeyboardHeightUtil.calculateMaxKeyboardBodyHeight():50 leave 267 height for app when ime window height:2171, header height:121 and isFullscreenMode:false, so the max keyboard body height is:1783
10-23 18:09:58.367  5589  5589 I KeyboardHeightUtil: KeyboardHeightUtil.calculateMaxKeyboardBodyHeight():50 leave 267 height for app when ime window height:2171, header height:121 and isFullscreenMode:false, so the max keyboard body height is:1783
10-23 18:09:58.367  5589  5589 I AndroidIME: KeyboardViewManager.updateKeyboardBodyViewHolderPaddingBottom():472 Set finalPaddingBottom = 5 while holderPaddingBottom = 5; navigationHeight = 116
10-23 18:09:58.374  5589  5589 I StylusModule: StylusModule.onUpdateToolType():800 Update tool type = 1
10-23 18:09:58.380  5589  5589 I GoogleInputMethodService: GoogleInputMethodService$1.onKeyboardViewShown():325 onKeyboardViewShown: keyboardType=prime, keyboardViewType=HEADER keyboardView=com.google.android.libraries.inputmethod.widgets.SoftKeyboardView{3421e50 V.E...... ........ 0,0-1080,121}
10-23 18:09:58.380  5589  5589 I KeyboardHeightUtil: KeyboardHeightUtil.calculateMaxKeyboardBodyHeight():50 leave 267 height for app when ime window height:2171, header height:121 and isFullscreenMode:false, so the max keyboard body height is:1783
10-23 18:09:58.382  3458  3458 V InlinePresentationRendererServiceImpl: onRenderSuggestion: width=-2, height=-2
10-23 18:09:58.382  5589  5589 I GoogleInputMethodService: GoogleInputMethodService$1.onKeyboardViewShown():325 onKeyboardViewShown: keyboardType=prime, keyboardViewType=BODY keyboardView=com.google.android.libraries.inputmethod.widgets.SoftKeyboardView{5cf1609 V.E...... ........ 0,0-1080,580}
10-23 18:09:58.382  5589  5589 I KeyboardHeightUtil: KeyboardHeightUtil.calculateMaxKeyboardBodyHeight():50 leave 267 height for app when ime window height:2171, header height:121 and isFullscreenMode:false, so the max keyboard body height is:1783
10-23 18:09:58.382  5589  5589 I GlobeKeyExtension: GlobeKeyExtension$1.onKeyboardViewShown():72 maybeDisableLanguageSwitchKeyPref when the keyboard is shown
10-23 18:09:58.382  5589  5589 I GlobeKeyExtension: GlobeKeyExtension.maybeDisableLanguageSwitchKeyPref():200 maybeDisableLanguageSwitchKeyPref hasGlobeKeyBeenDisabled: false, shouldDisableLanguageSwitchKey: false
10-23 18:09:58.382  5589  5589 I NewLanguagePromptExtension: NewLanguagePromptExtension$1.onKeyboardViewShown():88 Not show new language banner: not prime keyboard, or the extension not activated.
10-23 18:09:58.383  5589  5589 I KeyboardModeUtils: KeyboardModeUtils.getKeyboardBottomOffset():435 inch: 0.000000 ydpi: 387.429993 adjustKeyboardBottomByDisplaySize: false currentDensityDpi: 440 defaultDensityDpi: 440 keyboardBottomToScreenPx: 0 keyboardBottomToNavBarPx: -116 navBarHeight: 116
10-23 18:09:58.383  5589  5589 I KeyboardHeightUtil: KeyboardHeightUtil.calculateMaxKeyboardBodyHeight():50 leave 267 height for app when ime window height:2171, header height:121 and isFullscreenMode:false, so the max keyboard body height is:1783
10-23 18:09:58.383  5589  5589 I KeyboardHeightUtil: KeyboardHeightUtil.calculateMaxKeyboardBodyHeight():50 leave 267 height for app when ime window height:2171, header height:121 and isFullscreenMode:false, so the max keyboard body height is:1783
10-23 18:09:58.383  5589  5589 I AndroidIME: KeyboardViewManager.updateKeyboardBodyViewHolderPaddingBottom():472 Set finalPaddingBottom = 5 while holderPaddingBottom = 5; navigationHeight = 116
10-23 18:09:58.384  3458  3458 V InlineSuggestionRenderService: width=-2, height=-2, measuredSize=472x121
10-23 18:09:58.395  3458  3458 V InlinePresentationRendererServiceImpl: onRenderSuggestion: width=-2, height=-2
10-23 18:09:58.398  3458  3458 V InlineSuggestionRenderService: width=-2, height=-2, measuredSize=476x121
10-23 18:09:58.406  3458  3458 D ViewRootImpl: AppSizeAfterRelayout, size: Point(472, 121), rotation: ROTATION_0
10-23 18:09:58.406  3458  3458 D BufferQueueConsumer: [](id:d82000004ab,api:0,p:-1,c:3458) connect: controlledByApp=false
10-23 18:09:58.407  3458  3458 D BLASTBufferQueue: [VRI[]#1195](f:0,a:0) constructor()
10-23 18:09:58.407  3458  3458 D BLASTBufferQueue: [VRI[]#1195](f:0,a:0) update width=472 height=121 format=-2 mTransformHint=0
10-23 18:09:58.415  3458  3458 D ViewRootImpl: AppSizeAfterRelayout, size: Point(476, 121), rotation: ROTATION_0
10-23 18:09:58.415  3458 31463 D BLASTBufferQueue: [VRI[]#1195](f:0,a:1) acquireNextBufferLocked size=472x121 mFrameNumber=1 applyTransaction=true mTimestamp=827065745417988(auto) mPendingTransactions.size=0 graphicBufferId=14851996917933 transform=0
10-23 18:09:58.416  3458  3458 D BufferQueueConsumer: [](id:d82000004ac,api:0,p:-1,c:3458) connect: controlledByApp=false
10-23 18:09:58.416  3458  3458 D BLASTBufferQueue: [VRI[]#1196](f:0,a:0) constructor()
10-23 18:09:58.416  3458  3458 D BLASTBufferQueue: [VRI[]#1196](f:0,a:0) update width=476 height=121 format=-2 mTransformHint=0
10-23 18:09:58.418  1870  1976 D AutofillSession: onShown(): 2, 1
10-23 18:09:58.420  3458 31463 D BLASTBufferQueue: [VRI[]#1196](f:0,a:1) acquireNextBufferLocked size=476x121 mFrameNumber=1 applyTransaction=true mTimestamp=827065749935603(auto) mPendingTransactions.size=0 graphicBufferId=14851996917940 transform=0
10-23 18:09:58.423  5589  5589 I ProactiveSuggestionsHolderManager: ProactiveSuggestionsHolderManager$2.display():195 Requesting to show proactive suggestions: AUTO_FILL PREEMPTIVE_WITH_SUPPRESSION
10-23 18:09:58.426  5589  5589 I ProactiveSuggestionsHolderManager: ProactiveSuggestionsHolderManager$Holder.setSuggestionsAndShow():898 succeed to show proactive suggestions AUTO_FILL PREEMPTIVE_WITH_SUPPRESSION
10-23 18:09:58.428  5589  5589 I KeyboardModeUtils: KeyboardModeUtils.getKeyboardBottomOffset():435 inch: 0.000000 ydpi: 387.429993 adjustKeyboardBottomByDisplaySize: false currentDensityDpi: 440 defaultDensityDpi: 440 keyboardBottomToScreenPx: 0 keyboardBottomToNavBarPx: -116 navBarHeight: 116
10-23 18:09:58.428  5589  5589 I KeyboardHeightUtil: KeyboardHeightUtil.calculateMaxKeyboardBodyHeight():50 leave 267 height for app when ime window height:2171, header height:121 and isFullscreenMode:false, so the max keyboard body height is:1783
10-23 18:09:58.428  5589  5589 I KeyboardHeightUtil: KeyboardHeightUtil.calculateMaxKeyboardBodyHeight():50 leave 267 height for app when ime window height:2171, header height:121 and isFullscreenMode:false, so the max keyboard body height is:1783
10-23 18:09:58.428  5589  5589 I AndroidIME: KeyboardViewManager.updateKeyboardBodyViewHolderPaddingBottom():472 Set finalPaddingBottom = 5 while holderPaddingBottom = 5; navigationHeight = 116
10-23 18:09:58.432  5589  5589 D BufferQueueConsumer: [](id:15d500000fd2,api:0,p:-1,c:5589) connect: controlledByApp=false
10-23 18:09:58.432  5589  5589 D BLASTBufferQueue: [SurfaceView[InputMethod]#4050](f:0,a:0) constructor()
10-23 18:09:58.432  5589  5589 D BLASTBufferQueue: [SurfaceView[InputMethod]#4050](f:0,a:0) update width=770 height=121 format=-2 mTransformHint=0
10-23 18:09:58.434  1870  2894 D BatteryStatsService: noteVideoSurfaceChanged  noteWhich: 49,arg1: 770, arg2: 121, arg3: 5589, arg4: 154639, name: com.google.android.inputmethod.latin
10-23 18:09:58.436  5589  5589 D BufferQueueConsumer: [](id:15d500000fd3,api:0,p:-1,c:5589) connect: controlledByApp=false
10-23 18:09:58.436  5589  5589 D BLASTBufferQueue: [SurfaceView[InputMethod]#4051](f:0,a:0) constructor()
10-23 18:09:58.436  5589  5589 D BLASTBufferQueue: [SurfaceView[InputMethod]#4051](f:0,a:0) update width=476 height=121 format=-2 mTransformHint=0
10-23 18:09:58.438  1870  3647 D BatteryStatsService: noteVideoSurfaceChanged  noteWhich: 49,arg1: 476, arg2: 121, arg3: 5589, arg4: 154632, name: com.google.android.inputmethod.latin
10-23 18:09:58.440  5589  5657 D BLASTBufferQueue: [SurfaceView[InputMethod]#4051](f:0,a:1) acquireNextBufferLocked size=476x121 mFrameNumber=1 applyTransaction=true mTimestamp=827065770856757(auto) mPendingTransactions.size=0 graphicBufferId=24004572229383 transform=0
10-23 18:09:58.442  5589  5589 D BufferQueueConsumer: [](id:15d500000fd4,api:0,p:-1,c:5589) connect: controlledByApp=false
10-23 18:09:58.443  5589  5589 D BLASTBufferQueue: [SurfaceView[InputMethod]#4052](f:0,a:0) constructor()
10-23 18:09:58.443  5589  5589 D BLASTBufferQueue: [SurfaceView[InputMethod]#4052](f:0,a:0) update width=472 height=121 format=-2 mTransformHint=0
10-23 18:09:58.445  1870  2894 D BatteryStatsService: noteVideoSurfaceChanged  noteWhich: 49,arg1: 472, arg2: 121, arg3: 5589, arg4: 154630, name: com.google.android.inputmethod.latin
10-23 18:09:58.447  5589  5657 D BLASTBufferQueue: [SurfaceView[InputMethod]#4052](f:0,a:1) acquireNextBufferLocked size=472x121 mFrameNumber=1 applyTransaction=true mTimestamp=827065777786372(auto) mPendingTransactions.size=0 graphicBufferId=24004572229384 transform=0
10-23 18:09:58.448  1870  3647 D BatteryStatsService: noteVideoSurfaceChanged  noteWhich: 49,arg1: 238, arg2: 13, arg3: 5589, arg4: 154632, name: com.google.android.inputmethod.latin
10-23 18:09:58.449  1870  3647 D BatteryStatsService: noteVideoSurfaceChanged  noteWhich: 49,arg1: 236, arg2: 13, arg3: 5589, arg4: 154630, name: com.google.android.inputmethod.latin
10-23 18:09:58.449  1870  3647 D BatteryStatsService: noteVideoSurfaceChanged  noteWhich: 49,arg1: 770, arg2: 121, arg3: 5589, arg4: 154639, name: com.google.android.inputmethod.latin
10-23 18:09:58.453  1870  3647 D BatteryStatsService: noteVideoSurfaceChanged  noteWhich: 49,arg1: 290, arg2: 37, arg3: 5589, arg4: 154632, name: com.google.android.inputmethod.latin
10-23 18:09:58.462  1870  3647 D BatteryStatsService: noteVideoSurfaceChanged  noteWhich: 49,arg1: 332, arg2: 55, arg3: 5589, arg4: 154632, name: com.google.android.inputmethod.latin
10-23 18:09:58.479  1870  2894 D BatteryStatsService: noteVideoSurfaceChanged  noteWhich: 49,arg1: 372, arg2: 73, arg3: 5589, arg4: 154632, name: com.google.android.inputmethod.latin
10-23 18:09:58.497  1870  3776 D BatteryStatsService: noteVideoSurfaceChanged  noteWhich: 49,arg1: 404, arg2: 89, arg3: 5589, arg4: 154632, name: com.google.android.inputmethod.latin
10-23 18:09:58.498  1870  3776 D BatteryStatsService: noteVideoSurfaceChanged  noteWhich: 49,arg1: 288, arg2: 37, arg3: 5589, arg4: 154630, name: com.google.android.inputmethod.latin
10-23 18:09:58.511  1870  3776 D BatteryStatsService: noteVideoSurfaceChanged  noteWhich: 49,arg1: 430, arg2: 101, arg3: 5589, arg4: 154632, name: com.google.android.inputmethod.latin
10-23 18:09:58.512  1870  3776 D BatteryStatsService: noteVideoSurfaceChanged  noteWhich: 49,arg1: 330, arg2: 55, arg3: 5589, arg4: 154630, name: com.google.android.inputmethod.latin
10-23 18:09:58.530  1870  2894 D BatteryStatsService: noteVideoSurfaceChanged  noteWhich: 49,arg1: 450, arg2: 109, arg3: 5589, arg4: 154632, name: com.google.android.inputmethod.latin
10-23 18:09:58.531  1870  2894 D BatteryStatsService: noteVideoSurfaceChanged  noteWhich: 49,arg1: 368, arg2: 73, arg3: 5589, arg4: 154630, name: com.google.android.inputmethod.latin
10-23 18:09:58.545  1870  2894 D BatteryStatsService: noteVideoSurfaceChanged  noteWhich: 49,arg1: 466, arg2: 117, arg3: 5589, arg4: 154632, name: com.google.android.inputmethod.latin
10-23 18:09:58.546  1870  2894 D BatteryStatsService: noteVideoSurfaceChanged  noteWhich: 49,arg1: 400, arg2: 89, arg3: 5589, arg4: 154630, name: com.google.android.inputmethod.latin
10-23 18:09:58.563  1870  2894 D BatteryStatsService: noteVideoSurfaceChanged  noteWhich: 49,arg1: 474, arg2: 121, arg3: 5589, arg4: 154632, name: com.google.android.inputmethod.latin
10-23 18:09:58.564  1870  2894 D BatteryStatsService: noteVideoSurfaceChanged  noteWhich: 49,arg1: 426, arg2: 101, arg3: 5589, arg4: 154630, name: com.google.android.inputmethod.latin
10-23 18:09:58.581  1870  2894 D BatteryStatsService: noteVideoSurfaceChanged  noteWhich: 49,arg1: 476, arg2: 121, arg3: 5589, arg4: 154632, name: com.google.android.inputmethod.latin
10-23 18:09:58.583  1870  2894 D BatteryStatsService: noteVideoSurfaceChanged  noteWhich: 49,arg1: 446, arg2: 109, arg3: 5589, arg4: 154630, name: com.google.android.inputmethod.latin
10-23 18:09:58.597  1870  3776 D BatteryStatsService: noteVideoSurfaceChanged  noteWhich: 49,arg1: 462, arg2: 117, arg3: 5589, arg4: 154630, name: com.google.android.inputmethod.latin
10-23 18:09:58.613  1870  2894 D BatteryStatsService: noteVideoSurfaceChanged  noteWhich: 49,arg1: 470, arg2: 121, arg3: 5589, arg4: 154630, name: com.google.android.inputmethod.latin
10-23 18:09:58.630  1870  2894 D BatteryStatsService: noteVideoSurfaceChanged  noteWhich: 49,arg1: 472, arg2: 121, arg3: 5589, arg4: 154630, name: com.google.android.inputmethod.latin
10-23 18:09:58.934  5589  5589 W TooltipLifecycleManager: TooltipLifecycleManager.dismissTooltips():153 Tooltip with id SUGGESTION_VIEW_EDU_MINI_DIALOG not found in tooltipManager.
10-23 18:09:58.936  1870  2894 D BatteryStatsService: noteVideoSurfaceChanged  noteWhich: 49,arg1: -1, arg2: -1, arg3: 5589, arg4: 154630, name: com.google.android.inputmethod.latin
10-23 18:09:58.936  5589  5657 E BufferQueueProducer: [SurfaceView[InputMethod]#4052(BLAST Consumer)4052](id:15d500000fd4,api:0,p:-1,c:5589) disconnect: not connected (req=1)
10-23 18:09:58.936  5589  5657 W libEGL  : EGLNativeWindowType 0xb4000077e026ea60 disconnect failed
10-23 18:09:58.937  5589  5589 D BLASTBufferQueue: [SurfaceView[InputMethod]#4052](f:0,a:1) destructor()
10-23 18:09:58.937  5589  5589 D BufferQueueConsumer: [SurfaceView[InputMethod]#4052(BLAST Consumer)4052](id:15d500000fd4,api:0,p:-1,c:5589) disconnect
10-23 18:09:58.939  1870  2894 D BatteryStatsService: noteVideoSurfaceChanged  noteWhich: 49,arg1: -1, arg2: -1, arg3: 5589, arg4: 154632, name: com.google.android.inputmethod.latin
10-23 18:09:58.940  5589  5657 E BufferQueueProducer: [SurfaceView[InputMethod]#4051(BLAST Consumer)4051](id:15d500000fd3,api:0,p:-1,c:5589) disconnect: not connected (req=1)
10-23 18:09:58.940  5589  5657 W libEGL  : EGLNativeWindowType 0xb4000077e026a640 disconnect failed
10-23 18:09:58.940  5589  5589 D BLASTBufferQueue: [SurfaceView[InputMethod]#4051](f:0,a:1) destructor()
10-23 18:09:58.940  5589  5589 D BufferQueueConsumer: [SurfaceView[InputMethod]#4051(BLAST Consumer)4051](id:15d500000fd3,api:0,p:-1,c:5589) disconnect
10-23 18:09:58.942  5589  5589 W TooltipLifecycleManager: TooltipLifecycleManager.dismissTooltips():153 Tooltip with id SUGGESTION_VIEW_EDU_MINI_DIALOG not found in tooltipManager.
10-23 18:09:58.944  5589  5589 I KeyboardModeUtils: KeyboardModeUtils.getKeyboardBottomOffset():435 inch: 0.000000 ydpi: 387.429993 adjustKeyboardBottomByDisplaySize: false currentDensityDpi: 440 defaultDensityDpi: 440 keyboardBottomToScreenPx: 0 keyboardBottomToNavBarPx: -116 navBarHeight: 116
10-23 18:09:58.945  5589  5589 I KeyboardHeightUtil: KeyboardHeightUtil.calculateMaxKeyboardBodyHeight():50 leave 267 height for app when ime window height:2171, header height:121 and isFullscreenMode:false, so the max keyboard body height is:1783
10-23 18:09:58.945  5589  5589 I KeyboardHeightUtil: KeyboardHeightUtil.calculateMaxKeyboardBodyHeight():50 leave 267 height for app when ime window height:2171, header height:121 and isFullscreenMode:false, so the max keyboard body height is:1783
10-23 18:09:58.945  5589  5589 I AndroidIME: KeyboardViewManager.updateKeyboardBodyViewHolderPaddingBottom():472 Set finalPaddingBottom = 5 while holderPaddingBottom = 5; navigationHeight = 116
10-23 18:09:58.959  5589  5589 W TooltipLifecycleManager: TooltipLifecycleManager.dismissTooltips():153 Tooltip with id SUGGESTION_VIEW_EDU_MINI_DIALOG not found in tooltipManager.
10-23 18:09:58.999  5589  5589 D BLASTBufferQueue: [SurfaceView[InputMethod]#4050](f:0,a:0) destructor()
10-23 18:09:58.999  1870  3779 D BatteryStatsService: noteVideoSurfaceChanged  noteWhich: 49,arg1: -1, arg2: -1, arg3: 5589, arg4: 154639, name: com.google.android.inputmethod.latin
10-23 18:09:58.999  5589  5589 D BufferQueueConsumer: [SurfaceView[InputMethod]#4050(BLAST Consumer)4050](id:15d500000fd2,api:0,p:-1,c:5589) disconnect
10-23 18:09:59.012  5589  5589 I KeyboardModeUtils: KeyboardModeUtils.getKeyboardBottomOffset():435 inch: 0.000000 ydpi: 387.429993 adjustKeyboardBottomByDisplaySize: false currentDensityDpi: 440 defaultDensityDpi: 440 keyboardBottomToScreenPx: 0 keyboardBottomToNavBarPx: -116 navBarHeight: 116
10-23 18:09:59.012  5589  5589 I KeyboardHeightUtil: KeyboardHeightUtil.calculateMaxKeyboardBodyHeight():50 leave 267 height for app when ime window height:2171, header height:121 and isFullscreenMode:false, so the max keyboard body height is:1783
10-23 18:09:59.012  5589  5589 I KeyboardHeightUtil: KeyboardHeightUtil.calculateMaxKeyboardBodyHeight():50 leave 267 height for app when ime window height:2171, header height:121 and isFullscreenMode:false, so the max keyboard body height is:1783
10-23 18:09:59.012  5589  5589 I AndroidIME: KeyboardViewManager.updateKeyboardBodyViewHolderPaddingBottom():472 Set finalPaddingBottom = 5 while holderPaddingBottom = 5; navigationHeight = 116
10-23 18:09:59.097  5589  5589 I KeyboardModeUtils: KeyboardModeUtils.getKeyboardBottomOffset():435 inch: 0.000000 ydpi: 387.429993 adjustKeyboardBottomByDisplaySize: false currentDensityDpi: 440 defaultDensityDpi: 440 keyboardBottomToScreenPx: 0 keyboardBottomToNavBarPx: -116 navBarHeight: 116
10-23 18:09:59.097  5589  5589 I KeyboardHeightUtil: KeyboardHeightUtil.calculateMaxKeyboardBodyHeight():50 leave 267 height for app when ime window height:2171, header height:121 and isFullscreenMode:false, so the max keyboard body height is:1783
10-23 18:09:59.098  5589  5589 I KeyboardHeightUtil: KeyboardHeightUtil.calculateMaxKeyboardBodyHeight():50 leave 267 height for app when ime window height:2171, header height:121 and isFullscreenMode:false, so the max keyboard body height is:1783
10-23 18:09:59.098  5589  5589 I AndroidIME: KeyboardViewManager.updateKeyboardBodyViewHolderPaddingBottom():472 Set finalPaddingBottom = 5 while holderPaddingBottom = 5; navigationHeight = 116
10-23 18:09:59.150  3458  3458 V InlineSuggestionRenderService: Releasing inline suggestion view host
10-23 18:09:59.154  3458  3458 D BLASTBufferQueue: [VRI[]#1195](f:0,a:4) destructor()
10-23 18:09:59.154  3458  3458 D BufferQueueConsumer: [VRI[]#1195(BLAST Consumer)1195](id:d82000004ab,api:0,p:-1,c:3458) disconnect
10-23 18:09:59.157  3458  3458 V InlineSuggestionRenderService: Removed the inline suggestion from the cache, current size=1
10-23 18:09:59.157  3458  3458 V InlineSuggestionRenderService: Releasing inline suggestion view host
10-23 18:09:59.162  3458  3458 D BLASTBufferQueue: [VRI[]#1196](f:0,a:4) destructor()
10-23 18:09:59.163  3458  3458 D BufferQueueConsumer: [VRI[]#1196(BLAST Consumer)1196](id:d82000004ac,api:0,p:-1,c:3458) disconnect
10-23 18:09:59.166  3458  3458 V InlineSuggestionRenderService: Removed the inline suggestion from the cache, current size=0
10-23 18:09:59.188  5589  5589 W TooltipLifecycleManager: TooltipLifecycleManager.dismissTooltips():153 Tooltip with id SUGGESTION_VIEW_EDU_MINI_DIALOG not found in tooltipManager.
10-23 18:09:59.202  9275  9774 I WifiScanner: onFullResults
10-23 18:09:59.203  9275  9309 I WifiScanner: onFullResults
10-23 18:09:59.203  9275  9774 I WifiScanner: onFullResults
10-23 18:09:59.209  9275 15906 I FrewleTileCacheManagerV: (REDACTED) Fetched %d AP models from cache
10-23 18:09:59.233  9275  9342 I FusedLocation: (REDACTED) location delivery to %s blocked - too close
10-23 18:09:59.234  9275  9342 I FusedLocation: (REDACTED) location delivery to %s blocked - too fast
10-23 18:09:59.235  9275  9342 I FusedLocation: (REDACTED) location delivery to %s blocked - too close
10-23 18:09:59.235  9275  9342 I FusedLocation: (REDACTED) location delivery to %s blocked - too fast
10-23 18:09:59.235  9275  9342 I FusedLocation: (REDACTED) location delivery to %s blocked - too close
10-23 18:09:59.236  9275  9342 I FusedLocation: (REDACTED) location delivery to %s blocked - too fast
10-23 18:09:59.236  9275  9342 I fznc    : Received empty WiFi-RTT scan. [CONTEXT service_id=6 ]
10-23 18:09:59.472  5589  5589 W TooltipLifecycleManager: TooltipLifecycleManager.dismissTooltips():153 Tooltip with id SUGGESTION_VIEW_EDU_MINI_DIALOG not found in tooltipManager.
10-23 18:09:59.791  5589  5589 W TooltipLifecycleManager: TooltipLifecycleManager.dismissTooltips():153 Tooltip with id SUGGESTION_VIEW_EDU_MINI_DIALOG not found in tooltipManager.
10-23 18:10:00.103  5589  5589 W TooltipLifecycleManager: TooltipLifecycleManager.dismissTooltips():153 Tooltip with id SUGGESTION_VIEW_EDU_MINI_DIALOG not found in tooltipManager.
10-23 18:10:00.419  5589  5589 W TooltipLifecycleManager: TooltipLifecycleManager.dismissTooltips():153 Tooltip with id SUGGESTION_VIEW_EDU_MINI_DIALOG not found in tooltipManager.
10-23 18:10:00.736  5589  5589 W TooltipLifecycleManager: TooltipLifecycleManager.dismissTooltips():153 Tooltip with id SUGGESTION_VIEW_EDU_MINI_DIALOG not found in tooltipManager.
10-23 18:10:00.874 17940 18049 V ClearcutMetricXmitter: Transmission is done.
10-23 18:10:00.875 17940 18049 V ClearcutMetricXmitter: Transmission is done.
10-23 18:10:00.876 17940 18049 V ClearcutMetricXmitter: Transmission is done.
10-23 18:10:00.877 17940 18049 V ClearcutMetricXmitter: Transmission is done.
10-23 18:10:00.879 17940 18049 V ClearcutMetricXmitter: Transmission is done.
10-23 18:10:00.880 17940 18049 V ClearcutMetricXmitter: Transmission is done.
10-23 18:10:00.881 17940 18049 V ClearcutMetricXmitter: Transmission is done.
10-23 18:10:00.882 17940 18049 V ClearcutMetricXmitter: Transmission is done.
10-23 18:10:00.883 17940 18049 V ClearcutMetricXmitter: Transmission is done.
10-23 18:10:00.884 17940 18049 V ClearcutMetricXmitter: Transmission is done.
10-23 18:10:00.885 17940 18049 V ClearcutMetricXmitter: Transmission is done.
10-23 18:10:00.886 17940 18049 V ClearcutMetricXmitter: Transmission is done.
10-23 18:10:00.898  5589  5589 W TooltipLifecycleManager: TooltipLifecycleManager.dismissTooltips():153 Tooltip with id SUGGESTION_VIEW_EDU_MINI_DIALOG not found in tooltipManager.
10-23 18:10:01.159  5589  5589 W TooltipLifecycleManager: TooltipLifecycleManager.dismissTooltips():153 Tooltip with id SUGGESTION_VIEW_EDU_MINI_DIALOG not found in tooltipManager.
10-23 18:10:01.313  5589  5589 W TooltipLifecycleManager: TooltipLifecycleManager.dismissTooltips():153 Tooltip with id SUGGESTION_VIEW_EDU_MINI_DIALOG not found in tooltipManager.
10-23 18:10:01.502  9275  9342 I FusedLocation: (REDACTED) location delivery to %s blocked - too close
10-23 18:10:01.502  9275  9342 I FusedLocation: (REDACTED) location delivery to %s blocked - too fast
10-23 18:10:01.503  9275  9342 I FusedLocation: (REDACTED) location delivery to %s blocked - too fast
10-23 18:10:01.504  9275  9342 I FusedLocation: (REDACTED) location delivery to %s blocked - too close
10-23 18:10:01.504  9275  9342 I FusedLocation: (REDACTED) location delivery to %s blocked - too fast
10-23 18:10:01.504  9275  9342 I FusedLocation: (REDACTED) location delivery to %s blocked - too close
10-23 18:10:01.507  9275  9342 I FusedLocation: (REDACTED) location delivery to %s blocked - too fast
10-23 18:10:01.937  9275  9671 I IPCThreadState: oneway function results for code 1 on binder at 0xb4000077d00f1c60 will be dropped but finished with status UNKNOWN_TRANSACTION and reply parcel size 80
10-23 18:10:02.043   419   419 I TaskService: Handling intent with task name 'background-fetch-task' and app scoping identifier 'com.a1taxi.driverpro'.
10-23 18:10:02.051   419   419 W JobInfo : Job 'com.a1taxi.driverpro/expo.modules.taskManager.TaskJobService#0' has a deadline with no functional constraints. The deadline won't improve job execution latency. Consider removing the deadline.
10-23 18:10:02.076   419   419 I TaskService: Handling job with task name 'background-fetch-task' for app with scoping identifier 'com.a1taxi.driverpro'.
10-23 18:10:02.150   419  8077 I ReactNativeJS:  Background fetch triggered for location update
10-23 18:10:02.510  9275  9342 I FusedLocation: (REDACTED) location delivery to %s blocked - too close
10-23 18:10:02.510  9275  9342 I FusedLocation: (REDACTED) location delivery to %s blocked - too fast
10-23 18:10:02.511  9275  9342 I FusedLocation: (REDACTED) location delivery to %s blocked - too fast
10-23 18:10:02.512  9275  9342 I FusedLocation: (REDACTED) location delivery to %s blocked - too close
10-23 18:10:02.512  9275  9342 I FusedLocation: (REDACTED) location delivery to %s blocked - too fast
10-23 18:10:02.512  9275  9342 I FusedLocation: (REDACTED) location delivery to %s blocked - too close
10-23 18:10:02.515  9275  9342 I FusedLocation: (REDACTED) location delivery to %s blocked - too fast
10-23 18:10:02.524   419  8077 I ReactNativeJS:  Background location update via RPC...
10-23 18:10:02.524   419  8077 E ReactNativeJS:  Supabase credentials not configured
10-23 18:10:02.534   419  8077 I ReactNativeJS:  Background location update successful
10-23 18:10:02.535   419  8064 I TaskService: Finished task 'background-fetch-task' with eventId 'cce9a8a4-386f-40ec-92fd-a714fba1b0e3'.
10-23 18:10:02.545   419  8078 E unknown:ReactNative: console.error:  Supabase credentials not configured, js engine: hermes, stack:
10-23 18:10:02.545   419  8078 E unknown:ReactNative: _construct@1:117874
10-23 18:10:02.545   419  8078 E unknown:ReactNative: Wrapper@1:117528
10-23 18:10:02.545   419  8078 E unknown:ReactNative: _callSuper@1:115510
10-23 18:10:02.545   419  8078 E unknown:ReactNative: SyntheticError@1:117015
10-23 18:10:02.545   419  8078 E unknown:ReactNative: reactConsoleErrorHandler@1:116661
10-23 18:10:02.545   419  8078 E unknown:ReactNative: ?anon_0_@1:1972435
10-23 18:10:02.545   419  8078 E unknown:ReactNative: asyncGeneratorStep@1:573328
10-23 18:10:02.545   419  8078 E unknown:ReactNative: _next@1:573585
10-23 18:10:02.545   419  8078 E unknown:ReactNative: anonymous@1:136258
10-23 18:10:02.545   419  8078 E unknown:ReactNative: _callTimer@1:135257
10-23 18:10:02.545   419  8078 E unknown:ReactNative: _callReactNativeMicrotasksPass@1:135401
10-23 18:10:02.545   419  8078 E unknown:ReactNative: callReactNativeMicrotasks@1:137321
10-23 18:10:02.545   419  8078 E unknown:ReactNative: __callReactNativeMicrotasks@1:101070
10-23 18:10:02.545   419  8078 E unknown:ReactNative: anonymous@1:100206
10-23 18:10:02.545   419  8078 E unknown:ReactNative: __guard@1:100944
10-23 18:10:02.545   419  8078 E unknown:ReactNative: flushedQueue@1:100117
10-23 18:10:02.545   419  8078 E unknown:ReactNative: invokeCallbackAndReturnFlushedQueue@1:100060
10-23 18:10:02.660  7096  7120 I native  : I0000 00:00:1761223202.660329    7120 soda_async_impl.cc:1383] Current audio timestamp: 1761223202573800
10-23 18:10:02.679  7096  7126 W ProxyAndroidLoggerBackend: Too many Flogger logs received before configuration. Dropping old logs.
10-23 18:10:03.490  9275  9342 I FusedLocation: (REDACTED) location delivery to %s blocked - too close
10-23 18:10:03.490  9275  9342 I FusedLocation: (REDACTED) location delivery to %s blocked - too fast
10-23 18:10:03.490  9275  9342 I FusedLocation: (REDACTED) location delivery to %s blocked - too fast
10-23 18:10:03.491  9275  9342 I FusedLocation: (REDACTED) location delivery to %s blocked - too close
10-23 18:10:03.492  9275  9342 I FusedLocation: (REDACTED) location delivery to %s blocked - too fast
10-23 18:10:03.492  9275  9342 I FusedLocation: (REDACTED) location delivery to %s blocked - too close
10-23 18:10:03.494  9275  9342 I FusedLocation: (REDACTED) location delivery to %s blocked - too fast
10-23 18:10:04.113 28610  8970 I WM-WorkerWrapper: Worker result RETRY for Work [ id=e85d29b0-b8b8-454e-bc45-ed996650425d, tags={ com.avast.android.burger.internal.scheduling.DeviceInfoWorker } ]
10-23 18:10:04.202  9275  9345 W Settings: Setting airplane_mode_on has moved from android.provider.Settings.System to android.provider.Settings.Global, returning read-only value.
10-23 18:10:04.208  9275 18263 W SystemServiceRegistry: No service published for: wifirtt
10-23 18:10:04.224  9275  9774 I WifiScanner: onFullResults
10-23 18:10:04.225  9275  9671 I WifiScanner: onFullResults
10-23 18:10:04.227  9275  9774 I WifiScanner: onFullResults
10-23 18:10:04.252  9275 16664 I FrewleTileCacheManagerV: (REDACTED) Fetched %d AP models from cache
10-23 18:10:04.285  9275  9342 I FusedLocation: (REDACTED) location delivery to %s blocked - too close
10-23 18:10:04.286  9275  9342 I FusedLocation: (REDACTED) location delivery to %s blocked - too fast
10-23 18:10:04.287  9275  9342 I FusedLocation: (REDACTED) location delivery to %s blocked - too close
10-23 18:10:04.288  9275  9342 I FusedLocation: (REDACTED) location delivery to %s blocked - too fast
10-23 18:10:04.288  9275  9342 I FusedLocation: (REDACTED) location delivery to %s blocked - too close
10-23 18:10:04.289  9275  9342 I FusedLocation: (REDACTED) location delivery to %s blocked - too fast
10-23 18:10:04.290  9275  9342 I fznc    : Received empty WiFi-RTT scan. [CONTEXT service_id=6 ]
