10-23 17:24:14.475 18100 30834 W ReactNativeJS: 🎯 [TRIP_NOTIFICATION] ===== useEffect TRIGGERED - CHECKING FOR COMPLETION NOTIFICATIONS =====
10-23 17:24:14.475 18100 30834 W ReactNativeJS: '🎯 [TRIP_NOTIFICATION] Notifications array length:', 50
10-23 17:24:14.475 18100 30834 W ReactNativeJS: '🎯 [TRIP_NOTIFICATION] Total notifications received:', 50
10-23 17:24:14.475 18100 30834 W ReactNativeJS: '🎯 [TRIP_NOTIFICATION] Notification types:', '["ride_completed","ride_status_changed","ride_status_changed","ride_status_changed","ride_status_changed","ride_status_changed","ride_status_changed","ride_status_changed","ride_status_changed","ride_status_changed","ride_status_changed","booking_completed","booking_completed","booking_completed","booking_completed","booking_completed","ride_status_changed","ride_status_changed","ride_status_changed","ride_completed","ride_status_changed","ride_status_changed","ride_status_changed","ride_completed","ride_status_changed","ride_status_changed","ride_status_changed","ride_status_changed","ride_cancelled","ride_status_changed","ride_completed","ride_status_changed","ride_status_changed","ride_status_changed","ride_status_changed","ride_completed","ride_status_changed","ride_status_changed","ride_status_changed","ride_status_changed","ride_completed","ride_status_changed","ride_status_changed","ride_status_changed","ride_status_changed","ride_status_changed","ride_completed","ride_status_changed","ride_status_changed","ride_status_changed"]'
10-23 17:24:14.475 18100 30834 W ReactNativeJS: '🎯 [TRIP_NOTIFICATION] ride_completed count:', 7
10-23 17:24:14.475 18100 30834 W ReactNativeJS: '🎯 [TRIP_NOTIFICATION] Unread ride_completed:', 1
10-23 17:24:14.475 18100 30834 W ReactNativeJS: '🎯 [TRIP_NOTIFICATION] Already shown count:', 1
10-23 17:24:14.475 18100 30834 W ReactNativeJS: '🎯 [TRIP_NOTIFICATION] Currently visible:', true
10-23 17:24:14.475 18100 30834 W ReactNativeJS: '🎯 [TRIP_NOTIFICATION] Filtered completion notifications:', 0
10-23 17:24:14.475 18100 30834 W ReactNativeJS: '🎯 [TRIP_NOTIFICATION] Component render, notifications count:', 50
10-23 17:24:14.476 18100 30834 W ReactNativeJS: '🎯 [TRIP_NOTIFICATION] Notifications:', '[{"id":"c0930979-b31c-4f63-b636-2d97a731c792","type":"ride_completed","status":"unread"},{"id":"2012b652-4fe3-4c41-9df3-bc9d3186a24a","type":"ride_status_changed","status":"unread"},{"id":"61a74f93-5643-46ef-8ebb-56d7ed81f675","type":"ride_status_changed","status":"unread"},{"id":"e75df879-8cb8-4dee-8100-8dd61f99b26e","type":"ride_status_changed","status":"unread"},{"id":"55a746c6-9b8c-44e6-b80c-2beac586c467","type":"ride_status_changed","status":"unread"},{"id":"7c3cc3c7-e9b6-4cf8-91bb-1bb827ff7808","type":"ride_status_changed","status":"unread"},{"id":"8012a1d6-41e9-4ff2-a75b-8fee9a93ca8e","type":"ride_status_changed","status":"unread"},{"id":"d29bae80-10e7-4d05-99d5-8dc43f61d814","type":"ride_status_changed","status":"read"},{"id":"d7d8686d-95ee-4ce0-97da-ed89564b014b","type":"ride_status_changed","status":"read"},{"id":"755a6269-1daf-4327-ab71-f65e3700bf1a","type":"ride_status_changed","status":"read"},{"id":"500d07b9-07ca-40df-9d4a-3efcf677a117","type":"ride_status_changed","status":"read"},{"id":"df4552cd-e9bc-4e40-a8a0-1270b37737db","type":"booking_completed","status":"read"},{"id":"acb2b80a-267e-4b98-acd0-397461aee537","type":"booking_completed","status":"read"},{"id":"60dbc0b5-662a-48af-b01a-55212f6ac6ea","type":"booking_completed","status":"read"},{"id":"0f408121-1188-4550-9f50-919dcc8a4ed1","type":"booking_completed","status":"read"},{"id":"23052592-9d19-442c-b40f-12b90c3da756","type":"booking_completed","status":"read"},{"id":"c9ff3014-54e3-4b30-9f22-eceee292796b","type":"ride_status_changed","status":"read"},{"id":"879d4bbd-20ad-4253-a1c6-ae7535e7c211","type":"ride_status_changed","status":"read"},{"id":"286129cf-19e6-41fd-b52f-d17334d0d0f9","type":"ride_status_changed","status":"read"},{"id":"b55ac709-48d5-4db2-8246-e23f9bd317ec","type":"ride_completed","status":"read"},{"id":"92abe95d-e47d-48fa-8159-b119f5802710","type":"ride_status_changed","status":"read"},{"id":"73ad244d-a00b-42a9-83e9-97932b9db2d2","type":"ride_status_changed","status":"read"},{"id":"971613ac-8d86-4ab6-8fe5-49c528ca56ee","type":"ride_status_changed","status":"read"},{"id":"49f0f7f9-03d6-4211-b47d-0e7738f190fa","type":"ride_completed","status":"read"},{"id":"6a87c30d-c48d-458c-9b94-32dd5e75ac05","type":"ride_status_changed","status":"read"},{"id":"aee0b7a7-9cb2-4f6b-b53f-fa47642319d0","type":"ride_status_changed","status":"read"},{"id":"6c1d61c3-6cbd-4310-adfe-6d36bc611939","type":"ride_status_changed","status":"read"},{"id":"9d9ab6e7-0357-4305-9ba8-e91c0bb29897","type":"ride_status_changed","status":"read"},{"id":"d952183c-69a7-47dc-a848-d11bc2fff300","type":"ride_cancelled","status":"read"},{"id":"a01d13a8-c95b-4bf1-b0e1-8b2a8e9aaa6b","type":"ride_status_changed","status":"read"},{"id":"5a385bc8-147d-4ac2-834c-305ed9db9a05","type":"ride_completed","status":"read"},{"id":"b9365ade-a3a4-4036-b42f-606b88d5fac9","type":"ride_status_changed","status":"read"},{"id":"b6a2c6b6-bdb4-40ce-a092-25f6dd4ba953","type":"ride_status_changed","status":"read"},{"id":"d850bf94-823f-497a-b292-075abf5b5a59","type":"ride_status_changed","status":"read"},{"id":"5d8275c0-6692-44b3-a4ff-4eabba59873e","type":"ride_status_changed","status":"read"},{"id":"5cfa0487-5d05-42e8-8e92-11a287b3ded0","type":"ride_completed","status":"read"},{"id":"679ed79c-eb21-4609-a2b9-a1d304d4d4ad","type":"ride_status_changed","status":"read"},{"id":"53bb9116-5f1d-445c-94e0-f2e3d9fa3ffe","type":"ride_status_changed","status":"read"},{"id":"4196d3c8-e6dd-4a11-8d40-6771aa06de07","type":"ride_status_changed","status":"read"},{"id":"8d21f749-083a-46d1-9f7e-f7dc5c36ef05","type":"ride_status_changed","status":"read"},{"id":"0a371105-3196-4055-97ad-b230dba42df5","type":"ride_completed","status":"read"},{"id":"9f010555-c90c-447e-83ae-919809ba8350","type":"ride_status_changed","status":"read"},{"id":"84dd0357-20ec-4317-b7bd-7b31515219fb","type":"ride_status_changed","status":"read"},{"id":"caaa4644-cefa-47e6-8c92-60415a52ef4b","type":"ride_status_changed","status":"read"},{"id":"c6e2da1c-f900-47c8-b289-a88
10-23 17:24:14.477 18100 30834 I ReactNativeJS: '✅ [TRIP_NOTIFICATION] Rendering modal with notification:', { id: 'c0930979-b31c-4f63-b636-2d97a731c792',
10-23 17:24:14.477 18100 30834 I ReactNativeJS:   user_id: 'e95a4f14-8958-49e9-8ede-d81b82a7ba12',
10-23 17:24:14.477 18100 30834 I ReactNativeJS:   type: 'ride_completed',
10-23 17:24:14.477 18100 30834 I ReactNativeJS:   title: 'Trip Completed',
10-23 17:24:14.477 18100 30834 I ReactNativeJS:   message: 'Your ride has been completed successfully.',
10-23 17:24:14.477 18100 30834 I ReactNativeJS:   data: 
10-23 17:24:14.477 18100 30834 I ReactNativeJS:    { ride_id: '658b01b1-dc46-470e-a48e-07b8b8e08fa2',
10-23 17:24:14.477 18100 30834 I ReactNativeJS:      fare_amount: 309 },
10-23 17:24:14.477 18100 30834 I ReactNativeJS:   status: 'unread',
10-23 17:24:14.477 18100 30834 I ReactNativeJS:   created_at: '2025-10-23T11:04:46.92906+00:00',
10-23 17:24:14.477 18100 30834 I ReactNativeJS:   updated_at: '2025-10-23T11:04:46.92906+00:00',
10-23 17:24:14.477 18100 30834 I ReactNativeJS:   expires_at: null }
10-23 17:24:14.491  9275  9342 I FusedLocation: (REDACTED) location delivery to %s blocked - too close
10-23 17:24:14.491  9275  9342 I FusedLocation: (REDACTED) location delivery to %s blocked - too fast
10-23 17:24:14.493  9275  9342 I FusedLocation: (REDACTED) location delivery to %s blocked - too close
10-23 17:24:14.496  9275  9342 I FusedLocation: (REDACTED) location delivery to %s blocked - too fast
10-23 17:24:14.496  9275  9342 I FusedLocation: (REDACTED) location delivery to %s blocked - too fast
10-23 17:24:14.500  9275  9342 I FusedLocation: (REDACTED) location delivery to %s blocked - too fast
10-23 17:24:14.500  9275  9342 I FusedLocation: (REDACTED) location delivery to %s blocked - too close
10-23 17:24:14.500  9275  9342 I FusedLocation: (REDACTED) location delivery to %s blocked - too fast
10-23 17:24:14.501  9275  9342 I FusedLocation: (REDACTED) location delivery to %s blocked - too close
10-23 17:24:14.502  9275  9342 I FusedLocation: (REDACTED) location delivery to %s blocked - too fast
10-23 17:24:14.502  9275  9342 I FusedLocation: (REDACTED) location delivery to %s blocked - too fast
10-23 17:24:14.502  9275  9342 I FusedLocation: (REDACTED) location delivery to %s blocked - too fast
10-23 17:24:14.504  9275  9342 I fznc    : Received empty WiFi-RTT scan. [CONTEXT service_id=6 ]
10-23 17:24:14.519 18100 30834 I ReactNativeJS: 🔍 [NOTIFICATIONS] ===== DATABASE QUERY RESULT =====
10-23 17:24:14.520 18100 30834 I ReactNativeJS: '🔍 [NOTIFICATIONS] Query result:', { hasError: false,
10-23 17:24:14.520 18100 30834 I ReactNativeJS:   errorMessage: undefined,
10-23 17:24:14.520 18100 30834 I ReactNativeJS:   errorCode: undefined,
10-23 17:24:14.520 18100 30834 I ReactNativeJS:   errorDetails: undefined,
10-23 17:24:14.520 18100 30834 I ReactNativeJS:   dataCount: 50,
10-23 17:24:14.520 18100 30834 I ReactNativeJS:   tripCompletedCount: 0,
10-23 17:24:14.520 18100 30834 I ReactNativeJS:   unreadTripCompletedCount: 0,
10-23 17:24:14.520 18100 30834 I ReactNativeJS:   allTypes: 
10-23 17:24:14.520 18100 30834 I ReactNativeJS:    [ 'ride_completed',
10-23 17:24:14.520 18100 30834 I ReactNativeJS:      'ride_status_changed',
10-23 17:24:14.520 18100 30834 I ReactNativeJS:      'booking_completed',
10-23 17:24:14.520 18100 30834 I ReactNativeJS:      'ride_cancelled' ],
10-23 17:24:14.520 18100 30834 I ReactNativeJS:   recentNotifications: 
10-23 17:24:14.520 18100 30834 I ReactNativeJS:    [ { id: 'c0930979-b31c-4f63-b636-2d97a731c792',
10-23 17:24:14.520 18100 30834 I ReactNativeJS:        type: 'ride_completed',
10-23 17:24:14.520 18100 30834 I ReactNativeJS:        status: 'unread',
10-23 17:24:14.520 18100 30834 I ReactNativeJS:        title: 'Trip Completed',
10-23 17:24:14.520 18100 30834 I ReactNativeJS:        created_at: '2025-10-23T11:04:46.92906+00:00',
10-23 17:24:14.520 18100 30834 I ReactNativeJS:        age_seconds: 2968 },
10-23 17:24:14.520 18100 30834 I ReactNativeJS:      { id: '2012b652-4fe3-4c41-9df3-bc9d3186a24a',
10-23 17:24:14.520 18100 30834 I ReactNativeJS:        type: 'ride_status_changed',
10-23 17:24:14.520 18100 30834 I ReactNativeJS:        status: 'unread',
10-23 17:24:14.520 18100 30834 I ReactNativeJS:        title: 'Ride Status Updated',
10-23 17:24:14.520 18100 30834 I ReactNativeJS:        created_at: '2025-10-23T11:04:46.92906+00:00',
10-23 17:24:14.520 18100 30834 I ReactNativeJS:        age_seconds: 2968 },
10-23 17:24:14.520 18100 30834 I ReactNativeJS:      { id: '61a74f93-5643-46ef-8ebb-56d7ed81f675',
10-23 17:24:14.520 18100 30834 I ReactNativeJS:        type: 'ride_status_changed',
10-23 17:24:14.520 18100 30834 I ReactNativeJS:        status: 'unread',
10-23 17:24:14.520 18100 30834 I ReactNativeJS:        title: 'Ride Status Updated',
10-23 17:24:14.520 18100 30834 I ReactNativeJS:        created_at: '2025-10-23T10:43:16.126619+00:00',
10-23 17:24:14.520 18100 30834 I ReactNativeJS:        age_seconds: 4258 },
10-23 17:24:14.520 18100 30834 I ReactNativeJS:      { id: 'e75df879-8cb8-4dee-8100-8dd61f99b26e',
10-23 17:24:14.520 18100 30834 I ReactNativeJS:        type: 'ride_status_changed',
10-23 17:24:14.520 18100 30834 I ReactNativeJS:        status: 'unread',
10-23 17:24:14.520 18100 30834 I ReactNativeJS:        title: 'Ride Status Updated',
10-23 17:24:14.520 18100 30834 I ReactNativeJS:        created_at: '2025-10-23T10:42:44.627741+00:00',
10-23 17:24:14.520 18100 30834 I ReactNativeJS:        age_seconds: 4290 },
10-23 17:24:14.520 18100 30834 I ReactNativeJS:      { id: '55a746c6-9b8c-44e6-b80c-2beac586c467',
10-23 17:24:14.520 18100 30834 I ReactNativeJS:        type: 'ride_status_changed',
10-23 17:24:14.520 18100 30834 I ReactNativeJS:        status: 'unread',
10-23 17:24:14.520 18100 30834 I ReactNativeJS:        title: 'Ride Status Updated',
10-23 17:24:14.520 18100 30834 I ReactNativeJS:        created_at: '2025-10-23T10:40:18.79365+00:00',
10-23 17:24:14.520 18100 30834 I ReactNativeJS:        age_seconds: 4436 } ] }
10-23 17:24:14.520 18100 30834 I ReactNativeJS: ✅ [NOTIFICATIONS] ===== SETTING NOTIFICATIONS IN STATE =====
10-23 17:24:14.522 18100 30834 I ReactNativeJS: '✅ [NOTIFICATIONS] Notifications to set:', { total: 50,
10-23 17:24:14.522 18100 30834 I ReactNativeJS:   tripCompleted: 0,
10-23 17:24:14.522 18100 30834 I ReactNativeJS:   unreadTripCompleted: 0,
10-23 17:24:14.522 18100 30834 I ReactNativeJS:   allNotificationIds: 
10-23 17:24:14.522 18100 30834 I ReactNativeJS:    [ 'c0930979-b31c-4f63-b636-2d97a731c792',
10-23 17:24:14.522 18100 30834 I ReactNativeJS:      '2012b652-4fe3-4c41-9df3-bc9d3186a24a',
10-23 17:24:14.522 18100 30834 I ReactNativeJS:      '61a74f93-5643-46ef-8ebb-56d7ed81f675',
10-23 17:24:14.522 18100 30834 I ReactNativeJS:      'e75df879-8cb8-4dee-8100-8dd61f99b26e',
10-23 17:24:14.522 18100 30834 I ReactNativeJS:      '55a746c6-9b8c-44e6-b80c-2beac586c467',
10-23 17:24:14.522 18100 30834 I ReactNativeJS:      '7c3cc3c7-e9b6-4cf8-91bb-1bb827ff7808',
10-23 17:24:14.522 18100 30834 I ReactNativeJS:      '8012a1d6-41e9-4ff2-a75b-8fee9a93ca8e',
10-23 17:24:14.522 18100 30834 I ReactNativeJS:      'd29bae80-10e7-4d05-99d5-8dc43f61d814',
10-23 17:24:14.522 18100 30834 I ReactNativeJS:      'd7d8686d-95ee-4ce0-97da-ed89564b014b',
10-23 17:24:14.522 18100 30834 I ReactNativeJS:      '755a6269-1daf-4327-ab71-f65e3700bf1a',
10-23 17:24:14.522 18100 30834 I ReactNativeJS:      '500d07b9-07ca-40df-9d4a-3efcf677a117',
10-23 17:24:14.522 18100 30834 I ReactNativeJS:      'df4552cd-e9bc-4e40-a8a0-1270b37737db',
10-23 17:24:14.522 18100 30834 I ReactNativeJS:      'acb2b80a-267e-4b98-acd0-397461aee537',
10-23 17:24:14.522 18100 30834 I ReactNativeJS:      '60dbc0b5-662a-48af-b01a-55212f6ac6ea',
10-23 17:24:14.522 18100 30834 I ReactNativeJS:      '0f408121-1188-4550-9f50-919dcc8a4ed1',
10-23 17:24:14.522 18100 30834 I ReactNativeJS:      '23052592-9d19-442c-b40f-12b90c3da756',
10-23 17:24:14.522 18100 30834 I ReactNativeJS:      'c9ff3014-54e3-4b30-9f22-eceee292796b',
10-23 17:24:14.522 18100 30834 I ReactNativeJS:      '879d4bbd-20ad-4253-a1c6-ae7535e7c211',
10-23 17:24:14.522 18100 30834 I ReactNativeJS:      '286129cf-19e6-41fd-b52f-d17334d0d0f9',
10-23 17:24:14.522 18100 30834 I ReactNativeJS:      'b55ac709-48d5-4db2-8246-e23f9bd317ec',
10-23 17:24:14.522 18100 30834 I ReactNativeJS:      '92abe95d-e47d-48fa-8159-b119f5802710',
10-23 17:24:14.522 18100 30834 I ReactNativeJS:      '73ad244d-a00b-42a9-83e9-97932b9db2d2',
10-23 17:24:14.522 18100 30834 I ReactNativeJS:      '971613ac-8d86-4ab6-8fe5-49c528ca56ee',
10-23 17:24:14.522 18100 30834 I ReactNativeJS:      '49f0f7f9-03d6-4211-b47d-0e7738f190fa',
10-23 17:24:14.522 18100 30834 I ReactNativeJS:      '6a87c30d-c48d-458c-9b94-32dd5e75ac05',
10-23 17:24:14.522 18100 30834 I ReactNativeJS:      'aee0b7a7-9cb2-4f6b-b53f-fa47642319d0',
10-23 17:24:14.522 18100 30834 I ReactNativeJS:      '6c1d61c3-6cbd-4310-adfe-6d36bc611939',
10-23 17:24:14.522 18100 30834 I ReactNativeJS:      '9d9ab6e7-0357-4305-9ba8-e91c0bb29897',
10-23 17:24:14.522 18100 30834 I ReactNativeJS:      'd952183c-69a7-47dc-a848-d11bc2fff300',
10-23 17:24:14.522 18100 30834 I ReactNativeJS:      'a01d13a8-c95b-4bf1-b0e1-8b2a8e9aaa6b',
10-23 17:24:14.522 18100 30834 I ReactNativeJS:      '5a385bc8-147d-4ac2-834c-305ed9db9a05',
10-23 17:24:14.522 18100 30834 I ReactNativeJS:      'b9365ade-a3a4-4036-b42f-606b88d5fac9',
10-23 17:24:14.522 18100 30834 I ReactNativeJS:      'b6a2c6b6-bdb4-40ce-a092-25f6dd4ba953',
10-23 17:24:14.522 18100 30834 I ReactNativeJS:      'd850bf94-823f-497a-b292-075abf5b5a59',
10-23 17:24:14.522 18100 30834 I ReactNativeJS:      '5d8275c0-6692-44b3-a4ff-4eabba59873e',
10-23 17:24:14.522 18100 30834 I ReactNativeJS:      '5cfa0487-5d05-42e8-8e92-11a287b3ded0',
10-23 17:24:14.522 18100 30834 I ReactNativeJS:      '679ed79c-eb21-4609-a2b9-a1d304d4d4ad',
10-23 17:24:14.522 18100 30834 I ReactNativeJS:      '53bb9116-5f1d-445c-94e0-f2e3d9fa3ffe',
10-23 17:24:14.522 18100 30834 I ReactNativeJS:      '4196d3c8-e6dd-4a11-8d40-6771aa06de07',
10-23 17:24:14.522 18100 30834 I ReactNativeJS:      '8d21f749-083a-46d1-9f7e-f7dc5c36ef05',
10-23 17:24:14.522 18100 30834 I ReactNativeJS:      '0a371105-3196-4055-97ad-b230dba42df5',
10-23 17:24:14.522 18100 30834 I ReactNativeJS:      '9f010555-c90c-447e-83ae-919809ba8350',
10-23 17:24:14.522 18100 30834 I ReactNativeJS:      '84dd0357-20ec-4317-b7bd-7b31515219fb',
10-23 17:24:14.522 18100 30834 I ReactNativeJS:      'caaa4644-cefa-47e6-8c92-60415a52ef4b',
10-23 17:24:14.522 18100 30834 I ReactNativeJS:      'c6e2da1c-f900-47c8-b289-a88c28451f89',
10-23 17:24:14.522 18100 30834 I ReactNativeJS:      'c1a54517-80eb-451d-8fbb-26492459f1c4',
10-23 17:24:14.522 18100 30834 I ReactNativeJS:      'd3a69945-ed73-4db9-84db-77b1013c8fe2',
10-23 17:24:14.522 18100 30834 I ReactNativeJS:      '8de5daf3-1c41-4bc6-8e2c-c3873b443cbb',
10-23 17:24:14.522 18100 30834 I ReactNativeJS:      '93b3c278-21c8-4094-a13b-ae25cea5afa8',
10-23 17:24:14.522 18100 30834 I ReactNativeJS:      '057c85ff-f0f5-4a15-9e89-de6dc65465a2' ],
10-23 17:24:14.522 18100 30834 I ReactNativeJS:   tripCompletedNotificationIds: [],
10-23 17:24:14.522 18100 30834 I ReactNativeJS:   unreadTripCompletedNotificationIds: [] }
10-23 17:24:14.526 18100 30834 I ReactNativeJS: ✅ [NOTIFICATIONS] ===== CHECKING FOR IMMEDIATE TRIP COMPLETION =====
10-23 17:24:14.526 18100 30834 I ReactNativeJS: ❌ [NOTIFICATIONS] No immediate trip completion notifications found
10-23 17:24:14.527 18100 30834 I ReactNativeJS: '❌ [NOTIFICATIONS] Available notification types:', [ 'ride_completed',
10-23 17:24:14.527 18100 30834 I ReactNativeJS:   'ride_status_changed',
10-23 17:24:14.527 18100 30834 I ReactNativeJS:   'ride_status_changed',
10-23 17:24:14.527 18100 30834 I ReactNativeJS:   'ride_status_changed',
10-23 17:24:14.527 18100 30834 I ReactNativeJS:   'ride_status_changed',
10-23 17:24:14.527 18100 30834 I ReactNativeJS:   'ride_status_changed',
10-23 17:24:14.527 18100 30834 I ReactNativeJS:   'ride_status_changed',
10-23 17:24:14.527 18100 30834 I ReactNativeJS:   'ride_status_changed',
10-23 17:24:14.527 18100 30834 I ReactNativeJS:   'ride_status_changed',
10-23 17:24:14.527 18100 30834 I ReactNativeJS:   'ride_status_changed',
10-23 17:24:14.527 18100 30834 I ReactNativeJS:   'ride_status_changed',
10-23 17:24:14.527 18100 30834 I ReactNativeJS:   'booking_completed',
10-23 17:24:14.527 18100 30834 I ReactNativeJS:   'booking_completed',
10-23 17:24:14.527 18100 30834 I ReactNativeJS:   'booking_completed',
10-23 17:24:14.527 18100 30834 I ReactNativeJS:   'booking_completed',
10-23 17:24:14.527 18100 30834 I ReactNativeJS:   'booking_completed',
10-23 17:24:14.527 18100 30834 I ReactNativeJS:   'ride_status_changed',
10-23 17:24:14.527 18100 30834 I ReactNativeJS:   'ride_status_changed',
10-23 17:24:14.527 18100 30834 I ReactNativeJS:   'ride_status_changed',
10-23 17:24:14.527 18100 30834 I ReactNativeJS:   'ride_completed',
10-23 17:24:14.527 18100 30834 I ReactNativeJS:   'ride_status_changed',
10-23 17:24:14.527 18100 30834 I ReactNativeJS:   'ride_status_changed',
10-23 17:24:14.527 18100 30834 I ReactNativeJS:   'ride_status_changed',
10-23 17:24:14.527 18100 30834 I ReactNativeJS:   'ride_completed',
10-23 17:24:14.527 18100 30834 I ReactNativeJS:   'ride_status_changed',
10-23 17:24:14.527 18100 30834 I ReactNativeJS:   'ride_status_changed',
10-23 17:24:14.527 18100 30834 I ReactNativeJS:   'ride_status_changed',
10-23 17:24:14.527 18100 30834 I ReactNativeJS:   'ride_status_changed',
10-23 17:24:14.527 18100 30834 I ReactNativeJS:   'ride_cancelled',
10-23 17:24:14.527 18100 30834 I ReactNativeJS:   'ride_status_changed',
10-23 17:24:14.527 18100 30834 I ReactNativeJS:   'ride_completed',
10-23 17:24:14.527 18100 30834 I ReactNativeJS:   'ride_status_changed',
10-23 17:24:14.527 18100 30834 I ReactNativeJS:   'ride_status_changed',
10-23 17:24:14.527 18100 30834 I ReactNativeJS:   'ride_status_changed',
10-23 17:24:14.527 18100 30834 I ReactNativeJS:   'ride_status_changed',
10-23 17:24:14.527 18100 30834 I ReactNativeJS:   'ride_completed',
10-23 17:24:14.527 18100 30834 I ReactNativeJS:   'ride_status_changed',
10-23 17:24:14.527 18100 30834 I ReactNativeJS:   'ride_status_changed',
10-23 17:24:14.527 18100 30834 I ReactNativeJS:   'ride_status_changed',
10-23 17:24:14.527 18100 30834 I ReactNativeJS:   'ride_status_changed',
10-23 17:24:14.527 18100 30834 I ReactNativeJS:   'ride_completed',
10-23 17:24:14.527 18100 30834 I ReactNativeJS:   'ride_status_changed',
10-23 17:24:14.527 18100 30834 I ReactNativeJS:   'ride_status_changed',
10-23 17:24:14.527 18100 30834 I ReactNativeJS:   'ride_status_changed',
10-23 17:24:14.527 18100 30834 I ReactNativeJS:   'ride_status_changed',
10-23 17:24:14.527 18100 30834 I ReactNativeJS:   'ride_status_changed',
10-23 17:24:14.527 18100 30834 I ReactNativeJS:   'ride_completed',
10-23 17:24:14.527 18100 30834 I ReactNativeJS:   'ride_status_changed',
10-23 17:24:14.527 18100 30834 I ReactNativeJS:   'ride_status_changed',
10-23 17:24:14.527 18100 30834 I ReactNativeJS:   'ride_status_changed' ]
10-23 17:24:14.527 18100 30834 I ReactNativeJS: '❌ [NOTIFICATIONS] Trip completed notifications (all statuses):', []
10-23 17:24:14.531 18100 18100 D ViewRootImpl: AppSizeAfterRelayout, size: Point(1080, 2392), rotation: ROTATION_0
10-23 17:24:14.531 18100 18100 D BufferQueueConsumer: [](id:46b400000002,api:0,p:-1,c:18100) connect: controlledByApp=false
10-23 17:24:14.531 18100 18100 D BLASTBufferQueue: [VRI[MainActivity]#2](f:0,a:0) constructor()
10-23 17:24:14.531 18100 18100 D BLASTBufferQueue: [VRI[MainActivity]#2](f:0,a:0) update width=1080 height=2392 format=-2 mTransformHint=0
10-23 17:24:14.536 18100 30834 I ReactNativeJS: 🔔 [BANNER_DEBUG] ===== NOTIFICATION BANNER EFFECT =====
10-23 17:24:14.536 18100 30834 I ReactNativeJS: '🔔 [BANNER_DEBUG] Banner summary:', { totalNotifications: 50,
10-23 17:24:14.536 18100 30834 I ReactNativeJS:   currentlyVisible: false,
10-23 17:24:14.536 18100 30834 I ReactNativeJS:   currentNotification: undefined,
10-23 17:24:14.536 18100 30834 I ReactNativeJS:   shownNotificationsCount: 0,
10-23 17:24:14.536 18100 30834 I ReactNativeJS:   tripCompletedNotifications: 0,
10-23 17:24:14.536 18100 30834 I ReactNativeJS:   unreadTripCompleted: 0 }
10-23 17:24:14.536 18100 30834 I ReactNativeJS: 🚫 [BANNER_DEBUG] ===== BLOCKING COMPLETION NOTIFICATION FROM BANNER =====
10-23 17:24:14.536 18100 30834 I ReactNativeJS: '🚫 [BANNER_DEBUG] Completion notification blocked from banner:', { id: 'c0930979-b31c-4f63-b636-2d97a731c792',
10-23 17:24:14.536 18100 30834 I ReactNativeJS:   type: 'ride_completed',
10-23 17:24:14.536 18100 30834 I ReactNativeJS:   title: 'Trip Completed',
10-23 17:24:14.536 18100 30834 I ReactNativeJS:   rideId: '658b01b1-dc46-470e-a48e-07b8b8e08fa2',
10-23 17:24:14.536 18100 30834 I ReactNativeJS:   bookingId: undefined,
10-23 17:24:14.536 18100 30834 I ReactNativeJS:   fareAmount: 309,
10-23 17:24:14.536 18100 30834 I ReactNativeJS:   reason: 'Should show in full-screen modal only' }
10-23 17:24:14.540 18100 30834 I ReactNativeJS: 📱 [BANNER_DEBUG] ===== BANNER DISPLAY DECISION =====
10-23 17:24:14.541 18100 30771 D BLASTBufferQueue: [VRI[MainActivity]#2](f:0,a:1) acquireNextBufferLocked size=1080x2392 mFrameNumber=1 applyTransaction=true mTimestamp=824321871604978(auto) mPendingTransactions.size=0 graphicBufferId=77738908057615 transform=0
10-23 17:24:14.544 18100 30834 I ReactNativeJS: '✅ Loaded', 6, 'fare configs from fare_matrix table:', [ { vehicle_type: 'hatchback', base_fare: 145, per_km_rate: 25 },
10-23 17:24:14.544 18100 30834 I ReactNativeJS:   { vehicle_type: 'hatchback_ac', base_fare: 167, per_km_rate: 27 },
10-23 17:24:14.544 18100 30834 I ReactNativeJS:   { vehicle_type: 'sedan', base_fare: 145, per_km_rate: 25 },
10-23 17:24:14.544 18100 30834 I ReactNativeJS:   { vehicle_type: 'sedan_ac', base_fare: 160, per_km_rate: 25 },
10-23 17:24:14.544 18100 30834 I ReactNativeJS:   { vehicle_type: 'suv', base_fare: 400, per_km_rate: 30 },
10-23 17:24:14.544 18100 30834 I ReactNativeJS:   { vehicle_type: 'suv_ac', base_fare: 1500, per_km_rate: 35 } ]
10-23 17:24:14.756  5589  5589 W TooltipLifecycleManager: TooltipLifecycleManager.dismissTooltips():153 Tooltip with id undo_access_point_promotion_banner not found in tooltipManager.
10-23 17:24:14.781  5589  5589 D ViewRootImpl: AppSizeAfterRelayout, size: Point(1080, 2287), rotation: ROTATION_0
10-23 17:24:14.782  5589  5589 D BLASTBufferQueue: [VRI[InputMethod]#4018](f:0,a:4) destructor()
10-23 17:24:14.782  5589  5589 D BufferQueueConsumer: [VRI[InputMethod]#4018(BLAST Consumer)4018](id:15d500000fb2,api:0,p:-1,c:5589) disconnect
10-23 17:24:14.784 18100 30834 I ReactNativeJS: '📋 [TRIP_NOTIFICATION] Booking type:', 'regular'
10-23 17:24:14.784 18100 30834 I ReactNativeJS: 🔍 [TRIP_NOTIFICATION] Fetching from trip_completions
10-23 17:24:14.801 18100 30834 I ReactNativeJS: 🔔 [BANNER_DEBUG] ===== NOTIFICATION BANNER EFFECT =====
10-23 17:24:14.801 18100 30834 I ReactNativeJS: '🔔 [BANNER_DEBUG] Banner summary:', { totalNotifications: 50,
10-23 17:24:14.801 18100 30834 I ReactNativeJS:   currentlyVisible: false,
10-23 17:24:14.801 18100 30834 I ReactNativeJS:   currentNotification: undefined,
10-23 17:24:14.801 18100 30834 I ReactNativeJS:   shownNotificationsCount: 0,
10-23 17:24:14.801 18100 30834 I ReactNativeJS:   tripCompletedNotifications: 0,
10-23 17:24:14.801 18100 30834 I ReactNativeJS:   unreadTripCompleted: 0 }
10-23 17:24:14.801 18100 30834 I ReactNativeJS: 🚫 [BANNER_DEBUG] ===== BLOCKING COMPLETION NOTIFICATION FROM BANNER =====
10-23 17:24:14.801 18100 30834 I ReactNativeJS: '🚫 [BANNER_DEBUG] Completion notification blocked from banner:', { id: 'c0930979-b31c-4f63-b636-2d97a731c792',
10-23 17:24:14.801 18100 30834 I ReactNativeJS:   type: 'ride_completed',
10-23 17:24:14.801 18100 30834 I ReactNativeJS:   title: 'Trip Completed',
10-23 17:24:14.801 18100 30834 I ReactNativeJS:   rideId: '658b01b1-dc46-470e-a48e-07b8b8e08fa2',
10-23 17:24:14.801 18100 30834 I ReactNativeJS:   bookingId: undefined,
10-23 17:24:14.801 18100 30834 I ReactNativeJS:   fareAmount: 309,
10-23 17:24:14.801 18100 30834 I ReactNativeJS:   reason: 'Should show in full-screen modal only' }
10-23 17:24:14.804 18100 30834 I ReactNativeJS: 📱 [BANNER_DEBUG] ===== BANNER DISPLAY DECISION =====
10-23 17:24:14.831 18100 30834 I ReactNativeJS: 🔔 [BANNER_DEBUG] ===== NOTIFICATION BANNER EFFECT =====
10-23 17:24:14.831 18100 30834 I ReactNativeJS: '🔔 [BANNER_DEBUG] Banner summary:', { totalNotifications: 50,
10-23 17:24:14.831 18100 30834 I ReactNativeJS:   currentlyVisible: false,
10-23 17:24:14.831 18100 30834 I ReactNativeJS:   currentNotification: undefined,
10-23 17:24:14.831 18100 30834 I ReactNativeJS:   shownNotificationsCount: 0,
10-23 17:24:14.831 18100 30834 I ReactNativeJS:   tripCompletedNotifications: 0,
10-23 17:24:14.831 18100 30834 I ReactNativeJS:   unreadTripCompleted: 0 }
10-23 17:24:14.831 18100 30834 I ReactNativeJS: 🚫 [BANNER_DEBUG] ===== BLOCKING COMPLETION NOTIFICATION FROM BANNER =====
10-23 17:24:14.831 18100 30834 I ReactNativeJS: '🚫 [BANNER_DEBUG] Completion notification blocked from banner:', { id: 'c0930979-b31c-4f63-b636-2d97a731c792',
10-23 17:24:14.831 18100 30834 I ReactNativeJS:   type: 'ride_completed',
10-23 17:24:14.831 18100 30834 I ReactNativeJS:   title: 'Trip Completed',
10-23 17:24:14.831 18100 30834 I ReactNativeJS:   rideId: '658b01b1-dc46-470e-a48e-07b8b8e08fa2',
10-23 17:24:14.831 18100 30834 I ReactNativeJS:   bookingId: undefined,
10-23 17:24:14.831 18100 30834 I ReactNativeJS:   fareAmount: 309,
10-23 17:24:14.831 18100 30834 I ReactNativeJS:   reason: 'Should show in full-screen modal only' }
10-23 17:24:14.834 18100 30834 I ReactNativeJS: 📱 [BANNER_DEBUG] ===== BANNER DISPLAY DECISION =====
10-23 17:24:14.866 18100 30834 I ReactNativeJS: 🔔 [BANNER_DEBUG] ===== NOTIFICATION BANNER EFFECT =====
10-23 17:24:14.867 18100 30834 I ReactNativeJS: '🔔 [BANNER_DEBUG] Banner summary:', { totalNotifications: 50,
10-23 17:24:14.867 18100 30834 I ReactNativeJS:   currentlyVisible: false,
10-23 17:24:14.867 18100 30834 I ReactNativeJS:   currentNotification: undefined,
10-23 17:24:14.867 18100 30834 I ReactNativeJS:   shownNotificationsCount: 0,
10-23 17:24:14.867 18100 30834 I ReactNativeJS:   tripCompletedNotifications: 0,
10-23 17:24:14.867 18100 30834 I ReactNativeJS:   unreadTripCompleted: 0 }
10-23 17:24:14.867 18100 30834 I ReactNativeJS: 🚫 [BANNER_DEBUG] ===== BLOCKING COMPLETION NOTIFICATION FROM BANNER =====
10-23 17:24:14.867 18100 30834 I ReactNativeJS: '🚫 [BANNER_DEBUG] Completion notification blocked from banner:', { id: 'c0930979-b31c-4f63-b636-2d97a731c792',
10-23 17:24:14.867 18100 30834 I ReactNativeJS:   type: 'ride_completed',
10-23 17:24:14.867 18100 30834 I ReactNativeJS:   title: 'Trip Completed',
10-23 17:24:14.867 18100 30834 I ReactNativeJS:   rideId: '658b01b1-dc46-470e-a48e-07b8b8e08fa2',
10-23 17:24:14.867 18100 30834 I ReactNativeJS:   bookingId: undefined,
10-23 17:24:14.867 18100 30834 I ReactNativeJS:   fareAmount: 309,
10-23 17:24:14.867 18100 30834 I ReactNativeJS:   reason: 'Should show in full-screen modal only' }
10-23 17:24:14.872 18100 30834 I ReactNativeJS: 📱 [BANNER_DEBUG] ===== BANNER DISPLAY DECISION =====
10-23 17:24:14.909 18100 30834 I ReactNativeJS: '✅ Proxy response received:', 'OK'
10-23 17:24:14.909 18100 30834 I ReactNativeJS: '✅ Geocoded address:', 'PRXJ+F32, Brindavan Nagar, Plot 87, NGGO\'s Colony, Anand Nagar, Hosur, Tamil Nadu 635109, India'
10-23 17:24:14.909 18100 30834 I ReactNativeJS: '✅ Geocoded address:', 'PRXJ+F32, Brindavan Nagar, Plot 87, NGGO\'s Colony, Anand Nagar, Hosur, Tamil Nadu 635109, India'
10-23 17:24:14.909 18100 30834 I ReactNativeJS: '🏠 Enhanced Location Service: Got address:', 'PRXJ+F32, Brindavan Nagar, Plot 87, NGGO\'s Colony, Anand Nagar, Hosur, Tamil Nadu 635109, India'
10-23 17:24:14.910 18100 30834 I ReactNativeJS: '✅ [HOME] Location obtained:', { lat: 12.7486447,
10-23 17:24:14.910 18100 30834 I ReactNativeJS:   lng: 77.8299961,
10-23 17:24:14.910 18100 30834 I ReactNativeJS:   address: 'PRXJ+F32, Brindavan Nagar, Plot 87, NGGO\'s Colony, Anand Nagar, Hosur, Tamil Nadu 635109, India' }
10-23 17:24:14.912 18100 30834 I ReactNativeJS: 🚗 [HOME] ===== STARTING IMMEDIATE DRIVER DISPLAY =====
10-23 17:24:14.912 18100 30834 I ReactNativeJS: 🚗 [HOME] Current location available, showing drivers immediately
10-23 17:24:14.912 18100 30834 I ReactNativeJS: '🚗 [HOME] Location details:', { latitude: 12.7486447,
10-23 17:24:14.912 18100 30834 I ReactNativeJS:   longitude: 77.8299961,
10-23 17:24:14.912 18100 30834 I ReactNativeJS:   accuracy: 3.0209999084472656 }
10-23 17:24:14.912 18100 30834 I ReactNativeJS: 🚗 [HOME] Showing ALL vehicle types (no filter applied)
10-23 17:24:14.913 18100 30834 I ReactNativeJS: '🚗 [HOME] Should show drivers on map:', true
10-23 17:24:14.913 18100 30834 I ReactNativeJS: '🔄 [HOME] Starting driver location polling with:', { currentLocation: { latitude: 12.7486447, longitude: 77.8299961 },
10-23 17:24:14.913 18100 30834 I ReactNativeJS:   vehicleType: 'sedan',
10-23 17:24:14.913 18100 30834 I ReactNativeJS:   radius: 10 }
10-23 17:24:14.913 18100 30834 I ReactNativeJS: 🛑 [HOME] Stopping driver location polling
10-23 17:24:14.913 18100 30834 I ReactNativeJS: '🔄 [DRIVER-SERVICE] Starting driver location polling every', 10, 'seconds'
10-23 17:24:14.913 18100 30834 I ReactNativeJS: '🔄 [DRIVER-SERVICE] Polling parameters:', { customerLocation: { lat: 12.7486447, lng: 77.8299961 },
10-23 17:24:14.913 18100 30834 I ReactNativeJS:   vehicleType: 'all',
10-23 17:24:14.913 18100 30834 I ReactNativeJS:   interval: '10000ms' }
10-23 17:24:14.914 18100 30834 I ReactNativeJS: '🗺️ [DRIVER-SERVICE] Fetching available drivers via edge function:', { location: { lat: 12.7486447, lng: 77.8299961 },
10-23 17:24:14.914 18100 30834 I ReactNativeJS:   radius: '10km',
10-23 17:24:14.914 18100 30834 I ReactNativeJS:   vehicleType: 'all',
10-23 17:24:14.914 18100 30834 I ReactNativeJS:   timestamp: '2025-10-23T11:54:14.913Z' }
10-23 17:24:14.914 18100 30834 I ReactNativeJS: '🌐 [DRIVER-SERVICE] Constructed Edge Function URL:', 'https://whubaypabojomdyfqxcf.supabase.co/functions/v1/get-drivers-with-locations?lat=12.7486447&lng=77.8299961&radius=10'
10-23 17:24:14.917 18100 30834 I ReactNativeJS: 🚗 [HOME] ===== SHOWING DRIVERS AGAIN =====
10-23 17:24:14.918 18100 30834 I ReactNativeJS: 🚗 [HOME] Not both locations selected, showing drivers on map
10-23 17:24:14.918 18100 30834 I ReactNativeJS: '🚗 [HOME] Pickup coords:', true, 'Destination coords:', false
10-23 17:24:14.918 18100 30834 I ReactNativeJS: '🔄 [HOME] Starting driver location polling with:', { currentLocation: { latitude: 12.7486447, longitude: 77.8299961 },
10-23 17:24:14.918 18100 30834 I ReactNativeJS:   vehicleType: 'sedan',
10-23 17:24:14.918 18100 30834 I ReactNativeJS:   radius: 10 }
10-23 17:24:14.918 18100 30834 I ReactNativeJS: 🛑 [HOME] Stopping driver location polling
10-23 17:24:14.918 18100 30834 I ReactNativeJS: 🛑 [DRIVER-SERVICE] Stopped driver location polling
10-23 17:24:14.918 18100 30834 I ReactNativeJS: '🔄 [DRIVER-SERVICE] Starting driver location polling every', 10, 'seconds'
10-23 17:24:14.918 18100 30834 I ReactNativeJS: '🔄 [DRIVER-SERVICE] Polling parameters:', { customerLocation: { lat: 12.7486447, lng: 77.8299961 },
10-23 17:24:14.918 18100 30834 I ReactNativeJS:   vehicleType: 'all',
10-23 17:24:14.918 18100 30834 I ReactNativeJS:   interval: '10000ms' }
10-23 17:24:14.918 18100 30834 I ReactNativeJS: '🗺️ [DRIVER-SERVICE] Fetching available drivers via edge function:', { location: { lat: 12.7486447, lng: 77.8299961 },
10-23 17:24:14.918 18100 30834 I ReactNativeJS:   radius: '10km',
10-23 17:24:14.918 18100 30834 I ReactNativeJS:   vehicleType: 'all',
10-23 17:24:14.918 18100 30834 I ReactNativeJS:   timestamp: '2025-10-23T11:54:14.918Z' }
10-23 17:24:14.919 18100 30834 I ReactNativeJS: '🌐 [DRIVER-SERVICE] Constructed Edge Function URL:', 'https://whubaypabojomdyfqxcf.supabase.co/functions/v1/get-drivers-with-locations?lat=12.7486447&lng=77.8299961&radius=10'
10-23 17:24:14.920 18100 30834 I ReactNativeJS: ✅ [HOME] Location state updated successfully
10-23 17:24:14.921 18100 30834 W ReactNativeJS: 🏠 [HOME] ===== RENDERING HOME SCREEN =====
10-23 17:24:14.921 18100 30834 W ReactNativeJS: '🏠 [HOME] currentLocation:', '{"latitude":12.7486447,"longitude":77.8299961,"altitude":774.2999877929688,"accuracy":3.0209999084472656,"altitudeAccuracy":null,"heading":null,"speed":null}'
10-23 17:24:14.921 18100 30834 W ReactNativeJS: '🏠 [HOME] pickupCoords:', '{"latitude":12.7486447,"longitude":77.8299961}'
10-23 17:24:14.921 18100 30834 W ReactNativeJS: '🏠 [HOME] destinationCoords:', 'null'
10-23 17:24:14.921 18100 30834 W ReactNativeJS: '🏠 [HOME] pickupLocation text:', 'PRXJ+F32, Brindavan Nagar, Plot 87, NGGO\'s Colony, Anand Nagar, Hosur, Tamil Nadu 635109, India'
10-23 17:24:14.921 18100 30834 W ReactNativeJS: '🏠 [HOME] availableDrivers count:', 0
10-23 17:24:14.921 18100 30834 W ReactNativeJS: '🏠 [HOME] showDriversOnMap:', true
10-23 17:24:14.921 18100 30834 I ReactNativeJS: '🏠🏠🏠 [HOME-V2] ABOUT TO RENDER SimpleHosurMap with props:', { hasUserLocation: true,
10-23 17:24:14.921 18100 30834 I ReactNativeJS:   hasPickup: true,
10-23 17:24:14.921 18100 30834 I ReactNativeJS:   hasDestination: false,
10-23 17:24:14.921 18100 30834 I ReactNativeJS:   showDriversOnMap: true,
10-23 17:24:14.921 18100 30834 I ReactNativeJS:   timestamp: '2025-10-23T11:54:14.921Z' }
10-23 17:24:14.922 18100 30834 I ReactNativeJS: 🧪🧪🧪 TEST MAP RENDERING NOW
10-23 17:24:14.922 18100 30834 I ReactNativeJS: '🧪 Props received:', [ 'userLocation',
10-23 17:24:14.922 18100 30834 I ReactNativeJS:   'pickupLocation',
10-23 17:24:14.922 18100 30834 I ReactNativeJS:   'destinationLocation',
10-23 17:24:14.922 18100 30834 I ReactNativeJS:   'onRegionChangeComplete',
10-23 17:24:14.922 18100 30834 I ReactNativeJS:   'onDestinationDragEnd',
10-23 17:24:14.922 18100 30834 I ReactNativeJS:   'showCenteredPin',
10-23 17:24:14.922 18100 30834 I ReactNativeJS:   'availableDrivers',
10-23 17:24:14.922 18100 30834 I ReactNativeJS:   'showDrivers' ]
10-23 17:24:14.926 18100 30835 W unknown:ViewManagerPropertyUpdater: Could not find generated setter for class com.rnmaps.maps.SizeReportingShadowNode
10-23 17:24:14.936 18100 30834 I ReactNativeJS: 📍 [HOME] Location loading state set to false
10-23 17:24:14.952 18100 18100 D MapsInitializer: preferredRenderer: LATEST
10-23 17:24:14.952 18100 18100 D zzcc    : preferredRenderer: LATEST
10-23 17:24:14.955 18100 18100 I zzcc    : Making Creator dynamically
10-23 17:24:14.983 18100 18100 W .a1taxicustomer: ClassLoaderContext classpath size mismatch. expected=1, found=0 (DLC[];PCL[base.apk*723402788]{PCL[/system/framework/org.apache.http.legacy.jar*1230680128]#PCL[/system/framework/com.android.media.remotedisplay.jar*2042759013]#PCL[/system/framework/com.android.location.provider.jar*3414091812]#PCL[/system_ext/framework/androidx.window.extensions.jar*3686172054]#PCL[/system_ext/framework/androidx.window.sidecar.jar*3225371103]} | DLC[];PCL[])
10-23 17:24:14.991 18100 18100 I DynamiteModule: Considering local module com.google.android.gms.maps_core_dynamite:0 and remote module com.google.android.gms.maps_core_dynamite:253425402
10-23 17:24:14.991 18100 18100 I DynamiteModule: Selected remote version of com.google.android.gms.maps_core_dynamite, version >= 253425402
10-23 17:24:14.991 18100 18100 V DynamiteModule: Dynamite loader version >= 2, using loadModule2NoCrashUtils
10-23 17:24:15.002 18100 18100 W System  : ClassLoader referenced unknown path: 
10-23 17:24:15.002 18100 18100 D nativeloader: Configuring clns-11 for other apk . target_sdk_version=36, uses_libraries=, library_path=/data/app/~~eCrvdpce8cKhF_o5XuPylw==/com.google.android.gms-3JM2t0qN4ruXi9hkKZ22Bw==/lib/arm64:/data/app/~~eCrvdpce8cKhF_o5XuPylw==/com.google.android.gms-3JM2t0qN4ruXi9hkKZ22Bw==/base.apk!/lib/arm64-v8a, permitted_path=/data:/mnt/expand:/data/user/0/com.google.android.gms
10-23 17:24:15.105 18100 18100 D zzcc    : early loading native code
10-23 17:24:15.140 18100 18100 D nativeloader: Configuring clns-12 for other apk . target_sdk_version=35, uses_libraries=ALL, library_path=/data/user_de/0/com.google.android.gms/app_chimera/m/0000001d/dl-MapsCoreDynamite.integ_253425402100400.apk!/lib/arm64-v8a, permitted_path=/data:/mnt/expand
10-23 17:24:15.140 18100 18100 D nativeloader: Extending system_exposed_libraries: libapuwareapusys.mtk.so:libapuwareapusys_v2.mtk.so:libapuwarexrp.mtk.so:libapuwarexrp_v2.mtk.so:libapuwareutils.mtk.so:libapuwareutils_v2.mtk.so:libapuwarehmp.mtk.so:libneuron_graph_delegate.mtk.so:libneuronusdk_adapter.mtk.so:libtflite_mtk.mtk.so:libarmnn_ndk.mtk.so:libcmdl_ndk.mtk.so:libnir_neon_driver_ndk.mtk.so:libmvpu_runtime.mtk.so:libmvpu_runtime_pub.mtk.so:libmvpu_engine_pub.mtk.so:libmvpu_pattern_pub.mtk.so:libmvpuop_mtk_cv.mtk.so:libmvpuop_mtk_nn.mtk.so:libmvpu_runtime_25.mtk.so:libmvpu_runtime_25_pub.mtk.so:libmvpu_engine_25_pub.mtk.so:libmvpu_pattern_25_pub.mtk.so:libmvpuop25_mtk_cv.mtk.so:libmvpuop25_mtk_nn.mtk.so:libmvpu_config.mtk.so:libteeservice_client.trustonic.so:librealm-jni.vivo.so
10-23 17:24:15.151 18100 18100 D nativeloader: Load /data/user_de/0/com.google.android.gms/app_chimera/m/0000001d/dl-MapsCoreDynamite.integ_253425402100400.apk!/lib/arm64-v8a/libgmm-jni.so using isolated ns clns-12 (caller=/data/user_de/0/com.google.android.gms/app_chimera/m/0000001d/dl-MapsCoreDynamite.integ_253425402100400.apk): ok
10-23 17:24:15.152 18100 18100 I native  : I0000 00:00:1761220455.151844   18100 jni_init.cc:30] Initializing JNI...
10-23 17:24:15.154 18100 18100 I Google Android Maps SDK: Google Play services client version: 19010000
10-23 17:24:15.191  7087  7087 I GrantPermissionsViewModel: Logged buttons presented and clicked permissionGroupName=android.permission-group.NOTIFICATIONS uid=10483 selectedPrecision=0 package=com.a1taxi.a1taxicustomer presentedButtons=9 clickedButton=1 isPermissionRationaleShown=false sessionId=3982322861977006526 targetSdk=35
10-23 17:24:15.199  7087  7087 I GrantPermissionsViewModel: Permission grant result requestId=3982322861977006526 callingUid=10483 callingPackage=com.a1taxi.a1taxicustomer permission=android.permission.POST_NOTIFICATIONS isImplicit=false result=4 isPermissionRationaleShown=falseisPackageRestrictedByEnhancedConfirmation=true
10-23 17:24:15.215 18100 18100 D bo      : SDK type: 1, version: 253425402
10-23 17:24:15.239 18100 18100 D hp      : maps_core_dynamite module version in use (0 represents standalone library): 253425402
10-23 17:24:15.240 18100 18100 D hp      : Added event: 110
10-23 17:24:15.241 18100 18100 D hp      : Added event: 112
10-23 17:24:15.241 18100 18100 D MapsInitializer: loadedRenderer: LATEST
10-23 17:24:15.241 18100 18100 D AirMapRenderer: Init with renderer: LATEST
10-23 17:24:15.244 18100 30834 I ReactNativeJS: 🔔 [BANNER_DEBUG] ===== NOTIFICATION BANNER EFFECT =====
10-23 17:24:15.245 18100 30834 I ReactNativeJS: '🔔 [BANNER_DEBUG] Banner summary:', { totalNotifications: 50,
10-23 17:24:15.245 18100 30834 I ReactNativeJS:   currentlyVisible: false,
10-23 17:24:15.245 18100 30834 I ReactNativeJS:   currentNotification: undefined,
10-23 17:24:15.245 18100 30834 I ReactNativeJS:   shownNotificationsCount: 0,
10-23 17:24:15.245 18100 30834 I ReactNativeJS:   tripCompletedNotifications: 0,
10-23 17:24:15.245 18100 30834 I ReactNativeJS:   unreadTripCompleted: 0 }
10-23 17:24:15.245 18100 30834 I ReactNativeJS: 🚫 [BANNER_DEBUG] ===== BLOCKING COMPLETION NOTIFICATION FROM BANNER =====
10-23 17:24:15.245  7087  7087 D VRI[GrantPermissionsActivity]: visibilityChanged oldVisibility=true newVisibility=false
10-23 17:24:15.245 18100 30834 I ReactNativeJS: '🚫 [BANNER_DEBUG] Completion notification blocked from banner:', { id: 'c0930979-b31c-4f63-b636-2d97a731c792',
10-23 17:24:15.245 18100 30834 I ReactNativeJS:   type: 'ride_completed',
10-23 17:24:15.245 18100 30834 I ReactNativeJS:   title: 'Trip Completed',
10-23 17:24:15.245 18100 30834 I ReactNativeJS:   rideId: '658b01b1-dc46-470e-a48e-07b8b8e08fa2',
10-23 17:24:15.245 18100 30834 I ReactNativeJS:   bookingId: undefined,
10-23 17:24:15.245 18100 30834 I ReactNativeJS:   fareAmount: 309,
10-23 17:24:15.245 18100 30834 I ReactNativeJS:   reason: 'Should show in full-screen modal only' }
10-23 17:24:15.247 18100 30834 I ReactNativeJS: 📱 [BANNER_DEBUG] ===== BANNER DISPLAY DECISION =====
10-23 17:24:15.264 18100 30834 I ReactNativeJS: 🔔 [BANNER_DEBUG] ===== NOTIFICATION BANNER EFFECT =====
10-23 17:24:15.264 18100 30834 I ReactNativeJS: '🔔 [BANNER_DEBUG] Banner summary:', { totalNotifications: 50,
10-23 17:24:15.264 18100 30834 I ReactNativeJS:   currentlyVisible: false,
10-23 17:24:15.264 18100 30834 I ReactNativeJS:   currentNotification: undefined,
10-23 17:24:15.264 18100 30834 I ReactNativeJS:   shownNotificationsCount: 0,
10-23 17:24:15.264 18100 30834 I ReactNativeJS:   tripCompletedNotifications: 0,
10-23 17:24:15.264 18100 30834 I ReactNativeJS:   unreadTripCompleted: 0 }
10-23 17:24:15.264 18100 30834 I ReactNativeJS: 🚫 [BANNER_DEBUG] ===== BLOCKING COMPLETION NOTIFICATION FROM BANNER =====
10-23 17:24:15.264 18100 30834 I ReactNativeJS: '🚫 [BANNER_DEBUG] Completion notification blocked from banner:', { id: 'c0930979-b31c-4f63-b636-2d97a731c792',
10-23 17:24:15.264 18100 30834 I ReactNativeJS:   type: 'ride_completed',
10-23 17:24:15.264 18100 30834 I ReactNativeJS:   title: 'Trip Completed',
10-23 17:24:15.264 18100 30834 I ReactNativeJS:   rideId: '658b01b1-dc46-470e-a48e-07b8b8e08fa2',
10-23 17:24:15.264 18100 30834 I ReactNativeJS:   bookingId: undefined,
10-23 17:24:15.264 18100 30834 I ReactNativeJS:   fareAmount: 309,
10-23 17:24:15.264 18100 30834 I ReactNativeJS:   reason: 'Should show in full-screen modal only' }
10-23 17:24:15.265 18100 30834 I ReactNativeJS: 📱 [BANNER_DEBUG] ===== BANNER DISPLAY DECISION =====
10-23 17:24:15.272 18100 30834 I ReactNativeJS: 🔔 [BANNER_DEBUG] ===== NOTIFICATION BANNER EFFECT =====
10-23 17:24:15.273 18100 30834 I ReactNativeJS: '🔔 [BANNER_DEBUG] Banner summary:', { totalNotifications: 50,
10-23 17:24:15.273 18100 30834 I ReactNativeJS:   currentlyVisible: false,
10-23 17:24:15.273 18100 30834 I ReactNativeJS:   currentNotification: undefined,
10-23 17:24:15.273 18100 30834 I ReactNativeJS:   shownNotificationsCount: 0,
10-23 17:24:15.273 18100 30834 I ReactNativeJS:   tripCompletedNotifications: 0,
10-23 17:24:15.273 18100 30834 I ReactNativeJS:   unreadTripCompleted: 0 }
10-23 17:24:15.273 18100 30834 I ReactNativeJS: 🚫 [BANNER_DEBUG] ===== BLOCKING COMPLETION NOTIFICATION FROM BANNER =====
10-23 17:24:15.273 18100 30834 I ReactNativeJS: '🚫 [BANNER_DEBUG] Completion notification blocked from banner:', { id: 'c0930979-b31c-4f63-b636-2d97a731c792',
10-23 17:24:15.273 18100 30834 I ReactNativeJS:   type: 'ride_completed',
10-23 17:24:15.273 18100 30834 I ReactNativeJS:   title: 'Trip Completed',
10-23 17:24:15.273 18100 30834 I ReactNativeJS:   rideId: '658b01b1-dc46-470e-a48e-07b8b8e08fa2',
10-23 17:24:15.273 18100 30834 I ReactNativeJS:   bookingId: undefined,
10-23 17:24:15.273 18100 30834 I ReactNativeJS:   fareAmount: 309,
10-23 17:24:15.273 18100 30834 I ReactNativeJS:   reason: 'Should show in full-screen modal only' }
10-23 17:24:15.273 18100 30834 I ReactNativeJS: 📱 [BANNER_DEBUG] ===== BANNER DISPLAY DECISION =====
10-23 17:24:15.274 18100 18100 D MapsInitializer: preferredRenderer: null
10-23 17:24:15.274 18100 18100 D zzcc    : preferredRenderer: null
10-23 17:24:15.279 18100 18100 D bo      : SDK type: 1, version: 253425402
10-23 17:24:15.280 18100 18100 I Google Android Maps SDK: Google Play services package version: 254031035
10-23 17:24:15.280 18100 18100 I Google Android Maps SDK: Google Play services maps renderer version(maps_core): 253425402
10-23 17:24:15.281 18100 18100 D bo      : SDK type: 1, version: 253425402
10-23 17:24:15.281 18100 18100 D de      : about to start loading native library asynchronously
10-23 17:24:15.291 18100 18100 W x       : Suppressed StrictMode policy violation: StrictModeDiskReadViolation
10-23 17:24:15.299 18100 18100 I o       : Using GMM server: https://clients4.google.com/glm/mmap
10-23 17:24:15.299 18100 18100 W x       : Suppressed StrictMode policy violation: StrictModeDiskReadViolation
10-23 17:24:15.299 18100 18100 W x       : Suppressed StrictMode policy violation: StrictModeDiskWriteViolation
10-23 17:24:15.304 18100 31075 W x       : Suppressed StrictMode policy violation: StrictModeDiskReadViolation
10-23 17:24:15.304 18100 18100 D o       : Using Non-null serverVersionMetadataManager to load previous metadata.
10-23 17:24:15.316 18100 30834 I ReactNativeJS: '✅ [TRIP_NOTIFICATION] Fare breakdown fetched:', { id: 'e9a6c742-a6c4-4b91-8b13-967157d16a79',
10-23 17:24:15.316 18100 30834 I ReactNativeJS:   ride_id: '658b01b1-dc46-470e-a48e-07b8b8e08fa2',
10-23 17:24:15.316 18100 30834 I ReactNativeJS:   booking_type: 'regular',
10-23 17:24:15.316 18100 30834 I ReactNativeJS:   vehicle_type: 'sedan',
10-23 17:24:15.316 18100 30834 I ReactNativeJS:   actual_distance_km: 1.51,
10-23 17:24:15.316 18100 30834 I ReactNativeJS:   actual_duration_minutes: 21,
10-23 17:24:15.316 18100 30834 I ReactNativeJS:   base_fare: 145,
10-23 17:24:15.316 18100 30834 I ReactNativeJS:   distance_fare: 0,
10-23 17:24:15.316 18100 30834 I ReactNativeJS:   time_fare: 0,
10-23 17:24:15.316 18100 30834 I ReactNativeJS:   surge_charges: 0,
10-23 17:24:15.316 18100 30834 I ReactNativeJS:   deadhead_charges: 137.83,
10-23 17:24:15.316 18100 30834 I ReactNativeJS:   platform_fee: 10,
10-23 17:24:15.316 18100 30834 I ReactNativeJS:   extra_km_charges: 0,
10-23 17:24:15.316 18100 30834 I ReactNativeJS:   driver_allowance: 0,
10-23 17:24:15.316 18100 30834 I ReactNativeJS:   total_fare: 309,
10-23 17:24:15.316 18100 30834 I ReactNativeJS:   fare_details: 
10-23 17:24:15.316 18100 30834 I ReactNativeJS:    { details: 
10-23 17:24:15.316 18100 30834 I ReactNativeJS:       { extra_km: 0,
10-23 17:24:15.316 18100 30834 I ReactNativeJS:         per_km_rate: 25,
10-23 17:24:15.316 18100 30834 I ReactNativeJS:         minimum_fare: 0,
10-23 17:24:15.316 18100 30834 I ReactNativeJS:         is_inner_zone: false,
10-23 17:24:15.316 18100 30834 I ReactNativeJS:         zone_detected: 'Between Inner and Outer Ring',
10-23 17:24:15.316 18100 30834 I ReactNativeJS:         base_km_included: 4,
10-23 17:24:15.316 18100 30834 I ReactNativeJS:         surge_multiplier: 1,
10-23 17:24:15.316 18100 30834 I ReactNativeJS:         platform_fee_flat: 10,
10-23 17:24:15.316 18100 30834 I ReactNativeJS:         actual_distance_km: 1.5116450114632625,
10-23 17:24:15.316 18100 30834 I ReactNativeJS:         actual_duration_minutes: 21 },
10-23 17:24:15.316 18100 30834 I ReactNativeJS:      base_fare: 145,
10-23 17:24:15.316 18100 30834 I ReactNativeJS:      time_fare: 0,
10-23 17:24:15.316 18100 30834 I ReactNativeJS:      total_fare: 309,
10-23 17:24:15.316 18100 30834 I ReactNativeJS:      booking_type: 'regular',
10-23 17:24:15.316 18100 30834 I ReactNativeJS:      platform_fee: 10,
10-23 17:24:15.316 18100 30834 I ReactNativeJS:      vehicle_type: 'sedan',
10-23 17:24:15.316 18100 30834 I ReactNativeJS:      distance_fare: 0,
10-23 17:24:15.316 18100 30834 I ReactNativeJS:      surge_charges: 0,
10-23 17:24:15.316 18100 30834 I ReactNativeJS:      gst_on_charges: 14.141297974004567,
10-23 17:24:15.316 18100 30834 I ReactNativeJS:      deadhead_charges: 137.82595948009134,
