10-23 17:24:13.971 18100 30834 W ReactNativeJS: '🎯 [TRIP_NOTIFICATION] Notification types:', '[]'
10-23 17:24:13.971 18100 30834 W ReactNativeJS: '🎯 [TRIP_NOTIFICATION] ride_completed count:', 0
10-23 17:24:13.971 18100 30834 W ReactNativeJS: '🎯 [TRIP_NOTIFICATION] Unread ride_completed:', 0
10-23 17:24:13.971 18100 30834 W ReactNativeJS: '🎯 [TRIP_NOTIFICATION] Already shown count:', 0
10-23 17:24:13.971 18100 30834 W ReactNativeJS: '🎯 [TRIP_NOTIFICATION] Currently visible:', false
10-23 17:24:13.971 18100 30834 W ReactNativeJS: '🎯 [TRIP_NOTIFICATION] Filtered completion notifications:', 0
10-23 17:24:13.971 18100 30834 I ReactNativeJS: '🎯 [useRideNotifications] useEffect triggered, user ID:', 'e95a4f14-8958-49e9-8ede-d81b82a7ba12'
10-23 17:24:13.971 18100 30834 I ReactNativeJS: 🔍 [NOTIFICATIONS] ===== FETCHING NOTIFICATIONS =====
10-23 17:24:13.971 18100 30834 I ReactNativeJS: '🔍 [NOTIFICATIONS] User ID:', 'e95a4f14-8958-49e9-8ede-d81b82a7ba12'
10-23 17:24:13.971 18100 30834 I ReactNativeJS: '🔍 [NOTIFICATIONS] Timestamp:', '2025-10-23T11:54:13.971Z'
10-23 17:24:13.972 18100 30834 I ReactNativeJS: 📱 Requesting location permission on app start for all platforms...
10-23 17:24:13.972 18100 30834 I ReactNativeJS: '📱 Current platform:', 'android'
10-23 17:24:13.972 18100 30834 I ReactNativeJS: '🔍 Requesting location permission for platform:', 'android'
10-23 17:24:13.972 18100 30834 I ReactNativeJS: 📱 Requesting Android location permissions...
10-23 17:24:13.973 18100 30834 I ReactNativeJS: 📊 Loading all vehicle configs from fare_matrix table for booking_type=regular
10-23 17:24:13.974 18100 30834 I ReactNativeJS: 🗺️ Using cached zones data
10-23 17:24:13.974 18100 30834 I ReactNativeJS: 📊 [HOME] ===== AVAILABLE DRIVERS STATE CHANGED =====
10-23 17:24:13.974 18100 30834 I ReactNativeJS: '📊 [HOME] availableDrivers state update:', { count: 0,
10-23 17:24:13.974 18100 30834 I ReactNativeJS:   showDriversOnMap: true,
10-23 17:24:13.974 18100 30834 I ReactNativeJS:   driversPassedToMap: 0,
10-23 17:24:13.974 18100 30834 I ReactNativeJS:   drivers: [] }
10-23 17:24:13.974 18100 30834 I ReactNativeJS: 🗺️ [HOME] No drivers to pass to map (availableDrivers is empty)
10-23 17:24:13.979 18100 30834 I ReactNativeJS: '🔍 AuthNavigator - checking auth state:', { user: true,
10-23 17:24:13.979 18100 30834 I ReactNativeJS:   loading: false,
10-23 17:24:13.979 18100 30834 I ReactNativeJS:   segments: '(tabs)',
10-23 17:24:13.979 18100 30834 I ReactNativeJS:   userEmail: '918608374935@a1taxi.app',
10-23 17:24:13.979 18100 30834 I ReactNativeJS:   userRole: 'customer' }
10-23 17:24:13.979 18100 30834 I ReactNativeJS: ✅ User authenticated and on correct screen
10-23 17:24:13.980 18100 30834 I ReactNativeJS: '✅ Loaded active zones:', 2
10-23 17:24:13.990 18100 30834 I ReactNativeJS: '📱 Fine location permission result:', 'granted'
10-23 17:24:13.990 18100 30834 I ReactNativeJS: ✅ Android fine location permission granted
10-23 17:24:13.990 18100 30834 I ReactNativeJS: ✅ Location permission granted on mount
10-23 17:24:13.990 18100 30834 I ReactNativeJS: 📍 [HOME] Starting location fetch...
10-23 17:24:13.990 18100 30834 I ReactNativeJS: 🔍 Enhanced Location Service: Getting current location with address...
10-23 17:24:13.990 18100 30834 I ReactNativeJS: '🔍 Platform:', 'android'
10-23 17:24:13.990 18100 30834 I ReactNativeJS: 📍 Enhanced Location Service: Starting location detection...
10-23 17:24:13.990 18100 30834 I ReactNativeJS: '🌍 Platform:', 'android'
10-23 17:24:13.991 18100 30834 I ReactNativeJS: ✅ Enhanced Location Service: Permission granted, attempting detection...
10-23 17:24:13.991 18100 30834 I ReactNativeJS: 🎯 Enhanced Location Service: Attempting high accuracy GPS...
10-23 17:24:13.991 18100 30834 I ReactNativeJS: 📱 Using Expo Location for high accuracy...
10-23 17:24:14.002 18100 18100 I ImeTracker: com.a1taxi.a1taxicustomer:bf313998: onRequestHide at ORIGIN_CLIENT reason HIDE_SOFT_INPUT fromUser false
10-23 17:24:14.004  5589  5589 I GoogleInputMethodService: GoogleInputMethodService.onFinishInputView():1571 onFinishInputView(false)
10-23 17:24:14.005  5589  5589 I GlobeKeyExtension: GlobeKeyExtension.onDeactivate():144 
10-23 17:24:14.005  5589  5589 W TooltipLifecycleManager: TooltipLifecycleManager.dismissTooltips():153 Tooltip with id SUGGESTION_VIEW_EDU_MINI_DIALOG not found in tooltipManager.
10-23 17:24:14.005  5589  5589 I VoiceInputManagerWrapper: VoiceInputManagerWrapper.shutdown():131 shutdown()
10-23 17:24:14.006  5589  5589 W TooltipLifecycleManager: TooltipLifecycleManager.dismissTooltips():153 Tooltip with id spell_check_add_to_dictionary not found in tooltipManager.
10-23 17:24:14.006  5589  5589 W TooltipLifecycleManager: TooltipLifecycleManager.dismissTooltips():153 Tooltip with id undo_access_point_promotion_banner not found in tooltipManager.
10-23 17:24:14.022 18100 18100 W [RNScreens]: topInsetEnabled prop is not available on Android
10-23 17:24:14.022  5589  5589 I KeyboardModeUtils: KeyboardModeUtils.getKeyboardBottomOffset():435 inch: 0.000000 ydpi: 387.429993 adjustKeyboardBottomByDisplaySize: false currentDensityDpi: 440 defaultDensityDpi: 440 keyboardBottomToScreenPx: 0 keyboardBottomToNavBarPx: -116 navBarHeight: 116
10-23 17:24:14.022  5589  5589 I KeyboardHeightUtil: KeyboardHeightUtil.calculateMaxKeyboardBodyHeight():50 leave 267 height for app when ime window height:2171, header height:121 and isFullscreenMode:false, so the max keyboard body height is:1783
10-23 17:24:14.022  5589  5589 I KeyboardHeightUtil: KeyboardHeightUtil.calculateMaxKeyboardBodyHeight():50 leave 267 height for app when ime window height:2171, header height:121 and isFullscreenMode:false, so the max keyboard body height is:1783
10-23 17:24:14.022  5589  5589 I AndroidIME: KeyboardViewManager.updateKeyboardBodyViewHolderPaddingBottom():472 Set finalPaddingBottom = 5 while holderPaddingBottom = 5; navigationHeight = 116
10-23 17:24:14.024  9275 31037 I FusedOrientationManager: Registering orientation client. [CONTEXT service_id=6 ]
10-23 17:24:14.035  9275 31037 I FusedOrientationManager: Registering orientation client. [CONTEXT service_id=6 ]
10-23 17:24:14.069 18100 18100 I ImeTracker: com.a1taxi.a1taxicustomer:c7e5e922: onRequestHide at ORIGIN_CLIENT reason HIDE_SOFT_INPUT_CLOSE_CURRENT_SESSION fromUser false
10-23 17:24:14.070 18100 18100 W RemoteInputConnectionImpl: requestCursorUpdates on inactive InputConnection
10-23 17:24:14.071 18100 18100 E ImeBackDispatcher: Ime callback not found. Ignoring unregisterReceivedCallback. callbackId: 77932490
10-23 17:24:14.072 18100 30834 I ReactNativeJS: '✅ Enhanced Location Service: High accuracy location obtained:', { lat: 12.7486447,
10-23 17:24:14.072 18100 30834 I ReactNativeJS:   lng: 77.8299961,
10-23 17:24:14.072 18100 30834 I ReactNativeJS:   accuracy: '3.0209999084472656m' }
10-23 17:24:14.072 18100 30834 I ReactNativeJS: '📍 Enhanced Location Service: Got location:', { latitude: 12.7486447,
10-23 17:24:14.072 18100 30834 I ReactNativeJS:   longitude: 77.8299961,
10-23 17:24:14.072 18100 30834 I ReactNativeJS:   accuracy: 3.0209999084472656 }
10-23 17:24:14.072 18100 30834 I ReactNativeJS: 🗺️ Enhanced Location Service: Starting reverse geocoding...
10-23 17:24:14.072 18100 30834 I ReactNativeJS: '🗺️ Reverse geocoding coordinates:', { latitude: 12.7486447, longitude: 77.8299961 }
10-23 17:24:14.072 18100 30834 I ReactNativeJS: '🏠 Reverse geocoding:', { lat: 12.7486447, lng: 77.8299961 }
10-23 17:24:14.074 18100 30834 I ReactNativeJS: '🌐 Making proxy request to:', 'https://whubaypabojomdyfqxcf.supabase.co/functions/v1/places-proxy/geocode?latlng=12.7486447%2C77.8299961'
10-23 17:24:14.075 18100 18100 D InsetsController: hide(ime(), fromIme=true)
10-23 17:24:14.122  7087  7087 D ViewRootImpl: AppSizeAfterRelayout, size: Point(1202, 177), rotation: ROTATION_0
10-23 17:24:14.123  7087  7087 D BufferQueueConsumer: [](id:1baf00000007,api:0,p:-1,c:7087) connect: controlledByApp=false
10-23 17:24:14.123  7087  7087 D BLASTBufferQueue: [VRI[GrantPermissionsActivity]#7](f:0,a:0) constructor()
10-23 17:24:14.123  7087  7087 D BLASTBufferQueue: [VRI[GrantPermissionsActivity]#7](f:0,a:0) update width=1202 height=177 format=-2 mTransformHint=0
10-23 17:24:14.147  1870  1976 I ActivityTaskManager: Displayed com.google.android.permissioncontroller/com.android.permissioncontroller.permission.ui.GrantPermissionsActivity for user 0: +138ms
10-23 17:24:14.165  7087  7087 D ViewRootImpl: AppSizeAfterRelayout, size: Point(1202, 1037), rotation: ROTATION_0
10-23 17:24:14.165  7087  7087 D BLASTBufferQueue: [VRI[GrantPermissionsActivity]#7](f:0,a:0) update width=1202 height=1037 format=-2 mTransformHint=0
10-23 17:24:14.174  7087  7087 V ImeFocusController: onWindowFocus: com.android.internal.policy.DecorView{eecf9db V.E...... R....... 0,0-1026,861}[GrantPermissionsActivity] softInputMode=STATE_ALWAYS_HIDDEN|ADJUST_NOTHING|IS_FORWARD_NAVIGATION
10-23 17:24:14.177  5589  5589 I GoogleInputMethodService: GoogleInputMethodService.onFinishInput():2085 
10-23 17:24:14.178  5589  5589 I Module  : DeviceLockedStatusModuleProvider$Module.updateDeviceLockedStatus():100 repeatCheckTimes = 0, locked = false
10-23 17:24:14.179  5589  5589 W TooltipLifecycleManager: TooltipLifecycleManager.dismissTooltips():153 Tooltip with id SUGGESTION_VIEW_EDU_MINI_DIALOG not found in tooltipManager.
10-23 17:24:14.179  5589  5589 I GoogleInputMethodService: GoogleInputMethodService.onStartInput():1346 onStartInput(EditorInfo{EditorInfo{packageName=com.google.android.permissioncontroller, inputType=0, inputTypeString=NULL, enableLearning=false, autoCorrection=false, autoComplete=false, imeOptions=0, privateImeOptions=null, actionName=UNSPECIFIED, actionLabel=null, initialSelStart=-1, initialSelEnd=-1, initialCapsMode=0, label=null, fieldId=0, fieldName=null, extras=null, hintText=null, hintLocales=[]}}, false)
10-23 17:24:14.181  5589  5589 I Module  : DeviceLockedStatusModuleProvider$Module.updateDeviceLockedStatus():100 repeatCheckTimes = 1, locked = false
10-23 17:24:14.181  7087  8586 D BLASTBufferQueue: [VRI[GrantPermissionsActivity]#7](f:0,a:1) producer disconnected before acquireNextBufferLocked
10-23 17:24:14.182  5589  5589 I HardKeyTracker: HardKeyTracker.registerKeySequence():170 Register key sequence nfz{labelResId=0, callback=gds@8190723, lastModifier=0, keyCodes=[57, 57], actions=[1, 0]}
10-23 17:24:14.182  7087  8586 D BLASTBufferQueue: [VRI[GrantPermissionsActivity]#7](f:0,a:1) acquireNextBufferLocked size=1202x1037 mFrameNumber=1 applyTransaction=true mTimestamp=824321511704978(auto) mPendingTransactions.size=0 graphicBufferId=30438433226832 transform=0
10-23 17:24:14.182  5589  5589 I HardKeyTracker: HardKeyTracker.registerKeySequence():170 Register key sequence nfz{labelResId=0, callback=gds@e0ae79e, lastModifier=0, keyCodes=[58, 58], actions=[1, 0]}
10-23 17:24:14.233 18100 18100 I ImeTracker: com.a1taxi.a1taxicustomer:bf313998: onCancelled at PHASE_CLIENT_ANIMATION_CANCEL
10-23 17:24:14.234 18100 18100 I ImeTracker: com.a1taxi.a1taxicustomer:6893a32b: onRequestHide at ORIGIN_CLIENT reason HIDE_SOFT_INPUT_ON_ANIMATION_STATE_CHANGED fromUser false
10-23 17:24:14.234 18100 18100 I ImeTracker: com.a1taxi.a1taxicustomer:6893a32b: onFailed at PHASE_CLIENT_VIEW_SERVED
10-23 17:24:14.399  9275  9313 I IPCThreadState: oneway function results for code 1 on binder at 0xb4000077d00d3840 will be dropped but finished with status UNKNOWN_TRANSACTION and reply parcel size 80
10-23 17:24:14.450 18100 30834 I ReactNativeJS: 🔍 [NOTIFICATIONS] ===== DATABASE QUERY RESULT =====
10-23 17:24:14.450 18100 30834 I ReactNativeJS: '🔍 [NOTIFICATIONS] Query result:', { hasError: false,
10-23 17:24:14.450 18100 30834 I ReactNativeJS:   errorMessage: undefined,
10-23 17:24:14.450 18100 30834 I ReactNativeJS:   errorCode: undefined,
10-23 17:24:14.450 18100 30834 I ReactNativeJS:   errorDetails: undefined,
10-23 17:24:14.450 18100 30834 I ReactNativeJS:   dataCount: 50,
10-23 17:24:14.450 18100 30834 I ReactNativeJS:   tripCompletedCount: 0,
10-23 17:24:14.450 18100 30834 I ReactNativeJS:   unreadTripCompletedCount: 0,
10-23 17:24:14.450 18100 30834 I ReactNativeJS:   allTypes: 
10-23 17:24:14.450 18100 30834 I ReactNativeJS:    [ 'ride_completed',
10-23 17:24:14.450 18100 30834 I ReactNativeJS:      'ride_status_changed',
10-23 17:24:14.450 18100 30834 I ReactNativeJS:      'booking_completed',
10-23 17:24:14.450 18100 30834 I ReactNativeJS:      'ride_cancelled' ],
10-23 17:24:14.450 18100 30834 I ReactNativeJS:   recentNotifications: 
10-23 17:24:14.450 18100 30834 I ReactNativeJS:    [ { id: 'c0930979-b31c-4f63-b636-2d97a731c792',
10-23 17:24:14.450 18100 30834 I ReactNativeJS:        type: 'ride_completed',
10-23 17:24:14.450 18100 30834 I ReactNativeJS:        status: 'unread',
10-23 17:24:14.450 18100 30834 I ReactNativeJS:        title: 'Trip Completed',
10-23 17:24:14.450 18100 30834 I ReactNativeJS:        created_at: '2025-10-23T11:04:46.92906+00:00',
10-23 17:24:14.450 18100 30834 I ReactNativeJS:        age_seconds: 2968 },
10-23 17:24:14.450 18100 30834 I ReactNativeJS:      { id: '2012b652-4fe3-4c41-9df3-bc9d3186a24a',
10-23 17:24:14.450 18100 30834 I ReactNativeJS:        type: 'ride_status_changed',
10-23 17:24:14.450 18100 30834 I ReactNativeJS:        status: 'unread',
10-23 17:24:14.450 18100 30834 I ReactNativeJS:        title: 'Ride Status Updated',
10-23 17:24:14.450 18100 30834 I ReactNativeJS:        created_at: '2025-10-23T11:04:46.92906+00:00',
10-23 17:24:14.450 18100 30834 I ReactNativeJS:        age_seconds: 2968 },
10-23 17:24:14.450 18100 30834 I ReactNativeJS:      { id: '61a74f93-5643-46ef-8ebb-56d7ed81f675',
10-23 17:24:14.450 18100 30834 I ReactNativeJS:        type: 'ride_status_changed',
10-23 17:24:14.450 18100 30834 I ReactNativeJS:        status: 'unread',
10-23 17:24:14.450 18100 30834 I ReactNativeJS:        title: 'Ride Status Updated',
10-23 17:24:14.450 18100 30834 I ReactNativeJS:        created_at: '2025-10-23T10:43:16.126619+00:00',
10-23 17:24:14.450 18100 30834 I ReactNativeJS:        age_seconds: 4258 },
10-23 17:24:14.450 18100 30834 I ReactNativeJS:      { id: 'e75df879-8cb8-4dee-8100-8dd61f99b26e',
10-23 17:24:14.450 18100 30834 I ReactNativeJS:        type: 'ride_status_changed',
10-23 17:24:14.450 18100 30834 I ReactNativeJS:        status: 'unread',
10-23 17:24:14.450 18100 30834 I ReactNativeJS:        title: 'Ride Status Updated',
10-23 17:24:14.450 18100 30834 I ReactNativeJS:        created_at: '2025-10-23T10:42:44.627741+00:00',
10-23 17:24:14.450 18100 30834 I ReactNativeJS:        age_seconds: 4290 },
10-23 17:24:14.450 18100 30834 I ReactNativeJS:      { id: '55a746c6-9b8c-44e6-b80c-2beac586c467',
10-23 17:24:14.450 18100 30834 I ReactNativeJS:        type: 'ride_status_changed',
10-23 17:24:14.450 18100 30834 I ReactNativeJS:        status: 'unread',
10-23 17:24:14.450 18100 30834 I ReactNativeJS:        title: 'Ride Status Updated',
10-23 17:24:14.450 18100 30834 I ReactNativeJS:        created_at: '2025-10-23T10:40:18.79365+00:00',
10-23 17:24:14.450 18100 30834 I ReactNativeJS:        age_seconds: 4436 } ] }
10-23 17:24:14.451 18100 30834 I ReactNativeJS: ✅ [NOTIFICATIONS] ===== SETTING NOTIFICATIONS IN STATE =====
10-23 17:24:14.452 18100 30834 I ReactNativeJS: '✅ [NOTIFICATIONS] Notifications to set:', { total: 50,
10-23 17:24:14.452 18100 30834 I ReactNativeJS:   tripCompleted: 0,
10-23 17:24:14.452 18100 30834 I ReactNativeJS:   unreadTripCompleted: 0,
10-23 17:24:14.452 18100 30834 I ReactNativeJS:   allNotificationIds: 
10-23 17:24:14.452 18100 30834 I ReactNativeJS:    [ 'c0930979-b31c-4f63-b636-2d97a731c792',
10-23 17:24:14.452 18100 30834 I ReactNativeJS:      '2012b652-4fe3-4c41-9df3-bc9d3186a24a',
10-23 17:24:14.452 18100 30834 I ReactNativeJS:      '61a74f93-5643-46ef-8ebb-56d7ed81f675',
10-23 17:24:14.452 18100 30834 I ReactNativeJS:      'e75df879-8cb8-4dee-8100-8dd61f99b26e',
10-23 17:24:14.452 18100 30834 I ReactNativeJS:      '55a746c6-9b8c-44e6-b80c-2beac586c467',
10-23 17:24:14.452 18100 30834 I ReactNativeJS:      '7c3cc3c7-e9b6-4cf8-91bb-1bb827ff7808',
10-23 17:24:14.452 18100 30834 I ReactNativeJS:      '8012a1d6-41e9-4ff2-a75b-8fee9a93ca8e',
10-23 17:24:14.452 18100 30834 I ReactNativeJS:      'd29bae80-10e7-4d05-99d5-8dc43f61d814',
10-23 17:24:14.452 18100 30834 I ReactNativeJS:      'd7d8686d-95ee-4ce0-97da-ed89564b014b',
10-23 17:24:14.452 18100 30834 I ReactNativeJS:      '755a6269-1daf-4327-ab71-f65e3700bf1a',
10-23 17:24:14.452 18100 30834 I ReactNativeJS:      '500d07b9-07ca-40df-9d4a-3efcf677a117',
10-23 17:24:14.452 18100 30834 I ReactNativeJS:      'df4552cd-e9bc-4e40-a8a0-1270b37737db',
10-23 17:24:14.452 18100 30834 I ReactNativeJS:      'acb2b80a-267e-4b98-acd0-397461aee537',
10-23 17:24:14.452 18100 30834 I ReactNativeJS:      '60dbc0b5-662a-48af-b01a-55212f6ac6ea',
10-23 17:24:14.452 18100 30834 I ReactNativeJS:      '0f408121-1188-4550-9f50-919dcc8a4ed1',
10-23 17:24:14.452 18100 30834 I ReactNativeJS:      '23052592-9d19-442c-b40f-12b90c3da756',
10-23 17:24:14.452 18100 30834 I ReactNativeJS:      'c9ff3014-54e3-4b30-9f22-eceee292796b',
10-23 17:24:14.452 18100 30834 I ReactNativeJS:      '879d4bbd-20ad-4253-a1c6-ae7535e7c211',
10-23 17:24:14.452 18100 30834 I ReactNativeJS:      '286129cf-19e6-41fd-b52f-d17334d0d0f9',
10-23 17:24:14.452 18100 30834 I ReactNativeJS:      'b55ac709-48d5-4db2-8246-e23f9bd317ec',
10-23 17:24:14.452 18100 30834 I ReactNativeJS:      '92abe95d-e47d-48fa-8159-b119f5802710',
10-23 17:24:14.452 18100 30834 I ReactNativeJS:      '73ad244d-a00b-42a9-83e9-97932b9db2d2',
10-23 17:24:14.452 18100 30834 I ReactNativeJS:      '971613ac-8d86-4ab6-8fe5-49c528ca56ee',
10-23 17:24:14.452 18100 30834 I ReactNativeJS:      '49f0f7f9-03d6-4211-b47d-0e7738f190fa',
10-23 17:24:14.452 18100 30834 I ReactNativeJS:      '6a87c30d-c48d-458c-9b94-32dd5e75ac05',
10-23 17:24:14.452 18100 30834 I ReactNativeJS:      'aee0b7a7-9cb2-4f6b-b53f-fa47642319d0',
10-23 17:24:14.452 18100 30834 I ReactNativeJS:      '6c1d61c3-6cbd-4310-adfe-6d36bc611939',
10-23 17:24:14.452 18100 30834 I ReactNativeJS:      '9d9ab6e7-0357-4305-9ba8-e91c0bb29897',
10-23 17:24:14.452 18100 30834 I ReactNativeJS:      'd952183c-69a7-47dc-a848-d11bc2fff300',
10-23 17:24:14.452 18100 30834 I ReactNativeJS:      'a01d13a8-c95b-4bf1-b0e1-8b2a8e9aaa6b',
10-23 17:24:14.452 18100 30834 I ReactNativeJS:      '5a385bc8-147d-4ac2-834c-305ed9db9a05',
10-23 17:24:14.452 18100 30834 I ReactNativeJS:      'b9365ade-a3a4-4036-b42f-606b88d5fac9',
10-23 17:24:14.452 18100 30834 I ReactNativeJS:      'b6a2c6b6-bdb4-40ce-a092-25f6dd4ba953',
10-23 17:24:14.452 18100 30834 I ReactNativeJS:      'd850bf94-823f-497a-b292-075abf5b5a59',
10-23 17:24:14.452 18100 30834 I ReactNativeJS:      '5d8275c0-6692-44b3-a4ff-4eabba59873e',
10-23 17:24:14.452 18100 30834 I ReactNativeJS:      '5cfa0487-5d05-42e8-8e92-11a287b3ded0',
10-23 17:24:14.452 18100 30834 I ReactNativeJS:      '679ed79c-eb21-4609-a2b9-a1d304d4d4ad',
10-23 17:24:14.452 18100 30834 I ReactNativeJS:      '53bb9116-5f1d-445c-94e0-f2e3d9fa3ffe',
10-23 17:24:14.452 18100 30834 I ReactNativeJS:      '4196d3c8-e6dd-4a11-8d40-6771aa06de07',
10-23 17:24:14.452 18100 30834 I ReactNativeJS:      '8d21f749-083a-46d1-9f7e-f7dc5c36ef05',
10-23 17:24:14.452 18100 30834 I ReactNativeJS:      '0a371105-3196-4055-97ad-b230dba42df5',
10-23 17:24:14.452 18100 30834 I ReactNativeJS:      '9f010555-c90c-447e-83ae-919809ba8350',
10-23 17:24:14.452 18100 30834 I ReactNativeJS:      '84dd0357-20ec-4317-b7bd-7b31515219fb',
10-23 17:24:14.452 18100 30834 I ReactNativeJS:      'caaa4644-cefa-47e6-8c92-60415a52ef4b',
10-23 17:24:14.452 18100 30834 I ReactNativeJS:      'c6e2da1c-f900-47c8-b289-a88c28451f89',
10-23 17:24:14.452 18100 30834 I ReactNativeJS:      'c1a54517-80eb-451d-8fbb-26492459f1c4',
10-23 17:24:14.452 18100 30834 I ReactNativeJS:      'd3a69945-ed73-4db9-84db-77b1013c8fe2',
10-23 17:24:14.452 18100 30834 I ReactNativeJS:      '8de5daf3-1c41-4bc6-8e2c-c3873b443cbb',
10-23 17:24:14.452 18100 30834 I ReactNativeJS:      '93b3c278-21c8-4094-a13b-ae25cea5afa8',
10-23 17:24:14.452 18100 30834 I ReactNativeJS:      '057c85ff-f0f5-4a15-9e89-de6dc65465a2' ],
10-23 17:24:14.452 18100 30834 I ReactNativeJS:   tripCompletedNotificationIds: [],
10-23 17:24:14.452 18100 30834 I ReactNativeJS:   unreadTripCompletedNotificationIds: [] }
10-23 17:24:14.452 18100 30834 I ReactNativeJS: ✅ [NOTIFICATIONS] ===== CHECKING FOR IMMEDIATE TRIP COMPLETION =====
10-23 17:24:14.453 18100 30834 I ReactNativeJS: ❌ [NOTIFICATIONS] No immediate trip completion notifications found
10-23 17:24:14.453 18100 30834 I ReactNativeJS: '❌ [NOTIFICATIONS] Available notification types:', [ 'ride_completed',
10-23 17:24:14.453 18100 30834 I ReactNativeJS:   'ride_status_changed',
10-23 17:24:14.453 18100 30834 I ReactNativeJS:   'ride_status_changed',
10-23 17:24:14.453 18100 30834 I ReactNativeJS:   'ride_status_changed',
10-23 17:24:14.453 18100 30834 I ReactNativeJS:   'ride_status_changed',
10-23 17:24:14.453 18100 30834 I ReactNativeJS:   'ride_status_changed',
10-23 17:24:14.453 18100 30834 I ReactNativeJS:   'ride_status_changed',
10-23 17:24:14.453 18100 30834 I ReactNativeJS:   'ride_status_changed',
10-23 17:24:14.453 18100 30834 I ReactNativeJS:   'ride_status_changed',
10-23 17:24:14.453 18100 30834 I ReactNativeJS:   'ride_status_changed',
10-23 17:24:14.453 18100 30834 I ReactNativeJS:   'ride_status_changed',
10-23 17:24:14.453 18100 30834 I ReactNativeJS:   'booking_completed',
10-23 17:24:14.453 18100 30834 I ReactNativeJS:   'booking_completed',
10-23 17:24:14.453 18100 30834 I ReactNativeJS:   'booking_completed',
10-23 17:24:14.453 18100 30834 I ReactNativeJS:   'booking_completed',
10-23 17:24:14.453 18100 30834 I ReactNativeJS:   'booking_completed',
10-23 17:24:14.453 18100 30834 I ReactNativeJS:   'ride_status_changed',
10-23 17:24:14.453 18100 30834 I ReactNativeJS:   'ride_status_changed',
10-23 17:24:14.453 18100 30834 I ReactNativeJS:   'ride_status_changed',
10-23 17:24:14.453 18100 30834 I ReactNativeJS:   'ride_completed',
10-23 17:24:14.453 18100 30834 I ReactNativeJS:   'ride_status_changed',
10-23 17:24:14.453 18100 30834 I ReactNativeJS:   'ride_status_changed',
10-23 17:24:14.453 18100 30834 I ReactNativeJS:   'ride_status_changed',
10-23 17:24:14.453 18100 30834 I ReactNativeJS:   'ride_completed',
10-23 17:24:14.453 18100 30834 I ReactNativeJS:   'ride_status_changed',
10-23 17:24:14.453 18100 30834 I ReactNativeJS:   'ride_status_changed',
10-23 17:24:14.453 18100 30834 I ReactNativeJS:   'ride_status_changed',
10-23 17:24:14.453 18100 30834 I ReactNativeJS:   'ride_status_changed',
10-23 17:24:14.453 18100 30834 I ReactNativeJS:   'ride_cancelled',
10-23 17:24:14.453 18100 30834 I ReactNativeJS:   'ride_status_changed',
10-23 17:24:14.453 18100 30834 I ReactNativeJS:   'ride_completed',
10-23 17:24:14.453 18100 30834 I ReactNativeJS:   'ride_status_changed',
10-23 17:24:14.453 18100 30834 I ReactNativeJS:   'ride_status_changed',
10-23 17:24:14.453 18100 30834 I ReactNativeJS:   'ride_status_changed',
10-23 17:24:14.453 18100 30834 I ReactNativeJS:   'ride_status_changed',
10-23 17:24:14.453 18100 30834 I ReactNativeJS:   'ride_completed',
10-23 17:24:14.453 18100 30834 I ReactNativeJS:   'ride_status_changed',
10-23 17:24:14.453 18100 30834 I ReactNativeJS:   'ride_status_changed',
10-23 17:24:14.453 18100 30834 I ReactNativeJS:   'ride_status_changed',
10-23 17:24:14.453 18100 30834 I ReactNativeJS:   'ride_status_changed',
10-23 17:24:14.453 18100 30834 I ReactNativeJS:   'ride_completed',
10-23 17:24:14.453 18100 30834 I ReactNativeJS:   'ride_status_changed',
10-23 17:24:14.453 18100 30834 I ReactNativeJS:   'ride_status_changed',
10-23 17:24:14.453 18100 30834 I ReactNativeJS:   'ride_status_changed',
10-23 17:24:14.453 18100 30834 I ReactNativeJS:   'ride_status_changed',
10-23 17:24:14.453 18100 30834 I ReactNativeJS:   'ride_status_changed',
10-23 17:24:14.453 18100 30834 I ReactNativeJS:   'ride_completed',
10-23 17:24:14.453 18100 30834 I ReactNativeJS:   'ride_status_changed',
10-23 17:24:14.453 18100 30834 I ReactNativeJS:   'ride_status_changed',
10-23 17:24:14.453 18100 30834 I ReactNativeJS:   'ride_status_changed' ]
10-23 17:24:14.453 18100 30834 I ReactNativeJS: '❌ [NOTIFICATIONS] Trip completed notifications (all statuses):', []
10-23 17:24:14.454 18100 30834 I ReactNativeJS: 🔍 [NOTIFICATIONS] ===== DATABASE QUERY RESULT =====
10-23 17:24:14.455 18100 30834 I ReactNativeJS: '🔍 [NOTIFICATIONS] Query result:', { hasError: false,
10-23 17:24:14.455 18100 30834 I ReactNativeJS:   errorMessage: undefined,
10-23 17:24:14.455 18100 30834 I ReactNativeJS:   errorCode: undefined,
10-23 17:24:14.455 18100 30834 I ReactNativeJS:   errorDetails: undefined,
10-23 17:24:14.455 18100 30834 I ReactNativeJS:   dataCount: 50,
10-23 17:24:14.455 18100 30834 I ReactNativeJS:   tripCompletedCount: 0,
10-23 17:24:14.455 18100 30834 I ReactNativeJS:   unreadTripCompletedCount: 0,
10-23 17:24:14.455 18100 30834 I ReactNativeJS:   allTypes: 
10-23 17:24:14.455 18100 30834 I ReactNativeJS:    [ 'ride_completed',
10-23 17:24:14.455 18100 30834 I ReactNativeJS:      'ride_status_changed',
10-23 17:24:14.455 18100 30834 I ReactNativeJS:      'booking_completed',
10-23 17:24:14.455 18100 30834 I ReactNativeJS:      'ride_cancelled' ],
10-23 17:24:14.455 18100 30834 I ReactNativeJS:   recentNotifications: 
10-23 17:24:14.455 18100 30834 I ReactNativeJS:    [ { id: 'c0930979-b31c-4f63-b636-2d97a731c792',
10-23 17:24:14.455 18100 30834 I ReactNativeJS:        type: 'ride_completed',
10-23 17:24:14.455 18100 30834 I ReactNativeJS:        status: 'unread',
10-23 17:24:14.455 18100 30834 I ReactNativeJS:        title: 'Trip Completed',
10-23 17:24:14.455 18100 30834 I ReactNativeJS:        created_at: '2025-10-23T11:04:46.92906+00:00',
10-23 17:24:14.455 18100 30834 I ReactNativeJS:        age_seconds: 2968 },
10-23 17:24:14.455 18100 30834 I ReactNativeJS:      { id: '2012b652-4fe3-4c41-9df3-bc9d3186a24a',
10-23 17:24:14.455 18100 30834 I ReactNativeJS:        type: 'ride_status_changed',
10-23 17:24:14.455 18100 30834 I ReactNativeJS:        status: 'unread',
10-23 17:24:14.455 18100 30834 I ReactNativeJS:        title: 'Ride Status Updated',
10-23 17:24:14.455 18100 30834 I ReactNativeJS:        created_at: '2025-10-23T11:04:46.92906+00:00',
10-23 17:24:14.455 18100 30834 I ReactNativeJS:        age_seconds: 2968 },
10-23 17:24:14.455 18100 30834 I ReactNativeJS:      { id: '61a74f93-5643-46ef-8ebb-56d7ed81f675',
10-23 17:24:14.455 18100 30834 I ReactNativeJS:        type: 'ride_status_changed',
10-23 17:24:14.455 18100 30834 I ReactNativeJS:        status: 'unread',
10-23 17:24:14.455 18100 30834 I ReactNativeJS:        title: 'Ride Status Updated',
10-23 17:24:14.455 18100 30834 I ReactNativeJS:        created_at: '2025-10-23T10:43:16.126619+00:00',
10-23 17:24:14.455 18100 30834 I ReactNativeJS:        age_seconds: 4258 },
10-23 17:24:14.455 18100 30834 I ReactNativeJS:      { id: 'e75df879-8cb8-4dee-8100-8dd61f99b26e',
10-23 17:24:14.455 18100 30834 I ReactNativeJS:        type: 'ride_status_changed',
10-23 17:24:14.455 18100 30834 I ReactNativeJS:        status: 'unread',
10-23 17:24:14.455 18100 30834 I ReactNativeJS:        title: 'Ride Status Updated',
10-23 17:24:14.455 18100 30834 I ReactNativeJS:        created_at: '2025-10-23T10:42:44.627741+00:00',
10-23 17:24:14.455 18100 30834 I ReactNativeJS:        age_seconds: 4290 },
10-23 17:24:14.455 18100 30834 I ReactNativeJS:      { id: '55a746c6-9b8c-44e6-b80c-2beac586c467',
10-23 17:24:14.455 18100 30834 I ReactNativeJS:        type: 'ride_status_changed',
10-23 17:24:14.455 18100 30834 I ReactNativeJS:        status: 'unread',
10-23 17:24:14.455 18100 30834 I ReactNativeJS:        title: 'Ride Status Updated',
10-23 17:24:14.455 18100 30834 I ReactNativeJS:        created_at: '2025-10-23T10:40:18.79365+00:00',
10-23 17:24:14.455 18100 30834 I ReactNativeJS:        age_seconds: 4436 } ] }
10-23 17:24:14.455 18100 30834 I ReactNativeJS: ✅ [NOTIFICATIONS] ===== SETTING NOTIFICATIONS IN STATE =====
10-23 17:24:14.455  9275  9313 I WifiScanner: onFullResults
10-23 17:24:14.456 18100 30834 I ReactNativeJS: '✅ [NOTIFICATIONS] Notifications to set:', { total: 50,
10-23 17:24:14.456 18100 30834 I ReactNativeJS:   tripCompleted: 0,
10-23 17:24:14.456 18100 30834 I ReactNativeJS:   unreadTripCompleted: 0,
10-23 17:24:14.456 18100 30834 I ReactNativeJS:   allNotificationIds: 
10-23 17:24:14.456 18100 30834 I ReactNativeJS:    [ 'c0930979-b31c-4f63-b636-2d97a731c792',
10-23 17:24:14.456 18100 30834 I ReactNativeJS:      '2012b652-4fe3-4c41-9df3-bc9d3186a24a',
10-23 17:24:14.456 18100 30834 I ReactNativeJS:      '61a74f93-5643-46ef-8ebb-56d7ed81f675',
10-23 17:24:14.456 18100 30834 I ReactNativeJS:      'e75df879-8cb8-4dee-8100-8dd61f99b26e',
10-23 17:24:14.456 18100 30834 I ReactNativeJS:      '55a746c6-9b8c-44e6-b80c-2beac586c467',
10-23 17:24:14.456 18100 30834 I ReactNativeJS:      '7c3cc3c7-e9b6-4cf8-91bb-1bb827ff7808',
10-23 17:24:14.456 18100 30834 I ReactNativeJS:      '8012a1d6-41e9-4ff2-a75b-8fee9a93ca8e',
10-23 17:24:14.456 18100 30834 I ReactNativeJS:      'd29bae80-10e7-4d05-99d5-8dc43f61d814',
10-23 17:24:14.456 18100 30834 I ReactNativeJS:      'd7d8686d-95ee-4ce0-97da-ed89564b014b',
10-23 17:24:14.456 18100 30834 I ReactNativeJS:      '755a6269-1daf-4327-ab71-f65e3700bf1a',
10-23 17:24:14.456 18100 30834 I ReactNativeJS:      '500d07b9-07ca-40df-9d4a-3efcf677a117',
10-23 17:24:14.456 18100 30834 I ReactNativeJS:      'df4552cd-e9bc-4e40-a8a0-1270b37737db',
10-23 17:24:14.456 18100 30834 I ReactNativeJS:      'acb2b80a-267e-4b98-acd0-397461aee537',
10-23 17:24:14.456 18100 30834 I ReactNativeJS:      '60dbc0b5-662a-48af-b01a-55212f6ac6ea',
10-23 17:24:14.456 18100 30834 I ReactNativeJS:      '0f408121-1188-4550-9f50-919dcc8a4ed1',
10-23 17:24:14.456 18100 30834 I ReactNativeJS:      '23052592-9d19-442c-b40f-12b90c3da756',
10-23 17:24:14.456 18100 30834 I ReactNativeJS:      'c9ff3014-54e3-4b30-9f22-eceee292796b',
10-23 17:24:14.456 18100 30834 I ReactNativeJS:      '879d4bbd-20ad-4253-a1c6-ae7535e7c211',
10-23 17:24:14.456 18100 30834 I ReactNativeJS:      '286129cf-19e6-41fd-b52f-d17334d0d0f9',
10-23 17:24:14.456 18100 30834 I ReactNativeJS:      'b55ac709-48d5-4db2-8246-e23f9bd317ec',
10-23 17:24:14.456 18100 30834 I ReactNativeJS:      '92abe95d-e47d-48fa-8159-b119f5802710',
10-23 17:24:14.456 18100 30834 I ReactNativeJS:      '73ad244d-a00b-42a9-83e9-97932b9db2d2',
10-23 17:24:14.456 18100 30834 I ReactNativeJS:      '971613ac-8d86-4ab6-8fe5-49c528ca56ee',
10-23 17:24:14.456 18100 30834 I ReactNativeJS:      '49f0f7f9-03d6-4211-b47d-0e7738f190fa',
10-23 17:24:14.456 18100 30834 I ReactNativeJS:      '6a87c30d-c48d-458c-9b94-32dd5e75ac05',
10-23 17:24:14.456 18100 30834 I ReactNativeJS:      'aee0b7a7-9cb2-4f6b-b53f-fa47642319d0',
10-23 17:24:14.456 18100 30834 I ReactNativeJS:      '6c1d61c3-6cbd-4310-adfe-6d36bc611939',
10-23 17:24:14.456 18100 30834 I ReactNativeJS:      '9d9ab6e7-0357-4305-9ba8-e91c0bb29897',
10-23 17:24:14.456 18100 30834 I ReactNativeJS:      'd952183c-69a7-47dc-a848-d11bc2fff300',
10-23 17:24:14.456 18100 30834 I ReactNativeJS:      'a01d13a8-c95b-4bf1-b0e1-8b2a8e9aaa6b',
10-23 17:24:14.456 18100 30834 I ReactNativeJS:      '5a385bc8-147d-4ac2-834c-305ed9db9a05',
10-23 17:24:14.456 18100 30834 I ReactNativeJS:      'b9365ade-a3a4-4036-b42f-606b88d5fac9',
10-23 17:24:14.456 18100 30834 I ReactNativeJS:      'b6a2c6b6-bdb4-40ce-a092-25f6dd4ba953',
10-23 17:24:14.456 18100 30834 I ReactNativeJS:      'd850bf94-823f-497a-b292-075abf5b5a59',
10-23 17:24:14.456 18100 30834 I ReactNativeJS:      '5d8275c0-6692-44b3-a4ff-4eabba59873e',
10-23 17:24:14.456 18100 30834 I ReactNativeJS:      '5cfa0487-5d05-42e8-8e92-11a287b3ded0',
10-23 17:24:14.456 18100 30834 I ReactNativeJS:      '679ed79c-eb21-4609-a2b9-a1d304d4d4ad',
10-23 17:24:14.456 18100 30834 I ReactNativeJS:      '53bb9116-5f1d-445c-94e0-f2e3d9fa3ffe',
10-23 17:24:14.456 18100 30834 I ReactNativeJS:      '4196d3c8-e6dd-4a11-8d40-6771aa06de07',
10-23 17:24:14.456 18100 30834 I ReactNativeJS:      '8d21f749-083a-46d1-9f7e-f7dc5c36ef05',
10-23 17:24:14.456 18100 30834 I ReactNativeJS:      '0a371105-3196-4055-97ad-b230dba42df5',
10-23 17:24:14.456 18100 30834 I ReactNativeJS:      '9f010555-c90c-447e-83ae-919809ba8350',
10-23 17:24:14.456 18100 30834 I ReactNativeJS:      '84dd0357-20ec-4317-b7bd-7b31515219fb',
10-23 17:24:14.456 18100 30834 I ReactNativeJS:      'caaa4644-cefa-47e6-8c92-60415a52ef4b',
10-23 17:24:14.456 18100 30834 I ReactNativeJS:      'c6e2da1c-f900-47c8-b289-a88c28451f89',
10-23 17:24:14.456 18100 30834 I ReactNativeJS:      'c1a54517-80eb-451d-8fbb-26492459f1c4',
10-23 17:24:14.456 18100 30834 I ReactNativeJS:      'd3a69945-ed73-4db9-84db-77b1013c8fe2',
10-23 17:24:14.456 18100 30834 I ReactNativeJS:      '8de5daf3-1c41-4bc6-8e2c-c3873b443cbb',
10-23 17:24:14.456 18100 30834 I ReactNativeJS:      '93b3c278-21c8-4094-a13b-ae25cea5afa8',
10-23 17:24:14.456 18100 30834 I ReactNativeJS:      '057c85ff-f0f5-4a15-9e89-de6dc65465a2' ],
10-23 17:24:14.456 18100 30834 I ReactNativeJS:   tripCompletedNotificationIds: [],
10-23 17:24:14.456 18100 30834 I ReactNativeJS:   unreadTripCompletedNotificationIds: [] }
10-23 17:24:14.457 18100 30834 W ReactNativeJS: '🎯 [TRIP_NOTIFICATION] Component render, notifications count:', 50
10-23 17:24:14.457 18100 30834 W ReactNativeJS: '🎯 [TRIP_NOTIFICATION] Notifications:', '[{"id":"c0930979-b31c-4f63-b636-2d97a731c792","type":"ride_completed","status":"unread"},{"id":"2012b652-4fe3-4c41-9df3-bc9d3186a24a","type":"ride_status_changed","status":"unread"},{"id":"61a74f93-5643-46ef-8ebb-56d7ed81f675","type":"ride_status_changed","status":"unread"},{"id":"e75df879-8cb8-4dee-8100-8dd61f99b26e","type":"ride_status_changed","status":"unread"},{"id":"55a746c6-9b8c-44e6-b80c-2beac586c467","type":"ride_status_changed","status":"unread"},{"id":"7c3cc3c7-e9b6-4cf8-91bb-1bb827ff7808","type":"ride_status_changed","status":"unread"},{"id":"8012a1d6-41e9-4ff2-a75b-8fee9a93ca8e","type":"ride_status_changed","status":"unread"},{"id":"d29bae80-10e7-4d05-99d5-8dc43f61d814","type":"ride_status_changed","status":"read"},{"id":"d7d8686d-95ee-4ce0-97da-ed89564b014b","type":"ride_status_changed","status":"read"},{"id":"755a6269-1daf-4327-ab71-f65e3700bf1a","type":"ride_status_changed","status":"read"},{"id":"500d07b9-07ca-40df-9d4a-3efcf677a117","type":"ride_status_changed","status":"read"},{"id":"df4552cd-e9bc-4e40-a8a0-1270b37737db","type":"booking_completed","status":"read"},{"id":"acb2b80a-267e-4b98-acd0-397461aee537","type":"booking_completed","status":"read"},{"id":"60dbc0b5-662a-48af-b01a-55212f6ac6ea","type":"booking_completed","status":"read"},{"id":"0f408121-1188-4550-9f50-919dcc8a4ed1","type":"booking_completed","status":"read"},{"id":"23052592-9d19-442c-b40f-12b90c3da756","type":"booking_completed","status":"read"},{"id":"c9ff3014-54e3-4b30-9f22-eceee292796b","type":"ride_status_changed","status":"read"},{"id":"879d4bbd-20ad-4253-a1c6-ae7535e7c211","type":"ride_status_changed","status":"read"},{"id":"286129cf-19e6-41fd-b52f-d17334d0d0f9","type":"ride_status_changed","status":"read"},{"id":"b55ac709-48d5-4db2-8246-e23f9bd317ec","type":"ride_completed","status":"read"},{"id":"92abe95d-e47d-48fa-8159-b119f5802710","type":"ride_status_changed","status":"read"},{"id":"73ad244d-a00b-42a9-83e9-97932b9db2d2","type":"ride_status_changed","status":"read"},{"id":"971613ac-8d86-4ab6-8fe5-49c528ca56ee","type":"ride_status_changed","status":"read"},{"id":"49f0f7f9-03d6-4211-b47d-0e7738f190fa","type":"ride_completed","status":"read"},{"id":"6a87c30d-c48d-458c-9b94-32dd5e75ac05","type":"ride_status_changed","status":"read"},{"id":"aee0b7a7-9cb2-4f6b-b53f-fa47642319d0","type":"ride_status_changed","status":"read"},{"id":"6c1d61c3-6cbd-4310-adfe-6d36bc611939","type":"ride_status_changed","status":"read"},{"id":"9d9ab6e7-0357-4305-9ba8-e91c0bb29897","type":"ride_status_changed","status":"read"},{"id":"d952183c-69a7-47dc-a848-d11bc2fff300","type":"ride_cancelled","status":"read"},{"id":"a01d13a8-c95b-4bf1-b0e1-8b2a8e9aaa6b","type":"ride_status_changed","status":"read"},{"id":"5a385bc8-147d-4ac2-834c-305ed9db9a05","type":"ride_completed","status":"read"},{"id":"b9365ade-a3a4-4036-b42f-606b88d5fac9","type":"ride_status_changed","status":"read"},{"id":"b6a2c6b6-bdb4-40ce-a092-25f6dd4ba953","type":"ride_status_changed","status":"read"},{"id":"d850bf94-823f-497a-b292-075abf5b5a59","type":"ride_status_changed","status":"read"},{"id":"5d8275c0-6692-44b3-a4ff-4eabba59873e","type":"ride_status_changed","status":"read"},{"id":"5cfa0487-5d05-42e8-8e92-11a287b3ded0","type":"ride_completed","status":"read"},{"id":"679ed79c-eb21-4609-a2b9-a1d304d4d4ad","type":"ride_status_changed","status":"read"},{"id":"53bb9116-5f1d-445c-94e0-f2e3d9fa3ffe","type":"ride_status_changed","status":"read"},{"id":"4196d3c8-e6dd-4a11-8d40-6771aa06de07","type":"ride_status_changed","status":"read"},{"id":"8d21f749-083a-46d1-9f7e-f7dc5c36ef05","type":"ride_status_changed","status":"read"},{"id":"0a371105-3196-4055-97ad-b230dba42df5","type":"ride_completed","status":"read"},{"id":"9f010555-c90c-447e-83ae-919809ba8350","type":"ride_status_changed","status":"read"},{"id":"84dd0357-20ec-4317-b7bd-7b31515219fb","type":"ride_status_changed","status":"read"},{"id":"caaa4644-cefa-47e6-8c92-60415a52ef4b","type":"ride_status_changed","status":"read"},{"id":"c6e2da1c-f900-47c8-b289-a88
10-23 17:24:14.458 18100 30834 I ReactNativeJS: '🔍 [TRIP_NOTIFICATION] Component render - visible:', false, 'notification:', false
10-23 17:24:14.458  9275  9748 I WifiScanner: onFullResults
10-23 17:24:14.458 18100 30834 W ReactNativeJS: 🎯 [TRIP_NOTIFICATION] ===== useEffect TRIGGERED - CHECKING FOR COMPLETION NOTIFICATIONS =====
10-23 17:24:14.458 18100 30834 W ReactNativeJS: '🎯 [TRIP_NOTIFICATION] Notifications array length:', 50
10-23 17:24:14.458 18100 30834 W ReactNativeJS: '🎯 [TRIP_NOTIFICATION] Total notifications received:', 50
10-23 17:24:14.458 18100 30834 W ReactNativeJS: '🎯 [TRIP_NOTIFICATION] Notification types:', '["ride_completed","ride_status_changed","ride_status_changed","ride_status_changed","ride_status_changed","ride_status_changed","ride_status_changed","ride_status_changed","ride_status_changed","ride_status_changed","ride_status_changed","booking_completed","booking_completed","booking_completed","booking_completed","booking_completed","ride_status_changed","ride_status_changed","ride_status_changed","ride_completed","ride_status_changed","ride_status_changed","ride_status_changed","ride_completed","ride_status_changed","ride_status_changed","ride_status_changed","ride_status_changed","ride_cancelled","ride_status_changed","ride_completed","ride_status_changed","ride_status_changed","ride_status_changed","ride_status_changed","ride_completed","ride_status_changed","ride_status_changed","ride_status_changed","ride_status_changed","ride_completed","ride_status_changed","ride_status_changed","ride_status_changed","ride_status_changed","ride_status_changed","ride_completed","ride_status_changed","ride_status_changed","ride_status_changed"]'
10-23 17:24:14.458 18100 30834 W ReactNativeJS: '🎯 [TRIP_NOTIFICATION] ride_completed count:', 7
10-23 17:24:14.458 18100 30834 W ReactNativeJS: '🎯 [TRIP_NOTIFICATION] Unread ride_completed:', 1
10-23 17:24:14.458 18100 30834 W ReactNativeJS: '🎯 [TRIP_NOTIFICATION] Already shown count:', 0
10-23 17:24:14.458 18100 30834 W ReactNativeJS: '🎯 [TRIP_NOTIFICATION] Currently visible:', false
10-23 17:24:14.458 18100 30834 W ReactNativeJS: '🎯 [TRIP_NOTIFICATION] Filtered completion notifications:', 1
10-23 17:24:14.458 18100 30834 W ReactNativeJS: '🎯 [TRIP_NOTIFICATION] First notification:', '{"id":"c0930979-b31c-4f63-b636-2d97a731c792","type":"ride_completed","status":"unread","alreadyShown":false}'
10-23 17:24:14.458 18100 30834 W ReactNativeJS: '🎯 [TRIP_NOTIFICATION] isNewNotification check:', true
10-23 17:24:14.458 18100 30834 W ReactNativeJS: '🎉 [TRIP_NOTIFICATION] Showing NEW trip completion:', '{"notificationId":"c0930979-b31c-4f63-b636-2d97a731c792","rideId":"658b01b1-dc46-470e-a48e-07b8b8e08fa2"}'
10-23 17:24:14.459 18100 30834 I ReactNativeJS: '🔍 [TRIP_NOTIFICATION] Fetching fare breakdown for ID:', '658b01b1-dc46-470e-a48e-07b8b8e08fa2'
10-23 17:24:14.459  9275  9310 I WifiScanner: onFullResults
10-23 17:24:14.460 18100 30834 W ReactNativeJS: '🎯 [TRIP_NOTIFICATION] Component render, notifications count:', 50
10-23 17:24:14.461 18100 30834 W ReactNativeJS: '🎯 [TRIP_NOTIFICATION] Notifications:', '[{"id":"c0930979-b31c-4f63-b636-2d97a731c792","type":"ride_completed","status":"unread"},{"id":"2012b652-4fe3-4c41-9df3-bc9d3186a24a","type":"ride_status_changed","status":"unread"},{"id":"61a74f93-5643-46ef-8ebb-56d7ed81f675","type":"ride_status_changed","status":"unread"},{"id":"e75df879-8cb8-4dee-8100-8dd61f99b26e","type":"ride_status_changed","status":"unread"},{"id":"55a746c6-9b8c-44e6-b80c-2beac586c467","type":"ride_status_changed","status":"unread"},{"id":"7c3cc3c7-e9b6-4cf8-91bb-1bb827ff7808","type":"ride_status_changed","status":"unread"},{"id":"8012a1d6-41e9-4ff2-a75b-8fee9a93ca8e","type":"ride_status_changed","status":"unread"},{"id":"d29bae80-10e7-4d05-99d5-8dc43f61d814","type":"ride_status_changed","status":"read"},{"id":"d7d8686d-95ee-4ce0-97da-ed89564b014b","type":"ride_status_changed","status":"read"},{"id":"755a6269-1daf-4327-ab71-f65e3700bf1a","type":"ride_status_changed","status":"read"},{"id":"500d07b9-07ca-40df-9d4a-3efcf677a117","type":"ride_status_changed","status":"read"},{"id":"df4552cd-e9bc-4e40-a8a0-1270b37737db","type":"booking_completed","status":"read"},{"id":"acb2b80a-267e-4b98-acd0-397461aee537","type":"booking_completed","status":"read"},{"id":"60dbc0b5-662a-48af-b01a-55212f6ac6ea","type":"booking_completed","status":"read"},{"id":"0f408121-1188-4550-9f50-919dcc8a4ed1","type":"booking_completed","status":"read"},{"id":"23052592-9d19-442c-b40f-12b90c3da756","type":"booking_completed","status":"read"},{"id":"c9ff3014-54e3-4b30-9f22-eceee292796b","type":"ride_status_changed","status":"read"},{"id":"879d4bbd-20ad-4253-a1c6-ae7535e7c211","type":"ride_status_changed","status":"read"},{"id":"286129cf-19e6-41fd-b52f-d17334d0d0f9","type":"ride_status_changed","status":"read"},{"id":"b55ac709-48d5-4db2-8246-e23f9bd317ec","type":"ride_completed","status":"read"},{"id":"92abe95d-e47d-48fa-8159-b119f5802710","type":"ride_status_changed","status":"read"},{"id":"73ad244d-a00b-42a9-83e9-97932b9db2d2","type":"ride_status_changed","status":"read"},{"id":"971613ac-8d86-4ab6-8fe5-49c528ca56ee","type":"ride_status_changed","status":"read"},{"id":"49f0f7f9-03d6-4211-b47d-0e7738f190fa","type":"ride_completed","status":"read"},{"id":"6a87c30d-c48d-458c-9b94-32dd5e75ac05","type":"ride_status_changed","status":"read"},{"id":"aee0b7a7-9cb2-4f6b-b53f-fa47642319d0","type":"ride_status_changed","status":"read"},{"id":"6c1d61c3-6cbd-4310-adfe-6d36bc611939","type":"ride_status_changed","status":"read"},{"id":"9d9ab6e7-0357-4305-9ba8-e91c0bb29897","type":"ride_status_changed","status":"read"},{"id":"d952183c-69a7-47dc-a848-d11bc2fff300","type":"ride_cancelled","status":"read"},{"id":"a01d13a8-c95b-4bf1-b0e1-8b2a8e9aaa6b","type":"ride_status_changed","status":"read"},{"id":"5a385bc8-147d-4ac2-834c-305ed9db9a05","type":"ride_completed","status":"read"},{"id":"b9365ade-a3a4-4036-b42f-606b88d5fac9","type":"ride_status_changed","status":"read"},{"id":"b6a2c6b6-bdb4-40ce-a092-25f6dd4ba953","type":"ride_status_changed","status":"read"},{"id":"d850bf94-823f-497a-b292-075abf5b5a59","type":"ride_status_changed","status":"read"},{"id":"5d8275c0-6692-44b3-a4ff-4eabba59873e","type":"ride_status_changed","status":"read"},{"id":"5cfa0487-5d05-42e8-8e92-11a287b3ded0","type":"ride_completed","status":"read"},{"id":"679ed79c-eb21-4609-a2b9-a1d304d4d4ad","type":"ride_status_changed","status":"read"},{"id":"53bb9116-5f1d-445c-94e0-f2e3d9fa3ffe","type":"ride_status_changed","status":"read"},{"id":"4196d3c8-e6dd-4a11-8d40-6771aa06de07","type":"ride_status_changed","status":"read"},{"id":"8d21f749-083a-46d1-9f7e-f7dc5c36ef05","type":"ride_status_changed","status":"read"},{"id":"0a371105-3196-4055-97ad-b230dba42df5","type":"ride_completed","status":"read"},{"id":"9f010555-c90c-447e-83ae-919809ba8350","type":"ride_status_changed","status":"read"},{"id":"84dd0357-20ec-4317-b7bd-7b31515219fb","type":"ride_status_changed","status":"read"},{"id":"caaa4644-cefa-47e6-8c92-60415a52ef4b","type":"ride_status_changed","status":"read"},{"id":"c6e2da1c-f900-47c8-b289-a88
10-23 17:24:14.461 18100 30834 I ReactNativeJS: '✅ [TRIP_NOTIFICATION] Rendering modal with notification:', { id: 'c0930979-b31c-4f63-b636-2d97a731c792',
10-23 17:24:14.461 18100 30834 I ReactNativeJS:   user_id: 'e95a4f14-8958-49e9-8ede-d81b82a7ba12',
10-23 17:24:14.461 18100 30834 I ReactNativeJS:   type: 'ride_completed',
10-23 17:24:14.461 18100 30834 I ReactNativeJS:   title: 'Trip Completed',
10-23 17:24:14.461 18100 30834 I ReactNativeJS:   message: 'Your ride has been completed successfully.',
10-23 17:24:14.461 18100 30834 I ReactNativeJS:   data: 
10-23 17:24:14.461 18100 30834 I ReactNativeJS:    { ride_id: '658b01b1-dc46-470e-a48e-07b8b8e08fa2',
10-23 17:24:14.461 18100 30834 I ReactNativeJS:      fare_amount: 309 },
10-23 17:24:14.461 18100 30834 I ReactNativeJS:   status: 'unread',
10-23 17:24:14.461 18100 30834 I ReactNativeJS:   created_at: '2025-10-23T11:04:46.92906+00:00',
10-23 17:24:14.461 18100 30834 I ReactNativeJS:   updated_at: '2025-10-23T11:04:46.92906+00:00',
10-23 17:24:14.461 18100 30834 I ReactNativeJS:   expires_at: null }
10-23 17:24:14.461  9275 30669 I FrewleTileCacheManagerV: (REDACTED) Fetched %d AP models from cache
10-23 17:24:14.473 18100 30834 I ReactNativeJS: ✅ [NOTIFICATIONS] ===== CHECKING FOR IMMEDIATE TRIP COMPLETION =====
10-23 17:24:14.473 18100 30834 I ReactNativeJS: ❌ [NOTIFICATIONS] No immediate trip completion notifications found
10-23 17:24:14.474 18100 30834 I ReactNativeJS: '❌ [NOTIFICATIONS] Available notification types:', [ 'ride_completed',
10-23 17:24:14.474 18100 30834 I ReactNativeJS:   'ride_status_changed',
10-23 17:24:14.474 18100 30834 I ReactNativeJS:   'ride_status_changed',
10-23 17:24:14.474 18100 30834 I ReactNativeJS:   'ride_status_changed',
10-23 17:24:14.474 18100 30834 I ReactNativeJS:   'ride_status_changed',
10-23 17:24:14.474 18100 30834 I ReactNativeJS:   'ride_status_changed',
10-23 17:24:14.474 18100 30834 I ReactNativeJS:   'ride_status_changed',
10-23 17:24:14.474 18100 30834 I ReactNativeJS:   'ride_status_changed',
10-23 17:24:14.474 18100 30834 I ReactNativeJS:   'ride_status_changed',
10-23 17:24:14.474 18100 30834 I ReactNativeJS:   'ride_status_changed',
10-23 17:24:14.474 18100 30834 I ReactNativeJS:   'ride_status_changed',
10-23 17:24:14.474 18100 30834 I ReactNativeJS:   'booking_completed',
10-23 17:24:14.474 18100 30834 I ReactNativeJS:   'booking_completed',
10-23 17:24:14.474 18100 30834 I ReactNativeJS:   'booking_completed',
10-23 17:24:14.474 18100 30834 I ReactNativeJS:   'booking_completed',
10-23 17:24:14.474 18100 30834 I ReactNativeJS:   'booking_completed',
10-23 17:24:14.474 18100 30834 I ReactNativeJS:   'ride_status_changed',
10-23 17:24:14.474 18100 30834 I ReactNativeJS:   'ride_status_changed',
10-23 17:24:14.474 18100 30834 I ReactNativeJS:   'ride_status_changed',
10-23 17:24:14.474 18100 30834 I ReactNativeJS:   'ride_completed',
10-23 17:24:14.474 18100 30834 I ReactNativeJS:   'ride_status_changed',
10-23 17:24:14.474 18100 30834 I ReactNativeJS:   'ride_status_changed',
10-23 17:24:14.474 18100 30834 I ReactNativeJS:   'ride_status_changed',
10-23 17:24:14.474 18100 30834 I ReactNativeJS:   'ride_completed',
10-23 17:24:14.474 18100 30834 I ReactNativeJS:   'ride_status_changed',
10-23 17:24:14.474 18100 30834 I ReactNativeJS:   'ride_status_changed',
10-23 17:24:14.474 18100 30834 I ReactNativeJS:   'ride_status_changed',
10-23 17:24:14.474 18100 30834 I ReactNativeJS:   'ride_status_changed',
10-23 17:24:14.474 18100 30834 I ReactNativeJS:   'ride_cancelled',
10-23 17:24:14.474 18100 30834 I ReactNativeJS:   'ride_status_changed',
10-23 17:24:14.474 18100 30834 I ReactNativeJS:   'ride_completed',
10-23 17:24:14.474 18100 30834 I ReactNativeJS:   'ride_status_changed',
10-23 17:24:14.474 18100 30834 I ReactNativeJS:   'ride_status_changed',
10-23 17:24:14.474 18100 30834 I ReactNativeJS:   'ride_status_changed',
10-23 17:24:14.474 18100 30834 I ReactNativeJS:   'ride_status_changed',
10-23 17:24:14.474 18100 30834 I ReactNativeJS:   'ride_completed',
10-23 17:24:14.474 18100 30834 I ReactNativeJS:   'ride_status_changed',
10-23 17:24:14.474 18100 30834 I ReactNativeJS:   'ride_status_changed',
10-23 17:24:14.474 18100 30834 I ReactNativeJS:   'ride_status_changed',
10-23 17:24:14.474 18100 30834 I ReactNativeJS:   'ride_status_changed',
10-23 17:24:14.474 18100 30834 I ReactNativeJS:   'ride_completed',
10-23 17:24:14.474 18100 30834 I ReactNativeJS:   'ride_status_changed',
10-23 17:24:14.474 18100 30834 I ReactNativeJS:   'ride_status_changed',
10-23 17:24:14.474 18100 30834 I ReactNativeJS:   'ride_status_changed',
10-23 17:24:14.474 18100 30834 I ReactNativeJS:   'ride_status_changed',
10-23 17:24:14.474 18100 30834 I ReactNativeJS:   'ride_status_changed',
10-23 17:24:14.474 18100 30834 I ReactNativeJS:   'ride_completed',
10-23 17:24:14.474 18100 30834 I ReactNativeJS:   'ride_status_changed',
10-23 17:24:14.474 18100 30834 I ReactNativeJS:   'ride_status_changed',
10-23 17:24:14.474 18100 30834 I ReactNativeJS:   'ride_status_changed' ]
10-23 17:24:14.474 18100 30834 I ReactNativeJS: '❌ [NOTIFICATIONS] Trip completed notifications (all statuses):', []
