10-23 18:09:56.979  5589  6030 I Delight5Decoder: Delight5DecoderWrapper.loadLanguageModel():758 loadLanguageModel() : 2, version [n/a]
10-23 18:09:56.979  5589  6032 I EmojiShortcutsLoader: EmojiShortcutsLoader.call():71 1 emoji shortcut maps loaded.
10-23 18:09:56.982  5589  6030 I Delight5Decoder: Delight5DecoderWrapper.loadLanguageModel():803 Loaded dynamic LM 2.en
10-23 18:09:56.982  5589  6030 I Delight5Decoder: Delight5DecoderWrapper.loadLanguageModel():758 loadLanguageModel() : 4, version [n/a]
10-23 18:09:56.983  5589  6030 I Delight5Decoder: Delight5DecoderWrapper.loadLanguageModel():803 Loaded dynamic LM 4.en
10-23 18:09:56.983  5589  6030 I Delight5Decoder: Delight5DecoderWrapper.loadLanguageModel():758 loadLanguageModel() : 3, version [n/a]
10-23 18:09:56.985  5589  6030 I Delight5Decoder: Delight5DecoderWrapper.loadLanguageModel():803 Loaded dynamic LM 3.en
10-23 18:09:56.987  5589  6032 I EmojiShortcutsLoader: EmojiShortcutsLoader.call():82 Finished loading emoji shortcuts
10-23 18:09:56.987  5589  6032 I Delight5Facilitator: EmailLanguageModelLoader.call():33 Running email language model loader
10-23 18:09:56.987  5589  6032 I Delight5Facilitator: KeyCorrectionTfliteModelLoader.call():32 Running Key Correction Tflite Model loader
10-23 18:09:56.992  9275 17818 W Conscrypt: Could not set socket write timeout: java.net.SocketException: Socket closed
10-23 18:09:56.995  9275 17818 W Conscrypt: 	at com.google.android.gms.org.conscrypt.Platform.setSocketWriteTimeout(:com.google.android.gms@254031035@25.40.31 (260400-816341114):204)
10-23 18:09:56.995  9275 17818 W Conscrypt: 	at com.google.android.gms.org.conscrypt.ConscryptFileDescriptorSocket.setSoWriteTimeout(:com.google.android.gms@254031035@25.40.31 (260400-816341114):4)
10-23 18:09:56.998  5589  6030 I Delight5Decoder: Delight5DecoderWrapper.loadLanguageModel():758 loadLanguageModel() : 20, version [n/a]
10-23 18:09:56.999  5589  6030 I Delight5Decoder: Delight5DecoderWrapper.loadLanguageModel():803 Loaded dynamic LM 20.en
10-23 18:09:56.999  5589  6030 I Delight5Decoder: Delight5DecoderWrapper.loadLanguageModel():758 loadLanguageModel() : 29, version [n/a]
10-23 18:09:56.999  5589  6030 W Delight5Decoder: Delight5DecoderWrapper.getTimerTypeForLoadLanguageModule():903 Cannot find timer type for loading language model 29
10-23 18:09:57.000  5589  6030 I Delight5Decoder: Delight5DecoderWrapper.loadLanguageModel():803 Loaded dynamic LM 29.en
10-23 18:09:57.019  5589  6009 I SuperDelight: SuperDelightBundledSlicingStrategy.getSlices():41 BundledSlicing#getSlices() : Locale = [en_US]
10-23 18:09:57.020  5589  6009 I SuperDelight: SuperDelightBundledSlicingStrategy.getSlices():67 BundledSlicing#getSlices(): result {slices=[bundled_delight:main_en_us_2025051500_2], last batch=true, sync metadata=false}
10-23 18:09:57.020  5589  6009 I SP      : Syncing bundled_delight (2025072800) with slices: [main_en_us_2025051500_2], metadata: false
10-23 18:09:57.029  5589  6032 I CrankEngineLocales: CrankEngineLocales.getLocaleToUseForCrankEngine():66 Using locale en_US for emoji prediction
10-23 18:09:57.030  5589  6032 I CrankEngineLocales: CrankEngineLocales.getLocaleToUseForCrankEngine():66 Using locale en_US for emoji prediction
10-23 18:09:57.031  5589  6032 I CrankEngineLocales: CrankEngineLocales.getLocaleToUseForCrankEngine():66 Using locale en_US for emoji prediction
10-23 18:09:57.051  5589  6009 I SP      : GC for 'bundled_delight' (10) with ttl of 0 ms took 1 ms (0/1/0)
10-23 18:09:57.054  5589  5589 I KeyboardViewHelper: KeyboardViewHelper.getView():180 Get view with height ratio:1.000000
10-23 18:09:57.060  5589  6009 I LmManager: LmManager$1.onFailure():90 Bundled delight sync failed
10-23 18:09:57.060  5589  6009 I LmManager: java.util.concurrent.CancellationException: Task was cancelled.
10-23 18:09:57.060  5589  6009 I LmManager: 	at sws.i(PG:33)
10-23 18:09:57.060  5589  6009 I LmManager: 	at sxa.s(PG:23)
10-23 18:09:57.060  5589  6009 I LmManager: 	at sws.get(PG:1)
10-23 18:09:57.060  5589  6009 I LmManager: 	at a.p(PG:2)
10-23 18:09:57.060  5589  6009 I LmManager: 	at tgz.T(PG:10)
10-23 18:09:57.060  5589  6009 I LmManager: 	at sys.run(PG:87)
10-23 18:09:57.060  5589  6009 I LmManager: 	at syb.execute(PG:1)
10-23 18:09:57.060  5589  6009 I LmManager: 	at sws.g(PG:1)
10-23 18:09:57.060  5589  6009 I LmManager: 	at sws.l(PG:99)
10-23 18:09:57.060  5589  6009 I LmManager: 	at sws.r(PG:26)
10-23 18:09:57.060  5589  6009 I LmManager: 	at sxx.c(PG:5)
10-23 18:09:57.060  5589  6009 I LmManager: 	at sxz.e(PG:6)
10-23 18:09:57.060  5589  6009 I LmManager: 	at sze.run(PG:73)
10-23 18:09:57.060  5589  6009 I LmManager: 	at java.util.concurrent.Executors$RunnableAdapter.call(Executors.java:524)
10-23 18:09:57.060  5589  6009 I LmManager: 	at java.util.concurrent.FutureTask.run(FutureTask.java:317)
10-23 18:09:57.060  5589  6009 I LmManager: 	at kkl.run(PG:8)
10-23 18:09:57.060  5589  6009 I LmManager: 	at java.util.concurrent.ThreadPoolExecutor.runWorker(ThreadPoolExecutor.java:1156)
10-23 18:09:57.060  5589  6009 I LmManager: 	at java.util.concurrent.ThreadPoolExecutor$Worker.run(ThreadPoolExecutor.java:651)
10-23 18:09:57.060  5589  6009 I LmManager: 	at java.lang.Thread.run(Thread.java:1119)
10-23 18:09:57.060  5589  6009 I LmManager: 	at kjv.run(PG:8)
10-23 18:09:57.061  5589  6009 I AbstractSyncResultCallback: AbstractSyncResultCallback.onFailure():38 onFailure(): bundled_delight.sync cancelled; expected if new request supersedes pending one.
10-23 18:09:57.062  5589  6032 I CrankEngineLocales: CrankEngineLocales.getLocaleToUseForCrankEngine():66 Using locale en_US for emoji prediction
10-23 18:09:57.063  5589  6032 I CrankEngineLocales: CrankEngineLocales.getLocaleToUseForCrankEngine():66 Using locale en_US for emoji prediction
10-23 18:09:57.064  5589 15304 I SuperDelight: SuperDelightManager$2.onSuccess():499 bundled_delight sync success, adding to data file manager
10-23 18:09:57.064  5589 15304 I DataFileManager: DataFileManager.addDataWithoutNotify():184 data en-US already exists
10-23 18:09:57.072  5589  6009 I SP      : Sync for bundled_delight succeeded in 58 ms: no changes
10-23 18:09:57.072  5589  6009 I SP      : GC for 'bundled_delight' (10) with ttl of 0 ms took 0 ms (0/0/0)
10-23 18:09:57.073  5589  6009 I LmManager: LmManager$1.onSuccess():85 Bundled delight sync success
10-23 18:09:57.073  5589  6032 I CrankEngineLocales: CrankEngineLocales.getLocaleToUseForCrankEngine():66 Using locale en_US for emoji prediction
10-23 18:09:57.074  5589 15513 I SuperDelight: SuperDelightManager$2.onSuccess():499 bundled_delight sync success, adding to data file manager
10-23 18:09:57.074  5589 15513 I DataFileManager: DataFileManager.addDataWithoutNotify():184 data en-US already exists
10-23 18:09:57.091  9275 17818 W Conscrypt: Could not set socket write timeout: java.net.SocketException: Socket closed
10-23 18:09:57.091  9275 17818 W Conscrypt: 	at com.google.android.gms.org.conscrypt.Platform.setSocketWriteTimeout(:com.google.android.gms@254031035@25.40.31 (260400-816341114):204)
10-23 18:09:57.092  9275 17818 W Conscrypt: 	at com.google.android.gms.org.conscrypt.ConscryptFileDescriptorSocket.setSoWriteTimeout(:com.google.android.gms@254031035@25.40.31 (260400-816341114):4)
10-23 18:09:57.105  5589  5589 I KeyboardHeightUtil: KeyboardHeightUtil.calculateMaxKeyboardBodyHeight():50 leave 267 height for app when ime window height:2171, header height:121 and isFullscreenMode:false, so the max keyboard body height is:1783
10-23 18:09:57.105  5589  5589 I SoftKeyboardView: SoftKeyboardView.setMaxHeight():1102 Set max keyboard height:1783.
10-23 18:09:57.107  5589  5589 W TooltipLifecycleManager: TooltipLifecycleManager.dismissTooltips():153 Tooltip with id undo_access_point_promotion_banner not found in tooltipManager.
10-23 18:09:57.112  5589  5589 I KeyboardModeUtils: KeyboardModeUtils.getKeyboardBottomOffset():435 inch: 0.000000 ydpi: 387.429993 adjustKeyboardBottomByDisplaySize: false currentDensityDpi: 440 defaultDensityDpi: 440 keyboardBottomToScreenPx: 0 keyboardBottomToNavBarPx: -116 navBarHeight: 116
10-23 18:09:57.112  5589  5589 I KeyboardHeightUtil: KeyboardHeightUtil.calculateMaxKeyboardBodyHeight():50 leave 267 height for app when ime window height:2171, header height:121 and isFullscreenMode:false, so the max keyboard body height is:1783
10-23 18:09:57.112  5589  6032 I CrankEngineLocales: CrankEngineLocales.getLocaleToUseForCrankEngine():66 Using locale en_US for emoji prediction
10-23 18:09:57.112  5589  5589 I KeyboardHeightUtil: KeyboardHeightUtil.calculateMaxKeyboardBodyHeight():50 leave 267 height for app when ime window height:2171, header height:121 and isFullscreenMode:false, so the max keyboard body height is:1783
10-23 18:09:57.112  5589  5589 I AndroidIME: KeyboardViewManager.updateKeyboardBodyViewHolderPaddingBottom():472 Set finalPaddingBottom = 5 while holderPaddingBottom = 5; navigationHeight = 116
10-23 18:09:57.112  5589  5589 I KeyboardHeightUtil: KeyboardHeightUtil.calculateMaxKeyboardBodyHeight():50 leave 267 height for app when ime window height:2171, header height:121 and isFullscreenMode:false, so the max keyboard body height is:1783
10-23 18:09:57.112  5589  5589 I KeyboardHeightUtil: KeyboardHeightUtil.calculateMaxKeyboardBodyHeight():50 leave 267 height for app when ime window height:2171, header height:121 and isFullscreenMode:false, so the max keyboard body height is:1783
10-23 18:09:57.113  5589  5589 I GlobeKeyExtension: GlobeKeyExtension.getKeyboardInitialStates():175 
10-23 18:09:57.116  5589  6026 I DownloadManager: DownloadManager.downloadInternal():420 Download for __KLP_manifest_delight__en-IN scheduled with params min[allowMetered=true, requireCharging=false, foreground=false, immediately=true, priority=0]
10-23 18:09:57.116  5589  6026 I DownloadManager: DownloadManager.startDownload():504 start download of __KLP_manifest_delight__en-IN
10-23 18:09:57.117  5589  6026 I DownloadManager: DownloadManager$4.onFailure():585 download for __KLP_manifest_delight__en-IN is cancelled
10-23 18:09:57.117  5589  6026 I DownloadManager: DownloadManager.downloadInternal():418 Previous download for __KLP_manifest_delight__en-IN is cancelled
10-23 18:09:57.117  5589  6026 I DownloadManager: DownloadManager.downloadInternal():420 Download for __KLP_manifest_delight__en-IN scheduled with params min[allowMetered=true, requireCharging=false, foreground=false, immediately=true, priority=0]
10-23 18:09:57.117  5589  6026 I DownloadManager: DownloadManager.startDownload():504 start download of __KLP_manifest_delight__en-IN
10-23 18:09:57.119  5589  5589 W KeyboardDef: KeyboardDef.getKeyboardViewDef():739 KeyboardViewDef is not found: keyboardDef=mle{processedConditions={show_comma_key=true, enable_more_candidates_view_for_multilingual=false, layout_9key_split=false, enable_secondary_symbols=false, pref_enable_flick_symbols=false, language=en-US, deprecate_long_press_space_for_ime_picker=false, expressions=normal, enable_flick_symbols=true, variant=qwerty, show_period_key=true, enable_number_row=true, device=phone, keyboard_mode=normal, show_secondary_digits=false, enable_preemptive_decode=true, enable_pk_simulator=false, bottom_period_popup_slash=false}, globalConditions={global_theme_key=theme,!gsf,!pgsans,!pgsf,!use_system_font,BORDER,FLAVOR_DPI=XXHDPI,GOOGLE_ICONS,KEYBOARD_WIDTH_CATEGORY=NORMAL,KEY_BORDER_SHAPE=1,LIGHT_THEME=false,PHYSICAL_DIAGONAL=5.748144,POPUP,SCREEN_SHORTEST_WIDTH=393,SCREEN_SHORTEST_WIDTH_NO_SCALE=393,XXHDPI,bottom4dp,enable_emoji_kitchen_browse_color_v2=true,enable_google_fonts_icons=true,enable_popup_on_keypress=true,keyboard_redesign_google_sans=true,non_linear_scale,noshadow,overlay_builtin_dynamic_color_dark_base.binarypb:gm3-dark-ff131313-ffffffff-4d9204e36e3ccb6a165e3e3dbe763ce0,roundedchip,silkpopup, global_locale=en_US, global_density_dpi=440, global_orientation=1}, className=.latin.keyboard.LatinPrimeKeyboard, resourceIds=[#0x7f1705fb, #0x7f17088d], initialStates=0, keyboardViewDefs=[mls{direction=null, id=#0x7f0b0224, isScalable=true, layoutId=#0x7f0e029f, type=BODY, touchable=true, defaultShow=true}, mls{direction=null, id=#0x7f0b0224, isScalable=false, layoutId=#0x7f0e01f9, type=FLOATING_CANDIDATES, touchable=false, defaultShow=false}, mls{direction=LOCALE, id=#0x7f0b0224, isScalable=false, layoutId=#0x7f0e0500, type=HEADER, touchable=true, defaultShow=true}], persistentStates=0, persistentStatesPrefKey=null, popupBubbleLayoutId=#0x7f0e05f1, recentKeyLayoutId=0, recentKeyPopupLayoutId=0, recentKeyType=null, rememberRecentKey=NONE, sessionStates=17592186044419}, type=WIDGET, id=2131427876
10-23 18:09:57.119  5589  5589 W Keyboard: Keyboard.getKeyboardViewHelper():609 null helper is returned: keyboardDef=mle{processedConditions={show_comma_key=true, enable_more_candidates_view_for_multilingual=false, layout_9key_split=false, enable_secondary_symbols=false, pref_enable_flick_symbols=false, language=en-US, deprecate_long_press_space_for_ime_picker=false, expressions=normal, enable_flick_symbols=true, variant=qwerty, show_period_key=true, enable_number_row=true, device=phone, keyboard_mode=normal, show_secondary_digits=false, enable_preemptive_decode=true, enable_pk_simulator=false, bottom_period_popup_slash=false}, globalConditions={global_theme_key=theme,!gsf,!pgsans,!pgsf,!use_system_font,BORDER,FLAVOR_DPI=XXHDPI,GOOGLE_ICONS,KEYBOARD_WIDTH_CATEGORY=NORMAL,KEY_BORDER_SHAPE=1,LIGHT_THEME=false,PHYSICAL_DIAGONAL=5.748144,POPUP,SCREEN_SHORTEST_WIDTH=393,SCREEN_SHORTEST_WIDTH_NO_SCALE=393,XXHDPI,bottom4dp,enable_emoji_kitchen_browse_color_v2=true,enable_google_fonts_icons=true,enable_popup_on_keypress=true,keyboard_redesign_google_sans=true,non_linear_scale,noshadow,overlay_builtin_dynamic_color_dark_base.binarypb:gm3-dark-ff131313-ffffffff-4d9204e36e3ccb6a165e3e3dbe763ce0,roundedchip,silkpopup, global_locale=en_US, global_density_dpi=440, global_orientation=1}, className=.latin.keyboard.LatinPrimeKeyboard, resourceIds=[#0x7f1705fb, #0x7f17088d], initialStates=0, keyboardViewDefs=[mls{direction=null, id=#0x7f0b0224, isScalable=true, layoutId=#0x7f0e029f, type=BODY, touchable=true, defaultShow=true}, mls{direction=null, id=#0x7f0b0224, isScalable=false, layoutId=#0x7f0e01f9, type=FLOATING_CANDIDATES, touchable=false, defaultShow=false}, mls{direction=LOCALE, id=#0x7f0b0224, isScalable=false, layoutId=#0x7f0e0500, type=HEADER, touchable=true, defaultShow=true}], persistentStates=0, persistentStatesPrefKey=null, popupBubbleLayoutId=#0x7f0e05f1, recentKeyLayoutId=0, recentKeyPopupLayoutId=0, recentKeyType=null, rememberRecentKey=NONE, sessionStates=17592186044419}, type=WIDGET, helpersCreated=[lxm@fc65958, lxm@8bd0ab1, lxm@7a5ab96, null], context.getResources().getConfiguration(): {1.0 405mcc869mnc [en_US] ldltr sw393dp w393dp h790dp 440dpi nrml long port night finger -keyb/v/h -nav/h winConfig={ mBounds=Rect(0, 0 - 1080, 2392) mAppBounds=Rect(0, 103 - 1080, 2276) mMaxBounds=Rect(0, 0 - 1080, 2392) mDisplayRotation=ROTATION_0 mWindowingMode=fullscreen mActivityType=undefined mAlwaysOnTop=undefined mRotation=ROTATION_0 isEmbedding:false} s.5420 fontWeightAdjustment=0 themeId=2 themeParameter=0 nightModeLevel = -1 typefaceChanged=0.0 ?spacesystem eaMode=1}
10-23 18:09:57.119  5589  6026 I DownloadManager: DownloadManager$4.onSuccess():573 download for __KLP_manifest_delight__en-IN is finished with files # pjk@a522e5bd
10-23 18:09:57.120  5589  5589 I KeyboardHeightUtil: KeyboardHeightUtil.calculateMaxKeyboardBodyHeight():50 leave 267 height for app when ime window height:2171, header height:121 and isFullscreenMode:false, so the max keyboard body height is:1783
10-23 18:09:57.122  5589 15522 I ManifestedDataDownloader: ManifestedDataDownloader.checkVersionAndDownload():98 filegroup __KLP_delight__en-IN with version 2025051500 is already downloaded
10-23 18:09:57.122  5589 15523 I ManifestedDataDownloader: ManifestedDataDownloader.checkVersionAndDownload():98 filegroup __KLP_delight__en-IN with version 2025051500 is already downloaded
10-23 18:09:57.123  5589 15522 I DelightKLPDownloader: DelightKLPDownloader$2.onSuccess():233 klp en_IN downloaded with version 2025051500
10-23 18:09:57.123  5589 15523 I DelightKLPDownloader: DelightKLPDownloader$2.onSuccess():233 klp en_IN downloaded with version 2025051500
10-23 18:09:57.140  5589  5589 I AndroidIME: InputBundleManager.startInput():358 startInput() with mlo[keyboardType=prime, payload=null]
10-23 18:09:57.140  5589  5589 I GlobeKeyExtension: GlobeKeyExtension.onActivate():120 
10-23 18:09:57.143  5589  5589 I LanguagePromoExtension: LanguagePromoExtension.checkDisplayPreconditions():174 Not show language promo: exceeds the max display times.
10-23 18:09:57.145  5589  5589 I VoiceInputManagerWrapper: VoiceInputManagerWrapper.cancelShutdown():109 cancelShutdown()
10-23 18:09:57.145  5589  5589 I VoiceInputManagerWrapper: VoiceInputManagerWrapper.syncLanguagePacks():121 syncLanguagePacks()
10-23 18:09:57.145  5589  6019 I NetworkInfoNotification: NetworkInfoNotification$Listener.onReceive():107 onNetworkAvailable: networkState = NON_METERED, isAirplaneModeOn = false
10-23 18:09:57.145  5589  5589 I VoiceInputManager: VoiceInputManager.onKeyboardActivated():1173 onKeyboardActivated() [UD]
10-23 18:09:57.145  5589  5589 I PkModeUpdater: PkModeUpdater.onActivate():74 onActivate false true
10-23 18:09:57.146  5589  5589 I AccessoryInputModeManager: AccessoryInputModeManager.onModeStarted():318 Accessory input mode started: null
10-23 18:09:57.146  5589  6558 I SpeechFactory: SpeechRecognitionFactory.maybeScheduleAutoPackDownloadForFallback():217 maybeScheduleAutoPackDownloadForFallback()
10-23 18:09:57.146  5589  6558 I FallbackOnDeviceRecognitionProvider: FallbackOnDeviceRecognitionProvider.maybeScheduleAutoPackDownload():205 maybeScheduleAutoPackDownload() for language tag en-US
10-23 18:09:57.146  5589  5589 W SupplementaryKeyboardsWrapper: SupplementaryKeyboardsWrapper.deactivateKeyboard():161 keyboard accessory_candidates_consumer is not activated before!
10-23 18:09:57.146  5589  5589 I KeyboardModeUtils: KeyboardModeUtils.getKeyboardBottomOffset():435 inch: 0.000000 ydpi: 387.429993 adjustKeyboardBottomByDisplaySize: false currentDensityDpi: 440 defaultDensityDpi: 440 keyboardBottomToScreenPx: 0 keyboardBottomToNavBarPx: -116 navBarHeight: 116
10-23 18:09:57.146  5589  5589 I KeyboardHeightUtil: KeyboardHeightUtil.calculateMaxKeyboardBodyHeight():50 leave 267 height for app when ime window height:2171, header height:121 and isFullscreenMode:false, so the max keyboard body height is:1783
10-23 18:09:57.146  5589  5589 I KeyboardHeightUtil: KeyboardHeightUtil.calculateMaxKeyboardBodyHeight():50 leave 267 height for app when ime window height:2171, header height:121 and isFullscreenMode:false, so the max keyboard body height is:1783
10-23 18:09:57.147  5589  5589 I AndroidIME: KeyboardViewManager.updateKeyboardBodyViewHolderPaddingBottom():472 Set finalPaddingBottom = 5 while holderPaddingBottom = 5; navigationHeight = 116
10-23 18:09:57.147  5589  5589 I KeyboardHeightUtil: KeyboardHeightUtil.calculateMaxKeyboardBodyHeight():50 leave 267 height for app when ime window height:2171, header height:121 and isFullscreenMode:false, so the max keyboard body height is:1783
10-23 18:09:57.147  5589  5589 I KeyboardHeightUtil: KeyboardHeightUtil.calculateMaxKeyboardBodyHeight():50 leave 267 height for app when ime window height:2171, header height:121 and isFullscreenMode:false, so the max keyboard body height is:1783
10-23 18:09:57.147  5589  5589 W ExtensionWrapper: ExtensionWrapper.setExtensionViewVisibility():811 interface mas is not activate
10-23 18:09:57.149  5589  5589 I Module  : DeviceLockedStatusModuleProvider$Module.updateDeviceLockedStatus():100 repeatCheckTimes = 1, locked = false
10-23 18:09:57.150  5589  5589 I VoiceImeExtension: VoiceImeExtension.shouldStartVoiceInputAutomaticallyInCurrentInputBox():378 No private IME option set to start voice input.
10-23 18:09:57.155  5589  5589 I StylusModule: StylusModule.onUpdateToolType():800 Update tool type = 1
10-23 18:09:57.175  5589  5589 D ViewRootImpl: AppSizeAfterRelayout, size: Point(1080, 2287), rotation: ROTATION_0
10-23 18:09:57.175  5589  5589 D BufferQueueConsumer: [](id:15d500000fcf,api:0,p:-1,c:5589) connect: controlledByApp=false
10-23 18:09:57.179  5589  5589 D BLASTBufferQueue: [VRI[InputMethod]#4047](f:0,a:0) constructor()
10-23 18:09:57.179  5589  5589 D BLASTBufferQueue: [VRI[InputMethod]#4047](f:0,a:0) update width=1080 height=2287 format=-2 mTransformHint=0
10-23 18:09:57.183  5589  5601 I putmethod.latin: Background concurrent copying GC freed 25MB AllocSpace bytes, 13(628KB) LOS objects, 49% free, 23MB/46MB, paused 193us,197us total 194.138ms
10-23 18:09:57.186  5589  5589 I KeyboardModeUtils: KeyboardModeUtils.getKeyboardBottomOffset():435 inch: 0.000000 ydpi: 387.429993 adjustKeyboardBottomByDisplaySize: false currentDensityDpi: 440 defaultDensityDpi: 440 keyboardBottomToScreenPx: 0 keyboardBottomToNavBarPx: -116 navBarHeight: 116
10-23 18:09:57.187  5589  5589 I KeyboardHeightUtil: KeyboardHeightUtil.calculateMaxKeyboardBodyHeight():50 leave 267 height for app when ime window height:2171, header height:121 and isFullscreenMode:false, so the max keyboard body height is:1783
10-23 18:09:57.187  5589  5589 I KeyboardHeightUtil: KeyboardHeightUtil.calculateMaxKeyboardBodyHeight():50 leave 267 height for app when ime window height:2171, header height:121 and isFullscreenMode:false, so the max keyboard body height is:1783
10-23 18:09:57.187  5589  5589 I AndroidIME: KeyboardViewManager.updateKeyboardBodyViewHolderPaddingBottom():472 Set finalPaddingBottom = 5 while holderPaddingBottom = 5; navigationHeight = 116
10-23 18:09:57.187  5589  5589 I WindowMetricsNotification: WindowMetricsNotification.notifyWithWindow():166 
10-23 18:09:57.188  5589  5589 I WindowMetricsNotification: WindowMetricsNotification.notify():159 pfu[bounds=Rect(0, 105 - 1080, 2392), insets=Rect(0, 0 - 0, 116), densityDpi=440, smallestScreenWidthDp=393, displayWidth=1080, displayHeight=2392, xdpi=387.43, ydpi=387.43, isTrustable=true, displayId=0]; DisplayMetrics{density=2.75, width=1080, height=2392, scaledDensity=2.75, xdpi=387.43, ydpi=387.43}
10-23 18:09:57.188  5589  5589 W View    : requestLayout() improperly called by com.google.android.libraries.inputmethod.widgets.SoftKeyView{c2ee798 VFE...C.. ......ID 6,0-122,121 #7f0b04d8 app:id/key_pos_header_access_points_menu} during layout: running second layout pass
10-23 18:09:57.188  5589  5589 W View    : requestLayout() improperly called by com.google.android.libraries.inputmethod.widgets.CopyImageSourceView{2191bf1 V.ED..... ......ID 6,0-1048,121 #7f0b01e1 app:id/0_resource_name_obfuscated} during layout: running second layout pass
10-23 18:09:57.188  5589  5589 W View    : requestLayout() improperly called by android.widget.LinearLayout{89a83d6 V.E...... ......ID 122,0-932,121 #7f0b0387 app:id/0_resource_name_obfuscated} during layout: running second layout pass
10-23 18:09:57.188  5589  5589 W View    : requestLayout() improperly called by com.google.android.libraries.inputmethod.widgets.SoftKeyView{b798657 VFE...C.. ......ID 932,0-1048,121 #7f0b04e0 app:id/key_pos_header_power_key} during layout: running second layout pass
10-23 18:09:57.190  5589  5589 I KeyboardModeUtils: KeyboardModeUtils.getKeyboardBottomOffset():435 inch: 0.000000 ydpi: 387.429993 adjustKeyboardBottomByDisplaySize: false currentDensityDpi: 440 defaultDensityDpi: 440 keyboardBottomToScreenPx: 0 keyboardBottomToNavBarPx: -116 navBarHeight: 116
10-23 18:09:57.190  5589  5589 I KeyboardHeightUtil: KeyboardHeightUtil.calculateMaxKeyboardBodyHeight():50 leave 267 height for app when ime window height:2171, header height:121 and isFullscreenMode:false, so the max keyboard body height is:1783
10-23 18:09:57.190  5589  5589 I KeyboardHeightUtil: KeyboardHeightUtil.calculateMaxKeyboardBodyHeight():50 leave 267 height for app when ime window height:2171, header height:121 and isFullscreenMode:false, so the max keyboard body height is:1783
10-23 18:09:57.190  5589  5589 I AndroidIME: KeyboardViewManager.updateKeyboardBodyViewHolderPaddingBottom():472 Set finalPaddingBottom = 5 while holderPaddingBottom = 5; navigationHeight = 116
10-23 18:09:57.237  5589  5657 D BLASTBufferQueue: [VRI[InputMethod]#4047](f:0,a:1) acquireNextBufferLocked size=1080x2287 mFrameNumber=1 applyTransaction=true mTimestamp=827064566897372(auto) mPendingTransactions.size=0 graphicBufferId=24004572229375 transform=0
10-23 18:09:57.242  5589  5602 I BpBinder: onLastStrongRef automatically unlinking death recipients: 
10-23 18:09:57.254  5589  5602 I BpBinder: onLastStrongRef automatically unlinking death recipients: 
10-23 18:09:57.259  5589  5589 I GoogleInputMethodService: GoogleInputMethodService$1.onKeyboardViewShown():325 onKeyboardViewShown: keyboardType=prime, keyboardViewType=HEADER keyboardView=com.google.android.libraries.inputmethod.widgets.SoftKeyboardView{2587124 V.E...... ........ 0,0-1080,121}
10-23 18:09:57.260  5589  5589 I KeyboardHeightUtil: KeyboardHeightUtil.calculateMaxKeyboardBodyHeight():50 leave 267 height for app when ime window height:2171, header height:121 and isFullscreenMode:false, so the max keyboard body height is:1783
10-23 18:09:57.265  5589  5589 I GoogleInputMethodService: GoogleInputMethodService$1.onKeyboardViewShown():325 onKeyboardViewShown: keyboardType=prime, keyboardViewType=BODY keyboardView=com.google.android.libraries.inputmethod.widgets.SoftKeyboardView{77ce203 V.E...... ........ 0,0-1080,693}
10-23 18:09:57.265  5589  5589 I KeyboardHeightUtil: KeyboardHeightUtil.calculateMaxKeyboardBodyHeight():50 leave 267 height for app when ime window height:2171, header height:121 and isFullscreenMode:false, so the max keyboard body height is:1783
10-23 18:09:57.266  5589  5589 I GlobeKeyExtension: GlobeKeyExtension$1.onKeyboardViewShown():72 maybeDisableLanguageSwitchKeyPref when the keyboard is shown
10-23 18:09:57.266  5589  5589 I GlobeKeyExtension: GlobeKeyExtension.maybeDisableLanguageSwitchKeyPref():200 maybeDisableLanguageSwitchKeyPref hasGlobeKeyBeenDisabled: false, shouldDisableLanguageSwitchKey: false
10-23 18:09:57.266  5589  5589 I NewLanguagePromptExtension: NewLanguagePromptExtension$1.onKeyboardViewShown():109 Not show new language banner: no new languages.
10-23 18:09:57.267  5589  5589 I DynamicLayoutHandler: DynamicLayoutHandler.loadDynamicKeys():83 This isn't a dynamic layout.
10-23 18:09:57.267  5589  6030 I Delight5Decoder: Delight5DecoderWrapper.setKeyboardLayout():536 setKeyboardLayout()
10-23 18:09:57.268  5589  5589 W TooltipLifecycleManager: TooltipLifecycleManager.dismissTooltips():153 Tooltip with id spell_check_add_to_dictionary not found in tooltipManager.
10-23 18:09:57.268  5589  5589 I DynamicLayoutHandler: DynamicLayoutHandler.loadDynamicKeys():83 This isn't a dynamic layout.
10-23 18:09:57.269  5589  5603 W SP      : File ref is being finalized but wasn't closed, file: 2023012316_en[325]
10-23 18:09:57.269  5589  5603 W SP      : File ref is being finalized but wasn't closed, file: 2023012316_en[325]
10-23 18:09:57.269  5589  5603 W SP      : File ref is being finalized but wasn't closed, file: main_en_us_2025051500_2[482]
10-23 18:09:57.269  5589  5603 W SP      : File ref is being finalized but wasn't closed, file: main_en_us_2025051500_2[482]
10-23 18:09:57.269  5589  5603 W SP      : File ref is being finalized but wasn't closed, file: 2023012316_en[325]
10-23 18:09:57.269  5589  5603 W SP      : File ref is being finalized but wasn't closed, file: 2023012316_en[325]
10-23 18:09:57.269  5589  5603 W SP      : File ref is being finalized but wasn't closed, file: main_en_us_2025051500_2[482]
10-23 18:09:57.269  5589  5603 W SP      : File ref is being finalized but wasn't closed, file: main_en_us_2025051500_2[482]
10-23 18:09:57.269  5589  5603 W SP      : File ref is being finalized but wasn't closed, file: 2023012316_en[325]
10-23 18:09:57.269  5589  5603 W SP      : File ref is being finalized but wasn't closed, file: 2023012316_en[325]
10-23 18:09:57.269  5589  5603 W SP      : File ref is being finalized but wasn't closed, file: tflite-nwp-f0d289e8618185d038b6e5cc34172b1c[109]
10-23 18:09:57.269  5589  5603 W SP      : File ref is being finalized but wasn't closed, file: tflite-nwp-f0d289e8618185d038b6e5cc34172b1c[109]
10-23 18:09:57.270  5589  5589 I KeyboardModeUtils: KeyboardModeUtils.getKeyboardBottomOffset():435 inch: 0.000000 ydpi: 387.429993 adjustKeyboardBottomByDisplaySize: false currentDensityDpi: 440 defaultDensityDpi: 440 keyboardBottomToScreenPx: 0 keyboardBottomToNavBarPx: -116 navBarHeight: 116
10-23 18:09:57.270  3458  3458 V InlinePresentationRendererServiceImpl: onRenderSuggestion: width=-2, height=-2
10-23 18:09:57.270  5589  5589 I KeyboardHeightUtil: KeyboardHeightUtil.calculateMaxKeyboardBodyHeight():50 leave 267 height for app when ime window height:2171, header height:121 and isFullscreenMode:false, so the max keyboard body height is:1783
10-23 18:09:57.270  5589  5589 I KeyboardHeightUtil: KeyboardHeightUtil.calculateMaxKeyboardBodyHeight():50 leave 267 height for app when ime window height:2171, header height:121 and isFullscreenMode:false, so the max keyboard body height is:1783
10-23 18:09:57.270  5589  5589 I AndroidIME: KeyboardViewManager.updateKeyboardBodyViewHolderPaddingBottom():472 Set finalPaddingBottom = 5 while holderPaddingBottom = 5; navigationHeight = 116
10-23 18:09:57.271  5589  6030 I Delight5Decoder: Delight5DecoderWrapper.setKeyboardLayout():536 setKeyboardLayout()
10-23 18:09:57.272  5589  5603 W SP      : File ref is being finalized but wasn't closed, file: main_en_us_2025051500_2[482]
10-23 18:09:57.272  5589  5603 W SP      : File ref is being finalized but wasn't closed, file: main_en_us_2025051500_2[482]
10-23 18:09:57.274  5589  5603 W SP      : File ref is being finalized but wasn't closed, file: main_en_us_2025051500_2[482]
10-23 18:09:57.370  3458  3458 V InlineSuggestionRenderService: width=-2, height=-2, measuredSize=496x121
10-23 18:09:57.388  1870  1976 D AutofillSession: onShown(): 2, 1
10-23 18:09:57.392  5589  5589 I ProactiveSuggestionsHolderManager: ProactiveSuggestionsHolderManager$2.display():195 Requesting to show proactive suggestions: AUTO_FILL PREEMPTIVE_WITH_SUPPRESSION
10-23 18:09:57.393  3458  3458 D ViewRootImpl: AppSizeAfterRelayout, size: Point(496, 121), rotation: ROTATION_0
10-23 18:09:57.393  3458  3458 D BufferQueueConsumer: [](id:d82000004aa,api:0,p:-1,c:3458) connect: controlledByApp=false
10-23 18:09:57.394  3458  3458 D BLASTBufferQueue: [VRI[]#1194](f:0,a:0) constructor()
10-23 18:09:57.394  3458  3458 D BLASTBufferQueue: [VRI[]#1194](f:0,a:0) update width=496 height=121 format=-2 mTransformHint=0
10-23 18:09:57.400  5589  5589 I ProactiveSuggestionsHolderManager: ProactiveSuggestionsHolderManager$Holder.setSuggestionsAndShow():898 succeed to show proactive suggestions AUTO_FILL PREEMPTIVE_WITH_SUPPRESSION
10-23 18:09:57.409  5589  5589 I KeyboardModeUtils: KeyboardModeUtils.getKeyboardBottomOffset():435 inch: 0.000000 ydpi: 387.429993 adjustKeyboardBottomByDisplaySize: false currentDensityDpi: 440 defaultDensityDpi: 440 keyboardBottomToScreenPx: 0 keyboardBottomToNavBarPx: -116 navBarHeight: 116
10-23 18:09:57.409  5589  5589 I KeyboardHeightUtil: KeyboardHeightUtil.calculateMaxKeyboardBodyHeight():50 leave 267 height for app when ime window height:2171, header height:121 and isFullscreenMode:false, so the max keyboard body height is:1783
10-23 18:09:57.410  5589  5589 I KeyboardHeightUtil: KeyboardHeightUtil.calculateMaxKeyboardBodyHeight():50 leave 267 height for app when ime window height:2171, header height:121 and isFullscreenMode:false, so the max keyboard body height is:1783
10-23 18:09:57.410  5589  5589 I AndroidIME: KeyboardViewManager.updateKeyboardBodyViewHolderPaddingBottom():472 Set finalPaddingBottom = 5 while holderPaddingBottom = 5; navigationHeight = 116
10-23 18:09:57.418  5589  5589 D BufferQueueConsumer: [](id:15d500000fd0,api:0,p:-1,c:5589) connect: controlledByApp=false
10-23 18:09:57.418  5589  5589 D BLASTBufferQueue: [SurfaceView[InputMethod]#4048](f:0,a:0) constructor()
10-23 18:09:57.418  5589  5589 D BLASTBufferQueue: [SurfaceView[InputMethod]#4048](f:0,a:0) update width=770 height=121 format=-2 mTransformHint=0
10-23 18:09:57.421  1870  2711 D BatteryStatsService: noteVideoSurfaceChanged  noteWhich: 49,arg1: 770, arg2: 121, arg3: 5589, arg4: 154359, name: com.google.android.inputmethod.latin
10-23 18:09:57.427  5589  5589 D BufferQueueConsumer: [](id:15d500000fd1,api:0,p:-1,c:5589) connect: controlledByApp=false
10-23 18:09:57.427  5589  5589 D BLASTBufferQueue: [SurfaceView[InputMethod]#4049](f:0,a:0) constructor()
10-23 18:09:57.427  5589  5589 D BLASTBufferQueue: [SurfaceView[InputMethod]#4049](f:0,a:0) update width=496 height=121 format=-2 mTransformHint=0
10-23 18:09:57.429  1870  3605 D BatteryStatsService: noteVideoSurfaceChanged  noteWhich: 49,arg1: 496, arg2: 121, arg3: 5589, arg4: 154352, name: com.google.android.inputmethod.latin
10-23 18:09:57.430  3458 31463 D BLASTBufferQueue: [VRI[]#1194](f:0,a:1) acquireNextBufferLocked size=496x121 mFrameNumber=1 applyTransaction=true mTimestamp=827064759813449(auto) mPendingTransactions.size=0 graphicBufferId=14851996917926 transform=0
10-23 18:09:57.431  5589  5657 D BLASTBufferQueue: [SurfaceView[InputMethod]#4049](f:0,a:1) acquireNextBufferLocked size=496x121 mFrameNumber=1 applyTransaction=true mTimestamp=827064761512219(auto) mPendingTransactions.size=0 graphicBufferId=24004572229382 transform=0
10-23 18:09:57.432  1870  3605 D BatteryStatsService: noteVideoSurfaceChanged  noteWhich: 49,arg1: 248, arg2: 13, arg3: 5589, arg4: 154352, name: com.google.android.inputmethod.latin
10-23 18:09:57.433  1870  3605 D BatteryStatsService: noteVideoSurfaceChanged  noteWhich: 49,arg1: 770, arg2: 121, arg3: 5589, arg4: 154359, name: com.google.android.inputmethod.latin
10-23 18:09:57.439  1870  3605 D BatteryStatsService: noteVideoSurfaceChanged  noteWhich: 49,arg1: 300, arg2: 35, arg3: 5589, arg4: 154352, name: com.google.android.inputmethod.latin
10-23 18:09:57.443  1870  2711 D BatteryStatsService: noteVideoSurfaceChanged  noteWhich: 49,arg1: 346, arg2: 55, arg3: 5589, arg4: 154352, name: com.google.android.inputmethod.latin
10-23 18:09:57.460  1870  2711 D BatteryStatsService: noteVideoSurfaceChanged  noteWhich: 49,arg1: 386, arg2: 73, arg3: 5589, arg4: 154352, name: com.google.android.inputmethod.latin
10-23 18:09:57.477  1870  3776 D BatteryStatsService: noteVideoSurfaceChanged  noteWhich: 49,arg1: 420, arg2: 87, arg3: 5589, arg4: 154352, name: com.google.android.inputmethod.latin
10-23 18:09:57.496  1870  2711 D BatteryStatsService: noteVideoSurfaceChanged  noteWhich: 49,arg1: 448, arg2: 101, arg3: 5589, arg4: 154352, name: com.google.android.inputmethod.latin
10-23 18:09:57.510  1870  2711 D BatteryStatsService: noteVideoSurfaceChanged  noteWhich: 49,arg1: 470, arg2: 109, arg3: 5589, arg4: 154352, name: com.google.android.inputmethod.latin
10-23 18:09:57.528  1870  2711 D BatteryStatsService: noteVideoSurfaceChanged  noteWhich: 49,arg1: 484, arg2: 117, arg3: 5589, arg4: 154352, name: com.google.android.inputmethod.latin
10-23 18:09:57.543  1870  2711 D BatteryStatsService: noteVideoSurfaceChanged  noteWhich: 49,arg1: 494, arg2: 121, arg3: 5589, arg4: 154352, name: com.google.android.inputmethod.latin
10-23 18:09:57.566  1870  3776 D BatteryStatsService: noteVideoSurfaceChanged  noteWhich: 49,arg1: 496, arg2: 121, arg3: 5589, arg4: 154352, name: com.google.android.inputmethod.latin
10-23 18:09:57.608  5589  5589 W TooltipLifecycleManager: TooltipLifecycleManager.dismissTooltips():153 Tooltip with id SUGGESTION_VIEW_EDU_MINI_DIALOG not found in tooltipManager.
10-23 18:09:57.611  1870  3776 D BatteryStatsService: noteVideoSurfaceChanged  noteWhich: 49,arg1: -1, arg2: -1, arg3: 5589, arg4: 154352, name: com.google.android.inputmethod.latin
10-23 18:09:57.612  5589  5657 E BufferQueueProducer: [SurfaceView[InputMethod]#4049(BLAST Consumer)4049](id:15d500000fd1,api:0,p:-1,c:5589) disconnect: not connected (req=1)
10-23 18:09:57.612  5589  5657 W libEGL  : EGLNativeWindowType 0xb4000077e027d8d0 disconnect failed
10-23 18:09:57.612  5589  5589 D BLASTBufferQueue: [SurfaceView[InputMethod]#4049](f:0,a:1) destructor()
10-23 18:09:57.612  5589  5589 D BufferQueueConsumer: [SurfaceView[InputMethod]#4049(BLAST Consumer)4049](id:15d500000fd1,api:0,p:-1,c:5589) disconnect
10-23 18:09:57.615  5589  5589 W TooltipLifecycleManager: TooltipLifecycleManager.dismissTooltips():153 Tooltip with id SUGGESTION_VIEW_EDU_MINI_DIALOG not found in tooltipManager.
10-23 18:09:57.616  5589  5589 W LatinPrimeKeyboard: LatinPrimeKeyboard.consumeEvent():353 consumeEvent() : UPDATE_DYNAMIC_KEYS, no dynamic layout
10-23 18:09:57.626  5589  5589 I KeyboardModeUtils: KeyboardModeUtils.getKeyboardBottomOffset():435 inch: 0.000000 ydpi: 387.429993 adjustKeyboardBottomByDisplaySize: false currentDensityDpi: 440 defaultDensityDpi: 440 keyboardBottomToScreenPx: 0 keyboardBottomToNavBarPx: -116 navBarHeight: 116
10-23 18:09:57.626  5589  5589 I KeyboardHeightUtil: KeyboardHeightUtil.calculateMaxKeyboardBodyHeight():50 leave 267 height for app when ime window height:2171, header height:121 and isFullscreenMode:false, so the max keyboard body height is:1783
10-23 18:09:57.626  5589  5589 I KeyboardHeightUtil: KeyboardHeightUtil.calculateMaxKeyboardBodyHeight():50 leave 267 height for app when ime window height:2171, header height:121 and isFullscreenMode:false, so the max keyboard body height is:1783
10-23 18:09:57.626  5589  5589 I AndroidIME: KeyboardViewManager.updateKeyboardBodyViewHolderPaddingBottom():472 Set finalPaddingBottom = 5 while holderPaddingBottom = 5; navigationHeight = 116
10-23 18:09:57.627  5589 16101 I AndroidSpellCheckerService: AndroidSpellCheckerService.createSession():139 com.google.android.keyboard.client.delight5.LanguageIdentifier@ccdf251 is created
10-23 18:09:57.633  5589  5589 W TooltipLifecycleManager: TooltipLifecycleManager.dismissTooltips():153 Tooltip with id SUGGESTION_VIEW_EDU_MINI_DIALOG not found in tooltipManager.
10-23 18:09:57.659  5589  5589 I KeyboardModeUtils: KeyboardModeUtils.getKeyboardBottomOffset():435 inch: 0.000000 ydpi: 387.429993 adjustKeyboardBottomByDisplaySize: false currentDensityDpi: 440 defaultDensityDpi: 440 keyboardBottomToScreenPx: 0 keyboardBottomToNavBarPx: -116 navBarHeight: 116
10-23 18:09:57.659  5589  5589 I KeyboardHeightUtil: KeyboardHeightUtil.calculateMaxKeyboardBodyHeight():50 leave 267 height for app when ime window height:2171, header height:121 and isFullscreenMode:false, so the max keyboard body height is:1783
10-23 18:09:57.659  5589  5589 I KeyboardHeightUtil: KeyboardHeightUtil.calculateMaxKeyboardBodyHeight():50 leave 267 height for app when ime window height:2171, header height:121 and isFullscreenMode:false, so the max keyboard body height is:1783
10-23 18:09:57.659  5589  5589 I AndroidIME: KeyboardViewManager.updateKeyboardBodyViewHolderPaddingBottom():472 Set finalPaddingBottom = 5 while holderPaddingBottom = 5; navigationHeight = 116
10-23 18:09:57.678  5589  5589 D BLASTBufferQueue: [SurfaceView[InputMethod]#4048](f:0,a:0) destructor()
10-23 18:09:57.678  5589  5589 D BufferQueueConsumer: [SurfaceView[InputMethod]#4048(BLAST Consumer)4048](id:15d500000fd0,api:0,p:-1,c:5589) disconnect
10-23 18:09:57.678  1870  2895 D BatteryStatsService: noteVideoSurfaceChanged  noteWhich: 49,arg1: -1, arg2: -1, arg3: 5589, arg4: 154359, name: com.google.android.inputmethod.latin
10-23 18:09:57.693  5589  5589 I KeyboardModeUtils: KeyboardModeUtils.getKeyboardBottomOffset():435 inch: 0.000000 ydpi: 387.429993 adjustKeyboardBottomByDisplaySize: false currentDensityDpi: 440 defaultDensityDpi: 440 keyboardBottomToScreenPx: 0 keyboardBottomToNavBarPx: -116 navBarHeight: 116
10-23 18:09:57.693  5589  5589 I KeyboardHeightUtil: KeyboardHeightUtil.calculateMaxKeyboardBodyHeight():50 leave 267 height for app when ime window height:2171, header height:121 and isFullscreenMode:false, so the max keyboard body height is:1783
10-23 18:09:57.693  5589  5589 I KeyboardHeightUtil: KeyboardHeightUtil.calculateMaxKeyboardBodyHeight():50 leave 267 height for app when ime window height:2171, header height:121 and isFullscreenMode:false, so the max keyboard body height is:1783
10-23 18:09:57.693  5589  5589 I AndroidIME: KeyboardViewManager.updateKeyboardBodyViewHolderPaddingBottom():472 Set finalPaddingBottom = 5 while holderPaddingBottom = 5; navigationHeight = 116
10-23 18:09:57.777  5589  5589 I KeyboardViewController: KeyboardViewController.showSelfAndAncestors():636 current view doesn't has the priority com.google.android.libraries.inputmethod.accesspoint.widget.AccessPointsBar{56a78a7 I.E...... .......D 0,0-810,121 #7f0b00a0 app:id/0_resource_name_obfuscated} to show itself, DEFAULT
10-23 18:09:57.794  5589  5589 W TooltipLifecycleManager: TooltipLifecycleManager.dismissTooltips():153 Tooltip with id SUGGESTION_VIEW_EDU_MINI_DIALOG not found in tooltipManager.
10-23 18:09:57.827  5589  5589 I KeyboardModeUtils: KeyboardModeUtils.getKeyboardBottomOffset():435 inch: 0.000000 ydpi: 387.429993 adjustKeyboardBottomByDisplaySize: false currentDensityDpi: 440 defaultDensityDpi: 440 keyboardBottomToScreenPx: 0 keyboardBottomToNavBarPx: -116 navBarHeight: 116
10-23 18:09:57.828  5589  5589 I KeyboardHeightUtil: KeyboardHeightUtil.calculateMaxKeyboardBodyHeight():50 leave 267 height for app when ime window height:2171, header height:121 and isFullscreenMode:false, so the max keyboard body height is:1783
10-23 18:09:57.828  5589  5589 I KeyboardHeightUtil: KeyboardHeightUtil.calculateMaxKeyboardBodyHeight():50 leave 267 height for app when ime window height:2171, header height:121 and isFullscreenMode:false, so the max keyboard body height is:1783
10-23 18:09:57.828  5589  5589 I AndroidIME: KeyboardViewManager.updateKeyboardBodyViewHolderPaddingBottom():472 Set finalPaddingBottom = 5 while holderPaddingBottom = 5; navigationHeight = 116
10-23 18:09:57.837  3458  3458 V InlineSuggestionRenderService: Releasing inline suggestion view host
10-23 18:09:57.842  3458  3458 D BLASTBufferQueue: [VRI[]#1194](f:0,a:4) destructor()
10-23 18:09:57.842  3458  3458 D BufferQueueConsumer: [VRI[]#1194(BLAST Consumer)1194](id:d82000004aa,api:0,p:-1,c:3458) disconnect
10-23 18:09:57.850  3458  3458 V InlineSuggestionRenderService: Removed the inline suggestion from the cache, current size=0
10-23 18:09:57.965  5589  5589 W TooltipLifecycleManager: TooltipLifecycleManager.dismissTooltips():153 Tooltip with id SUGGESTION_VIEW_EDU_MINI_DIALOG not found in tooltipManager.
10-23 18:09:57.993  5589  5589 I KeyboardModeUtils: KeyboardModeUtils.getKeyboardBottomOffset():435 inch: 0.000000 ydpi: 387.429993 adjustKeyboardBottomByDisplaySize: false currentDensityDpi: 440 defaultDensityDpi: 440 keyboardBottomToScreenPx: 0 keyboardBottomToNavBarPx: -116 navBarHeight: 116
10-23 18:09:57.993  5589  5589 I KeyboardHeightUtil: KeyboardHeightUtil.calculateMaxKeyboardBodyHeight():50 leave 267 height for app when ime window height:2171, header height:121 and isFullscreenMode:false, so the max keyboard body height is:1783
10-23 18:09:57.993  5589  5589 I KeyboardHeightUtil: KeyboardHeightUtil.calculateMaxKeyboardBodyHeight():50 leave 267 height for app when ime window height:2171, header height:121 and isFullscreenMode:false, so the max keyboard body height is:1783
10-23 18:09:57.993  5589  5589 I AndroidIME: KeyboardViewManager.updateKeyboardBodyViewHolderPaddingBottom():472 Set finalPaddingBottom = 5 while holderPaddingBottom = 5; navigationHeight = 116
10-23 18:09:58.254  9275  9345 W Settings: Setting airplane_mode_on has moved from android.provider.Settings.System to android.provider.Settings.Global, returning read-only value.
10-23 18:09:58.257  9275 15906 W SystemServiceRegistry: No service published for: wifirtt
10-23 18:09:58.268  5589  5589 I GoogleInputMethodService: GoogleInputMethodService.onFinishInputView():1571 onFinishInputView(true)
10-23 18:09:58.268  5589  5589 I GlobeKeyExtension: GlobeKeyExtension.onDeactivate():144 
10-23 18:09:58.268  5589  5589 W TooltipLifecycleManager: TooltipLifecycleManager.dismissTooltips():153 Tooltip with id SUGGESTION_VIEW_EDU_MINI_DIALOG not found in tooltipManager.
10-23 18:09:58.269  5589  5589 I VoiceInputManagerWrapper: VoiceInputManagerWrapper.shutdown():131 shutdown()
10-23 18:09:58.270  5589  5589 W TooltipLifecycleManager: TooltipLifecycleManager.dismissTooltips():153 Tooltip with id spell_check_add_to_dictionary not found in tooltipManager.
10-23 18:09:58.271  5589  5589 I InputBundle: InputBundle.consumeEvent():1032 Skip consuming an event as keyboard status is INACTIVE
10-23 18:09:58.273  5589  5589 I AndroidIME: AbstractIme.onDeactivate():216 LatinIme.onDeactivate()
10-23 18:09:58.277  5589  5589 I GoogleInputMethodService: GoogleInputMethodService.onFinishInput():2085 
10-23 18:09:58.278  5589  5589 I Module  : DeviceLockedStatusModuleProvider$Module.updateDeviceLockedStatus():100 repeatCheckTimes = 0, locked = false
10-23 18:09:58.278  5589  5589 I GoogleInputMethodService: GoogleInputMethodService.onStartInput():1346 onStartInput(EditorInfo{EditorInfo{packageName=com.a1taxi.a1taxicustomer, inputType=4003, inputTypeString=Phone, enableLearning=false, autoCorrection=false, autoComplete=false, imeOptions=4000006, privateImeOptions=null, actionName=DONE, actionLabel=null, initialSelStart=0, initialSelEnd=0, initialCapsMode=2000, label=null, fieldId=277, fieldName=null, extras=Bundle[mParcelledData.dataSize=404], hintText=non-empty, hintLocales=[]}}, false)
10-23 18:09:58.279  5589  5589 I Module  : DeviceLockedStatusModuleProvider$Module.updateDeviceLockedStatus():100 repeatCheckTimes = 1, locked = false
10-23 18:09:58.279  5589  5589 I HardKeyTracker: HardKeyTracker.unregisterKeySequence():221 Unregister key sequence nfz{labelResId=0, callback=gds@74389ae, lastModifier=0, keyCodes=[57, 57], actions=[1, 0]}
10-23 18:09:58.279  5589  5589 I HardKeyTracker: HardKeyTracker.unregisterKeySequence():221 Unregister key sequence nfz{labelResId=0, callback=gds@cd647e5, lastModifier=0, keyCodes=[58, 58], actions=[1, 0]}
10-23 18:09:58.280  5589  5589 I GoogleInputMethodService: GoogleInputMethodService.onStartInputView():1439 onStartInputView(EditorInfo{EditorInfo{packageName=com.a1taxi.a1taxicustomer, inputType=4003, inputTypeString=Phone, enableLearning=false, autoCorrection=false, autoComplete=false, imeOptions=4000006, privateImeOptions=null, actionName=DONE, actionLabel=null, initialSelStart=0, initialSelEnd=0, initialCapsMode=2000, label=null, fieldId=277, fieldName=null, extras=Bundle[{android.support.text.emoji.emojiCompat_metadataVersion=11, androidx.core.view.inputmethod.EditorInfoCompat.STYLUS_HANDWRITING_ENABLED=true, android.support.text.emoji.emojiCompat_replaceAll=false}], hintText=non-empty, hintLocales=[]}}, false)
10-23 18:09:58.280  5589  5589 I KeyboardHeightUtil: KeyboardHeightUtil.getOemKeyboardHeightRatio():108 systemKeyboardHeightRatio:1.000000.
10-23 18:09:58.281  5589  5589 I AndroidIME: InputBundleManager.loadActiveInputBundleId():528 loadActiveInputBundleId: und-Latn-x-phone-number, phone_number
10-23 18:09:58.281  5589  5589 I KeyboardWrapper: KeyboardWrapper.activateKeyboard():581 activateKeyboard(): type=prime, status=INACTIVE, imeDef=mkk{stringId=phone_number, language=und-Latn-x-phone-number, languageTag=und-Latn-x-phone-number, processedConditions={}, className=com.google.android.libraries.inputmethod.ime.DummyIme, label=2132019312, keyEventInterpreter=null, inlineComposing=true, autoCapital=false, announceAutoSelectedCandidate=false, statusIcon=0, indicatorIcon=0, indicatorLabel=null, displayAppCompletions=false, extraValues=mkd{}, processors=mmb@7d3d911, unacceptableMetaKeys=4098, languageSpecificSettings=0, asciiCapable=false, alwaysShowSuggestions=false, useAsciiPasswordKeyboard=false, keyboardGroupDef=mlk@ee31802, phenotypeFlagId=0, localizationLanguageTag=null, supportsInlineSuggestion=false}
10-23 18:09:58.282  5589  5589 I KeyboardManager: KeyboardManager.requestKeyboard():248 Creating keyboard prime, imeId=phone_number, cacheKey=theme,!gsf,!pgsans,!pgsf,!use_system_font,BORDER,FLAVOR_DPI=XXHDPI,GOOGLE_ICONS,KEYBOARD_WIDTH_CATEGORY=NORMAL,KEY_BORDER_SHAPE=1,LIGHT_THEME=false,PHYSICAL_DIAGONAL=5.748144,POPUP,SCREEN_SHORTEST_WIDTH=393,SCREEN_SHORTEST_WIDTH_NO_SCALE=393,XXHDPI,bottom4dp,enable_emoji_kitchen_browse_color_v2=true,enable_google_fonts_icons=true,enable_popup_on_keypress=true,keyboard_redesign_google_sans=true,non_linear_scale,noshadow,overlay_builtin_dynamic_color_dark_base.binarypb:gm3-dark-ff131313-ffffffff-4d9204e36e3ccb6a165e3e3dbe763ce0,roundedchip,silkpopup
10-23 18:09:58.282  5589  5589 I KeyboardWrapper: KeyboardWrapper.onKeyboardReady():224 onKeyboardReady(): type=null(prime), kb=com.google.android.apps.inputmethod.latin.keyboard.LatinDialKeyboard@4661c16
10-23 18:09:58.282  5589  5589 I KeyboardWrapper: KeyboardWrapper.doActivateKeyboard():611 doActivateKeyboard(): prime
10-23 18:09:58.286  5589  6019 I OnDeviceWmrCalculator: OnDeviceWmrCalculator.calculateWmr():94 WMR: 0.0000 (0 / 1)
10-23 18:09:58.315  5589  5589 I KeyboardViewHelper: KeyboardViewHelper.getView():180 Get view with height ratio:1.000000
10-23 18:09:58.344  5589  5589 I KeyboardHeightUtil: KeyboardHeightUtil.calculateMaxKeyboardBodyHeight():50 leave 267 height for app when ime window height:2171, header height:121 and isFullscreenMode:false, so the max keyboard body height is:1783
10-23 18:09:58.345  5589  5589 I SoftKeyboardView: SoftKeyboardView.setMaxHeight():1102 Set max keyboard height:1783.
