10-22 19:36:51.141  5589  5589 W Keyboard: Keyboard.getKeyboardViewHelper():609 null helper is returned: keyboardDef=mle{processedConditions={enable_access_points_in_password_number=true, enable_correction_settings_updates=true, layout_9key_split=false, language=en-US, deprecate_long_press_space_for_ime_picker=false, show_suggestion_strip=true, device=phone, expressions=normal}, globalConditions={global_theme_key=theme,!gsf,!pgsans,!pgsf,!use_system_font,BORDER,FLAVOR_DPI=XXHDPI,GOOGLE_ICONS,KEYBOARD_WIDTH_CATEGORY=NORMAL,KEY_BORDER_SHAPE=1,LIGHT_THEME=false,PHYSICAL_DIAGONAL=5.748144,POPUP,SCREEN_SHORTEST_WIDTH=393,SCREEN_SHORTEST_WIDTH_NO_SCALE=393,XXHDPI,bottom4dp,enable_emoji_kitchen_browse_color_v2=true,enable_google_fonts_icons=true,enable_popup_on_keypress=true,keyboard_redesign_google_sans=true,non_linear_scale,noshadow,overlay_builtin_dynamic_color_dark_base.binarypb:gm3-dark-ff131313-ffffffff-4d9204e36e3ccb6a165e3e3dbe763ce0,roundedchip,silkpopup, global_locale=en_US, global_density_dpi=440, global_orientation=1}, className=.latin.keyboard.LatinNumberKeyboard, resourceIds=[#0x7f17086b], initialStates=0, keyboardViewDefs=[mls{direction=LOCALE, id=#0x7f0b0224, isScalable=false, layoutId=#0x7f0e0500, type=HEADER, touchable=true, defaultShow=true}, mls{direction=null, id=#0x7f0b0224, isScalable=true, layoutId=#0x7f0e0556, type=BODY, touchable=true, defaultShow=true}], persistentStates=0, persistentStatesPrefKey=null, popupBubbleLayoutId=#0x7f0e05f1, recentKeyLayoutId=0, recentKeyPopupLayoutId=0, recentKeyType=null, rememberRecentKey=NONE, sessionStates=0}, type=WIDGET, helpersCreated=[lxm@e797721, lxm@89f746, null, null], context.getResources().getConfiguration(): {1.0 405mcc869mnc [en_US] ldltr sw393dp w393dp h790dp 440dpi nrml long port night finger -keyb/v/h -nav/h winConfig={ mBounds=Rect(0, 0 - 1080, 2392) mAppBounds=Rect(0, 103 - 1080, 2276) mMaxBounds=Rect(0, 0 - 1080, 2392) mDisplayRotation=ROTATION_0 mWindowingMode=fullscreen mActivityType=undefined mAlwaysOnTop=undefined mRotation=ROTATION_0 isEmbedding:false} s.5420 fontWeightAdjustment=0 themeId=2 themeParameter=0 nightModeLevel = -1 typefaceChanged=0.0 ?spacesystem eaMode=1}
10-22 19:36:51.141  5589  5589 I AndroidIME: InputBundleManager.startInput():358 startInput() with mlo[keyboardType=prime, payload=null]
10-22 19:36:51.142  5589  5589 I GlobeKeyExtension: GlobeKeyExtension.onActivate():120 
10-22 19:36:51.144  5589  5589 I LanguagePromoExtension: LanguagePromoExtension.checkDisplayPreconditions():174 Not show language promo: exceeds the max display times.
10-22 19:36:51.144  5589  5589 I NewLanguagePromptExtension: NewLanguagePromptExtension.onActivate():189 Not activated NewLanguagePromptExtension: not a normal text input box.
10-22 19:36:51.144  5589  5589 I VoiceInputManagerWrapper: VoiceInputManagerWrapper.cancelShutdown():109 cancelShutdown()
10-22 19:36:51.144  5589  5589 I VoiceInputManagerWrapper: VoiceInputManagerWrapper.syncLanguagePacks():121 syncLanguagePacks()
10-22 19:36:51.144  5589  5589 I VoiceInputManager: VoiceInputManager.onKeyboardActivated():1173 onKeyboardActivated() [UD]
10-22 19:36:51.145  5589  6558 I SpeechFactory: SpeechRecognitionFactory.maybeScheduleAutoPackDownloadForFallback():217 maybeScheduleAutoPackDownloadForFallback()
10-22 19:36:51.145  5589  6558 I FallbackOnDeviceRecognitionProvider: FallbackOnDeviceRecognitionProvider.maybeScheduleAutoPackDownload():205 maybeScheduleAutoPackDownload() for language tag en-US
10-22 19:36:51.145  5589  5589 I PkModeUpdater: PkModeUpdater.onActivate():74 onActivate false true
10-22 19:36:51.145  5589  5589 I AccessoryInputModeManager: AccessoryInputModeManager.onModeStarted():318 Accessory input mode started: null
10-22 19:36:51.145  5589  5589 W SupplementaryKeyboardsWrapper: SupplementaryKeyboardsWrapper.deactivateKeyboard():161 keyboard accessory_candidates_consumer is not activated before!
10-22 19:36:51.145  5589  5589 I KeyboardModeUtils: KeyboardModeUtils.getKeyboardBottomOffset():435 inch: 0.000000 ydpi: 387.429993 adjustKeyboardBottomByDisplaySize: false currentDensityDpi: 440 defaultDensityDpi: 440 keyboardBottomToScreenPx: 0 keyboardBottomToNavBarPx: -116 navBarHeight: 116
10-22 19:36:51.145  5589  5589 I KeyboardHeightUtil: KeyboardHeightUtil.calculateMaxKeyboardBodyHeight():50 leave 267 height for app when ime window height:2171, header height:121 and isFullscreenMode:false, so the max keyboard body height is:1783
10-22 19:36:51.146  5589  5589 I KeyboardHeightUtil: KeyboardHeightUtil.calculateMaxKeyboardBodyHeight():50 leave 267 height for app when ime window height:2171, header height:121 and isFullscreenMode:false, so the max keyboard body height is:1783
10-22 19:36:51.146  5589  5589 I AndroidIME: KeyboardViewManager.updateKeyboardBodyViewHolderPaddingBottom():472 Set finalPaddingBottom = 5 while holderPaddingBottom = 5; navigationHeight = 116
10-22 19:36:51.146  5589  5589 I KeyboardHeightUtil: KeyboardHeightUtil.calculateMaxKeyboardBodyHeight():50 leave 267 height for app when ime window height:2171, header height:121 and isFullscreenMode:false, so the max keyboard body height is:1783
10-22 19:36:51.146  5589  5589 I KeyboardHeightUtil: KeyboardHeightUtil.calculateMaxKeyboardBodyHeight():50 leave 267 height for app when ime window height:2171, header height:121 and isFullscreenMode:false, so the max keyboard body height is:1783
10-22 19:36:51.146  5589  5589 W ExtensionWrapper: ExtensionWrapper.setExtensionViewVisibility():811 interface mas is not activate
10-22 19:36:51.147  5589  5589 I Module  : DeviceLockedStatusModuleProvider$Module.updateDeviceLockedStatus():100 repeatCheckTimes = 1, locked = false
10-22 19:36:51.147  5589  5589 I StylusModule: StylusModule.onUpdateToolType():800 Update tool type = 1
10-22 19:36:51.148  5589  5589 I StylusModule: StylusModule.onUpdateToolType():800 Update tool type = 1
10-22 19:36:51.151  5589  5589 I KeyboardModeUtils: KeyboardModeUtils.getKeyboardBottomOffset():435 inch: 0.000000 ydpi: 387.429993 adjustKeyboardBottomByDisplaySize: false currentDensityDpi: 440 defaultDensityDpi: 440 keyboardBottomToScreenPx: 0 keyboardBottomToNavBarPx: -116 navBarHeight: 116
10-22 19:36:51.151  5589  5589 I KeyboardHeightUtil: KeyboardHeightUtil.calculateMaxKeyboardBodyHeight():50 leave 267 height for app when ime window height:2171, header height:121 and isFullscreenMode:false, so the max keyboard body height is:1783
10-22 19:36:51.151  5589  5589 I KeyboardHeightUtil: KeyboardHeightUtil.calculateMaxKeyboardBodyHeight():50 leave 267 height for app when ime window height:2171, header height:121 and isFullscreenMode:false, so the max keyboard body height is:1783
10-22 19:36:51.151  5589  5589 I AndroidIME: KeyboardViewManager.updateKeyboardBodyViewHolderPaddingBottom():472 Set finalPaddingBottom = 5 while holderPaddingBottom = 5; navigationHeight = 116
10-22 19:36:51.151  5589  5589 I WindowMetricsNotification: WindowMetricsNotification.notifyWithWindow():166 
10-22 19:36:51.151  5589  5589 I WindowMetricsNotification: WindowMetricsNotification.notify():159 pfu[bounds=Rect(0, 105 - 1080, 2392), insets=Rect(0, 0 - 0, 116), densityDpi=440, smallestScreenWidthDp=393, displayWidth=1080, displayHeight=2392, xdpi=387.43, ydpi=387.43, isTrustable=true, displayId=0]; DisplayMetrics{density=2.75, width=1080, height=2392, scaledDensity=2.75, xdpi=387.43, ydpi=387.43}
10-22 19:36:51.156  5589  5589 I GoogleInputMethodService: GoogleInputMethodService$1.onKeyboardViewShown():325 onKeyboardViewShown: keyboardType=prime, keyboardViewType=HEADER keyboardView=com.google.android.libraries.inputmethod.widgets.SoftKeyboardView{549edd7 V.E...... ........ 0,0-1080,121}
10-22 19:36:51.156  5589  5589 I KeyboardHeightUtil: KeyboardHeightUtil.calculateMaxKeyboardBodyHeight():50 leave 267 height for app when ime window height:2171, header height:121 and isFullscreenMode:false, so the max keyboard body height is:1783
10-22 19:36:51.157  5589  5589 I GoogleInputMethodService: GoogleInputMethodService$1.onKeyboardViewShown():325 onKeyboardViewShown: keyboardType=prime, keyboardViewType=BODY keyboardView=com.google.android.libraries.inputmethod.widgets.SoftKeyboardView{b115d31 V.E...... ........ 0,0-1080,580}
10-22 19:36:51.157  5589  5589 I KeyboardHeightUtil: KeyboardHeightUtil.calculateMaxKeyboardBodyHeight():50 leave 267 height for app when ime window height:2171, header height:121 and isFullscreenMode:false, so the max keyboard body height is:1783
10-22 19:36:51.157  5589  5589 I GlobeKeyExtension: GlobeKeyExtension$1.onKeyboardViewShown():72 maybeDisableLanguageSwitchKeyPref when the keyboard is shown
10-22 19:36:51.157  5589  5589 I GlobeKeyExtension: GlobeKeyExtension.maybeDisableLanguageSwitchKeyPref():200 maybeDisableLanguageSwitchKeyPref hasGlobeKeyBeenDisabled: false, shouldDisableLanguageSwitchKey: false
10-22 19:36:51.157  5589  5589 I NewLanguagePromptExtension: NewLanguagePromptExtension$1.onKeyboardViewShown():88 Not show new language banner: not prime keyboard, or the extension not activated.
10-22 19:36:51.163  9275  9981 W anqe    : Failed to retrieve prediction data. [CONTEXT service_id=177 ]
10-22 19:36:51.163  9275  9981 W anqe    : java.util.concurrent.ExecutionException: fnpd: No active MDD filegroup android-autofill-infinitedata found for the table autofill-domain-predictions-prod-spanner.
10-22 19:36:51.163  9275  9981 W anqe    : 	at gpkb.j(:com.google.android.gms@254031035@25.40.31 (260400-816341114):21)
10-22 19:36:51.163  9275  9981 W anqe    : 	at gpkk.v(:com.google.android.gms@254031035@25.40.31 (260400-816341114):107)
10-22 19:36:51.163  9275  9981 W anqe    : 	at gpkb.get(:com.google.android.gms@254031035@25.40.31 (260400-816341114):2)
10-22 19:36:51.163  9275  9981 W anqe    : 	at anqe.e(:com.google.android.gms@254031035@25.40.31 (260400-816341114):81)
10-22 19:36:51.163  9275  9981 W anqe    : 	at anqe.a(:com.google.android.gms@254031035@25.40.31 (260400-816341114):124)
10-22 19:36:51.163  9275  9981 W anqe    : 	at anno.call(:com.google.android.gms@254031035@25.40.31 (260400-816341114):5)
10-22 19:36:51.163  9275  9981 W anqe    : 	at java.util.concurrent.FutureTask.run(FutureTask.java:317)
10-22 19:36:51.163  9275  9981 W anqe    : 	at bckr.c(:com.google.android.gms@254031035@25.40.31 (260400-816341114):50)
10-22 19:36:51.163  9275  9981 W anqe    : 	at bckr.run(:com.google.android.gms@254031035@25.40.31 (260400-816341114):73)
10-22 19:36:51.163  9275  9981 W anqe    : 	at java.util.concurrent.ThreadPoolExecutor.runWorker(ThreadPoolExecutor.java:1156)
10-22 19:36:51.163  9275  9981 W anqe    : 	at java.util.concurrent.ThreadPoolExecutor$Worker.run(ThreadPoolExecutor.java:651)
10-22 19:36:51.163  9275  9981 W anqe    : 	at bcqi.run(:com.google.android.gms@254031035@25.40.31 (260400-816341114):8)
10-22 19:36:51.163  9275  9981 W anqe    : 	at java.lang.Thread.run(Thread.java:1119)
10-22 19:36:51.163  9275  9981 W anqe    : Caused by: fnpd: No active MDD filegroup android-autofill-infinitedata found for the table autofill-domain-predictions-prod-spanner.
10-22 19:36:51.163  9275  9981 W anqe    : 	at fnpr.a(:com.google.android.gms@254031035@25.40.31 (260400-816341114):13)
10-22 19:36:51.163  9275  9981 W anqe    : 	at gpjr.d(:com.google.android.gms@254031035@25.40.31 (260400-816341114):3)
10-22 19:36:51.163  9275  9981 W anqe    : 	at gpjt.run(:com.google.android.gms@254031035@25.40.31 (260400-816341114):130)
10-22 19:36:51.163  9275  9981 W anqe    : 	at gpma.execute(:com.google.android.gms@254031035@25.40.31 (260400-816341114):1)
10-22 19:36:51.163  9275  9981 W anqe    : 	at gpkb.f(:com.google.android.gms@254031035@25.40.31 (260400-816341114):1)
10-22 19:36:51.163  9275  9981 W anqe    : 	at gpkb.m(:com.google.android.gms@254031035@25.40.31 (260400-816341114):99)
10-22 19:36:51.163  9275  9981 W anqe    : 	at gpkb.r(:com.google.android.gms@254031035@25.40.31 (260400-816341114):17)
10-22 19:36:51.163  9275  9981 W anqe    : 	at gpko.run(:com.google.android.gms@254031035@25.40.31 (260400-816341114):77)
10-22 19:36:51.163  9275  9981 W anqe    : 	at gpma.execute(:com.google.android.gms@254031035@25.40.31 (260400-816341114):1)
10-22 19:36:51.163  9275  9981 W anqe    : 	at gpkb.f(:com.google.android.gms@254031035@25.40.31 (260400-816341114):1)
10-22 19:36:51.163  9275  9981 W anqe    : 	at gpkb.m(:com.google.android.gms@254031035@25.40.31 (260400-816341114):99)
10-22 19:36:51.163  9275  9981 W anqe    : 	at gpkb.t(:com.google.android.gms@254031035@25.40.31 (260400-816341114):26)
10-22 19:36:51.163  9275  9981 W anqe    : 	at gpjr.e(:com.google.android.gms@254031035@25.40.31 (260400-816341114):3)
10-22 19:36:51.163  9275  9981 W anqe    : 	at gpjt.run(:com.google.android.gms@254031035@25.40.31 (260400-816341114):138)
10-22 19:36:51.163  9275  9981 W anqe    : 	at gpma.execute(:com.google.android.gms@254031035@25.40.31 (260400-816341114):1)
10-22 19:36:51.163  9275  9981 W anqe    : 	at gpkb.f(:com.google.android.gms@254031035@25.40.31 (260400-816341114):1)
10-22 19:36:51.163  9275  9981 W anqe    : 	at gpkb.m(:com.google.android.gms@254031035@25.40.31 (260400-816341114):99)
10-22 19:36:51.163  9275  9981 W anqe    : 	at gpkb.r(:com.google.android.gms@254031035@25.40.31 (260400-816341114):17)
10-22 19:36:51.163  9275  9981 W anqe    : 	at gpko.run(:com.google.android.gms@254031035@25.40.31 (260400-816341114):77)
10-22 19:36:51.163  9275  9981 W anqe    : 	at gpma.execute(:com.google.android.gms@254031035@25.40.31 (260400-816341114):1)
10-22 19:36:51.163  9275  9981 W anqe    : 	at gpkb.f(:com.google.android.gms@254031035@25.40.31 (260400-816341114):1)
10-22 19:36:51.163  9275  9981 W anqe    : 	at gpkb.m(:com.google.android.gms@254031035@25.40.31 (260400-816341114):99)
10-22 19:36:51.163  9275  9981 W anqe    : 	at gpkb.t(:com.google.android.gms@254031035@25.40.31 (260400-816341114):26)
10-22 19:36:51.163  9275  9981 W anqe    : 	at gpmx.run(:com.google.android.gms@254031035@25.40.31 (260400-816341114):5)
10-22 19:36:51.163  9275  9981 W anqe    : 	at gpma.execute(:com.google.android.gms@254031035@25.40.31 (260400-816341114):1)
10-22 19:36:51.163  9275  9981 W anqe    : 	at gpkb.f(:com.google.android.gms@254031035@25.40.31 (260400-816341114):1)
10-22 19:36:51.163  9275  9981 W anqe    : 	at gpkb.m(:com.google.android.gms@254031035@25.40.31 (260400-816341114):99)
10-22 19:36:51.163  9275  9981 W anqe    : 	at gpkb.t(:com.google.android.gms@254031035@25.40.31 (260400-816341114):26)
10-22 19:36:51.163  9275  9981 W anqe    : 	at gpkm.e(:com.google.android.gms@254031035@25.40.31 (260400-816341114):3)
10-22 19:36:51.163  9275  9981 W anqe    : 	at gpko.run(:com.google.android.gms@254031035@25.40.31 (260400-816341114):44)
10-22 19:36:51.163  9275  9981 W anqe    : 	at gpod.run(:com.google.android.gms@254031035@25.40.31 (260400-816341114):64)
10-22 19:36:51.163  9275  9981 W anqe    : 	... 6 more
10-22 19:36:51.163  9275  9981 W anqe    : Caused by: flxc: Requested group not found.
10-22 19:36:51.163  9275  9981 W anqe    : 	at flxa.a(:com.google.android.gms@254031035@25.40.31 (260400-816341114):30)
10-22 19:36:51.163  9275  9981 W anqe    : 	at fmce.a(:com.google.android.gms@254031035@25.40.31 (260400-816341114):19)
10-22 19:36:51.163  9275  9981 W anqe    : 	at ghbr.a(:com.google.android.gms@254031035@25.40.31 (260400-816341114):13)
10-22 19:36:51.163  9275  9981 W anqe    : 	at gpkm.d(:com.google.android.gms@254031035@25.40.31 (260400-816341114):3)
10-22 19:36:51.163  9275  9981 W anqe    : 	at gpko.run(:com.google.android.gms@254031035@25.40.31 (260400-816341114):38)
10-22 19:36:51.163  9275  9981 W anqe    : 	... 7 more
10-22 19:36:51.335  5589  5589 W TooltipLifecycleManager: TooltipLifecycleManager.dismissTooltips():153 Tooltip with id SUGGESTION_VIEW_EDU_MINI_DIALOG not found in tooltipManager.
10-22 19:36:51.373  7096  7120 I native  : I0000 00:00:1761142011.372887    7120 soda_impl.cc:1885] Adding hotword timeout event
10-22 19:36:51.391  7096  7139 W ProxyAndroidLoggerBackend: Too many Flogger logs received before configuration. Dropping old logs.
10-22 19:36:51.391  7096  7139 W ProxyAndroidLoggerBackend: Too many Flogger logs received before configuration. Dropping old logs.
10-22 19:36:51.396  7096  7139 W ProxyAndroidLoggerBackend: Too many Flogger logs received before configuration. Dropping old logs.
10-22 19:36:51.504  9275  9342 I FusedLocation: (REDACTED) location delivery to %s blocked - too fast
10-22 19:36:51.504  9275  9342 I FusedLocation: (REDACTED) location delivery to %s blocked - too close
10-22 19:36:51.505  1870  1870 D AutofillSession: Service did not request to wait for delayed fill response.
10-22 19:36:51.506  9275  9342 I FusedLocation: (REDACTED) location delivery to %s blocked - too close
10-22 19:36:51.506  9275  9342 I FusedLocation: (REDACTED) location delivery to %s blocked - too fast
10-22 19:36:51.510  9275  9342 I FusedLocation: (REDACTED) location delivery to %s blocked - too fast
10-22 19:36:51.518  9275  9982 I SemanticLocation: [InfMgr] No location reports after filtering [CONTEXT service_id=173 ]
10-22 19:36:52.010  9275  9345 W Settings: Setting airplane_mode_on has moved from android.provider.Settings.System to android.provider.Settings.Global, returning read-only value.
10-22 19:36:52.011  9275  9345 W Settings: Setting airplane_mode_on has moved from android.provider.Settings.System to android.provider.Settings.Global, returning read-only value.
10-22 19:36:52.016  9275  9949 W SystemServiceRegistry: No service published for: wifirtt
10-22 19:36:53.479  9275  9342 I FusedLocation: (REDACTED) location delivery to %s blocked - too close
10-22 19:36:53.480  9275  9342 I FusedLocation: (REDACTED) location delivery to %s blocked - too close
10-22 19:36:53.481  9275  9342 I FusedLocation: (REDACTED) location delivery to %s blocked - too fast
10-22 19:36:53.482  9275  9342 I FusedLocation: (REDACTED) location delivery to %s blocked - too fast
10-22 19:36:53.484  9275  9342 I FusedLocation: (REDACTED) location delivery to %s blocked - too fast
10-22 19:36:54.881  5589  5589 I GoogleInputMethodService: GoogleInputMethodService.onFinishInputView():1571 onFinishInputView(false)
10-22 19:36:54.881  5589  5589 I GlobeKeyExtension: GlobeKeyExtension.onDeactivate():144 
10-22 19:36:54.882  5589  5589 W TooltipLifecycleManager: TooltipLifecycleManager.dismissTooltips():153 Tooltip with id SUGGESTION_VIEW_EDU_MINI_DIALOG not found in tooltipManager.
10-22 19:36:54.882  5589  5589 I VoiceInputManagerWrapper: VoiceInputManagerWrapper.shutdown():131 shutdown()
10-22 19:36:54.884  5589  5589 W TooltipLifecycleManager: TooltipLifecycleManager.dismissTooltips():153 Tooltip with id spell_check_add_to_dictionary not found in tooltipManager.
10-22 19:36:54.885  5589  5589 W TooltipLifecycleManager: TooltipLifecycleManager.dismissTooltips():153 Tooltip with id undo_access_point_promotion_banner not found in tooltipManager.
10-22 19:36:54.892  5589  5589 I KeyboardModeUtils: KeyboardModeUtils.getKeyboardBottomOffset():435 inch: 0.000000 ydpi: 387.429993 adjustKeyboardBottomByDisplaySize: false currentDensityDpi: 440 defaultDensityDpi: 440 keyboardBottomToScreenPx: 0 keyboardBottomToNavBarPx: -116 navBarHeight: 116
10-22 19:36:54.892  5589  5589 I KeyboardHeightUtil: KeyboardHeightUtil.calculateMaxKeyboardBodyHeight():50 leave 267 height for app when ime window height:2171, header height:121 and isFullscreenMode:false, so the max keyboard body height is:1783
10-22 19:36:54.892  5589  5589 I KeyboardHeightUtil: KeyboardHeightUtil.calculateMaxKeyboardBodyHeight():50 leave 267 height for app when ime window height:2171, header height:121 and isFullscreenMode:false, so the max keyboard body height is:1783
10-22 19:36:54.892  5589  5589 I AndroidIME: KeyboardViewManager.updateKeyboardBodyViewHolderPaddingBottom():472 Set finalPaddingBottom = 5 while holderPaddingBottom = 5; navigationHeight = 116
10-22 19:36:55.200  9275  9289 I WifiScanner: onFullResults
10-22 19:36:55.201  9275  9989 I WifiScanner: onFullResults
10-22 19:36:55.201  9275  9990 I WifiScanner: onFullResults
10-22 19:36:55.213  9275  9982 I FrewleTileCacheManagerV: (REDACTED) Fetched %d AP models from cache
10-22 19:36:55.239  9275  9342 I FusedLocation: (REDACTED) location delivery to %s blocked - too fast
10-22 19:36:55.239  9275  9342 I FusedLocation: (REDACTED) location delivery to %s blocked - too close
10-22 19:36:55.240  9275  9342 I FusedLocation: (REDACTED) location delivery to %s blocked - too close
10-22 19:36:55.240  9275  9342 I FusedLocation: (REDACTED) location delivery to %s blocked - too fast
10-22 19:36:55.241  9275  9342 I FusedLocation: (REDACTED) location delivery to %s blocked - too fast
10-22 19:36:55.244  9275  9342 I FusedLocation: (REDACTED) location delivery to %s blocked - too fast
10-22 19:36:55.245  9275  9342 I fznc    : Received empty WiFi-RTT scan. [CONTEXT service_id=6 ]
10-22 19:36:55.480  9275  9342 I FusedLocation: (REDACTED) location delivery to %s blocked - too fast
10-22 19:36:55.480  9275  9342 I FusedLocation: (REDACTED) location delivery to %s blocked - too close
10-22 19:36:55.481  9275  9342 I FusedLocation: (REDACTED) location delivery to %s blocked - too close
10-22 19:36:55.482  9275  9342 I FusedLocation: (REDACTED) location delivery to %s blocked - too fast
10-22 19:36:55.482  9275  9342 I FusedLocation: (REDACTED) location delivery to %s blocked - too fast
10-22 19:36:55.482  9275  9342 I FusedLocation: (REDACTED) location delivery to %s blocked - too fast
10-22 19:36:55.483  9275  9342 I FusedLocation: (REDACTED) location delivery to %s blocked - too fast
10-22 19:36:55.656  5589  5589 W TooltipLifecycleManager: TooltipLifecycleManager.dismissTooltips():153 Tooltip with id undo_access_point_promotion_banner not found in tooltipManager.
10-22 19:36:55.676  5589  5589 D ViewRootImpl: AppSizeAfterRelayout, size: Point(1080, 2287), rotation: ROTATION_0
10-22 19:36:55.677  5589  5589 D BLASTBufferQueue: [VRI[InputMethod]#3620](f:0,a:4) destructor()
10-22 19:36:55.677  5589  5589 D BufferQueueConsumer: [VRI[InputMethod]#3620(BLAST Consumer)3620](id:15d500000e24,api:0,p:-1,c:5589) disconnect
10-22 19:36:55.983  9275  9972 I PhenotypeResourceReader: unable to find any Phenotype resource metadata for com.a1taxi.a1taxicustomer
10-22 19:36:56.025  1870  3346 D BatteryStatsService: noteVideoSurfaceChanged  noteWhich: 49,arg1: 1080, arg2: 2056, arg3: 8523, arg4: 849, name: com.a1taxi.a1taxicustomer
10-22 19:36:56.515  9275  9989 I IPCThreadState: oneway function results for code 1 on binder at 0xb4000077d008fb00 will be dropped but finished with status UNKNOWN_TRANSACTION and reply parcel size 80
10-22 19:36:57.493  9275  9342 I FusedLocation: (REDACTED) location delivery to %s blocked - too close
10-22 19:36:57.493  9275  9342 I FusedLocation: (REDACTED) location delivery to %s blocked - too fast
10-22 19:36:57.493  9275  9342 I FusedLocation: (REDACTED) location delivery to %s blocked - too close
10-22 19:36:57.494  9275  9342 I FusedLocation: (REDACTED) location delivery to %s blocked - too close
10-22 19:36:57.494  9275  9342 I FusedLocation: (REDACTED) location delivery to %s blocked - too fast
10-22 19:36:57.495  9275  9342 I FusedLocation: (REDACTED) location delivery to %s blocked - too fast
10-22 19:36:57.496  9275  9342 I FusedLocation: (REDACTED) location delivery to %s blocked - too fast
10-22 19:36:58.251  6565  6686 W HttpCallTransport: Fail read Http response and forward to Cello
10-22 19:36:58.256  6565  6680 E Cello   : [6680:NonCelloThread] drive_v2_cloud_store.cc:6468:DumpToLog Request 0xb400007790042710: 0 transport: drive::ds::Status::UNAVAILABLE_WHILE_OFFLINE reader: drive::ds::Status::SUCCESS url: https://play.googleapis.com/log
10-22 19:36:58.256  6565  6680 E Cello   : [6680:NonCelloThread] drive_v2_cloud_store.cc:6468:DumpToLog req.hdr 0xb400007790042710: Content-Type=
10-22 19:36:58.257  6565  6680 E Cello   : [6680:NonCelloThread] drive_v2_cloud_store.cc:6468:DumpToLog Response body 0xb400007790042710: (no response body)
10-22 19:36:58.258  6565  6682 E Cello   : [6682:MetricsTransportThread-CELLO] metrics_transport.cc:242:SendRequest Request failed: drive::ds::Status::UNAVAILABLE_WHILE_OFFLINE
10-22 19:36:58.258  6565  6682 I Cello   : [6682:MetricsTransportThread-CELLO] metrics_transport.cc:469:ProcessRequestsOnBackgroundThread Metrics failed to send, drive::ds::Status::UNAVAILABLE_WHILE_OFFLINE
10-22 19:36:59.498  9275  9342 I FusedLocation: (REDACTED) location delivery to %s blocked - too close
10-22 19:36:59.500  9275  9342 I FusedLocation: (REDACTED) location delivery to %s blocked - too close
10-22 19:36:59.502  9275  9342 I FusedLocation: (REDACTED) location delivery to %s blocked - too close
10-22 19:36:59.503  9275  9342 I FusedLocation: (REDACTED) location delivery to %s blocked - too fast
10-22 19:36:59.504  9275  9342 I FusedLocation: (REDACTED) location delivery to %s blocked - too fast
10-22 19:36:59.507  9275  9342 I FusedLocation: (REDACTED) location delivery to %s blocked - too fast
10-22 19:37:00.202  9275  9345 W Settings: Setting airplane_mode_on has moved from android.provider.Settings.System to android.provider.Settings.Global, returning read-only value.
10-22 19:37:00.203  9275  9345 W Settings: Setting airplane_mode_on has moved from android.provider.Settings.System to android.provider.Settings.Global, returning read-only value.
10-22 19:37:00.211  9275  9948 W SystemServiceRegistry: No service published for: wifirtt
10-22 19:37:01.508  9275  9342 I FusedLocation: (REDACTED) location delivery to %s blocked - too close
10-22 19:37:01.509  9275  9342 I FusedLocation: (REDACTED) location delivery to %s blocked - too fast
10-22 19:37:01.509  9275  9342 I FusedLocation: (REDACTED) location delivery to %s blocked - too close
10-22 19:37:01.511  9275  9342 I FusedLocation: (REDACTED) location delivery to %s blocked - too close
10-22 19:37:01.511  9275  9342 I FusedLocation: (REDACTED) location delivery to %s blocked - too fast
10-22 19:37:01.512  9275  9342 I FusedLocation: (REDACTED) location delivery to %s blocked - too fast
10-22 19:37:01.517  9275  9342 I FusedLocation: (REDACTED) location delivery to %s blocked - too fast
10-22 19:37:03.440  9275  9289 I WifiScanner: onFullResults
10-22 19:37:03.441  9275  9989 I WifiScanner: onFullResults
10-22 19:37:03.441  9275  9990 I WifiScanner: onFullResults
10-22 19:37:03.453  9275  9982 I FrewleTileCacheManagerV: (REDACTED) Fetched %d AP models from cache
10-22 19:37:03.475  9275  9342 I FusedLocation: (REDACTED) location delivery to %s blocked - too close
10-22 19:37:03.475  9275  9342 I FusedLocation: (REDACTED) location delivery to %s blocked - too fast
10-22 19:37:03.475  9275  9342 I FusedLocation: (REDACTED) location delivery to %s blocked - too close
10-22 19:37:03.475  9275  9342 I FusedLocation: (REDACTED) location delivery to %s blocked - too close
10-22 19:37:03.475  9275  9342 I FusedLocation: (REDACTED) location delivery to %s blocked - too fast
10-22 19:37:03.475  9275  9342 I FusedLocation: (REDACTED) location delivery to %s blocked - too fast
10-22 19:37:03.478  9275  9342 I FusedLocation: (REDACTED) location delivery to %s blocked - too fast
10-22 19:37:03.486  9275  9342 I fznc    : Received empty WiFi-RTT scan. [CONTEXT service_id=6 ]
10-22 19:37:04.904  5589  6019 I ProtoXDBBufferWrapper: ProtoXDBBufferWrapper.flushToStorage():158 Flushed 6 data item(s) to storage.
10-22 19:37:05.474  9275  9342 I FusedLocation: (REDACTED) location delivery to %s blocked - too close
10-22 19:37:05.475  9275  9342 I FusedLocation: (REDACTED) location delivery to %s blocked - too close
10-22 19:37:05.477  9275  9342 I FusedLocation: (REDACTED) location delivery to %s blocked - too close
10-22 19:37:05.477  9275  9342 I FusedLocation: (REDACTED) location delivery to %s blocked - too fast
10-22 19:37:05.482  9275  9342 I FusedLocation: (REDACTED) location delivery to %s blocked - too fast
10-22 19:37:05.560  9275  9982 I TFLite-in-PlayServices: Created interpreter.
10-22 19:37:05.591  9275  9982 I TFLite-in-PlayServices: Created interpreter.
10-22 19:37:05.619  9275  9982 I SemanticLocation: (REDACTED) [Inferrer] %s%s
10-22 19:37:07.474  9275  9342 I FusedLocation: (REDACTED) location delivery to %s blocked - too close
10-22 19:37:07.474  9275  9342 I FusedLocation: (REDACTED) location delivery to %s blocked - too fast
10-22 19:37:07.475  9275  9342 I FusedLocation: (REDACTED) location delivery to %s blocked - too close
10-22 19:37:07.476  9275  9342 I FusedLocation: (REDACTED) location delivery to %s blocked - too close
10-22 19:37:07.476  9275  9342 I FusedLocation: (REDACTED) location delivery to %s blocked - too fast
10-22 19:37:07.477  9275  9342 I FusedLocation: (REDACTED) location delivery to %s blocked - too fast
10-22 19:37:07.479  9275  9342 I FusedLocation: (REDACTED) location delivery to %s blocked - too fast
10-22 19:37:08.442  9275  9345 W Settings: Setting airplane_mode_on has moved from android.provider.Settings.System to android.provider.Settings.Global, returning read-only value.
10-22 19:37:08.443  9275  9345 W Settings: Setting airplane_mode_on has moved from android.provider.Settings.System to android.provider.Settings.Global, returning read-only value.
10-22 19:37:08.452  9275  9982 W SystemServiceRegistry: No service published for: wifirtt
10-22 19:37:09.444  5720 14796 W MediaProvider: isAppCloneUserPair for user 0: false
10-22 19:37:09.452  5720 14796 D SQLiteQueryBuilder: INSERT INTO files (_user_id,inferred_date,format,bucket_display_name,owner_package_name,parent,volume_name,date_modified,date_expires,_modifier,_display_name,mime_type,_data,title,is_trashed,is_pending,date_added,bucket_id,media_type,relative_path,generation_added,generation_modified,_id) VALUES (?,?,?,?,?,?,?,?,?,?,?,?,?,?,?,?,?,?,?,?,(SELECT generation FROM local_metadata),(SELECT generation FROM local_metadata),_GET_ID( '/storage/emulated/0/Pictures/Screenshots/.pending-1761746829-Screenshot_20251022_193709.jpg' ))
10-22 19:37:09.466  5720 14796 D SQLiteQueryBuilder: SELECT _data, owner_package_name, is_pending FROM images WHERE ((_id='1000015295') AND (volume_name IN ( 'external_primary' )))
10-22 19:37:09.468  9275  9342 I FusedLocation: (REDACTED) location delivery to %s blocked - too close
10-22 19:37:09.468  9275  9342 I FusedLocation: (REDACTED) location delivery to %s blocked - too fast
10-22 19:37:09.468  9275  9342 I FusedLocation: (REDACTED) location delivery to %s blocked - too close
10-22 19:37:09.469  9275  9342 I FusedLocation: (REDACTED) location delivery to %s blocked - too close
10-22 19:37:09.469  9275  9342 I FusedLocation: (REDACTED) location delivery to %s blocked - too fast
10-22 19:37:09.469  9275  9342 I FusedLocation: (REDACTED) location delivery to %s blocked - too fast
10-22 19:37:09.472  9275  9342 I FusedLocation: (REDACTED) location delivery to %s blocked - too fast
10-22 19:37:09.481  5720 14796 D MediaProvider: Open with FUSE. FilePath: /storage/emulated/0/Pictures/Screenshots/.pending-1761746829-Screenshot_20251022_193709.jpg. Uid: 1000. Media Capabilities Uid: 0. ShouldRedact: false. ShouldTranscode: false
10-22 19:37:09.544  9275  9949 I NetworkScheduler.Stats: (REDACTED) Task %s/%s started execution. cause:%s exec_start_elapsed_seconds: %s
10-22 19:37:09.555  9275  7072 I NetworkScheduler.Stats: (REDACTED) Task %s/%s finished executing. cause:%s result: %s elapsed_millis: %s uptime_millis: %s exec_start_elapsed_seconds: %s
10-22 19:37:09.558  5720 14796 D SQLiteQueryBuilder: SELECT _data, owner_package_name, is_pending FROM images WHERE ((_id='1000015295') AND (volume_name IN ( 'external_primary' )))
10-22 19:37:09.559  5720 14796 D MediaProvider: Open with FUSE. FilePath: /storage/emulated/0/Pictures/Screenshots/.pending-1761746829-Screenshot_20251022_193709.jpg. Uid: 1000. Media Capabilities Uid: 0. ShouldRedact: false. ShouldTranscode: false
10-22 19:37:09.605  5720 14796 D SQLiteQueryBuilder: SELECT is_pending FROM images WHERE ((_id='1000015295') AND (volume_name IN ( 'external_primary' )))
10-22 19:37:09.607  5720 14796 D SQLiteQueryBuilder: SELECT date_expires, _display_name, mime_type, _data, is_trashed, is_pending, relative_path FROM files WHERE ((_id='1000015295') AND (volume_name IN ( 'external_primary' )))
10-22 19:37:09.617  5720 14796 D MediaProvider: Moving /storage/emulated/0/Pictures/Screenshots/.pending-1761746829-Screenshot_20251022_193709.jpg to /storage/emulated/0/Pictures/Screenshots/Screenshot_20251022_193709.jpg
10-22 19:37:09.619  5720 14796 D SQLiteQueryBuilder: SELECT _id FROM files WHERE ((_id='1000015295') AND (media_type=1) AND (volume_name IN ( 'external_primary' )))
10-22 19:37:09.620  5720 14796 D SQLiteQueryBuilder: UPDATE files SET inferred_date=?,bucket_display_name=?,volume_name=?,date_modified=?,date_expires=?,_display_name=?,mime_type=?,_data=?,_size=?,is_trashed=?,is_pending=?,bucket_id=?,relative_path=?,generation_modified=(SELECT generation FROM local_metadata),_id=ifnull(_GET_ID( '/storage/emulated/0/Pictures/Screenshots/Screenshot_20251022_193709.jpg' ), _id) WHERE ((_id='1000015295') AND (media_type=1) AND (volume_name IN ( 'external_primary' )))
10-22 19:37:09.627  5720 14796 D SQLiteQueryBuilder: SELECT _data FROM files WHERE ((_id='1000015295') AND (volume_name IN ( 'external_primary' )))
10-22 19:37:09.631  5720 14796 V ModernMediaScanner: Visiting /storage/emulated/0/Pictures/Screenshots/Screenshot_20251022_193709.jpg
10-22 19:37:09.632  5720 14796 D SQLiteQueryBuilder: SELECT _id, date_modified, _size, mime_type, media_type, is_pending, _modifier FROM files WHERE ((volume_name IN ( 'external_primary' ))) AND ((_data=?))
10-22 19:37:09.633  9275 10061 I NetworkScheduler.Stats: (REDACTED) Task %s/%s started execution. cause:%s exec_start_elapsed_seconds: %s
10-22 19:37:09.637  5720 14796 D SQLiteQueryBuilder: SELECT _id FROM files WHERE ((_id='1000015295') AND (volume_name IN ( 'external_primary' )))
10-22 19:37:09.638  5720  5837 D SQLiteQueryBuilder: SELECT _data FROM files WHERE ((_id='1000015295') AND (volume_name IN ( 'external_primary' )))
10-22 19:37:09.638  5720 14796 D SQLiteQueryBuilder: UPDATE files SET instance_id=?,compilation=?,disc_number=?,duration=?,album_artist=?,description=?,resolution=?,orientation=?,artist=?,author=?,inferred_date=?,height=?,is_drm=?,bucket_display_name=?,volume_name=?,date_modified=?,writer=?,date_expires=?,composer=?,_modifier=?,_display_name=?,datetaken=?,mime_type=?,bitrate=?,cd_track_number=?,xmp=?,year=?,_data=?,_size=?,album=?,genre=?,title=?,width=?,is_trashed=?,document_id=?,is_pending=?,capture_framerate=?,_special_format=?,num_tracks=?,original_document_id=?,bucket_id=?,media_type=?,relative_path=?,generation_modified=(SELECT generation FROM local_metadata),_id=ifnull(_GET_ID( '/storage/emulated/0/Pictures/Screenshots/Screenshot_20251022_193709.jpg' ), _id) WHERE ((_id='1000015295') AND (volume_name IN ( 'external_primary' )))
10-22 19:37:09.643  5720 14796 D SQLiteQueryBuilder: SELECT _id FROM audio_playlists WHERE ((((is_pending=0 AND NOT _modifier=4) OR (is_pending=1 AND lower(_data) NOT REGEXP '.*/\.pending-(\d+)-([^/]+)$' AND owner_package_name IN ( 'com.google.android.providers.media.module' )))) AND (is_trashed=0) AND (volume_name IN ( 'external_primary' ))) AND ((generation_modified > 55840))
10-22 19:37:09.644  5720 14796 D SQLiteQueryBuilder: SELECT media_type FROM files WHERE ((_id='1000015295') AND (volume_name IN ( 'external_primary' )))
10-22 19:37:09.644  5720  5837 D SQLiteQueryBuilder: DELETE FROM deleted_media WHERE (old_id = ?)
10-22 19:37:09.648  5720 14796 D SQLiteQueryBuilder: SELECT _data, owner_package_name, is_pending FROM images WHERE ((_id='1000015295') AND (volume_name IN ( 'external_primary' )))
10-22 19:37:09.649  5720 14796 D MediaProvider: Open with FUSE. FilePath: /storage/emulated/0/Pictures/Screenshots/Screenshot_20251022_193709.jpg. Uid: 1000. Media Capabilities Uid: 0. ShouldRedact: false. ShouldTranscode: false
10-22 19:37:09.655  5720 14796 D SQLiteQueryBuilder: SELECT _data, owner_package_name, is_pending FROM images WHERE ((_id='1000015295') AND (volume_name IN ( 'external_primary' )))
10-22 19:37:09.655  5720  5837 V MediaProvider: Deleted backup of old file path: /storage/emulated/0/Pictures/Screenshots/.pending-1761746829-Screenshot_20251022_193709.jpg
10-22 19:37:09.656  5720 14796 D MediaProvider: Open with FUSE. FilePath: /storage/emulated/0/Pictures/Screenshots/Screenshot_20251022_193709.jpg. Uid: 1000. Media Capabilities Uid: 0. ShouldRedact: false. ShouldTranscode: false
10-22 19:37:09.656  5720  5837 D SQLiteQueryBuilder: SELECT _data FROM files WHERE ((_id='1000015295') AND (volume_name IN ( 'external_primary' )))
10-22 19:37:09.667  5720  5837 V ModernMediaScanner: Visiting /storage/emulated/0/Pictures/Screenshots/Screenshot_20251022_193709.jpg
10-22 19:37:09.668  5720  5837 D SQLiteQueryBuilder: SELECT _id, date_modified, _size, mime_type, media_type, is_pending, _modifier FROM files WHERE ((volume_name IN ( 'external_primary' ))) AND ((_data=?))
10-22 19:37:09.670  5720  5837 D SQLiteQueryBuilder: SELECT _id FROM files WHERE ((_id='1000015295') AND (volume_name IN ( 'external_primary' )))
10-22 19:37:09.670  5720  5837 D SQLiteQueryBuilder: UPDATE files SET instance_id=?,compilation=?,disc_number=?,duration=?,album_artist=?,description=?,resolution=?,orientation=?,artist=?,author=?,inferred_date=?,height=?,is_drm=?,bucket_display_name=?,volume_name=?,date_modified=?,writer=?,date_expires=?,composer=?,_modifier=?,_display_name=?,datetaken=?,mime_type=?,bitrate=?,cd_track_number=?,xmp=?,year=?,_data=?,_size=?,album=?,genre=?,title=?,width=?,is_trashed=?,document_id=?,is_pending=?,capture_framerate=?,_special_format=?,num_tracks=?,original_document_id=?,bucket_id=?,media_type=?,relative_path=?,generation_modified=(SELECT generation FROM local_metadata),_id=ifnull(_GET_ID( '/storage/emulated/0/Pictures/Screenshots/Screenshot_20251022_193709.jpg' ), _id) WHERE ((_id='1000015295') AND (volume_name IN ( 'external_primary' )))
10-22 19:37:09.671  9275  9326 I UriTaskContentObserver: (REDACTED) Throttling content uri change event for %s
10-22 19:37:09.676  5720  5837 D SQLiteQueryBuilder: SELECT _id FROM audio_playlists WHERE ((((is_pending=0 AND NOT _modifier=4) OR (is_pending=1 AND lower(_data) NOT REGEXP '.*/\.pending-(\d+)-([^/]+)$' AND owner_package_name IN ( 'com.google.android.providers.media.module' )))) AND (is_trashed=0) AND (volume_name IN ( 'external_primary' ))) AND ((generation_modified > 55847))
10-22 19:37:09.676  5720  5837 D SQLiteQueryBuilder: SELECT media_type FROM files WHERE ((_id='1000015295') AND (volume_name IN ( 'external_primary' )))
10-22 19:37:09.677  9275  7072 I NetworkScheduler.Stats: (REDACTED) Task %s/%s started execution. cause:%s exec_start_elapsed_seconds: %s
10-22 19:37:09.677  5720  5837 D SQLiteQueryBuilder: SELECT _data FROM files WHERE ((_id='1000015295') AND (volume_name IN ( 'external_primary' )))
10-22 19:37:09.678  9275  9326 I UriTaskContentObserver: (REDACTED) Throttling content uri change event for %s
10-22 19:37:09.687  5720  5895 D WM-SystemJobScheduler: Scheduling work ID e4a4e7ff-a708-4010-88e6-76ed375ca968Job ID 1469
10-22 19:37:09.689  5720  5895 D WM-GreedyScheduler: Ignoring {WorkSpec: c1b319df-9471-4b35-b67a-bdf2f87ba422}. Requires device idle.
10-22 19:37:09.689  5720  5895 D WM-GreedyScheduler: Ignoring {WorkSpec: 4c086dad-667c-4079-8821-1d44c9555e6e}. Requires device idle.
10-22 19:37:09.689  5720  5895 D WM-GreedyScheduler: Ignoring {WorkSpec: 0ed31500-ca83-49e4-8809-14ec08701546}. Requires device idle.
10-22 19:37:09.707  9275  7072 I NetworkScheduler.Stats: (REDACTED) Task %s/%s finished executing. cause:%s result: %s elapsed_millis: %s uptime_millis: %s exec_start_elapsed_seconds: %s
10-22 19:37:09.760  9275 10061 I NetworkScheduler.Stats: (REDACTED) Task %s/%s started execution. cause:%s exec_start_elapsed_seconds: %s
10-22 19:37:09.773  9275  9412 I NetworkScheduler.Stats: (REDACTED) Task %s/%s finished executing. cause:%s result: %s elapsed_millis: %s uptime_millis: %s exec_start_elapsed_seconds: %s
10-22 19:37:09.820  9275 10061 I NetworkScheduler.Stats: (REDACTED) Task %s/%s finished executing. cause:%s result: %s elapsed_millis: %s uptime_millis: %s exec_start_elapsed_seconds: %s
10-22 19:37:09.825  9275 10061 I NetworkScheduler.Stats: (REDACTED) Task %s/%s started execution. cause:%s exec_start_elapsed_seconds: %s
10-22 19:37:09.837  9275 10061 I NetworkScheduler.Stats: (REDACTED) Task %s/%s finished executing. cause:%s result: %s elapsed_millis: %s uptime_millis: %s exec_start_elapsed_seconds: %s
10-22 19:37:10.516  5589  5589 I GoogleInputMethodService: GoogleInputMethodService.onFinishInput():2085 
10-22 19:37:10.518  5589  5589 I Module  : DeviceLockedStatusModuleProvider$Module.updateDeviceLockedStatus():100 repeatCheckTimes = 0, locked = false
10-22 19:37:10.519  5589  5589 W TooltipLifecycleManager: TooltipLifecycleManager.dismissTooltips():153 Tooltip with id SUGGESTION_VIEW_EDU_MINI_DIALOG not found in tooltipManager.
10-22 19:37:10.520  5589  5589 I GoogleInputMethodService: GoogleInputMethodService.onStartInput():1346 onStartInput(EditorInfo{EditorInfo{packageName=com.a1taxi.a1taxicustomer, inputType=4001, inputTypeString=Normal[CapSentences], enableLearning=true, autoCorrection=true, autoComplete=true, imeOptions=3, privateImeOptions=null, actionName=SEARCH, actionLabel=null, initialSelStart=0, initialSelEnd=0, initialCapsMode=2000, label=null, fieldId=1725, fieldName=null, extras=Bundle[mParcelledData.dataSize=404], hintText=non-empty, hintLocales=[]}}, false)
10-22 19:37:10.521  5589  5589 I Module  : DeviceLockedStatusModuleProvider$Module.updateDeviceLockedStatus():100 repeatCheckTimes = 1, locked = false
10-22 19:37:10.522  5589  5589 I HardKeyTracker: HardKeyTracker.registerKeySequence():170 Register key sequence nfz{labelResId=0, callback=gds@f8a012c, lastModifier=0, keyCodes=[57, 57], actions=[1, 0]}
10-22 19:37:10.522  5589  5589 I HardKeyTracker: HardKeyTracker.registerKeySequence():170 Register key sequence nfz{labelResId=0, callback=gds@eef4bfb, lastModifier=0, keyCodes=[58, 58], actions=[1, 0]}
10-22 19:37:11.174  5720  5720 D WM-DelayedWorkTracker: Scheduling work e4a4e7ff-a708-4010-88e6-76ed375ca968
10-22 19:37:11.174  5720  5720 D WM-GreedyScheduler: Starting tracking for e4a4e7ff-a708-4010-88e6-76ed375ca968
10-22 19:37:11.180  5720  5844 D WM-ConstraintTracker: BatteryNotLowTracker: initial state = true
10-22 19:37:11.180  5720  5844 D WM-BrdcstRcvrCnstrntTrc: BatteryNotLowTracker: registering receiver
10-22 19:37:11.185  5720  5895 D WM-GreedyScheduler: Constraints met: Scheduling work ID WorkGenerationalId(workSpecId=e4a4e7ff-a708-4010-88e6-76ed375ca968, generation=0)
10-22 19:37:11.188  5720  5895 D WM-Processor: Processor: processing WorkGenerationalId(workSpecId=e4a4e7ff-a708-4010-88e6-76ed375ca968, generation=0)
10-22 19:37:11.194  5720  5720 D WM-SystemJobService: onStartJob for WorkGenerationalId(workSpecId=e4a4e7ff-a708-4010-88e6-76ed375ca968, generation=0)
10-22 19:37:11.195  5720  5720 D WM-WorkerWrapper: Starting work for com.android.providers.media.photopicker.sync.ProactiveSyncWorker
10-22 19:37:11.195  5720 17197 I PSyncWorker: Starting proactive picker sync from sync source: 1
10-22 19:37:11.195  5720  5895 D WM-Processor: Work WorkGenerationalId(workSpecId=e4a4e7ff-a708-4010-88e6-76ed375ca968, generation=0) is already enqueued for processing
10-22 19:37:11.196  5720 17197 I PickerSyncTracker: Created new sync future java.util.concurrent.CompletableFuture@1d5a507[Not completed, 1 dependents]. Future map: {e4a4e7ff-a708-4010-88e6-76ed375ca968=java.util.concurrent.CompletableFuture@1d5a507[Not completed, 1 dependents]}
10-22 19:37:11.196  5720 17197 D PickerSyncController: syncAllMediaFromProvider() LOCAL, auth=com.android.providers.media.photopicker, retry=true
10-22 19:37:11.196  5720 17197 D PickerSyncController: getSyncRequestParams() LOCAL, auth=com.android.providers.media.photopicker
10-22 19:37:11.196  5720 17197 D SQLiteQueryBuilder: SELECT MAX(generation_modified) AS last_media_sync_generation FROM files WHERE ((media_type = 1 OR media_type = 3) AND (is_trashed = 0) AND (is_pending = 0) AND (datetaken IS NOT NULL OR date_modified IS NOT NULL) AND (volume_name IN ( 'external_primary' )) AND (generation_modified > ?))
10-22 19:37:11.197  5720 17197 D SQLiteQueryBuilder: SELECT MAX(generation_modified) AS last_media_sync_generation FROM deleted_media WHERE ((generation_modified > ?))
10-22 19:37:11.337  5720 17197 D PickerSyncController:    Latest ID/Gen=1506:3330c810-cb16-440c-9dec-ff91d602ab64:external_primary/55848
10-22 19:37:11.337  5720 17197 D PickerSyncController:    Cached ID/Gen=1506:3330c810-cb16-440c-9dec-ff91d602ab64:external_primary/55782
10-22 19:37:11.337  5720 17197 D PickerSyncController:    RESULT=SyncRequestParams{type=MEDIA_INCREMENTAL, gen=55782, latest=Bundle[{last_media_sync_generation=55848, media_collection_id=1506:3330c810-cb16-440c-9dec-ff91d602ab64:external_primary}], pageSize=1000}
10-22 19:37:11.337  5720 17197 I PickerSyncController: Executing SyncAdd. isLocal: true. authority: com.android.providers.media.photopicker
10-22 19:37:11.337  5720 17197 D PickerSyncLockManager: Trying to acquire lock com.android.providers.media.photopicker.sync.CloseableReentrantLock@c87cbf4[Unlocked]. Lock Name = CLOUD_PROVIDER_LOCK. Threads that may be waiting to acquire this lock = [] with timeout.
10-22 19:37:11.338  5720 17197 D CloseableReentrantLock: Successfully acquired lock com.android.providers.media.photopicker.sync.CloseableReentrantLock@c87cbf4[Locked by thread pool-3-thread-6]. Lock Name = CLOUD_PROVIDER_LOCK. Threads that may be waiting to acquire this lock = []
10-22 19:37:11.338  5720 17197 D CloseableReentrantLock: Successfully released lock com.android.providers.media.photopicker.sync.CloseableReentrantLock@c87cbf4[Unlocked]. Lock Name = CLOUD_PROVIDER_LOCK. Threads that may be waiting to acquire this lock = []
10-22 19:37:11.338  5720 17197 D ExternalDbFacade: Token received for queryMedia = null
10-22 19:37:11.339  5720 17197 D SQLiteQueryBuilder: SELECT _id AS id, COALESCE(datetaken,date_modified* 1000) AS date_taken_millis, generation_modified AS sync_generation, _size AS size_bytes, mime_type AS mime_type, _special_format AS standard_mime_type_extension, duration AS duration_millis, is_favorite AS is_favorite, width AS width, height AS height, orientation AS orientation, owner_package_name AS owner_package_name, _user_id AS _user_id FROM files WHERE ((media_type = 1 OR media_type = 3) AND (is_trashed = 0) AND (is_pending = 0) AND (datetaken IS NOT NULL OR date_modified IS NOT NULL) AND (volume_name IN ( 'external_primary' )) AND (generation_modified > ?)) ORDER BY date_taken_millis DESC,id DESC LIMIT 1000
10-22 19:37:11.358  5720 17197 D SQLiteQueryBuilder: INSERT INTO media (_user_id,standard_mime_type_extension,size_bytes,orientation,height,owner_package_name,date_taken_ms,duration_ms,sync_generation,mime_type,width,is_favorite,local_id,is_visible) VALUES (?,?,?,?,?,?,?,?,?,?,?,?,?,?)
10-22 19:37:11.374  5720 17197 D PickerSyncLockManager: Trying to acquire lock com.android.providers.media.photopicker.sync.CloseableReentrantLock@c87cbf4[Unlocked]. Lock Name = CLOUD_PROVIDER_LOCK. Threads that may be waiting to acquire this lock = [] with timeout.
10-22 19:37:11.374  5720 17197 D CloseableReentrantLock: Successfully acquired lock com.android.providers.media.photopicker.sync.CloseableReentrantLock@c87cbf4[Locked by thread pool-3-thread-6]. Lock Name = CLOUD_PROVIDER_LOCK. Threads that may be waiting to acquire this lock = []
10-22 19:37:11.374  5720 17197 D PickerSyncController: Saving next page token: 1761142029419|1000015295 for key: local_provider:media_add:resume
10-22 19:37:11.375  5720 17197 D CloseableReentrantLock: Successfully released lock com.android.providers.media.photopicker.sync.CloseableReentrantLock@c87cbf4[Unlocked]. Lock Name = CLOUD_PROVIDER_LOCK. Threads that may be waiting to acquire this lock = []
10-22 19:37:11.376  5720 17197 D PickerNotificationSender: Sending a notification for media update
10-22 19:37:11.379  5720 17197 D PickerNotificationSender: Sending a notification for merged album media update Videos
10-22 19:37:11.379  5720 17197 D PickerNotificationSender: Sending a notification for album media update Videos
10-22 19:37:11.381  5720 17197 D PickerNotificationSender: Sending a notification for merged album media update Favorites
10-22 19:37:11.381  5720 17197 D PickerNotificationSender: Sending a notification for album media update Favorites
10-22 19:37:11.382  5720 17197 D ExternalDbFacade: Token received for queryMedia = 1761142029419|1000015295
10-22 19:37:11.383  5720 17197 D SQLiteQueryBuilder: SELECT _id AS id, COALESCE(datetaken,date_modified* 1000) AS date_taken_millis, generation_modified AS sync_generation, _size AS size_bytes, mime_type AS mime_type, _special_format AS standard_mime_type_extension, duration AS duration_millis, is_favorite AS is_favorite, width AS width, height AS height, orientation AS orientation, owner_package_name AS owner_package_name, _user_id AS _user_id FROM files WHERE ((media_type = 1 OR media_type = 3) AND (is_trashed = 0) AND (is_pending = 0) AND (datetaken IS NOT NULL OR date_modified IS NOT NULL) AND (volume_name IN ( 'external_primary' )) AND (generation_modified > ?) AND (date_taken_millis IS NOT NULL AND (date_taken_millis < CAST(? AS INT) OR (date_taken_millis = CAST(? AS INT) AND _id < CAST(? AS INT))))) ORDER BY date_taken_millis DESC,id DESC LIMIT 1000
10-22 19:37:11.407  5720 17197 D PickerSyncLockManager: Trying to acquire lock com.android.providers.media.photopicker.sync.CloseableReentrantLock@c87cbf4[Unlocked]. Lock Name = CLOUD_PROVIDER_LOCK. Threads that may be waiting to acquire this lock = [] with timeout.
