10-22 23:40:58.506  7096  7120 I native  : I0000 00:00:1761156658.506335    7120 soda_async_impl.cc:1126] Not receiving any loopback audio in 500ms. Last audio received time: 1970-01-01T05:30:00+05:30, Current time: 2025-10-22T23:40:58.506333454+05:30
10-22 23:40:58.550  1870  2894 D BatteryStatsService: noteVideoSurfaceChanged  noteWhich: 49,arg1: -1, arg2: -1, arg3: 4663, arg4: 1765, name: com.a1taxi.a1taxicustomer
10-22 23:40:58.743  9275 20047 I FusedOrientationManager: Registering orientation client. [CONTEXT service_id=6 ]
10-22 23:40:58.753  9275 20047 I FusedOrientationManager: Registering orientation client. [CONTEXT service_id=6 ]
10-22 23:40:58.808  9275  9342 I FusedLocation: (REDACTED) location delivery to %s blocked - too close
10-22 23:40:58.808  9275  9342 I FusedLocation: (REDACTED) location delivery to %s blocked - too fast
10-22 23:40:58.809  9275  9342 I FusedLocation: (REDACTED) location delivery to %s blocked - too close
10-22 23:40:58.810  9275  9342 I FusedLocation: (REDACTED) location delivery to %s blocked - too close
10-22 23:40:58.810  9275  9342 I FusedLocation: (REDACTED) location delivery to %s blocked - too close
10-22 23:40:58.810  9275  9342 I FusedLocation: (REDACTED) location delivery to %s blocked - too fast
10-22 23:40:58.810  9275  9342 I FusedLocation: (REDACTED) location delivery to %s blocked - too fast
10-22 23:40:58.810  9275  9342 I FusedLocation: (REDACTED) location delivery to %s blocked - too fast
10-22 23:40:58.811  9275  9342 I FusedLocation: (REDACTED) location delivery to %s blocked - too close
10-22 23:40:58.812  9275  9342 I FusedLocation: (REDACTED) location delivery to %s blocked - too fast
10-22 23:40:58.959  9275  9308 I WifiScanner: onFullResults
10-22 23:40:58.959  9275  9989 I WifiScanner: onFullResults
10-22 23:40:58.960  9275  9308 I WifiScanner: onFullResults
10-22 23:40:58.969  9275 20069 I FrewleTileCacheManagerV: (REDACTED) Fetched %d AP models from cache
10-22 23:40:58.987  9275  9342 I FusedLocation: (REDACTED) location delivery to %s blocked - too close
10-22 23:40:58.988  9275  9342 I FusedLocation: (REDACTED) location delivery to %s blocked - too fast
10-22 23:40:58.988  9275  9342 I FusedLocation: (REDACTED) location delivery to %s blocked - too close
10-22 23:40:58.989  9275  9342 I FusedLocation: (REDACTED) location delivery to %s blocked - too close
10-22 23:40:58.989  9275  9342 I FusedLocation: (REDACTED) location delivery to %s blocked - too close
10-22 23:40:58.990  9275  9342 I FusedLocation: (REDACTED) location delivery to %s blocked - too fast
10-22 23:40:58.990  9275  9342 I FusedLocation: (REDACTED) location delivery to %s blocked - too close
10-22 23:40:58.992  9275  9342 I FusedLocation: (REDACTED) location delivery to %s blocked - too fast
10-22 23:40:58.993  9275  9342 I fznc    : Received empty WiFi-RTT scan. [CONTEXT service_id=6 ]
10-22 23:40:58.996  9275 19547 I SemanticLocation: [InfMgr] No location reports after filtering [CONTEXT service_id=173 ]
10-22 23:40:59.838  5589  5589 I GoogleInputMethodService: GoogleInputMethodService.onFinishInput():2085 
10-22 23:40:59.840  5589  5589 I Module  : DeviceLockedStatusModuleProvider$Module.updateDeviceLockedStatus():100 repeatCheckTimes = 0, locked = false
10-22 23:40:59.841  5589  5589 I GoogleInputMethodService: GoogleInputMethodService.onStartInput():1346 onStartInput(EditorInfo{EditorInfo{packageName=com.a1taxi.a1taxicustomer, inputType=0, inputTypeString=NULL, enableLearning=false, autoCorrection=false, autoComplete=false, imeOptions=0, privateImeOptions=null, actionName=UNSPECIFIED, actionLabel=null, initialSelStart=-1, initialSelEnd=-1, initialCapsMode=0, label=null, fieldId=0, fieldName=null, extras=null, hintText=null, hintLocales=[]}}, false)
10-22 23:40:59.845  5589  5589 I Module  : DeviceLockedStatusModuleProvider$Module.updateDeviceLockedStatus():100 repeatCheckTimes = 1, locked = false
10-22 23:40:59.996  9275  9342 I FusedLocation: (REDACTED) location delivery to %s blocked - too close
10-22 23:40:59.997  9275  9342 I FusedLocation: (REDACTED) location delivery to %s blocked - too fast
10-22 23:40:59.999  9275  9342 I FusedLocation: (REDACTED) location delivery to %s blocked - too close
10-22 23:40:59.999  9275  9342 I FusedLocation: (REDACTED) location delivery to %s blocked - too close
10-22 23:40:59.999  9275  9342 I FusedLocation: (REDACTED) location delivery to %s blocked - too close
10-22 23:40:59.999  9275  9342 I FusedLocation: (REDACTED) location delivery to %s blocked - too fast
10-22 23:41:00.000  9275  9342 I FusedLocation: (REDACTED) location delivery to %s blocked - too fast
10-22 23:41:00.001  9275  9342 I FusedLocation: (REDACTED) location delivery to %s blocked - too close
10-22 23:41:00.004  9275  9342 I FusedLocation: (REDACTED) location delivery to %s blocked - too fast
10-22 23:41:00.990  9275  9342 I FusedLocation: (REDACTED) location delivery to %s blocked - too close
10-22 23:41:00.990  9275  9342 I FusedLocation: (REDACTED) location delivery to %s blocked - too fast
10-22 23:41:00.991  9275  9342 I FusedLocation: (REDACTED) location delivery to %s blocked - too close
10-22 23:41:00.991  9275  9342 I FusedLocation: (REDACTED) location delivery to %s blocked - too close
10-22 23:41:00.991  9275  9342 I FusedLocation: (REDACTED) location delivery to %s blocked - too close
10-22 23:41:00.991  9275  9342 I FusedLocation: (REDACTED) location delivery to %s blocked - too fast
10-22 23:41:00.992  9275  9342 I FusedLocation: (REDACTED) location delivery to %s blocked - too fast
10-22 23:41:00.993  9275  9342 I FusedLocation: (REDACTED) location delivery to %s blocked - too close
10-22 23:41:00.994  9275  9342 I FusedLocation: (REDACTED) location delivery to %s blocked - too fast
10-22 23:41:01.008  5589  5589 I GoogleInputMethodService: GoogleInputMethodService.onFinishInput():2085 
10-22 23:41:01.008  5589  5589 I Module  : DeviceLockedStatusModuleProvider$Module.updateDeviceLockedStatus():100 repeatCheckTimes = 0, locked = false
10-22 23:41:01.009  5589  5589 I GoogleInputMethodService: GoogleInputMethodService.onStartInput():1346 onStartInput(EditorInfo{EditorInfo{packageName=com.a1taxi.a1taxicustomer, inputType=2001, inputTypeString=Normal[CapWords], enableLearning=false, autoCorrection=true, autoComplete=true, imeOptions=8000006, privateImeOptions=null, actionName=DONE, actionLabel=null, initialSelStart=0, initialSelEnd=0, initialCapsMode=2000, label=null, fieldId=3823, fieldName=null, extras=Bundle[mParcelledData.dataSize=404], hintText=non-empty, hintLocales=[]}}, false)
10-22 23:41:01.010  5589  5589 I Module  : DeviceLockedStatusModuleProvider$Module.updateDeviceLockedStatus():100 repeatCheckTimes = 1, locked = false
10-22 23:41:01.013  5589  5589 I StylusModule: StylusModule.onUpdateToolType():800 Update tool type = 1
10-22 23:41:01.015  5589  5589 I GoogleInputMethodService: GoogleInputMethodService.onStartInputView():1439 onStartInputView(EditorInfo{EditorInfo{packageName=com.a1taxi.a1taxicustomer, inputType=2001, inputTypeString=Normal[CapWords], enableLearning=false, autoCorrection=true, autoComplete=true, imeOptions=8000006, privateImeOptions=null, actionName=DONE, actionLabel=null, initialSelStart=0, initialSelEnd=0, initialCapsMode=2000, label=null, fieldId=3823, fieldName=null, extras=Bundle[{android.support.text.emoji.emojiCompat_metadataVersion=11, androidx.core.view.inputmethod.EditorInfoCompat.STYLUS_HANDWRITING_ENABLED=true, android.support.text.emoji.emojiCompat_replaceAll=false}], hintText=non-empty, hintLocales=[]}}, false)
10-22 23:41:01.015  1870  2894 D AutofillSession: createPendingIntent for request 3912
10-22 23:41:01.016  5589  5589 I KeyboardHeightUtil: KeyboardHeightUtil.getOemKeyboardHeightRatio():108 systemKeyboardHeightRatio:1.000000.
10-22 23:41:01.017  5589  5589 I AndroidIME: InputBundleManager.loadActiveInputBundleId():528 loadActiveInputBundleId: en-US, ime_english_united_states
10-22 23:41:01.018  5589  5589 I AndroidIME: AbstractIme.onActivate():96 LatinIme.onActivate() : EditorInfo = EditorInfo{packageName=com.a1taxi.a1taxicustomer, inputType=2001, inputTypeString=Normal[CapWords], enableLearning=false, autoCorrection=true, autoComplete=true, imeOptions=8000006, privateImeOptions=null, actionName=DONE, actionLabel=null, initialSelStart=0, initialSelEnd=0, initialCapsMode=2000, label=null, fieldId=3823, fieldName=null, extras=Bundle[{android.support.text.emoji.emojiCompat_metadataVersion=11, androidx.core.view.inputmethod.EditorInfoCompat.STYLUS_HANDWRITING_ENABLED=true, android.support.text.emoji.emojiCompat_replaceAll=false}], hintText=non-empty, hintLocales=[]}, IncognitoMode = false, DeviceLocked = false
10-22 23:41:01.018  5589  5589 I InputBundle: InputBundle.consumeEvent():1032 Skip consuming an event as keyboard status is INACTIVE
10-22 23:41:01.019  5589  5589 I Delight5Facilitator: Delight5Facilitator.initializeForIme():740 initializeForIme() : Locale = [en_US], layout = qwerty
10-22 23:41:01.020  5589  5589 I LatinIme: LatinIme.updateEnableInlineSuggestionsOnDecoderSideFlags():1247 inline flag updated to:false
10-22 23:41:01.021  5589  5589 I LatinIme: LatinIme.updateEnableInlineSuggestionsOnDecoderSideFlags():1247 inline flag updated to:false
10-22 23:41:01.024  5589  5589 I InputBundle: InputBundle.consumeEvent():1032 Skip consuming an event as keyboard status is INACTIVE
10-22 23:41:01.024  5589  5589 I LatinIme: LatinIme.resetInputContext():2251 resetInputContext(): reason=1, externalEditsInfo=ExternalEditsInfo{action=0, offset=-1, text=null, originalText=null, edits=null}
10-22 23:41:01.024  5589  5589 I InputBundle: InputBundle.consumeEvent():1032 Skip consuming an event as keyboard status is INACTIVE
10-22 23:41:01.025  5589  5589 I KeyboardWrapper: KeyboardWrapper.activateKeyboard():581 activateKeyboard(): type=prime, status=INACTIVE, imeDef=mkk{stringId=ime_english_united_states, language=en-US, languageTag=en-US, processedConditions={writing_helper_enable_by_word_revert=false, true=true, enable_number_row=true, device=phone, enable_pk_simulator=false}, className=com.google.android.apps.inputmethod.libs.latin5.LatinIme, label=0, keyEventInterpreter=null, inlineComposing=true, autoCapital=true, announceAutoSelectedCandidate=true, statusIcon=0, indicatorIcon=0, indicatorLabel=US, displayAppCompletions=true, extraValues=mkd{#0x7f0b02e0=TypedValue{t=0x3/d=0x0 "com.google.android.apps.inputmethod.libs.latin5.LatinIme"}}, processors=mmb@7d3d911, unacceptableMetaKeys=4098, languageSpecificSettings=0, asciiCapable=true, alwaysShowSuggestions=false, useAsciiPasswordKeyboard=false, keyboardGroupDef=mlk@9ed8bf6, phenotypeFlagId=0, localizationLanguageTag=null, supportsInlineSuggestion=true}
10-22 23:41:01.025  5589  5589 I KeyboardManager: KeyboardManager.requestKeyboard():248 Creating keyboard prime, imeId=ime_english_united_states, cacheKey=theme,!gsf,!pgsans,!pgsf,!use_system_font,BORDER,FLAVOR_DPI=XXHDPI,GOOGLE_ICONS,KEYBOARD_WIDTH_CATEGORY=NORMAL,KEY_BORDER_SHAPE=1,LIGHT_THEME=false,PHYSICAL_DIAGONAL=5.748144,POPUP,SCREEN_SHORTEST_WIDTH=393,SCREEN_SHORTEST_WIDTH_NO_SCALE=393,XXHDPI,bottom4dp,enable_emoji_kitchen_browse_color_v2=true,enable_google_fonts_icons=true,enable_popup_on_keypress=true,keyboard_redesign_google_sans=true,non_linear_scale,noshadow,overlay_builtin_dynamic_color_dark_base.binarypb:gm3-dark-ff131313-ffffffff-4d9204e36e3ccb6a165e3e3dbe763ce0,roundedchip,silkpopup
10-22 23:41:01.025  5589  5589 I KeyboardWrapper: KeyboardWrapper.onKeyboardReady():224 onKeyboardReady(): type=prime(prime), kb=com.google.android.apps.inputmethod.latin.keyboard.LatinPrimeKeyboard@c39dea9
10-22 23:41:01.025  5589  5589 I KeyboardWrapper: KeyboardWrapper.doActivateKeyboard():611 doActivateKeyboard(): prime
10-22 23:41:01.039  5589  5589 I KeyboardHeightUtil: KeyboardHeightUtil.calculateMaxKeyboardBodyHeight():50 leave 267 height for app when ime window height:2171, header height:121 and isFullscreenMode:false, so the max keyboard body height is:1783
10-22 23:41:01.039  5589  5589 W TooltipLifecycleManager: TooltipLifecycleManager.dismissTooltips():153 Tooltip with id undo_access_point_promotion_banner not found in tooltipManager.
10-22 23:41:01.040  5589  5589 I KeyboardModeUtils: KeyboardModeUtils.getKeyboardBottomOffset():435 inch: 0.000000 ydpi: 387.429993 adjustKeyboardBottomByDisplaySize: false currentDensityDpi: 440 defaultDensityDpi: 440 keyboardBottomToScreenPx: 0 keyboardBottomToNavBarPx: -116 navBarHeight: 116
10-22 23:41:01.040  5589  5589 I KeyboardHeightUtil: KeyboardHeightUtil.calculateMaxKeyboardBodyHeight():50 leave 267 height for app when ime window height:2171, header height:121 and isFullscreenMode:false, so the max keyboard body height is:1783
10-22 23:41:01.040  5589  5589 I KeyboardHeightUtil: KeyboardHeightUtil.calculateMaxKeyboardBodyHeight():50 leave 267 height for app when ime window height:2171, header height:121 and isFullscreenMode:false, so the max keyboard body height is:1783
10-22 23:41:01.040  5589  5589 I AndroidIME: KeyboardViewManager.updateKeyboardBodyViewHolderPaddingBottom():472 Set finalPaddingBottom = 5 while holderPaddingBottom = 5; navigationHeight = 116
10-22 23:41:01.040  5589  5589 I KeyboardHeightUtil: KeyboardHeightUtil.calculateMaxKeyboardBodyHeight():50 leave 267 height for app when ime window height:2171, header height:121 and isFullscreenMode:false, so the max keyboard body height is:1783
10-22 23:41:01.040  5589  5589 I KeyboardHeightUtil: KeyboardHeightUtil.calculateMaxKeyboardBodyHeight():50 leave 267 height for app when ime window height:2171, header height:121 and isFullscreenMode:false, so the max keyboard body height is:1783
10-22 23:41:01.040  5589  5589 I KeyboardModeUtils: KeyboardModeUtils.getKeyboardBottomOffset():435 inch: 0.000000 ydpi: 387.429993 adjustKeyboardBottomByDisplaySize: false currentDensityDpi: 440 defaultDensityDpi: 440 keyboardBottomToScreenPx: 0 keyboardBottomToNavBarPx: -116 navBarHeight: 116
10-22 23:41:01.041  5589  5589 I KeyboardHeightUtil: KeyboardHeightUtil.calculateMaxKeyboardBodyHeight():50 leave 267 height for app when ime window height:2171, header height:121 and isFullscreenMode:false, so the max keyboard body height is:1783
10-22 23:41:01.041  5589  5589 I KeyboardHeightUtil: KeyboardHeightUtil.calculateMaxKeyboardBodyHeight():50 leave 267 height for app when ime window height:2171, header height:121 and isFullscreenMode:false, so the max keyboard body height is:1783
10-22 23:41:01.041  5589  5589 I AndroidIME: KeyboardViewManager.updateKeyboardBodyViewHolderPaddingBottom():472 Set finalPaddingBottom = 5 while holderPaddingBottom = 5; navigationHeight = 116
10-22 23:41:01.041  5589  5589 I KeyboardHeightUtil: KeyboardHeightUtil.calculateMaxKeyboardBodyHeight():50 leave 267 height for app when ime window height:2171, header height:121 and isFullscreenMode:false, so the max keyboard body height is:1783
10-22 23:41:01.041  5589  5589 I KeyboardHeightUtil: KeyboardHeightUtil.calculateMaxKeyboardBodyHeight():50 leave 267 height for app when ime window height:2171, header height:121 and isFullscreenMode:false, so the max keyboard body height is:1783
10-22 23:41:01.041  5589  5589 I GlobeKeyExtension: GlobeKeyExtension.getKeyboardInitialStates():175 
10-22 23:41:01.041  5589  5589 W Keyboard: Keyboard.getKeyboardViewHelper():609 null helper is returned: keyboardDef=mle{processedConditions={show_comma_key=true, enable_more_candidates_view_for_multilingual=false, layout_9key_split=false, enable_secondary_symbols=false, pref_enable_flick_symbols=false, language=en-US, deprecate_long_press_space_for_ime_picker=false, expressions=normal, enable_flick_symbols=true, variant=qwerty, show_period_key=true, enable_number_row=true, device=phone, keyboard_mode=normal, show_secondary_digits=false, enable_preemptive_decode=true, enable_pk_simulator=false, bottom_period_popup_slash=false}, globalConditions={global_theme_key=theme,!gsf,!pgsans,!pgsf,!use_system_font,BORDER,FLAVOR_DPI=XXHDPI,GOOGLE_ICONS,KEYBOARD_WIDTH_CATEGORY=NORMAL,KEY_BORDER_SHAPE=1,LIGHT_THEME=false,PHYSICAL_DIAGONAL=5.748144,POPUP,SCREEN_SHORTEST_WIDTH=393,SCREEN_SHORTEST_WIDTH_NO_SCALE=393,XXHDPI,bottom4dp,enable_emoji_kitchen_browse_color_v2=true,enable_google_fonts_icons=true,enable_popup_on_keypress=true,keyboard_redesign_google_sans=true,non_linear_scale,noshadow,overlay_builtin_dynamic_color_dark_base.binarypb:gm3-dark-ff131313-ffffffff-4d9204e36e3ccb6a165e3e3dbe763ce0,roundedchip,silkpopup, global_locale=en_US, global_density_dpi=440, global_orientation=1}, className=.latin.keyboard.LatinPrimeKeyboard, resourceIds=[#0x7f1705fb, #0x7f17088d], initialStates=0, keyboardViewDefs=[mls{direction=null, id=#0x7f0b0224, isScalable=true, layoutId=#0x7f0e029f, type=BODY, touchable=true, defaultShow=true}, mls{direction=null, id=#0x7f0b0224, isScalable=false, layoutId=#0x7f0e01f9, type=FLOATING_CANDIDATES, touchable=false, defaultShow=false}, mls{direction=LOCALE, id=#0x7f0b0224, isScalable=false, layoutId=#0x7f0e0500, type=HEADER, touchable=true, defaultShow=true}], persistentStates=0, persistentStatesPrefKey=null, popupBubbleLayoutId=#0x7f0e05f1, recentKeyLayoutId=0, recentKeyPopupLayoutId=0, recentKeyType=null, rememberRecentKey=NONE, sessionStates=17592186044419}, type=WIDGET, helpersCreated=[lxm@91f5da0, lxm@aa1cd59, lxm@f4bbd1e, null], context.getResources().getConfiguration(): {1.0 405mcc869mnc [en_US] ldltr sw393dp w393dp h790dp 440dpi nrml long port night finger -keyb/v/h -nav/h winConfig={ mBounds=Rect(0, 0 - 1080, 2392) mAppBounds=Rect(0, 103 - 1080, 2276) mMaxBounds=Rect(0, 0 - 1080, 2392) mDisplayRotation=ROTATION_0 mWindowingMode=fullscreen mActivityType=undefined mAlwaysOnTop=undefined mRotation=ROTATION_0 isEmbedding:false} s.5420 fontWeightAdjustment=0 themeId=2 themeParameter=0 nightModeLevel = -1 typefaceChanged=0.0 ?spacesystem eaMode=1}
10-22 23:41:01.042  5589  5589 I KeyboardHeightUtil: KeyboardHeightUtil.calculateMaxKeyboardBodyHeight():50 leave 267 height for app when ime window height:2171, header height:121 and isFullscreenMode:false, so the max keyboard body height is:1783
10-22 23:41:01.049  5589  5589 I AndroidIME: InputBundleManager.startInput():358 startInput() with mlo[keyboardType=prime, payload=null]
10-22 23:41:01.049  5589  5589 I GlobeKeyExtension: GlobeKeyExtension.onActivate():120 
10-22 23:41:01.050  5589  5589 I LanguagePromoExtension: LanguagePromoExtension.checkDisplayPreconditions():174 Not show language promo: exceeds the max display times.
10-22 23:41:01.050  5589  5589 I HardKeyTracker: HardKeyTracker.unregisterKeySequence():221 Unregister key sequence nfz{labelResId=2132020497, callback=cgp@dd42a27, lastModifier=2, keyCodes=[56], actions=[0]}
10-22 23:41:01.050  5589  5589 I HardKeyTracker: HardKeyTracker.unregisterKeySequence():221 Unregister key sequence nfz{labelResId=2132020497, callback=cgp@2059972, lastModifier=0, keyCodes=[317], actions=[0]}
10-22 23:41:01.050  5589  5589 I HardKeyTracker: HardKeyTracker.registerKeySequence():170 Register key sequence nfz{labelResId=2132020497, callback=cgp@baf4e87, lastModifier=2, keyCodes=[56], actions=[0]}
10-22 23:41:01.050  5589  5589 I HardKeyTracker: HardKeyTracker.registerKeySequence():170 Register key sequence nfz{labelResId=2132020497, callback=cgp@f8cd152, lastModifier=0, keyCodes=[317], actions=[0]}
10-22 23:41:01.051  5589  5589 I VoiceInputManagerWrapper: VoiceInputManagerWrapper.cancelShutdown():109 cancelShutdown()
10-22 23:41:01.051  5589  5589 I VoiceInputManagerWrapper: VoiceInputManagerWrapper.syncLanguagePacks():121 syncLanguagePacks()
10-22 23:41:01.051  5589  5589 I VoiceInputManager: VoiceInputManager.onKeyboardActivated():1173 onKeyboardActivated() [UD]
10-22 23:41:01.051  5589  5589 I PkModeUpdater: PkModeUpdater.onActivate():74 onActivate false true
10-22 23:41:01.051  5589  5589 I AccessoryInputModeManager: AccessoryInputModeManager.onModeStarted():318 Accessory input mode started: null
10-22 23:41:01.051  5589  6558 I SpeechFactory: SpeechRecognitionFactory.maybeScheduleAutoPackDownloadForFallback():217 maybeScheduleAutoPackDownloadForFallback()
10-22 23:41:01.051  5589  5589 W SupplementaryKeyboardsWrapper: SupplementaryKeyboardsWrapper.deactivateKeyboard():161 keyboard accessory_candidates_consumer is not activated before!
10-22 23:41:01.051  5589  6558 I FallbackOnDeviceRecognitionProvider: FallbackOnDeviceRecognitionProvider.maybeScheduleAutoPackDownload():205 maybeScheduleAutoPackDownload() for language tag en-US
10-22 23:41:01.052  5589  5589 I KeyboardModeUtils: KeyboardModeUtils.getKeyboardBottomOffset():435 inch: 0.000000 ydpi: 387.429993 adjustKeyboardBottomByDisplaySize: false currentDensityDpi: 440 defaultDensityDpi: 440 keyboardBottomToScreenPx: 0 keyboardBottomToNavBarPx: -116 navBarHeight: 116
10-22 23:41:01.052  5589  5589 I KeyboardHeightUtil: KeyboardHeightUtil.calculateMaxKeyboardBodyHeight():50 leave 267 height for app when ime window height:2171, header height:121 and isFullscreenMode:false, so the max keyboard body height is:1783
10-22 23:41:01.052  5589  5589 I KeyboardHeightUtil: KeyboardHeightUtil.calculateMaxKeyboardBodyHeight():50 leave 267 height for app when ime window height:2171, header height:121 and isFullscreenMode:false, so the max keyboard body height is:1783
10-22 23:41:01.052  5589  5589 I AndroidIME: KeyboardViewManager.updateKeyboardBodyViewHolderPaddingBottom():472 Set finalPaddingBottom = 5 while holderPaddingBottom = 5; navigationHeight = 116
10-22 23:41:01.052  5589  5589 I KeyboardHeightUtil: KeyboardHeightUtil.calculateMaxKeyboardBodyHeight():50 leave 267 height for app when ime window height:2171, header height:121 and isFullscreenMode:false, so the max keyboard body height is:1783
10-22 23:41:01.052  5589  5589 I KeyboardHeightUtil: KeyboardHeightUtil.calculateMaxKeyboardBodyHeight():50 leave 267 height for app when ime window height:2171, header height:121 and isFullscreenMode:false, so the max keyboard body height is:1783
10-22 23:41:01.052  5589  5589 W ExtensionWrapper: ExtensionWrapper.setExtensionViewVisibility():811 interface mas is not activate
10-22 23:41:01.053  5589  5589 I Module  : DeviceLockedStatusModuleProvider$Module.updateDeviceLockedStatus():100 repeatCheckTimes = 1, locked = false
10-22 23:41:01.053  5589  5589 I HardKeyTracker: HardKeyTracker.unregisterKeySequence():221 Unregister key sequence nfz{labelResId=2132020501, callback=cgp@5eae4ca, lastModifier=2, keyCodes=[48], actions=[0]}
10-22 23:41:01.053  5589  5589 I HardKeyTracker: HardKeyTracker.registerKeySequence():170 Register key sequence nfz{labelResId=2132020501, callback=cgp@626540a, lastModifier=2, keyCodes=[48], actions=[0]}
10-22 23:41:01.053  5589  5589 I HardKeyTracker: HardKeyTracker.unregisterKeySequence():221 Unregister key sequence nfz{labelResId=2132020501, callback=cgp@805eb17, lastModifier=2, keyCodes=[48], actions=[0]}
10-22 23:41:01.053  5589  5589 I HardKeyTracker: HardKeyTracker.registerKeySequence():170 Register key sequence nfz{labelResId=2132020501, callback=cgp@4b96d57, lastModifier=2, keyCodes=[48], actions=[0]}
10-22 23:41:01.054  5589  5589 I HardKeyTracker: HardKeyTracker.unregisterKeySequence():221 Unregister key sequence nfz{labelResId=2132020497, callback=cgp@ac66f6e, lastModifier=2, keyCodes=[56], actions=[0]}
10-22 23:41:01.054  5589  5589 I HardKeyTracker: HardKeyTracker.unregisterKeySequence():221 Unregister key sequence nfz{labelResId=2132020497, callback=cgp@7dbb8a5, lastModifier=0, keyCodes=[317], actions=[0]}
10-22 23:41:01.054  5589  5589 I HardKeyTracker: HardKeyTracker.registerKeySequence():170 Register key sequence nfz{labelResId=2132020497, callback=cgp@c5eb04f, lastModifier=2, keyCodes=[56], actions=[0]}
10-22 23:41:01.054  5589  5589 I HardKeyTracker: HardKeyTracker.registerKeySequence():170 Register key sequence nfz{labelResId=2132020497, callback=cgp@603d3ba, lastModifier=0, keyCodes=[317], actions=[0]}
10-22 23:41:01.054  5589  5589 I HardKeyTracker: HardKeyTracker.unregisterKeySequence():221 Unregister key sequence nfz{labelResId=2132020502, callback=cgp@fb8fe46, lastModifier=2, keyCodes=[32], actions=[0]}
10-22 23:41:01.054  5589  5589 I HardKeyTracker: HardKeyTracker.registerKeySequence():170 Register key sequence nfz{labelResId=2132020502, callback=cgp@61a5a47, lastModifier=2, keyCodes=[32], actions=[0]}
10-22 23:41:01.056  5589  5589 I HardKeyTracker: HardKeyTracker.unregisterKeySequence():221 Unregister key sequence nfz{labelResId=2132020502, callback=cgp@24a5e1b, lastModifier=2, keyCodes=[32], actions=[0]}
10-22 23:41:01.056  5589  5589 I HardKeyTracker: HardKeyTracker.registerKeySequence():170 Register key sequence nfz{labelResId=2132020502, callback=cgp@aded955, lastModifier=2, keyCodes=[32], actions=[0]}
10-22 23:41:01.056  5589  5589 I VoiceImeExtension: VoiceImeExtension.shouldStartVoiceInputAutomaticallyInCurrentInputBox():378 No private IME option set to start voice input.
10-22 23:41:01.068  5589  5589 D ViewRootImpl: AppSizeAfterRelayout, size: Point(1080, 2287), rotation: ROTATION_0
10-22 23:41:01.069  5589  5589 D BufferQueueConsumer: [](id:15d500000ec1,api:0,p:-1,c:5589) connect: controlledByApp=false
10-22 23:41:01.071  5589  5589 D BLASTBufferQueue: [VRI[InputMethod]#3777](f:0,a:0) constructor()
10-22 23:41:01.071  5589  5589 D BLASTBufferQueue: [VRI[InputMethod]#3777](f:0,a:0) update width=1080 height=2287 format=-2 mTransformHint=0
10-22 23:41:01.072  5589  5589 I KeyboardModeUtils: KeyboardModeUtils.getKeyboardBottomOffset():435 inch: 0.000000 ydpi: 387.429993 adjustKeyboardBottomByDisplaySize: false currentDensityDpi: 440 defaultDensityDpi: 440 keyboardBottomToScreenPx: 0 keyboardBottomToNavBarPx: -116 navBarHeight: 116
10-22 23:41:01.072  5589  5589 I KeyboardHeightUtil: KeyboardHeightUtil.calculateMaxKeyboardBodyHeight():50 leave 267 height for app when ime window height:2171, header height:121 and isFullscreenMode:false, so the max keyboard body height is:1783
10-22 23:41:01.073  5589  5589 I KeyboardHeightUtil: KeyboardHeightUtil.calculateMaxKeyboardBodyHeight():50 leave 267 height for app when ime window height:2171, header height:121 and isFullscreenMode:false, so the max keyboard body height is:1783
10-22 23:41:01.073  5589  5589 I AndroidIME: KeyboardViewManager.updateKeyboardBodyViewHolderPaddingBottom():472 Set finalPaddingBottom = 5 while holderPaddingBottom = 5; navigationHeight = 116
10-22 23:41:01.073  5589  5589 I WindowMetricsNotification: WindowMetricsNotification.notifyWithWindow():166 
10-22 23:41:01.073  5589  5589 I WindowMetricsNotification: WindowMetricsNotification.notify():159 pfu[bounds=Rect(0, 105 - 1080, 2392), insets=Rect(0, 0 - 0, 116), densityDpi=440, smallestScreenWidthDp=393, displayWidth=1080, displayHeight=2392, xdpi=387.43, ydpi=387.43, isTrustable=true, displayId=0]; DisplayMetrics{density=2.75, width=1080, height=2392, scaledDensity=2.75, xdpi=387.43, ydpi=387.43}
10-22 23:41:01.083  9275 20047 W anqe    : Failed to retrieve prediction data. [CONTEXT service_id=177 ]
10-22 23:41:01.083  9275 20047 W anqe    : java.util.concurrent.ExecutionException: fnpd: No active MDD filegroup android-autofill-infinitedata found for the table autofill-domain-predictions-prod-spanner.
10-22 23:41:01.083  9275 20047 W anqe    : 	at gpkb.j(:com.google.android.gms@254031035@25.40.31 (260400-816341114):21)
10-22 23:41:01.083  9275 20047 W anqe    : 	at gpkk.v(:com.google.android.gms@254031035@25.40.31 (260400-816341114):31)
10-22 23:41:01.083  9275 20047 W anqe    : 	at gpkb.get(:com.google.android.gms@254031035@25.40.31 (260400-816341114):2)
10-22 23:41:01.083  9275 20047 W anqe    : 	at anqe.e(:com.google.android.gms@254031035@25.40.31 (260400-816341114):81)
10-22 23:41:01.083  9275 20047 W anqe    : 	at anqe.a(:com.google.android.gms@254031035@25.40.31 (260400-816341114):124)
10-22 23:41:01.083  9275 20047 W anqe    : 	at anno.call(:com.google.android.gms@254031035@25.40.31 (260400-816341114):5)
10-22 23:41:01.083  9275 20047 W anqe    : 	at java.util.concurrent.FutureTask.run(FutureTask.java:317)
10-22 23:41:01.083  9275 20047 W anqe    : 	at bckr.c(:com.google.android.gms@254031035@25.40.31 (260400-816341114):50)
10-22 23:41:01.083  9275 20047 W anqe    : 	at bckr.run(:com.google.android.gms@254031035@25.40.31 (260400-816341114):73)
10-22 23:41:01.083  9275 20047 W anqe    : 	at java.util.concurrent.ThreadPoolExecutor.runWorker(ThreadPoolExecutor.java:1156)
10-22 23:41:01.083  9275 20047 W anqe    : 	at java.util.concurrent.ThreadPoolExecutor$Worker.run(ThreadPoolExecutor.java:651)
10-22 23:41:01.083  9275 20047 W anqe    : 	at bcqi.run(:com.google.android.gms@254031035@25.40.31 (260400-816341114):8)
10-22 23:41:01.083  9275 20047 W anqe    : 	at java.lang.Thread.run(Thread.java:1119)
10-22 23:41:01.083  9275 20047 W anqe    : Caused by: fnpd: No active MDD filegroup android-autofill-infinitedata found for the table autofill-domain-predictions-prod-spanner.
10-22 23:41:01.083  9275 20047 W anqe    : 	at fnpr.a(:com.google.android.gms@254031035@25.40.31 (260400-816341114):13)
10-22 23:41:01.083  9275 20047 W anqe    : 	at gpjr.d(:com.google.android.gms@254031035@25.40.31 (260400-816341114):3)
10-22 23:41:01.083  9275 20047 W anqe    : 	at gpjt.run(:com.google.android.gms@254031035@25.40.31 (260400-816341114):130)
10-22 23:41:01.083  9275 20047 W anqe    : 	at gpma.execute(:com.google.android.gms@254031035@25.40.31 (260400-816341114):1)
10-22 23:41:01.083  9275 20047 W anqe    : 	at gpkb.f(:com.google.android.gms@254031035@25.40.31 (260400-816341114):1)
10-22 23:41:01.083  9275 20047 W anqe    : 	at gpkb.m(:com.google.android.gms@254031035@25.40.31 (260400-816341114):99)
10-22 23:41:01.083  9275 20047 W anqe    : 	at gpkb.r(:com.google.android.gms@254031035@25.40.31 (260400-816341114):17)
10-22 23:41:01.083  9275 20047 W anqe    : 	at gpko.run(:com.google.android.gms@254031035@25.40.31 (260400-816341114):77)
10-22 23:41:01.083  9275 20047 W anqe    : 	at gpma.execute(:com.google.android.gms@254031035@25.40.31 (260400-816341114):1)
10-22 23:41:01.083  9275 20047 W anqe    : 	at gpkb.f(:com.google.android.gms@254031035@25.40.31 (260400-816341114):1)
10-22 23:41:01.083  9275 20047 W anqe    : 	at gpkb.m(:com.google.android.gms@254031035@25.40.31 (260400-816341114):99)
10-22 23:41:01.083  9275 20047 W anqe    : 	at gpkb.t(:com.google.android.gms@254031035@25.40.31 (260400-816341114):26)
10-22 23:41:01.083  9275 20047 W anqe    : 	at gpjr.e(:com.google.android.gms@254031035@25.40.31 (260400-816341114):3)
10-22 23:41:01.083  9275 20047 W anqe    : 	at gpjt.run(:com.google.android.gms@254031035@25.40.31 (260400-816341114):138)
10-22 23:41:01.083  9275 20047 W anqe    : 	at gpma.execute(:com.google.android.gms@254031035@25.40.31 (260400-816341114):1)
10-22 23:41:01.083  9275 20047 W anqe    : 	at gpkb.f(:com.google.android.gms@254031035@25.40.31 (260400-816341114):1)
10-22 23:41:01.083  9275 20047 W anqe    : 	at gpkb.m(:com.google.android.gms@254031035@25.40.31 (260400-816341114):99)
10-22 23:41:01.083  9275 20047 W anqe    : 	at gpkb.r(:com.google.android.gms@254031035@25.40.31 (260400-816341114):17)
10-22 23:41:01.083  9275 20047 W anqe    : 	at gpko.run(:com.google.android.gms@254031035@25.40.31 (260400-816341114):77)
10-22 23:41:01.083  9275 20047 W anqe    : 	at gpma.execute(:com.google.android.gms@254031035@25.40.31 (260400-816341114):1)
10-22 23:41:01.083  9275 20047 W anqe    : 	at gpkb.f(:com.google.android.gms@254031035@25.40.31 (260400-816341114):1)
10-22 23:41:01.083  9275 20047 W anqe    : 	at gpkb.m(:com.google.android.gms@254031035@25.40.31 (260400-816341114):99)
10-22 23:41:01.083  9275 20047 W anqe    : 	at gpkb.t(:com.google.android.gms@254031035@25.40.31 (260400-816341114):26)
10-22 23:41:01.083  9275 20047 W anqe    : 	at gpmx.run(:com.google.android.gms@254031035@25.40.31 (260400-816341114):5)
10-22 23:41:01.083  9275 20047 W anqe    : 	at gpma.execute(:com.google.android.gms@254031035@25.40.31 (260400-816341114):1)
10-22 23:41:01.083  9275 20047 W anqe    : 	at gpkb.f(:com.google.android.gms@254031035@25.40.31 (260400-816341114):1)
10-22 23:41:01.083  9275 20047 W anqe    : 	at gpkb.m(:com.google.android.gms@254031035@25.40.31 (260400-816341114):99)
10-22 23:41:01.083  9275 20047 W anqe    : 	at gpkb.t(:com.google.android.gms@254031035@25.40.31 (260400-816341114):26)
10-22 23:41:01.083  9275 20047 W anqe    : 	at gpkm.e(:com.google.android.gms@254031035@25.40.31 (260400-816341114):3)
10-22 23:41:01.083  9275 20047 W anqe    : 	at gpko.run(:com.google.android.gms@254031035@25.40.31 (260400-816341114):44)
10-22 23:41:01.083  9275 20047 W anqe    : 	at gpod.run(:com.google.android.gms@254031035@25.40.31 (260400-816341114):64)
10-22 23:41:01.083  9275 20047 W anqe    : 	... 6 more
10-22 23:41:01.083  9275 20047 W anqe    : Caused by: flxc: Requested group not found.
10-22 23:41:01.083  9275 20047 W anqe    : 	at flxa.a(:com.google.android.gms@254031035@25.40.31 (260400-816341114):30)
10-22 23:41:01.083  9275 20047 W anqe    : 	at fmce.a(:com.google.android.gms@254031035@25.40.31 (260400-816341114):19)
10-22 23:41:01.083  9275 20047 W anqe    : 	at ghbr.a(:com.google.android.gms@254031035@25.40.31 (260400-816341114):13)
10-22 23:41:01.083  9275 20047 W anqe    : 	at gpkm.d(:com.google.android.gms@254031035@25.40.31 (260400-816341114):3)
10-22 23:41:01.083  9275 20047 W anqe    : 	at gpko.run(:com.google.android.gms@254031035@25.40.31 (260400-816341114):38)
10-22 23:41:01.083  9275 20047 W anqe    : 	... 7 more
10-22 23:41:01.083  9275 19751 I anpf    : (REDACTED) Unsupported field type provided by app=%s
10-22 23:41:01.083  9275 19751 I anpf    : (REDACTED) Unsupported field type provided by app=%s
10-22 23:41:01.095  9275 20049 I PasswordSaveInfoFactory: Form is missing passwords. [CONTEXT service_id=177 ]
10-22 23:41:01.100  5589  5657 D BLASTBufferQueue: [VRI[InputMethod]#3777](f:0,a:1) acquireNextBufferLocked size=1080x2287 mFrameNumber=1 applyTransaction=true mTimestamp=801519672723465(auto) mPendingTransactions.size=0 graphicBufferId=24004572228748 transform=0
10-22 23:41:01.102  5589  5589 I StylusModule: StylusModule.onUpdateToolType():800 Update tool type = 1
10-22 23:41:01.103  5589  5589 I GoogleInputMethodService: GoogleInputMethodService$1.onKeyboardViewShown():325 onKeyboardViewShown: keyboardType=prime, keyboardViewType=HEADER keyboardView=com.google.android.libraries.inputmethod.widgets.SoftKeyboardView{93062a2 V.E...... ........ 0,0-1080,121}
10-22 23:41:01.104  5589  5589 I KeyboardHeightUtil: KeyboardHeightUtil.calculateMaxKeyboardBodyHeight():50 leave 267 height for app when ime window height:2171, header height:121 and isFullscreenMode:false, so the max keyboard body height is:1783
10-22 23:41:01.104  5589  5589 I GoogleInputMethodService: GoogleInputMethodService$1.onKeyboardViewShown():325 onKeyboardViewShown: keyboardType=prime, keyboardViewType=BODY keyboardView=com.google.android.libraries.inputmethod.widgets.SoftKeyboardView{c071174 V.E...... ........ 0,0-1080,693}
10-22 23:41:01.104  5589  5589 I KeyboardHeightUtil: KeyboardHeightUtil.calculateMaxKeyboardBodyHeight():50 leave 267 height for app when ime window height:2171, header height:121 and isFullscreenMode:false, so the max keyboard body height is:1783
10-22 23:41:01.104  5589  5589 I GlobeKeyExtension: GlobeKeyExtension$1.onKeyboardViewShown():72 maybeDisableLanguageSwitchKeyPref when the keyboard is shown
10-22 23:41:01.104  5589  5589 I GlobeKeyExtension: GlobeKeyExtension.maybeDisableLanguageSwitchKeyPref():200 maybeDisableLanguageSwitchKeyPref hasGlobeKeyBeenDisabled: false, shouldDisableLanguageSwitchKey: false
10-22 23:41:01.104  5589  5589 I NewLanguagePromptExtension: NewLanguagePromptExtension$1.onKeyboardViewShown():98 Not show new language banner: no change in enabled input method entries
10-22 23:41:01.105  5589  5589 I DynamicLayoutHandler: DynamicLayoutHandler.loadDynamicKeys():83 This isn't a dynamic layout.
10-22 23:41:01.105  5589  6030 I Delight5Decoder: Delight5DecoderWrapper.setKeyboardLayout():536 setKeyboardLayout()
10-22 23:41:01.106  5589  5589 I KeyboardModeUtils: KeyboardModeUtils.getKeyboardBottomOffset():435 inch: 0.000000 ydpi: 387.429993 adjustKeyboardBottomByDisplaySize: false currentDensityDpi: 440 defaultDensityDpi: 440 keyboardBottomToScreenPx: 0 keyboardBottomToNavBarPx: -116 navBarHeight: 116
10-22 23:41:01.106  5589  5589 I KeyboardHeightUtil: KeyboardHeightUtil.calculateMaxKeyboardBodyHeight():50 leave 267 height for app when ime window height:2171, header height:121 and isFullscreenMode:false, so the max keyboard body height is:1783
10-22 23:41:01.106  5589  5589 I KeyboardHeightUtil: KeyboardHeightUtil.calculateMaxKeyboardBodyHeight():50 leave 267 height for app when ime window height:2171, header height:121 and isFullscreenMode:false, so the max keyboard body height is:1783
10-22 23:41:01.106  5589  5589 I AndroidIME: KeyboardViewManager.updateKeyboardBodyViewHolderPaddingBottom():472 Set finalPaddingBottom = 5 while holderPaddingBottom = 5; navigationHeight = 116
10-22 23:41:01.145  1870  1870 D AutofillSession: Service did not request to wait for delayed fill response.
10-22 23:41:01.159  3458  3458 V InlinePresentationRendererServiceImpl: onRenderSuggestion: width=-2, height=-2
10-22 23:41:01.162  3458  3458 V InlineSuggestionRenderService: width=-2, height=-2, measuredSize=496x121
10-22 23:41:01.176  9275 19547 W Conscrypt: Could not set socket write timeout: java.net.SocketException: Socket closed
10-22 23:41:01.176  9275 19547 W Conscrypt: 	at com.google.android.gms.org.conscrypt.Platform.setSocketWriteTimeout(:com.google.android.gms@254031035@25.40.31 (260400-816341114):204)
10-22 23:41:01.176  9275 19547 W Conscrypt: 	at com.google.android.gms.org.conscrypt.ConscryptFileDescriptorSocket.setSoWriteTimeout(:com.google.android.gms@254031035@25.40.31 (260400-816341114):4)
10-22 23:41:01.179  3458  3458 D ViewRootImpl: AppSizeAfterRelayout, size: Point(496, 121), rotation: ROTATION_0
10-22 23:41:01.179  3458  3458 D BufferQueueConsumer: [](id:d820000043c,api:0,p:-1,c:3458) connect: controlledByApp=false
10-22 23:41:01.179  3458  3458 D BLASTBufferQueue: [VRI[]#1084](f:0,a:0) constructor()
10-22 23:41:01.179  3458  3458 D BLASTBufferQueue: [VRI[]#1084](f:0,a:0) update width=496 height=121 format=-2 mTransformHint=0
10-22 23:41:01.182  1870  1976 D AutofillSession: onShown(): 2, 1
10-22 23:41:01.184  5589  5589 I ProactiveSuggestionsHolderManager: ProactiveSuggestionsHolderManager$2.display():195 Requesting to show proactive suggestions: AUTO_FILL PREEMPTIVE_WITH_SUPPRESSION
10-22 23:41:01.186  3458 31463 D BLASTBufferQueue: [VRI[]#1084](f:0,a:1) acquireNextBufferLocked size=496x121 mFrameNumber=1 applyTransaction=true mTimestamp=801519758447158(auto) mPendingTransactions.size=0 graphicBufferId=14851996917156 transform=0
10-22 23:41:01.190  5589  5589 D BufferQueueConsumer: [](id:15d500000ec2,api:0,p:-1,c:5589) connect: controlledByApp=false
10-22 23:41:01.190  5589  5589 D BLASTBufferQueue: [SurfaceView[InputMethod]#3778](f:0,a:0) constructor()
10-22 23:41:01.190  5589  5589 D BLASTBufferQueue: [SurfaceView[InputMethod]#3778](f:0,a:0) update width=770 height=121 format=-2 mTransformHint=0
10-22 23:41:01.192  1870  2894 D BatteryStatsService: noteVideoSurfaceChanged  noteWhich: 49,arg1: 770, arg2: 121, arg3: 5589, arg4: 144846, name: com.google.android.inputmethod.latin
10-22 23:41:01.193  5589  5589 I ProactiveSuggestionsHolderManager: ProactiveSuggestionsHolderManager$Holder.setSuggestionsAndShow():898 succeed to show proactive suggestions AUTO_FILL PREEMPTIVE_WITH_SUPPRESSION
10-22 23:41:01.194  5589  5589 I KeyboardModeUtils: KeyboardModeUtils.getKeyboardBottomOffset():435 inch: 0.000000 ydpi: 387.429993 adjustKeyboardBottomByDisplaySize: false currentDensityDpi: 440 defaultDensityDpi: 440 keyboardBottomToScreenPx: 0 keyboardBottomToNavBarPx: -116 navBarHeight: 116
10-22 23:41:01.195  5589  5589 I KeyboardHeightUtil: KeyboardHeightUtil.calculateMaxKeyboardBodyHeight():50 leave 267 height for app when ime window height:2171, header height:121 and isFullscreenMode:false, so the max keyboard body height is:1783
10-22 23:41:01.195  5589  5589 I KeyboardHeightUtil: KeyboardHeightUtil.calculateMaxKeyboardBodyHeight():50 leave 267 height for app when ime window height:2171, header height:121 and isFullscreenMode:false, so the max keyboard body height is:1783
10-22 23:41:01.195  5589  5589 I AndroidIME: KeyboardViewManager.updateKeyboardBodyViewHolderPaddingBottom():472 Set finalPaddingBottom = 5 while holderPaddingBottom = 5; navigationHeight = 116
10-22 23:41:01.197  5589  5589 D BufferQueueConsumer: [](id:15d500000ec3,api:0,p:-1,c:5589) connect: controlledByApp=false
10-22 23:41:01.197  5589  5589 D BLASTBufferQueue: [SurfaceView[InputMethod]#3779](f:0,a:0) constructor()
10-22 23:41:01.197  5589  5589 D BLASTBufferQueue: [SurfaceView[InputMethod]#3779](f:0,a:0) update width=496 height=121 format=-2 mTransformHint=0
10-22 23:41:01.199  1870  2894 D BatteryStatsService: noteVideoSurfaceChanged  noteWhich: 49,arg1: 496, arg2: 121, arg3: 5589, arg4: 147767, name: com.google.android.inputmethod.latin
10-22 23:41:01.202  5589  5657 D BLASTBufferQueue: [SurfaceView[InputMethod]#3779](f:0,a:1) acquireNextBufferLocked size=496x121 mFrameNumber=1 applyTransaction=true mTimestamp=801519774729696(auto) mPendingTransactions.size=0 graphicBufferId=24004572228754 transform=0
10-22 23:41:01.203  1870  3776 D BatteryStatsService: noteVideoSurfaceChanged  noteWhich: 49,arg1: 248, arg2: 13, arg3: 5589, arg4: 147767, name: com.google.android.inputmethod.latin
10-22 23:41:01.204  1870  3776 D BatteryStatsService: noteVideoSurfaceChanged  noteWhich: 49,arg1: 770, arg2: 121, arg3: 5589, arg4: 144846, name: com.google.android.inputmethod.latin
10-22 23:41:01.208  1870  3776 D BatteryStatsService: noteVideoSurfaceChanged  noteWhich: 49,arg1: 302, arg2: 37, arg3: 5589, arg4: 147767, name: com.google.android.inputmethod.latin
10-22 23:41:01.222  1870  3776 D BatteryStatsService: noteVideoSurfaceChanged  noteWhich: 49,arg1: 346, arg2: 55, arg3: 5589, arg4: 147767, name: com.google.android.inputmethod.latin
10-22 23:41:01.225  5589  5589 W TooltipLifecycleManager: TooltipLifecycleManager.dismissTooltips():153 Tooltip with id spell_check_add_to_dictionary not found in tooltipManager.
10-22 23:41:01.240  1870  3776 D BatteryStatsService: noteVideoSurfaceChanged  noteWhich: 49,arg1: 386, arg2: 73, arg3: 5589, arg4: 147767, name: com.google.android.inputmethod.latin
10-22 23:41:01.256  1870  3776 D BatteryStatsService: noteVideoSurfaceChanged  noteWhich: 49,arg1: 422, arg2: 89, arg3: 5589, arg4: 147767, name: com.google.android.inputmethod.latin
10-22 23:41:01.273  1870  3776 D BatteryStatsService: noteVideoSurfaceChanged  noteWhich: 49,arg1: 448, arg2: 101, arg3: 5589, arg4: 147767, name: com.google.android.inputmethod.latin
10-22 23:41:01.289  1870  3776 D BatteryStatsService: noteVideoSurfaceChanged  noteWhich: 49,arg1: 470, arg2: 109, arg3: 5589, arg4: 147767, name: com.google.android.inputmethod.latin
10-22 23:41:01.299  9275 19547 W Conscrypt: Could not set socket write timeout: java.net.SocketException: Socket closed
10-22 23:41:01.299  9275 19547 W Conscrypt: 	at com.google.android.gms.org.conscrypt.Platform.setSocketWriteTimeout(:com.google.android.gms@254031035@25.40.31 (260400-816341114):204)
10-22 23:41:01.299  9275 19547 W Conscrypt: 	at com.google.android.gms.org.conscrypt.ConscryptFileDescriptorSocket.setSoWriteTimeout(:com.google.android.gms@254031035@25.40.31 (260400-816341114):4)
10-22 23:41:01.307  1870  3776 D BatteryStatsService: noteVideoSurfaceChanged  noteWhich: 49,arg1: 484, arg2: 117, arg3: 5589, arg4: 147767, name: com.google.android.inputmethod.latin
10-22 23:41:01.325  1870  3776 D BatteryStatsService: noteVideoSurfaceChanged  noteWhich: 49,arg1: 494, arg2: 121, arg3: 5589, arg4: 147767, name: com.google.android.inputmethod.latin
10-22 23:41:01.339  1870  2894 D BatteryStatsService: noteVideoSurfaceChanged  noteWhich: 49,arg1: 496, arg2: 121, arg3: 5589, arg4: 147767, name: com.google.android.inputmethod.latin
10-22 23:41:01.512  5589  5589 W TooltipLifecycleManager: TooltipLifecycleManager.dismissTooltips():153 Tooltip with id SUGGESTION_VIEW_EDU_MINI_DIALOG not found in tooltipManager.
10-22 23:41:01.514  1870  3776 D BatteryStatsService: noteVideoSurfaceChanged  noteWhich: 49,arg1: -1, arg2: -1, arg3: 5589, arg4: 147767, name: com.google.android.inputmethod.latin
10-22 23:41:01.514  5589  5657 E BufferQueueProducer: [SurfaceView[InputMethod]#3779(BLAST Consumer)3779](id:15d500000ec3,api:0,p:-1,c:5589) disconnect: not connected (req=1)
10-22 23:41:01.514  5589  5657 W libEGL  : EGLNativeWindowType 0xb4000077e02a1be0 disconnect failed
10-22 23:41:01.515  5589  5589 D BLASTBufferQueue: [SurfaceView[InputMethod]#3779](f:0,a:1) destructor()
10-22 23:41:01.515  5589  5589 D BufferQueueConsumer: [SurfaceView[InputMethod]#3779(BLAST Consumer)3779](id:15d500000ec3,api:0,p:-1,c:5589) disconnect
10-22 23:41:01.516  5589  5589 W TooltipLifecycleManager: TooltipLifecycleManager.dismissTooltips():153 Tooltip with id SUGGESTION_VIEW_EDU_MINI_DIALOG not found in tooltipManager.
10-22 23:41:01.517  5589  5589 W LatinPrimeKeyboard: LatinPrimeKeyboard.consumeEvent():353 consumeEvent() : UPDATE_DYNAMIC_KEYS, no dynamic layout
10-22 23:41:01.521  5589  5589 I KeyboardModeUtils: KeyboardModeUtils.getKeyboardBottomOffset():435 inch: 0.000000 ydpi: 387.429993 adjustKeyboardBottomByDisplaySize: false currentDensityDpi: 440 defaultDensityDpi: 440 keyboardBottomToScreenPx: 0 keyboardBottomToNavBarPx: -116 navBarHeight: 116
10-22 23:41:01.522  5589  5589 I KeyboardHeightUtil: KeyboardHeightUtil.calculateMaxKeyboardBodyHeight():50 leave 267 height for app when ime window height:2171, header height:121 and isFullscreenMode:false, so the max keyboard body height is:1783
10-22 23:41:01.522  5589  5589 I KeyboardHeightUtil: KeyboardHeightUtil.calculateMaxKeyboardBodyHeight():50 leave 267 height for app when ime window height:2171, header height:121 and isFullscreenMode:false, so the max keyboard body height is:1783
10-22 23:41:01.522  5589  5589 I AndroidIME: KeyboardViewManager.updateKeyboardBodyViewHolderPaddingBottom():472 Set finalPaddingBottom = 5 while holderPaddingBottom = 5; navigationHeight = 116
10-22 23:41:01.526  5589  5606 I AndroidSpellCheckerService: AndroidSpellCheckerService.createSession():139 com.google.android.keyboard.client.delight5.LanguageIdentifier@3d11446 is created
10-22 23:41:01.527  5589  5589 W TooltipLifecycleManager: TooltipLifecycleManager.dismissTooltips():153 Tooltip with id SUGGESTION_VIEW_EDU_MINI_DIALOG not found in tooltipManager.
10-22 23:41:01.554  5589  5589 I KeyboardModeUtils: KeyboardModeUtils.getKeyboardBottomOffset():435 inch: 0.000000 ydpi: 387.429993 adjustKeyboardBottomByDisplaySize: false currentDensityDpi: 440 defaultDensityDpi: 440 keyboardBottomToScreenPx: 0 keyboardBottomToNavBarPx: -116 navBarHeight: 116
10-22 23:41:01.554  5589  5589 I KeyboardHeightUtil: KeyboardHeightUtil.calculateMaxKeyboardBodyHeight():50 leave 267 height for app when ime window height:2171, header height:121 and isFullscreenMode:false, so the max keyboard body height is:1783
10-22 23:41:01.555  5589  5589 I KeyboardHeightUtil: KeyboardHeightUtil.calculateMaxKeyboardBodyHeight():50 leave 267 height for app when ime window height:2171, header height:121 and isFullscreenMode:false, so the max keyboard body height is:1783
10-22 23:41:01.555  5589  5589 I AndroidIME: KeyboardViewManager.updateKeyboardBodyViewHolderPaddingBottom():472 Set finalPaddingBottom = 5 while holderPaddingBottom = 5; navigationHeight = 116
10-22 23:41:01.576  1870  3776 D BatteryStatsService: noteVideoSurfaceChanged  noteWhich: 49,arg1: -1, arg2: -1, arg3: 5589, arg4: 144846, name: com.google.android.inputmethod.latin
10-22 23:41:01.576  5589  5589 D BLASTBufferQueue: [SurfaceView[InputMethod]#3778](f:0,a:0) destructor()
10-22 23:41:01.576  5589  5589 D BufferQueueConsumer: [SurfaceView[InputMethod]#3778(BLAST Consumer)3778](id:15d500000ec2,api:0,p:-1,c:5589) disconnect
10-22 23:41:01.588  5589  5589 I KeyboardModeUtils: KeyboardModeUtils.getKeyboardBottomOffset():435 inch: 0.000000 ydpi: 387.429993 adjustKeyboardBottomByDisplaySize: false currentDensityDpi: 440 defaultDensityDpi: 440 keyboardBottomToScreenPx: 0 keyboardBottomToNavBarPx: -116 navBarHeight: 116
10-22 23:41:01.588  5589  5589 I KeyboardHeightUtil: KeyboardHeightUtil.calculateMaxKeyboardBodyHeight():50 leave 267 height for app when ime window height:2171, header height:121 and isFullscreenMode:false, so the max keyboard body height is:1783
10-22 23:41:01.589  5589  5589 I KeyboardHeightUtil: KeyboardHeightUtil.calculateMaxKeyboardBodyHeight():50 leave 267 height for app when ime window height:2171, header height:121 and isFullscreenMode:false, so the max keyboard body height is:1783
10-22 23:41:01.589  5589  5589 I AndroidIME: KeyboardViewManager.updateKeyboardBodyViewHolderPaddingBottom():472 Set finalPaddingBottom = 5 while holderPaddingBottom = 5; navigationHeight = 116
10-22 23:41:01.663  5589  5589 I KeyboardViewController: KeyboardViewController.showSelfAndAncestors():636 current view doesn't has the priority com.google.android.libraries.inputmethod.accesspoint.widget.AccessPointsBar{ff782fe I.E...... .......D 0,0-810,121 #7f0b00a0 app:id/0_resource_name_obfuscated} to show itself, DEFAULT
10-22 23:41:01.708  5589  5589 W TooltipLifecycleManager: TooltipLifecycleManager.dismissTooltips():153 Tooltip with id SUGGESTION_VIEW_EDU_MINI_DIALOG not found in tooltipManager.
10-22 23:41:01.727  3458  3458 V InlineSuggestionRenderService: Releasing inline suggestion view host
10-22 23:41:01.733  3458  3458 D BLASTBufferQueue: [VRI[]#1084](f:0,a:4) destructor()
10-22 23:41:01.733  3458  3458 D BufferQueueConsumer: [VRI[]#1084(BLAST Consumer)1084](id:d820000043c,api:0,p:-1,c:3458) disconnect
