10-23 18:09:56.479  9275  9342 I FusedLocation: (REDACTED) location delivery to %s blocked - too close
10-23 18:09:56.479  9275  9342 I FusedLocation: (REDACTED) location delivery to %s blocked - too close
10-23 18:09:56.480  9275  9342 I FusedLocation: (REDACTED) location delivery to %s blocked - too fast
10-23 18:09:56.542  9275 17885 I TFLite-in-PlayServices: Created interpreter.
10-23 18:09:56.566  9275 17885 I TFLite-in-PlayServices: Created interpreter.
10-23 18:09:56.593  9275 17885 I SemanticLocation: (REDACTED) [Inferrer] %s%s
--------- beginning of system
10-23 18:09:56.721  1870  1928 V AutofillSession: Primary service component name: ComponentInfo{com.google.android.gms/com.google.android.gms.autofill.service.AutofillService}, secondary service component name: ComponentInfo{com.android.credentialmanager/com.android.credentialmanager.autofill.CredentialAutofillService}
10-23 18:09:56.724  1870 17085 D AutofillSession: clearPendingIntentLocked
10-23 18:09:56.725  3458  3458 V InlineSuggestionRenderService: handleDestroySuggestionViews called for 0:1901996133
10-23 18:09:56.740  5589  5589 I GoogleInputMethodService: GoogleInputMethodService.onFinishInput():2085 
10-23 18:09:56.740  1870  3606 D AutofillSession: createPendingIntent for request 4270
10-23 18:09:56.740  5589  5589 I Module  : DeviceLockedStatusModuleProvider$Module.updateDeviceLockedStatus():100 repeatCheckTimes = 0, locked = false
10-23 18:09:56.745  5589  5589 W TooltipLifecycleManager: TooltipLifecycleManager.dismissTooltips():153 Tooltip with id SUGGESTION_VIEW_EDU_MINI_DIALOG not found in tooltipManager.
10-23 18:09:56.759  5589  5589 I GoogleInputMethodService: GoogleInputMethodService.onStartInput():1346 onStartInput(EditorInfo{EditorInfo{packageName=com.a1taxi.a1taxicustomer, inputType=2001, inputTypeString=Normal[CapWords], enableLearning=false, autoCorrection=true, autoComplete=true, imeOptions=8000006, privateImeOptions=null, actionName=DONE, actionLabel=null, initialSelStart=0, initialSelEnd=0, initialCapsMode=2000, label=null, fieldId=259, fieldName=null, extras=Bundle[mParcelledData.dataSize=404], hintText=non-empty, hintLocales=[]}}, false)
10-23 18:09:56.761  5589  5589 I Module  : DeviceLockedStatusModuleProvider$Module.updateDeviceLockedStatus():100 repeatCheckTimes = 1, locked = false
10-23 18:09:56.763  5589  5589 I StylusModule: StylusModule.onUpdateToolType():800 Update tool type = 1
10-23 18:09:56.769  5589  5589 I GoogleInputMethodService: GoogleInputMethodService.onStartInputView():1439 onStartInputView(EditorInfo{EditorInfo{packageName=com.a1taxi.a1taxicustomer, inputType=2001, inputTypeString=Normal[CapWords], enableLearning=false, autoCorrection=true, autoComplete=true, imeOptions=8000006, privateImeOptions=null, actionName=DONE, actionLabel=null, initialSelStart=0, initialSelEnd=0, initialCapsMode=2000, label=null, fieldId=259, fieldName=null, extras=Bundle[{android.support.text.emoji.emojiCompat_metadataVersion=11, androidx.core.view.inputmethod.EditorInfoCompat.STYLUS_HANDWRITING_ENABLED=true, android.support.text.emoji.emojiCompat_replaceAll=false}], hintText=non-empty, hintLocales=[]}}, false)
10-23 18:09:56.776  5589  5589 I KeyboardHeightUtil: KeyboardHeightUtil.getOemKeyboardHeightRatio():108 systemKeyboardHeightRatio:1.000000.
10-23 18:09:56.779  5589  5589 I AndroidIME: InputBundleManager.loadActiveInputBundleId():528 loadActiveInputBundleId: en-US, ime_english_united_states
10-23 18:09:56.789  5589  5589 I LatinIme: LatinIme.<init>():388 Language = en-US
10-23 18:09:56.798  5589  5589 I Delight5Facilitator: Delight5Facilitator.initializeForIme():740 initializeForIme() : Locale = [en_US], layout = qwerty
10-23 18:09:56.800  5589  5589 I Delight5Facilitator: Delight5Facilitator.resetDecoder():912 resetDecoder() : Locale = [en_US]
10-23 18:09:56.802  5589  5589 I Delight5Decoder: Delight5DecoderWrapper.createOrResetDecoder():398 Decoder reset
10-23 18:09:56.808  9275 17821 W anqe    : Failed to retrieve prediction data. [CONTEXT service_id=177 ]
10-23 18:09:56.808  9275 17821 W anqe    : java.util.concurrent.ExecutionException: fnpd: No active MDD filegroup android-autofill-infinitedata found for the table autofill-domain-predictions-prod-spanner.
10-23 18:09:56.808  9275 17821 W anqe    : 	at gpkb.j(:com.google.android.gms@254031035@25.40.31 (260400-816341114):21)
10-23 18:09:56.808  9275 17821 W anqe    : 	at gpkk.v(:com.google.android.gms@254031035@25.40.31 (260400-816341114):107)
10-23 18:09:56.808  9275 17821 W anqe    : 	at gpkb.get(:com.google.android.gms@254031035@25.40.31 (260400-816341114):2)
10-23 18:09:56.808  9275 17821 W anqe    : 	at anqe.e(:com.google.android.gms@254031035@25.40.31 (260400-816341114):81)
10-23 18:09:56.808  9275 17821 W anqe    : 	at anqe.a(:com.google.android.gms@254031035@25.40.31 (260400-816341114):124)
10-23 18:09:56.808  9275 17821 W anqe    : 	at anno.call(:com.google.android.gms@254031035@25.40.31 (260400-816341114):5)
10-23 18:09:56.808  9275 17821 W anqe    : 	at java.util.concurrent.FutureTask.run(FutureTask.java:317)
10-23 18:09:56.808  9275 17821 W anqe    : 	at bckr.c(:com.google.android.gms@254031035@25.40.31 (260400-816341114):50)
10-23 18:09:56.808  9275 17821 W anqe    : 	at bckr.run(:com.google.android.gms@254031035@25.40.31 (260400-816341114):73)
10-23 18:09:56.808  9275 17821 W anqe    : 	at java.util.concurrent.ThreadPoolExecutor.runWorker(ThreadPoolExecutor.java:1156)
10-23 18:09:56.808  9275 17821 W anqe    : 	at java.util.concurrent.ThreadPoolExecutor$Worker.run(ThreadPoolExecutor.java:651)
10-23 18:09:56.808  9275 17821 W anqe    : 	at bcqi.run(:com.google.android.gms@254031035@25.40.31 (260400-816341114):8)
10-23 18:09:56.808  9275 17821 W anqe    : 	at java.lang.Thread.run(Thread.java:1119)
10-23 18:09:56.808  9275 17821 W anqe    : Caused by: fnpd: No active MDD filegroup android-autofill-infinitedata found for the table autofill-domain-predictions-prod-spanner.
10-23 18:09:56.808  9275 17821 W anqe    : 	at fnpr.a(:com.google.android.gms@254031035@25.40.31 (260400-816341114):13)
10-23 18:09:56.808  9275 17821 W anqe    : 	at gpjr.d(:com.google.android.gms@254031035@25.40.31 (260400-816341114):3)
10-23 18:09:56.808  9275 17821 W anqe    : 	at gpjt.run(:com.google.android.gms@254031035@25.40.31 (260400-816341114):130)
10-23 18:09:56.808  9275 17821 W anqe    : 	at gpma.execute(:com.google.android.gms@254031035@25.40.31 (260400-816341114):1)
10-23 18:09:56.808  9275 17821 W anqe    : 	at gpkb.f(:com.google.android.gms@254031035@25.40.31 (260400-816341114):1)
10-23 18:09:56.808  9275 17821 W anqe    : 	at gpkb.m(:com.google.android.gms@254031035@25.40.31 (260400-816341114):99)
10-23 18:09:56.808  9275 17821 W anqe    : 	at gpkb.r(:com.google.android.gms@254031035@25.40.31 (260400-816341114):17)
10-23 18:09:56.808  9275 17821 W anqe    : 	at gpko.run(:com.google.android.gms@254031035@25.40.31 (260400-816341114):77)
10-23 18:09:56.808  9275 17821 W anqe    : 	at gpma.execute(:com.google.android.gms@254031035@25.40.31 (260400-816341114):1)
10-23 18:09:56.808  9275 17821 W anqe    : 	at gpkb.f(:com.google.android.gms@254031035@25.40.31 (260400-816341114):1)
10-23 18:09:56.808  9275 17821 W anqe    : 	at gpkb.m(:com.google.android.gms@254031035@25.40.31 (260400-816341114):99)
10-23 18:09:56.808  9275 17821 W anqe    : 	at gpkb.t(:com.google.android.gms@254031035@25.40.31 (260400-816341114):26)
10-23 18:09:56.808  9275 17821 W anqe    : 	at gpjr.e(:com.google.android.gms@254031035@25.40.31 (260400-816341114):3)
10-23 18:09:56.808  9275 17821 W anqe    : 	at gpjt.run(:com.google.android.gms@254031035@25.40.31 (260400-816341114):138)
10-23 18:09:56.808  9275 17821 W anqe    : 	at gpma.execute(:com.google.android.gms@254031035@25.40.31 (260400-816341114):1)
10-23 18:09:56.808  9275 17821 W anqe    : 	at gpkb.f(:com.google.android.gms@254031035@25.40.31 (260400-816341114):1)
10-23 18:09:56.808  9275 17821 W anqe    : 	at gpkb.m(:com.google.android.gms@254031035@25.40.31 (260400-816341114):99)
10-23 18:09:56.808  9275 17821 W anqe    : 	at gpkb.r(:com.google.android.gms@254031035@25.40.31 (260400-816341114):17)
10-23 18:09:56.808  9275 17821 W anqe    : 	at gpko.run(:com.google.android.gms@254031035@25.40.31 (260400-816341114):77)
10-23 18:09:56.808  9275 17821 W anqe    : 	at gpma.execute(:com.google.android.gms@254031035@25.40.31 (260400-816341114):1)
10-23 18:09:56.808  9275 17821 W anqe    : 	at gpkb.f(:com.google.android.gms@254031035@25.40.31 (260400-816341114):1)
10-23 18:09:56.808  9275 17821 W anqe    : 	at gpkb.m(:com.google.android.gms@254031035@25.40.31 (260400-816341114):99)
10-23 18:09:56.808  9275 17821 W anqe    : 	at gpkb.t(:com.google.android.gms@254031035@25.40.31 (260400-816341114):26)
10-23 18:09:56.808  9275 17821 W anqe    : 	at gpmx.run(:com.google.android.gms@254031035@25.40.31 (260400-816341114):5)
10-23 18:09:56.808  9275 17821 W anqe    : 	at gpma.execute(:com.google.android.gms@254031035@25.40.31 (260400-816341114):1)
10-23 18:09:56.808  9275 17821 W anqe    : 	at gpkb.f(:com.google.android.gms@254031035@25.40.31 (260400-816341114):1)
10-23 18:09:56.808  9275 17821 W anqe    : 	at gpkb.m(:com.google.android.gms@254031035@25.40.31 (260400-816341114):99)
10-23 18:09:56.808  9275 17821 W anqe    : 	at gpkb.t(:com.google.android.gms@254031035@25.40.31 (260400-816341114):26)
10-23 18:09:56.808  9275 17821 W anqe    : 	at gpkm.e(:com.google.android.gms@254031035@25.40.31 (260400-816341114):3)
10-23 18:09:56.808  9275 17821 W anqe    : 	at gpko.run(:com.google.android.gms@254031035@25.40.31 (260400-816341114):44)
10-23 18:09:56.808  9275 17821 W anqe    : 	at gpod.run(:com.google.android.gms@254031035@25.40.31 (260400-816341114):64)
10-23 18:09:56.808  9275 17821 W anqe    : 	... 6 more
10-23 18:09:56.808  9275 17821 W anqe    : Caused by: flxc: Requested group not found.
10-23 18:09:56.808  9275 17821 W anqe    : 	at flxa.a(:com.google.android.gms@254031035@25.40.31 (260400-816341114):30)
10-23 18:09:56.808  9275 17821 W anqe    : 	at fmce.a(:com.google.android.gms@254031035@25.40.31 (260400-816341114):19)
10-23 18:09:56.808  9275 17821 W anqe    : 	at ghbr.a(:com.google.android.gms@254031035@25.40.31 (260400-816341114):13)
10-23 18:09:56.808  9275 17821 W anqe    : 	at gpkm.d(:com.google.android.gms@254031035@25.40.31 (260400-816341114):3)
10-23 18:09:56.808  9275 17821 W anqe    : 	at gpko.run(:com.google.android.gms@254031035@25.40.31 (260400-816341114):38)
10-23 18:09:56.808  9275 17821 W anqe    : 	... 7 more
10-23 18:09:56.808  9275 17076 I anpf    : (REDACTED) Unsupported field type provided by app=%s
10-23 18:09:56.809  9275 17076 I anpf    : (REDACTED) Unsupported field type provided by app=%s
10-23 18:09:56.821  9275 17070 E ievv    : *~*~*~ Previous channel {0} was garbage collected without being shut down! ~*~*~*
10-23 18:09:56.821  9275 17070 E ievv    :     Make sure to call shutdown()/shutdownNow()
10-23 18:09:56.821  9275 17070 E ievv    : java.lang.RuntimeException: ManagedChannel allocation site
10-23 18:09:56.821  9275 17070 E ievv    : 	at ievu.<init>(:com.google.android.gms@254031035@25.40.31 (260400-816341114):21)
10-23 18:09:56.821  9275 17070 E ievv    : 	at ievv.<init>(:com.google.android.gms@254031035@25.40.31 (260400-816341114):10)
10-23 18:09:56.821  9275 17070 E ievv    : 	at ievt.a(:com.google.android.gms@254031035@25.40.31 (260400-816341114):250)
10-23 18:09:56.821  9275 17070 E ievv    : 	at iegb.a(:com.google.android.gms@254031035@25.40.31 (260400-816341114):5)
10-23 18:09:56.821  9275 17070 E ievv    : 	at iekw.a(:com.google.android.gms@254031035@25.40.31 (260400-816341114):21)
10-23 18:09:56.821  9275 17070 E ievv    : 	at arjm.d(:com.google.android.gms@254031035@25.40.31 (260400-816341114):43)
10-23 18:09:56.821  9275 17070 E ievv    : 	at arjm.c(:com.google.android.gms@254031035@25.40.31 (260400-816341114):3)
10-23 18:09:56.821  9275 17070 E ievv    : 	at arjm.<init>(:com.google.android.gms@254031035@25.40.31 (260400-816341114):28)
10-23 18:09:56.821  9275 17070 E ievv    : 	at arkc.mr(:com.google.android.gms@254031035@25.40.31 (260400-816341114):5)
10-23 18:09:56.821  9275 17070 E ievv    : 	at gjep.mr(:com.google.android.gms@254031035@25.40.31 (260400-816341114):16)
10-23 18:09:56.821  9275 17070 E ievv    : 	at arkd.b(:com.google.android.gms@254031035@25.40.31 (260400-816341114):5)
10-23 18:09:56.821  9275 17070 E ievv    : 	at arhu.d(:com.google.android.gms@254031035@25.40.31 (260400-816341114):1)
10-23 18:09:56.821  9275 17070 E ievv    : 	at arhs.mr(:com.google.android.gms@254031035@25.40.31 (260400-816341114):47)
10-23 18:09:56.821  9275 17070 E ievv    : 	at gjep.mr(:com.google.android.gms@254031035@25.40.31 (260400-816341114):16)
10-23 18:09:56.821  9275 17070 E ievv    : 	at arhu.c(:com.google.android.gms@254031035@25.40.31 (260400-816341114):3)
10-23 18:09:56.821  9275 17070 E ievv    : 	at arhb.c(:com.google.android.gms@254031035@25.40.31 (260400-816341114):3)
10-23 18:09:56.821  9275 17070 E ievv    : 	at arbz.b(:com.google.android.gms@254031035@25.40.31 (260400-816341114):3)
10-23 18:09:56.821  9275 17070 E ievv    : 	at arbt.call(:com.google.android.gms@254031035@25.40.31 (260400-816341114):28)
10-23 18:09:56.821  9275 17070 E ievv    : 	at arbp.a(:com.google.android.gms@254031035@25.40.31 (260400-816341114):3)
10-23 18:09:56.821  9275 17070 E ievv    : 	at arnz.doInBackground(:com.google.android.gms@254031035@25.40.31 (260400-816341114):5)
10-23 18:09:56.821  9275 17070 E ievv    : 	at android.os.AsyncTask$3.call(AsyncTask.java:394)
10-23 18:09:56.821  9275 17070 E ievv    : 	at java.util.concurrent.FutureTask.run(FutureTask.java:317)
10-23 18:09:56.821  9275 17070 E ievv    : 	at bckr.c(:com.google.android.gms@254031035@25.40.31 (260400-816341114):50)
10-23 18:09:56.821  9275 17070 E ievv    : 	at bckr.run(:com.google.android.gms@254031035@25.40.31 (260400-816341114):73)
10-23 18:09:56.821  9275 17070 E ievv    : 	at java.util.concurrent.ThreadPoolExecutor.runWorker(ThreadPoolExecutor.java:1156)
10-23 18:09:56.821  9275 17070 E ievv    : 	at java.util.concurrent.ThreadPoolExecutor$Worker.run(ThreadPoolExecutor.java:651)
10-23 18:09:56.821  9275 17070 E ievv    : 	at bcqi.run(:com.google.android.gms@254031035@25.40.31 (260400-816341114):8)
10-23 18:09:56.821  9275 17070 E ievv    : 	at java.lang.Thread.run(Thread.java:1119)
10-23 18:09:56.821  9275 17070 E ievv    : *~*~*~ Previous channel {0} was garbage collected without being shut down! ~*~*~*
10-23 18:09:56.821  9275 17070 E ievv    :     Make sure to call shutdown()/shutdownNow()
10-23 18:09:56.821  9275 17070 E ievv    : java.lang.RuntimeException: ManagedChannel allocation site
10-23 18:09:56.821  9275 17070 E ievv    : 	at ievu.<init>(:com.google.android.gms@254031035@25.40.31 (260400-816341114):21)
10-23 18:09:56.821  9275 17070 E ievv    : 	at ievv.<init>(:com.google.android.gms@254031035@25.40.31 (260400-816341114):10)
10-23 18:09:56.821  9275 17070 E ievv    : 	at ievt.a(:com.google.android.gms@254031035@25.40.31 (260400-816341114):250)
10-23 18:09:56.821  9275 17070 E ievv    : 	at iegb.a(:com.google.android.gms@254031035@25.40.31 (260400-816341114):5)
10-23 18:09:56.821  9275 17070 E ievv    : 	at iekw.a(:com.google.android.gms@254031035@25.40.31 (260400-816341114):21)
10-23 18:09:56.821  9275 17070 E ievv    : 	at arjm.d(:com.google.android.gms@254031035@25.40.31 (260400-816341114):43)
10-23 18:09:56.821  9275 17070 E ievv    : 	at arjm.<init>(:com.google.android.gms@254031035@25.40.31 (260400-816341114):20)
10-23 18:09:56.821  9275 17070 E ievv    : 	at arkc.mr(:com.google.android.gms@254031035@25.40.31 (260400-816341114):5)
10-23 18:09:56.821  9275 17070 E ievv    : 	at gjep.mr(:com.google.android.gms@254031035@25.40.31 (260400-816341114):16)
10-23 18:09:56.821  9275 17070 E ievv    : 	at arkd.b(:com.google.android.gms@254031035@25.40.31 (260400-816341114):5)
10-23 18:09:56.821  9275 17070 E ievv    : 	at arhu.d(:com.google.android.gms@254031035@25.40.31 (260400-816341114):1)
10-23 18:09:56.821  9275 17070 E ievv    : 	at arhs.mr(:com.google.android.gms@254031035@25.40.31 (260400-816341114):47)
10-23 18:09:56.821  9275 17070 E ievv    : 	at gjep.mr(:com.google.android.gms@254031035@25.40.31 (260400-816341114):16)
10-23 18:09:56.821  9275 17070 E ievv    : 	at arhu.c(:com.google.android.gms@254031035@25.40.31 (260400-816341114):3)
10-23 18:09:56.821  9275 17070 E ievv    : 	at arhb.c(:com.google.android.gms@254031035@25.40.31 (260400-816341114):3)
10-23 18:09:56.821  9275 17070 E ievv    : 	at arbz.b(:com.google.android.gms@254031035@25.40.31 (260400-816341114):3)
10-23 18:09:56.821  9275 17070 E ievv    : 	at arbt.call(:com.google.android.gms@254031035@25.40.31 (260400-816341114):28)
10-23 18:09:56.821  9275 17070 E ievv    : 	at arbp.a(:com.google.android.gms@254031035@25.40.31 (260400-816341114):3)
10-23 18:09:56.821  9275 17070 E ievv    : 	at arnz.doInBackground(:com.google.android.gms@254031035@25.40.31 (260400-816341114):5)
10-23 18:09:56.821  9275 17070 E ievv    : 	at android.os.AsyncTask$3.call(AsyncTask.java:394)
10-23 18:09:56.821  9275 17070 E ievv    : 	at java.util.concurrent.FutureTask.run(FutureTask.java:317)
10-23 18:09:56.821  9275 17070 E ievv    : 	at bckr.c(:com.google.android.gms@254031035@25.40.31 (260400-816341114):50)
10-23 18:09:56.821  9275 17070 E ievv    : 	at bckr.run(:com.google.android.gms@254031035@25.40.31 (260400-816341114):73)
10-23 18:09:56.821  9275 17070 E ievv    : 	at java.util.concurrent.ThreadPoolExecutor.runWorker(ThreadPoolExecutor.java:1156)
10-23 18:09:56.821  9275 17070 E ievv    : 	at java.util.concurrent.ThreadPoolExecutor$Worker.run(ThreadPoolExecutor.java:651)
10-23 18:09:56.821  9275 17070 E ievv    : 	at bcqi.run(:com.google.android.gms@254031035@25.40.31 (260400-816341114):8)
10-23 18:09:56.821  9275 17070 E ievv    : 	at java.lang.Thread.run(Thread.java:1119)
10-23 18:09:56.823  9275 17821 I PasswordSaveInfoFactory: Form is missing passwords. [CONTEXT service_id=177 ]
10-23 18:09:56.823  9275 17070 E ievv    : *~*~*~ Previous channel {0} was garbage collected without being shut down! ~*~*~*
10-23 18:09:56.823  9275 17070 E ievv    :     Make sure to call shutdown()/shutdownNow()
10-23 18:09:56.823  9275 17070 E ievv    : java.lang.RuntimeException: ManagedChannel allocation site
10-23 18:09:56.823  9275 17070 E ievv    : 	at ievu.<init>(:com.google.android.gms@254031035@25.40.31 (260400-816341114):21)
10-23 18:09:56.823  9275 17070 E ievv    : 	at ievv.<init>(:com.google.android.gms@254031035@25.40.31 (260400-816341114):10)
10-23 18:09:56.823  9275 17070 E ievv    : 	at ievt.a(:com.google.android.gms@254031035@25.40.31 (260400-816341114):250)
10-23 18:09:56.823  9275 17070 E ievv    : 	at iegb.a(:com.google.android.gms@254031035@25.40.31 (260400-816341114):5)
10-23 18:09:56.823  9275 17070 E ievv    : 	at iekw.a(:com.google.android.gms@254031035@25.40.31 (260400-816341114):21)
10-23 18:09:56.823  9275 17070 E ievv    : 	at arjm.d(:com.google.android.gms@254031035@25.40.31 (260400-816341114):43)
10-23 18:09:56.823  9275 17070 E ievv    : 	at arjm.c(:com.google.android.gms@254031035@25.40.31 (260400-816341114):3)
10-23 18:09:56.823  9275 17070 E ievv    : 	at arjm.<init>(:com.google.android.gms@254031035@25.40.31 (260400-816341114):40)
10-23 18:09:56.823  9275 17070 E ievv    : 	at arhb.b(:com.google.android.gms@254031035@25.40.31 (260400-816341114):20)
10-23 18:09:56.823  9275 17070 E ievv    : 	at arbz.<init>(:com.google.android.gms@254031035@25.40.31 (260400-816341114):1)
10-23 18:09:56.823  9275 17070 E ievv    : 	at arbq.f(:com.google.android.gms@254031035@25.40.31 (260400-816341114):34)
10-23 18:09:56.823  9275 17070 E ievv    : 	at com.google.android.gms.backup.settings.backupnow.RunCustomBackupsIntentOperation.onHandleIntent(:com.google.android.gms@254031035@25.40.31 (260400-816341114):114)
10-23 18:09:56.823  9275 17070 E ievv    : 	at com.google.android.chimera.IntentOperation.onHandleIntent(:com.google.android.gms@254031035@25.40.31 (260400-816341114):2)
10-23 18:09:56.823  9275 17070 E ievv    : 	at awyw.onHandleIntent(:com.google.android.gms@254031035@25.40.31 (260400-816341114):8)
10-23 18:09:56.823  9275 17070 E ievv    : 	at xtj.run(:com.google.android.gms@254031035@25.40.31 (260400-816341114):64)
10-23 18:09:56.823  9275 17070 E ievv    : 	at xti.run(:com.google.android.gms@254031035@25.40.31 (260400-816341114):132)
10-23 18:09:56.823  9275 17070 E ievv    : 	at ghbv.run(:com.google.android.gms@254031035@25.40.31 (260400-816341114):21)
10-23 18:09:56.823  9275 17070 E ievv    : 	at java.util.concurrent.ThreadPoolExecutor.runWorker(ThreadPoolExecutor.java:1156)
10-23 18:09:56.823  9275 17070 E ievv    : 	at java.util.concurrent.ThreadPoolExecutor$Worker.run(ThreadPoolExecutor.java:651)
10-23 18:09:56.823  9275 17070 E ievv    : 	at java.lang.Thread.run(Thread.java:1119)
10-23 18:09:56.824  9275 17070 E ievv    : *~*~*~ Previous channel {0} was garbage collected without being shut down! ~*~*~*
10-23 18:09:56.824  9275 17070 E ievv    :     Make sure to call shutdown()/shutdownNow()
10-23 18:09:56.824  9275 17070 E ievv    : java.lang.RuntimeException: ManagedChannel allocation site
10-23 18:09:56.824  9275 17070 E ievv    : 	at ievu.<init>(:com.google.android.gms@254031035@25.40.31 (260400-816341114):21)
10-23 18:09:56.824  9275 17070 E ievv    : 	at ievv.<init>(:com.google.android.gms@254031035@25.40.31 (260400-816341114):10)
10-23 18:09:56.824  9275 17070 E ievv    : 	at ievt.a(:com.google.android.gms@254031035@25.40.31 (260400-816341114):250)
10-23 18:09:56.824  9275 17070 E ievv    : 	at iegb.a(:com.google.android.gms@254031035@25.40.31 (260400-816341114):5)
10-23 18:09:56.824  9275 17070 E ievv    : 	at iekw.a(:com.google.android.gms@254031035@25.40.31 (260400-816341114):21)
10-23 18:09:56.824  9275 17070 E ievv    : 	at arjm.d(:com.google.android.gms@254031035@25.40.31 (260400-816341114):43)
10-23 18:09:56.824  9275 17070 E ievv    : 	at arjm.<init>(:com.google.android.gms@254031035@25.40.31 (260400-816341114):20)
10-23 18:09:56.824  9275 17070 E ievv    : 	at arkc.mr(:com.google.android.gms@254031035@25.40.31 (260400-816341114):5)
10-23 18:09:56.824  9275 17070 E ievv    : 	at gjep.mr(:com.google.android.gms@254031035@25.40.31 (260400-816341114):16)
10-23 18:09:56.824  9275 17070 E ievv    : 	at arkd.b(:com.google.android.gms@254031035@25.40.31 (260400-816341114):5)
10-23 18:09:56.824  9275 17070 E ievv    : 	at arkd.a(:com.google.android.gms@254031035@25.40.31 (260400-816341114):9)
10-23 18:09:56.824  9275 17070 E ievv    : 	at arje.a(:com.google.android.gms@254031035@25.40.31 (260400-816341114):9)
10-23 18:09:56.824  9275 17070 E ievv    : 	at arhb.c(:com.google.android.gms@254031035@25.40.31 (260400-816341114):7)
10-23 18:09:56.824  9275 17070 E ievv    : 	at arbz.b(:com.google.android.gms@254031035@25.40.31 (260400-816341114):3)
10-23 18:09:56.824  9275 17070 E ievv    : 	at arbt.call(:com.google.android.gms@254031035@25.40.31 (260400-816341114):28)
10-23 18:09:56.824  9275 17070 E ievv    : 	at arbp.a(:com.google.android.gms@254031035@25.40.31 (260400-816341114):3)
10-23 18:09:56.824  9275 17070 E ievv    : 	at arnz.doInBackground(:com.google.android.gms@254031035@25.40.31 (260400-816341114):5)
10-23 18:09:56.824  9275 17070 E ievv    : 	at android.os.AsyncTask$3.call(AsyncTask.java:394)
10-23 18:09:56.824  9275 17070 E ievv    : 	at java.util.concurrent.FutureTask.run(FutureTask.java:317)
10-23 18:09:56.824  9275 17070 E ievv    : 	at bckr.c(:com.google.android.gms@254031035@25.40.31 (260400-816341114):50)
10-23 18:09:56.824  9275 17070 E ievv    : 	at bckr.run(:com.google.android.gms@254031035@25.40.31 (260400-816341114):73)
10-23 18:09:56.824  9275 17070 E ievv    : 	at java.util.concurrent.ThreadPoolExecutor.runWorker(ThreadPoolExecutor.java:1156)
10-23 18:09:56.824  9275 17070 E ievv    : 	at java.util.concurrent.ThreadPoolExecutor$Worker.run(ThreadPoolExecutor.java:651)
10-23 18:09:56.824  9275 17070 E ievv    : 	at bcqi.run(:com.google.android.gms@254031035@25.40.31 (260400-816341114):8)
10-23 18:09:56.824  9275 17070 E ievv    : 	at java.lang.Thread.run(Thread.java:1119)
10-23 18:09:56.825  9275 17070 E ievv    : *~*~*~ Previous channel {0} was garbage collected without being shut down! ~*~*~*
10-23 18:09:56.825  9275 17070 E ievv    :     Make sure to call shutdown()/shutdownNow()
10-23 18:09:56.825  9275 17070 E ievv    : java.lang.RuntimeException: ManagedChannel allocation site
10-23 18:09:56.825  9275 17070 E ievv    : 	at ievu.<init>(:com.google.android.gms@254031035@25.40.31 (260400-816341114):21)
10-23 18:09:56.825  9275 17070 E ievv    : 	at ievv.<init>(:com.google.android.gms@254031035@25.40.31 (260400-816341114):10)
10-23 18:09:56.825  9275 17070 E ievv    : 	at ievt.a(:com.google.android.gms@254031035@25.40.31 (260400-816341114):250)
10-23 18:09:56.825  9275 17070 E ievv    : 	at iegb.a(:com.google.android.gms@254031035@25.40.31 (260400-816341114):5)
10-23 18:09:56.825  9275 17070 E ievv    : 	at iekw.a(:com.google.android.gms@254031035@25.40.31 (260400-816341114):21)
10-23 18:09:56.825  9275 17070 E ievv    : 	at arjm.d(:com.google.android.gms@254031035@25.40.31 (260400-816341114):43)
10-23 18:09:56.825  9275 17070 E ievv    : 	at arjm.c(:com.google.android.gms@254031035@25.40.31 (260400-816341114):3)
10-23 18:09:56.825  9275 17070 E ievv    : 	at arjm.<init>(:com.google.android.gms@254031035@25.40.31 (260400-816341114):40)
10-23 18:09:56.825  9275 17070 E ievv    : 	at arkc.mr(:com.google.android.gms@254031035@25.40.31 (260400-816341114):5)
10-23 18:09:56.825  9275 17070 E ievv    : 	at gjep.mr(:com.google.android.gms@254031035@25.40.31 (260400-816341114):16)
10-23 18:09:56.825  9275 17070 E ievv    : 	at arkd.b(:com.google.android.gms@254031035@25.40.31 (260400-816341114):5)
10-23 18:09:56.825  9275 17070 E ievv    : 	at arkd.a(:com.google.android.gms@254031035@25.40.31 (260400-816341114):9)
10-23 18:09:56.825  9275 17070 E ievv    : 	at arje.a(:com.google.android.gms@254031035@25.40.31 (260400-816341114):9)
10-23 18:09:56.825  9275 17070 E ievv    : 	at arhb.c(:com.google.android.gms@254031035@25.40.31 (260400-816341114):7)
10-23 18:09:56.825  9275 17070 E ievv    : 	at arbz.b(:com.google.android.gms@254031035@25.40.31 (260400-816341114):3)
10-23 18:09:56.825  9275 17070 E ievv    : 	at arbt.call(:com.google.android.gms@254031035@25.40.31 (260400-816341114):28)
10-23 18:09:56.825  9275 17070 E ievv    : 	at arbp.a(:com.google.android.gms@254031035@25.40.31 (260400-816341114):3)
10-23 18:09:56.825  9275 17070 E ievv    : 	at arnz.doInBackground(:com.google.android.gms@254031035@25.40.31 (260400-816341114):5)
10-23 18:09:56.825  9275 17070 E ievv    : 	at android.os.AsyncTask$3.call(AsyncTask.java:394)
10-23 18:09:56.825  9275 17070 E ievv    : 	at java.util.concurrent.FutureTask.run(FutureTask.java:317)
10-23 18:09:56.825  9275 17070 E ievv    : 	at bckr.c(:com.google.android.gms@254031035@25.40.31 (260400-816341114):50)
10-23 18:09:56.825  9275 17070 E ievv    : 	at bckr.run(:com.google.android.gms@254031035@25.40.31 (260400-816341114):73)
10-23 18:09:56.825  9275 17070 E ievv    : 	at java.util.concurrent.ThreadPoolExecutor.runWorker(ThreadPoolExecutor.java:1156)
10-23 18:09:56.825  9275 17070 E ievv    : 	at java.util.concurrent.ThreadPoolExecutor$Worker.run(ThreadPoolExecutor.java:651)
10-23 18:09:56.825  9275 17070 E ievv    : 	at bcqi.run(:com.google.android.gms@254031035@25.40.31 (260400-816341114):8)
10-23 18:09:56.825  9275 17070 E ievv    : 	at java.lang.Thread.run(Thread.java:1119)
10-23 18:09:56.825  9275 17070 E ievv    : *~*~*~ Previous channel {0} was garbage collected without being shut down! ~*~*~*
10-23 18:09:56.825  9275 17070 E ievv    :     Make sure to call shutdown()/shutdownNow()
10-23 18:09:56.825  9275 17070 E ievv    : java.lang.RuntimeException: ManagedChannel allocation site
10-23 18:09:56.825  9275 17070 E ievv    : 	at ievu.<init>(:com.google.android.gms@254031035@25.40.31 (260400-816341114):21)
10-23 18:09:56.825  9275 17070 E ievv    : 	at ievv.<init>(:com.google.android.gms@254031035@25.40.31 (260400-816341114):10)
10-23 18:09:56.825  9275 17070 E ievv    : 	at ievt.a(:com.google.android.gms@254031035@25.40.31 (260400-816341114):250)
10-23 18:09:56.825  9275 17070 E ievv    : 	at iegb.a(:com.google.android.gms@254031035@25.40.31 (260400-816341114):5)
10-23 18:09:56.825  9275 17070 E ievv    : 	at iekw.a(:com.google.android.gms@254031035@25.40.31 (260400-816341114):21)
10-23 18:09:56.825  9275 17070 E ievv    : 	at arjm.d(:com.google.android.gms@254031035@25.40.31 (260400-816341114):43)
10-23 18:09:56.825  9275 17070 E ievv    : 	at arjm.c(:com.google.android.gms@254031035@25.40.31 (260400-816341114):3)
10-23 18:09:56.825  9275 17070 E ievv    : 	at arjm.<init>(:com.google.android.gms@254031035@25.40.31 (260400-816341114):28)
10-23 18:09:56.825  9275 17070 E ievv    : 	at arhb.b(:com.google.android.gms@254031035@25.40.31 (260400-816341114):20)
10-23 18:09:56.825  9275 17070 E ievv    : 	at arbz.<init>(:com.google.android.gms@254031035@25.40.31 (260400-816341114):1)
10-23 18:09:56.825  9275 17070 E ievv    : 	at arbq.f(:com.google.android.gms@254031035@25.40.31 (260400-816341114):34)
10-23 18:09:56.825  9275 17070 E ievv    : 	at com.google.android.gms.backup.settings.backupnow.RunCustomBackupsIntentOperation.onHandleIntent(:com.google.android.gms@254031035@25.40.31 (260400-816341114):114)
10-23 18:09:56.825  9275 17070 E ievv    : 	at com.google.android.chimera.IntentOperation.onHandleIntent(:com.google.android.gms@254031035@25.40.31 (260400-816341114):2)
10-23 18:09:56.825  9275 17070 E ievv    : 	at awyw.onHandleIntent(:com.google.android.gms@254031035@25.40.31 (260400-816341114):8)
10-23 18:09:56.825  9275 17070 E ievv    : 	at xtj.run(:com.google.android.gms@254031035@25.40.31 (260400-816341114):64)
10-23 18:09:56.825  9275 17070 E ievv    : 	at xti.run(:com.google.android.gms@254031035@25.40.31 (260400-816341114):132)
10-23 18:09:56.825  9275 17070 E ievv    : 	at ghbv.run(:com.google.android.gms@254031035@25.40.31 (260400-816341114):21)
10-23 18:09:56.825  9275 17070 E ievv    : 	at java.util.concurrent.ThreadPoolExecutor.runWorker(ThreadPoolExecutor.java:1156)
10-23 18:09:56.825  9275 17070 E ievv    : 	at java.util.concurrent.ThreadPoolExecutor$Worker.run(ThreadPoolExecutor.java:651)
10-23 18:09:56.825  9275 17070 E ievv    : 	at java.lang.Thread.run(Thread.java:1119)
10-23 18:09:56.827  9275 17070 E ievv    : *~*~*~ Previous channel {0} was garbage collected without being shut down! ~*~*~*
10-23 18:09:56.827  9275 17070 E ievv    :     Make sure to call shutdown()/shutdownNow()
10-23 18:09:56.827  9275 17070 E ievv    : java.lang.RuntimeException: ManagedChannel allocation site
10-23 18:09:56.827  9275 17070 E ievv    : 	at ievu.<init>(:com.google.android.gms@254031035@25.40.31 (260400-816341114):21)
10-23 18:09:56.827  9275 17070 E ievv    : 	at ievv.<init>(:com.google.android.gms@254031035@25.40.31 (260400-816341114):10)
10-23 18:09:56.827  9275 17070 E ievv    : 	at ievt.a(:com.google.android.gms@254031035@25.40.31 (260400-816341114):250)
10-23 18:09:56.827  9275 17070 E ievv    : 	at iegb.a(:com.google.android.gms@254031035@25.40.31 (260400-816341114):5)
10-23 18:09:56.827  9275 17070 E ievv    : 	at iekw.a(:com.google.android.gms@254031035@25.40.31 (260400-816341114):21)
10-23 18:09:56.827  9275 17070 E ievv    : 	at arjm.d(:com.google.android.gms@254031035@25.40.31 (260400-816341114):43)
10-23 18:09:56.827  9275 17070 E ievv    : 	at arjm.c(:com.google.android.gms@254031035@25.40.31 (260400-816341114):3)
10-23 18:09:56.827  9275 17070 E ievv    : 	at arjm.<init>(:com.google.android.gms@254031035@25.40.31 (260400-816341114):28)
10-23 18:09:56.827  9275 17070 E ievv    : 	at arkc.mr(:com.google.android.gms@254031035@25.40.31 (260400-816341114):5)
10-23 18:09:56.827  9275 17070 E ievv    : 	at gjep.mr(:com.google.android.gms@254031035@25.40.31 (260400-816341114):16)
10-23 18:09:56.827  9275 17070 E ievv    : 	at arkd.b(:com.google.android.gms@254031035@25.40.31 (260400-816341114):5)
10-23 18:09:56.827  9275 17070 E ievv    : 	at arkd.a(:com.google.android.gms@254031035@25.40.31 (260400-816341114):9)
10-23 18:09:56.827  9275 17070 E ievv    : 	at arje.a(:com.google.android.gms@254031035@25.40.31 (260400-816341114):9)
10-23 18:09:56.827  9275 17070 E ievv    : 	at arhb.c(:com.google.android.gms@254031035@25.40.31 (260400-816341114):7)
10-23 18:09:56.827  9275 17070 E ievv    : 	at arbz.b(:com.google.android.gms@254031035@25.40.31 (260400-816341114):3)
10-23 18:09:56.827  9275 17070 E ievv    : 	at arbt.call(:com.google.android.gms@254031035@25.40.31 (260400-816341114):28)
10-23 18:09:56.827  9275 17070 E ievv    : 	at arbp.a(:com.google.android.gms@254031035@25.40.31 (260400-816341114):3)
10-23 18:09:56.827  9275 17070 E ievv    : 	at arnz.doInBackground(:com.google.android.gms@254031035@25.40.31 (260400-816341114):5)
10-23 18:09:56.827  9275 17070 E ievv    : 	at android.os.AsyncTask$3.call(AsyncTask.java:394)
10-23 18:09:56.827  9275 17070 E ievv    : 	at java.util.concurrent.FutureTask.run(FutureTask.java:317)
10-23 18:09:56.827  9275 17070 E ievv    : 	at bckr.c(:com.google.android.gms@254031035@25.40.31 (260400-816341114):50)
10-23 18:09:56.827  9275 17070 E ievv    : 	at bckr.run(:com.google.android.gms@254031035@25.40.31 (260400-816341114):73)
10-23 18:09:56.827  9275 17070 E ievv    : 	at java.util.concurrent.ThreadPoolExecutor.runWorker(ThreadPoolExecutor.java:1156)
10-23 18:09:56.827  9275 17070 E ievv    : 	at java.util.concurrent.ThreadPoolExecutor$Worker.run(ThreadPoolExecutor.java:651)
10-23 18:09:56.827  9275 17070 E ievv    : 	at bcqi.run(:com.google.android.gms@254031035@25.40.31 (260400-816341114):8)
10-23 18:09:56.827  9275 17070 E ievv    : 	at java.lang.Thread.run(Thread.java:1119)
10-23 18:09:56.827  9275 17070 E ievv    : *~*~*~ Previous channel {0} was garbage collected without being shut down! ~*~*~*
10-23 18:09:56.827  9275 17070 E ievv    :     Make sure to call shutdown()/shutdownNow()
10-23 18:09:56.827  9275 17070 E ievv    : java.lang.RuntimeException: ManagedChannel allocation site
10-23 18:09:56.827  9275 17070 E ievv    : 	at ievu.<init>(:com.google.android.gms@254031035@25.40.31 (260400-816341114):21)
10-23 18:09:56.827  9275 17070 E ievv    : 	at ievv.<init>(:com.google.android.gms@254031035@25.40.31 (260400-816341114):10)
10-23 18:09:56.827  9275 17070 E ievv    : 	at ievt.a(:com.google.android.gms@254031035@25.40.31 (260400-816341114):250)
10-23 18:09:56.827  9275 17070 E ievv    : 	at iegb.a(:com.google.android.gms@254031035@25.40.31 (260400-816341114):5)
10-23 18:09:56.827  9275 17070 E ievv    : 	at iekw.a(:com.google.android.gms@254031035@25.40.31 (260400-816341114):21)
10-23 18:09:56.827  9275 17070 E ievv    : 	at arjm.d(:com.google.android.gms@254031035@25.40.31 (260400-816341114):43)
10-23 18:09:56.827  9275 17070 E ievv    : 	at arjm.<init>(:com.google.android.gms@254031035@25.40.31 (260400-816341114):20)
10-23 18:09:56.827  9275 17070 E ievv    : 	at arhb.b(:com.google.android.gms@254031035@25.40.31 (260400-816341114):20)
10-23 18:09:56.827  9275 17070 E ievv    : 	at arbz.<init>(:com.google.android.gms@254031035@25.40.31 (260400-816341114):1)
10-23 18:09:56.827  9275 17070 E ievv    : 	at arbq.f(:com.google.android.gms@254031035@25.40.31 (260400-816341114):34)
10-23 18:09:56.827  9275 17070 E ievv    : 	at com.google.android.gms.backup.settings.backupnow.RunCustomBackupsIntentOperation.onHandleIntent(:com.google.android.gms@254031035@25.40.31 (260400-816341114):114)
10-23 18:09:56.827  9275 17070 E ievv    : 	at com.google.android.chimera.IntentOperation.onHandleIntent(:com.google.android.gms@254031035@25.40.31 (260400-816341114):2)
10-23 18:09:56.827  9275 17070 E ievv    : 	at awyw.onHandleIntent(:com.google.android.gms@254031035@25.40.31 (260400-816341114):8)
10-23 18:09:56.827  9275 17070 E ievv    : 	at xtj.run(:com.google.android.gms@254031035@25.40.31 (260400-816341114):64)
10-23 18:09:56.827  9275 17070 E ievv    : 	at xti.run(:com.google.android.gms@254031035@25.40.31 (260400-816341114):132)
10-23 18:09:56.827  9275 17070 E ievv    : 	at ghbv.run(:com.google.android.gms@254031035@25.40.31 (260400-816341114):21)
10-23 18:09:56.827  9275 17070 E ievv    : 	at java.util.concurrent.ThreadPoolExecutor.runWorker(ThreadPoolExecutor.java:1156)
10-23 18:09:56.827  9275 17070 E ievv    : 	at java.util.concurrent.ThreadPoolExecutor$Worker.run(ThreadPoolExecutor.java:651)
10-23 18:09:56.827  9275 17070 E ievv    : 	at java.lang.Thread.run(Thread.java:1119)
10-23 18:09:56.827  9275 17070 E ievv    : *~*~*~ Previous channel {0} was garbage collected without being shut down! ~*~*~*
10-23 18:09:56.827  9275 17070 E ievv    :     Make sure to call shutdown()/shutdownNow()
10-23 18:09:56.827  9275 17070 E ievv    : java.lang.RuntimeException: ManagedChannel allocation site
10-23 18:09:56.827  9275 17070 E ievv    : 	at ievu.<init>(:com.google.android.gms@254031035@25.40.31 (260400-816341114):21)
10-23 18:09:56.827  9275 17070 E ievv    : 	at ievv.<init>(:com.google.android.gms@254031035@25.40.31 (260400-816341114):10)
10-23 18:09:56.827  9275 17070 E ievv    : 	at ievt.a(:com.google.android.gms@254031035@25.40.31 (260400-816341114):250)
10-23 18:09:56.827  9275 17070 E ievv    : 	at iegb.a(:com.google.android.gms@254031035@25.40.31 (260400-816341114):5)
10-23 18:09:56.827  9275 17070 E ievv    : 	at iekw.a(:com.google.android.gms@254031035@25.40.31 (260400-816341114):21)
10-23 18:09:56.827  9275 17070 E ievv    : 	at arjm.d(:com.google.android.gms@254031035@25.40.31 (260400-816341114):43)
10-23 18:09:56.827  9275 17070 E ievv    : 	at arjm.c(:com.google.android.gms@254031035@25.40.31 (260400-816341114):3)
10-23 18:09:56.827  9275 17070 E ievv    : 	at arjm.<init>(:com.google.android.gms@254031035@25.40.31 (260400-816341114):40)
10-23 18:09:56.827  9275 17070 E ievv    : 	at arkc.mr(:com.google.android.gms@254031035@25.40.31 (260400-816341114):5)
10-23 18:09:56.827  9275 17070 E ievv    : 	at gjep.mr(:com.google.android.gms@254031035@25.40.31 (260400-816341114):16)
10-23 18:09:56.827  9275 17070 E ievv    : 	at arkd.b(:com.google.android.gms@254031035@25.40.31 (260400-816341114):5)
10-23 18:09:56.827  9275 17070 E ievv    : 	at arhu.d(:com.google.android.gms@254031035@25.40.31 (260400-816341114):1)
10-23 18:09:56.827  9275 17070 E ievv    : 	at arhs.mr(:com.google.android.gms@254031035@25.40.31 (260400-816341114):47)
10-23 18:09:56.827  9275 17070 E ievv    : 	at gjep.mr(:com.google.android.gms@254031035@25.40.31 (260400-816341114):16)
10-23 18:09:56.827  9275 17070 E ievv    : 	at arhu.c(:com.google.android.gms@254031035@25.40.31 (260400-816341114):3)
10-23 18:09:56.827  9275 17070 E ievv    : 	at arhb.c(:com.google.android.gms@254031035@25.40.31 (260400-816341114):3)
10-23 18:09:56.827  9275 17070 E ievv    : 	at arbz.b(:com.google.android.gms@254031035@25.40.31 (260400-816341114):3)
10-23 18:09:56.827  9275 17070 E ievv    : 	at arbt.call(:com.google.android.gms@254031035@25.40.31 (260400-816341114):28)
10-23 18:09:56.827  9275 17070 E ievv    : 	at arbp.a(:com.google.android.gms@254031035@25.40.31 (260400-816341114):3)
10-23 18:09:56.827  9275 17070 E ievv    : 	at arnz.doInBackground(:com.google.android.gms@254031035@25.40.31 (260400-816341114):5)
10-23 18:09:56.827  9275 17070 E ievv    : 	at android.os.AsyncTask$3.call(AsyncTask.java:394)
10-23 18:09:56.827  9275 17070 E ievv    : 	at java.util.concurrent.FutureTask.run(FutureTask.java:317)
10-23 18:09:56.827  9275 17070 E ievv    : 	at bckr.c(:com.google.android.gms@254031035@25.40.31 (260400-816341114):50)
10-23 18:09:56.827  9275 17070 E ievv    : 	at bckr.run(:com.google.android.gms@254031035@25.40.31 (260400-816341114):73)
10-23 18:09:56.827  9275 17070 E ievv    : 	at java.util.concurrent.ThreadPoolExecutor.runWorker(ThreadPoolExecutor.java:1156)
10-23 18:09:56.827  9275 17070 E ievv    : 	at java.util.concurrent.ThreadPoolExecutor$Worker.run(ThreadPoolExecutor.java:651)
10-23 18:09:56.827  9275 17070 E ievv    : 	at bcqi.run(:com.google.android.gms@254031035@25.40.31 (260400-816341114):8)
10-23 18:09:56.827  9275 17070 E ievv    : 	at java.lang.Thread.run(Thread.java:1119)
10-23 18:09:56.912  5589  5589 I AndroidIME: AbstractIme.onActivate():96 LatinIme.onActivate() : EditorInfo = EditorInfo{packageName=com.a1taxi.a1taxicustomer, inputType=2001, inputTypeString=Normal[CapWords], enableLearning=false, autoCorrection=true, autoComplete=true, imeOptions=8000006, privateImeOptions=null, actionName=DONE, actionLabel=null, initialSelStart=0, initialSelEnd=0, initialCapsMode=2000, label=null, fieldId=259, fieldName=null, extras=Bundle[{android.support.text.emoji.emojiCompat_metadataVersion=11, androidx.core.view.inputmethod.EditorInfoCompat.STYLUS_HANDWRITING_ENABLED=true, android.support.text.emoji.emojiCompat_replaceAll=false}], hintText=non-empty, hintLocales=[]}, IncognitoMode = false, DeviceLocked = false
10-23 18:09:56.914  5589  5589 I InputBundle: InputBundle.consumeEvent():1032 Skip consuming an event as keyboard status is INACTIVE
10-23 18:09:56.914  5589  6032 I MainLanguageModelLoader: MainLanguageModelLoader.loadInternal():151 Running LM loader for [en_US]
10-23 18:09:56.915  5589  5589 I LatinIme: LatinIme.updateEnableInlineSuggestionsOnDecoderSideFlags():1247 inline flag updated to:false
10-23 18:09:56.916  5589  6032 I DelightDataFileManagerLanguageModelProvider: DelightDataFileManagerLanguageModelProvider.fetchLanguageModel():79 find data en-IN mdd
10-23 18:09:56.916  5589  5589 I LatinIme: LatinIme.updateEnableInlineSuggestionsOnDecoderSideFlags():1247 inline flag updated to:false
10-23 18:09:56.919  5589  6032 I LmManager: LmManager.asyncUpdateEnabledLanguageModels():99 asyncUpdateEnabledLanguageModels()
10-23 18:09:56.920  5589  5589 I InputBundle: InputBundle.consumeEvent():1032 Skip consuming an event as keyboard status is INACTIVE
10-23 18:09:56.920  5589 15304 I SuperDelight: SuperDelightManager.initializeBundledDelightSuperpacks():358 initializeBundledDelightSuperpacks()
10-23 18:09:56.920  5589  6032 I SuperDelight: SuperDelightManager.initializeOverridesSuperpacks():384 initializeOverridesSuperpacks()
10-23 18:09:56.920  5589  5589 I LatinIme: LatinIme.resetInputContext():2251 resetInputContext(): reason=1, externalEditsInfo=ExternalEditsInfo{action=0, offset=-1, text=null, originalText=null, edits=null}
10-23 18:09:56.921  5589  5589 I InputBundle: InputBundle.consumeEvent():1032 Skip consuming an event as keyboard status is INACTIVE
10-23 18:09:56.923  5589  6032 I DelightKLPDownloader: DelightKLPDownloader.downloadKLPInternal():203 downloading KLP for en_IN
10-23 18:09:56.924  5589  5589 I KeyboardWrapper: KeyboardWrapper.activateKeyboard():581 activateKeyboard(): type=prime, status=INACTIVE, imeDef=mkk{stringId=ime_english_united_states, language=en-US, languageTag=en-US, processedConditions={writing_helper_enable_by_word_revert=false, true=true, enable_number_row=true, device=phone, enable_pk_simulator=false}, className=com.google.android.apps.inputmethod.libs.latin5.LatinIme, label=0, keyEventInterpreter=null, inlineComposing=true, autoCapital=true, announceAutoSelectedCandidate=true, statusIcon=0, indicatorIcon=0, indicatorLabel=US, displayAppCompletions=true, extraValues=mkd{#0x7f0b02e0=TypedValue{t=0x3/d=0x0 "com.google.android.apps.inputmethod.libs.latin5.LatinIme"}}, processors=mmb@7d3d911, unacceptableMetaKeys=4098, languageSpecificSettings=0, asciiCapable=true, alwaysShowSuggestions=false, useAsciiPasswordKeyboard=false, keyboardGroupDef=mlk@9ed8bf6, phenotypeFlagId=0, localizationLanguageTag=null, supportsInlineSuggestion=true}
10-23 18:09:56.924  5589  5589 I KeyboardManager: KeyboardManager.requestKeyboard():248 Creating keyboard prime, imeId=ime_english_united_states, cacheKey=theme,!gsf,!pgsans,!pgsf,!use_system_font,BORDER,FLAVOR_DPI=XXHDPI,GOOGLE_ICONS,KEYBOARD_WIDTH_CATEGORY=NORMAL,KEY_BORDER_SHAPE=1,LIGHT_THEME=false,PHYSICAL_DIAGONAL=5.748144,POPUP,SCREEN_SHORTEST_WIDTH=393,SCREEN_SHORTEST_WIDTH_NO_SCALE=393,XXHDPI,bottom4dp,enable_emoji_kitchen_browse_color_v2=true,enable_google_fonts_icons=true,enable_popup_on_keypress=true,keyboard_redesign_google_sans=true,non_linear_scale,noshadow,overlay_builtin_dynamic_color_dark_base.binarypb:gm3-dark-ff131313-ffffffff-4d9204e36e3ccb6a165e3e3dbe763ce0,roundedchip,silkpopup
10-23 18:09:56.925  5589  6009 I SP      : Registering bundled_delight.2025072800, url: null, constraints: *:*:*:*, flags: *, requested: 2025072800, current: 2025072800
10-23 18:09:56.926  5589  6032 I DelightDataFileManagerLanguageModelProvider: DelightDataFileManagerLanguageModelProvider.fetchLanguageModel():79 find data en-US bundled_delight
10-23 18:09:56.927  5589 15512 I DelightKLPDownloader: DelightKLPDownloader.getBundledLmVersion():312 bundled KLP for en_IN version = 0
10-23 18:09:56.927  5589 15511 I SuperDelight: SuperDelightManager.syncOverridesLanguageModels():621 SuperDelightManager#syncOverridesLanguageModels(): Superpack delight_overrides not found or negative version provided
10-23 18:09:56.927  5589  5589 I KeyboardWrapper: KeyboardWrapper.onKeyboardReady():224 onKeyboardReady(): type=null(prime), kb=com.google.android.apps.inputmethod.latin.keyboard.LatinPrimeKeyboard@db957e8
10-23 18:09:56.927  5589  5589 I KeyboardWrapper: KeyboardWrapper.doActivateKeyboard():611 doActivateKeyboard(): prime
10-23 18:09:56.927  5589 15512 I ManifestedDataDownloader: ManifestedDataDownloader.download():67 downloading manifest https://www.gstatic.com/android/keyboard/dictionarypack/2025052121/metadata.json-perlang/en-IN.json?v=2025090300
10-23 18:09:56.927  5589 15513 I SuperDelight: SuperDelightManager.initializeBundledDelightSuperpacks():358 initializeBundledDelightSuperpacks()
10-23 18:09:56.928  5589  6032 I LmManager: LmManager.asyncUpdateEnabledLanguageModels():99 asyncUpdateEnabledLanguageModels()
10-23 18:09:56.928  5589  6032 I SuperDelight: SuperDelightManager.initializeOverridesSuperpacks():384 initializeOverridesSuperpacks()
10-23 18:09:56.928  5589  6032 I DelightKLPDownloader: DelightKLPDownloader.downloadKLPInternal():203 downloading KLP for en_IN
10-23 18:09:56.930  5589  6030 I Delight5Decoder: Delight5DecoderWrapper.loadLanguageModel():758 loadLanguageModel() : 1, version [2025051500]
10-23 18:09:56.931  1870  1870 D AutofillSession: Service did not request to wait for delayed fill response.
10-23 18:09:56.934  5589  6032 I MainLanguageModelLoader: MainLanguageModelLoader.updateLmAvailableState():361 updateLmAvailableState(): locale? en_US prevState? AVAILABLE
10-23 18:09:56.934  5589  6032 I MainLanguageModelLoader: MainLanguageModelLoader.updateLmAvailableState():397 updateLmAvailableState(): locale? en_US newState? AVAILABLE
10-23 18:09:56.934  5589  6032 I Delight5Facilitator: BlocklistLoader.call():40 Running blocklist loader
10-23 18:09:56.935  5589  6032 I Delight5Facilitator: ContactsLanguageModelLoader.call():38 Running contacts language model loader
10-23 18:09:56.935  5589  6032 I Delight5Facilitator: PersonalLanguageModelLoader.call():48 Running personal language model loader
10-23 18:09:56.936  5589 15522 I DelightKLPDownloader: DelightKLPDownloader.getBundledLmVersion():312 bundled KLP for en_IN version = 0
10-23 18:09:56.936  5589 15522 I ManifestedDataDownloader: ManifestedDataDownloader.download():67 downloading manifest https://www.gstatic.com/android/keyboard/dictionarypack/2025052121/metadata.json-perlang/en-IN.json?v=2025090300
10-23 18:09:56.936  5589  6032 I Delight5Facilitator: UserHistoryLanguageModelLoader.call():76 Running user history language model loader
10-23 18:09:56.939  5589  6009 I SP      : Registering bundled_delight.2025072800, url: null, constraints: *:*:*:*, flags: *, requested: 2025072800, current: 2025072800
10-23 18:09:56.939  5589 16429 I SuperDelight: SuperDelightManager$2.onSuccess():499 delight_overrides sync success, adding to data file manager
10-23 18:09:56.940  5589 16429 I SuperDelight: SuperDelightManager.syncOverridesLanguageModels():621 SuperDelightManager#syncOverridesLanguageModels(): Superpack delight_overrides not found or negative version provided
10-23 18:09:56.940  5589 16429 I SuperDelight: SuperDelightManager.syncBundledLanguageModels():696 SuperDelightManager#syncBundledLanguageModels(): Syncing for version 2025072800
10-23 18:09:56.941  5589 15304 I SuperDelight: SuperDelightManager$2.onSuccess():499 delight_overrides sync success, adding to data file manager
10-23 18:09:56.945  5589 13448 I SuperDelight: SuperDelightManager.syncBundledLanguageModels():696 SuperDelightManager#syncBundledLanguageModels(): Syncing for version 2025072800
10-23 18:09:56.947  5589  6009 I SuperDelight: SuperDelightBundledSlicingStrategy.getSlices():41 BundledSlicing#getSlices() : Locale = [en_US]
10-23 18:09:56.948  5589  6032 I EmojiShortcutsLoader: EmojiShortcutsLoader.getEmojiShortcuts():135 Reading en_US emoji shortcuts
10-23 18:09:56.950  5589  6009 I SuperDelight: SuperDelightBundledSlicingStrategy.getSlices():67 BundledSlicing#getSlices(): result {slices=[bundled_delight:main_en_us_2025051500_2], last batch=true, sync metadata=false}
10-23 18:09:56.950  5589  6009 I SP      : Syncing bundled_delight (2025072800) with slices: [main_en_us_2025051500_2], metadata: false
10-23 18:09:56.969  5589  6032 I EmojiShortcutsLoader: EmojiShortcutsLoader.getEmojiShortcuts():156 Read en_US emoji shortcuts successfully.
10-23 18:09:56.976  5589  6030 I Delight5Decoder: Delight5DecoderWrapper.loadLanguageModel():784 Loaded main LM 1.en
10-23 18:09:56.976  5589  6030 I Delight5Decoder: Delight5DecoderWrapper.loadLanguageModel():758 loadLanguageModel() : 7, version [n/a]
10-23 18:09:56.977  5589  6030 I native  : I0000 00:00:1761223196.976891    6030 blocklist-assembly.cc:126] LoadBlocklist en
10-23 18:09:56.978  5589  6030 I Delight5Decoder: Delight5DecoderWrapper.loadLanguageModel():803 Loaded dynamic LM 7.en
