10-19 16:02:27.780  5720  5865 D SQLiteQueryBuilder: SELECT _id, _data, _size, date_modified, bucket_id, orientation, datetaken FROM images WHERE ((((is_pending=0 AND NOT _modifier=4) OR (is_pending=1 AND lower(_data) NOT REGEXP '.*/\.pending-(\d+)-([^/]+)$' AND owner_package_name IN ( 'com.vivo.widget.gallery' , 'com.vivo.gallery' )))) AND (is_trashed=0) AND (volume_name IN ( 'external_primary' ))) AND (( bucket_id IN ( -1212198981, -1695567127, -53910322, -2140495773, 606811175, 1251957395, 1115488879, 1092149518, 390907738, -1694063856, -803954635, -1690180765, -1816304744, 911081060, -1291404494, -1285319851, -651554454, 151630153, 543621159, -2002206485, 73761835, -1760112825, -71543827, -302991967, -1227671927, -156420408, -1516374533, 1829735780, -1450708494, -506316380, -1341114264, 1114833418, 1152093397, -1733679058, -2131021710, -680697881, 2084439217, -2024679488, -1447456465, 700805465, 991906690, 1345966226, 657155968, 1266435012, -1966306697, -1897284014, -1949680778, 434583847, 990381004, -1526850504, -1612742889, -1273942824, -1004938028, 331203438, 708879003, 255899559, -528275350, -602893060, -1055518229, 545491069, -1716401999, 668104411, -1118657469, 1040014575, 849662899, -174887798, -1292465169, 1101584562, -613830029, -1577375515, -1628155945, -1033534650, -328196774, -2071947861, 805181138, -1104308479, 181789691, 619245019, 616142335, -1829889111, -1578944343, -1809455754, 1690766750, -793566743, 272894235, -435605656, -1858432929, -792464988, -434569360, -1462931038, -879973635, 65759896, -924335728, -1809287853, 1755148769, -223571158, 2126348076, 48382832, 700217390, 630412299, 183872366, 1059985074, -1806957104, -1641691205, -571335571, 1519174419, 1036004452, -2031220924, -1537104433, 1829930144, -745596364, -8122821, 1366741172, 1548299660, 1674287630, -1535937100, 13148420, 1909659649, 264986155, -9482612, 13005089, -2089205090, -1022498075, -919133986, -884178250, -1422443828, -670014994, -2121027476, 2020100714, 489993, 448544941, -2101462868, -261299595, 1172023232, 1278178828, -607125002, -856420653, -1973993346, 1498690426, -1527464249, -1945110980, 395625896, 1909316592, 569711560, -1686988495, 1763470175, -1488038648, 2113906615, -550734493, 85651275, -1964037955, 428383196, -1949793892, 1136101865, 2018234913, -18391924, 1490911920, -884178653, -1170470833, -1215953411, 1077477957, -1198914825, 1461775709, -643464410, 1900774339, 1272506704, -485246563, 1960476238, -1291404897, -1950041765, 1664549270, 2070856141, 1220790880, 359301071, 278762032, 470519460, -924530092, -1382559966, 904275793, 1298630565, 1186223222, -519179321, 232691476, -1684913851, -750954006, 83641895, 1145800364, -2012790048, 1286776387, 397907126, 1330064451, -1804177550, -1809174739, 174397812, 2043613916, -675937132, 1736146008, -1702973091, -1184968074, 1502601919, 1574223589, 445258174, -1682700158, -351293385, 638217523, 2052700512, 949947357, -1318309340, 616722321, -1406249091, 656868479, -402361508, -1410236246, -1193446467, -1415689986, -1935708161, 1786892787, -2041971395, -1087402833, -1809045590, 658433208, 1208185747, 761624307, 250774884, 12344107, -1415495622, 35166595, -175675851, 912551383, -1432612566, 39258592, -131644514, -1950760957, -1022555983, -1656404229, -731336746, 1106324018, 1962141495, -643270046, 133162019, -2075879543, 945165185, -1572118126, 1746875333, -2129001792, -1739773001, -214169408, 1354535744, -1551292529, 581197485, 1732723533, 1456888538, -1448813142, 13311172, -1569520032, -1527994117, 348164313, 1631149349, -242606674, -1914187326, -1445556762, 211087524, -219150656, -1422672119, -1530754818, -1171388910, -2072752055, -1325148867, 361712075, -1730634595, -340891674, 1407102871, 53870456, -508660256, 2028258487, -815228101, -1694937425, -519178918, 1561178453, -1131671344, 1431320847, 2046578077, -781677303, 1291266200, 848578299, -1972390376, -978314959, -1319727662, 943502520, 1028125135, -175466238, 1195992005, 1920382715, 2108277051, 443703009, 675671268, 263662367, -347572232, 183545411, 1450478273, -1879659704, 1957916785, 1976953110, -1157253172, -1407948598, 
10-19 16:02:27.964  5589  5589 I GoogleInputMethodService: GoogleInputMethodService.onFinishInput():2085 
10-19 16:02:27.965  5589  5589 I Module  : DeviceLockedStatusModuleProvider$Module.updateDeviceLockedStatus():100 repeatCheckTimes = 0, locked = false
10-19 16:02:27.965  5589  5589 I GoogleInputMethodService: GoogleInputMethodService.onStartInput():1346 onStartInput(EditorInfo{EditorInfo{packageName=com.a1taxi.a1taxicustomer, inputType=2001, inputTypeString=Normal[CapWords], enableLearning=false, autoCorrection=true, autoComplete=true, imeOptions=8000006, privateImeOptions=null, actionName=DONE, actionLabel=null, initialSelStart=0, initialSelEnd=0, initialCapsMode=2000, label=null, fieldId=1463, fieldName=null, extras=Bundle[mParcelledData.dataSize=404], hintText=non-empty, hintLocales=[]}}, false)
10-19 16:02:27.966  5589  5589 I Module  : DeviceLockedStatusModuleProvider$Module.updateDeviceLockedStatus():100 repeatCheckTimes = 1, locked = false
10-19 16:02:27.980  5589  5589 I StylusModule: StylusModule.onUpdateToolType():800 Update tool type = 1
10-19 16:02:27.983  5589  5589 I GoogleInputMethodService: GoogleInputMethodService.onStartInputView():1439 onStartInputView(EditorInfo{EditorInfo{packageName=com.a1taxi.a1taxicustomer, inputType=2001, inputTypeString=Normal[CapWords], enableLearning=false, autoCorrection=true, autoComplete=true, imeOptions=8000006, privateImeOptions=null, actionName=DONE, actionLabel=null, initialSelStart=0, initialSelEnd=0, initialCapsMode=2000, label=null, fieldId=1463, fieldName=null, extras=Bundle[{android.support.text.emoji.emojiCompat_metadataVersion=11, androidx.core.view.inputmethod.EditorInfoCompat.STYLUS_HANDWRITING_ENABLED=true, android.support.text.emoji.emojiCompat_replaceAll=false}], hintText=non-empty, hintLocales=[]}}, false)
10-19 16:02:27.986  1870  2960 D AutofillSession: createPendingIntent for request 2218
10-19 16:02:27.991  5589  5589 I KeyboardHeightUtil: KeyboardHeightUtil.getOemKeyboardHeightRatio():108 systemKeyboardHeightRatio:1.000000.
10-19 16:02:27.994  5589  5589 I AndroidIME: InputBundleManager.loadActiveInputBundleId():528 loadActiveInputBundleId: en-US, ime_english_united_states
10-19 16:02:27.997  5589  5589 I AndroidIME: AbstractIme.onActivate():96 LatinIme.onActivate() : EditorInfo = EditorInfo{packageName=com.a1taxi.a1taxicustomer, inputType=2001, inputTypeString=Normal[CapWords], enableLearning=false, autoCorrection=true, autoComplete=true, imeOptions=8000006, privateImeOptions=null, actionName=DONE, actionLabel=null, initialSelStart=0, initialSelEnd=0, initialCapsMode=2000, label=null, fieldId=1463, fieldName=null, extras=Bundle[{android.support.text.emoji.emojiCompat_metadataVersion=11, androidx.core.view.inputmethod.EditorInfoCompat.STYLUS_HANDWRITING_ENABLED=true, android.support.text.emoji.emojiCompat_replaceAll=false}], hintText=non-empty, hintLocales=[]}, IncognitoMode = false, DeviceLocked = false
10-19 16:02:28.000  5589  5589 I InputBundle: InputBundle.consumeEvent():1032 Skip consuming an event as keyboard status is INACTIVE
10-19 16:02:28.005  5589  5589 I Delight5Facilitator: Delight5Facilitator.initializeForIme():740 initializeForIme() : Locale = [en_US], layout = qwerty
10-19 16:02:28.015  5589  5589 I LatinIme: LatinIme.updateEnableInlineSuggestionsOnDecoderSideFlags():1247 inline flag updated to:false
10-19 16:02:28.024  5589  5589 I LatinIme: LatinIme.updateEnableInlineSuggestionsOnDecoderSideFlags():1247 inline flag updated to:false
10-19 16:02:28.036 21163 21163 D BoundBrokerSvc: onBind: Intent { act=com.google.android.gms.wallet.service.BIND pkg=com.google.android.gms }
10-19 16:02:28.036 21163 21163 D BoundBrokerSvc: Loading bound service for intent: Intent { act=com.google.android.gms.wallet.service.BIND pkg=com.google.android.gms }
10-19 16:02:28.043  5589  5589 I InputBundle: InputBundle.consumeEvent():1032 Skip consuming an event as keyboard status is INACTIVE
10-19 16:02:28.043  5589  5589 I LatinIme: LatinIme.resetInputContext():2251 resetInputContext(): reason=1, externalEditsInfo=ExternalEditsInfo{action=0, offset=-1, text=null, originalText=null, edits=null}
10-19 16:02:28.043  5589  5589 I InputBundle: InputBundle.consumeEvent():1032 Skip consuming an event as keyboard status is INACTIVE
10-19 16:02:28.045 21104 16129 W anqe    : Failed to retrieve prediction data. [CONTEXT service_id=177 ]
10-19 16:02:28.045 21104 16129 W anqe    : java.util.concurrent.ExecutionException: fnpd: No active MDD filegroup android-autofill-infinitedata found for the table autofill-domain-predictions-prod-spanner.
10-19 16:02:28.045 21104 16129 W anqe    : 	at gpkb.j(:com.google.android.gms@254031035@25.40.31 (260400-816341114):21)
10-19 16:02:28.045 21104 16129 W anqe    : 	at gpkk.v(:com.google.android.gms@254031035@25.40.31 (260400-816341114):107)
10-19 16:02:28.045 21104 16129 W anqe    : 	at gpkb.get(:com.google.android.gms@254031035@25.40.31 (260400-816341114):2)
10-19 16:02:28.045 21104 16129 W anqe    : 	at anqe.e(:com.google.android.gms@254031035@25.40.31 (260400-816341114):81)
10-19 16:02:28.045 21104 16129 W anqe    : 	at anqe.a(:com.google.android.gms@254031035@25.40.31 (260400-816341114):124)
10-19 16:02:28.045 21104 16129 W anqe    : 	at anno.call(:com.google.android.gms@254031035@25.40.31 (260400-816341114):5)
10-19 16:02:28.045 21104 16129 W anqe    : 	at java.util.concurrent.FutureTask.run(FutureTask.java:317)
10-19 16:02:28.045 21104 16129 W anqe    : 	at bckr.c(:com.google.android.gms@254031035@25.40.31 (260400-816341114):50)
10-19 16:02:28.045 21104 16129 W anqe    : 	at bckr.run(:com.google.android.gms@254031035@25.40.31 (260400-816341114):73)
10-19 16:02:28.045 21104 16129 W anqe    : 	at java.util.concurrent.ThreadPoolExecutor.runWorker(ThreadPoolExecutor.java:1156)
10-19 16:02:28.045 21104 16129 W anqe    : 	at java.util.concurrent.ThreadPoolExecutor$Worker.run(ThreadPoolExecutor.java:651)
10-19 16:02:28.045 21104 16129 W anqe    : 	at bcqi.run(:com.google.android.gms@254031035@25.40.31 (260400-816341114):8)
10-19 16:02:28.045 21104 16129 W anqe    : 	at java.lang.Thread.run(Thread.java:1119)
10-19 16:02:28.045 21104 16129 W anqe    : Caused by: fnpd: No active MDD filegroup android-autofill-infinitedata found for the table autofill-domain-predictions-prod-spanner.
10-19 16:02:28.045 21104 16129 W anqe    : 	at fnpr.a(:com.google.android.gms@254031035@25.40.31 (260400-816341114):13)
10-19 16:02:28.045 21104 16129 W anqe    : 	at gpjr.d(:com.google.android.gms@254031035@25.40.31 (260400-816341114):3)
10-19 16:02:28.045 21104 16129 W anqe    : 	at gpjt.run(:com.google.android.gms@254031035@25.40.31 (260400-816341114):130)
10-19 16:02:28.045 21104 16129 W anqe    : 	at gpma.execute(:com.google.android.gms@254031035@25.40.31 (260400-816341114):1)
10-19 16:02:28.045 21104 16129 W anqe    : 	at gpkb.f(:com.google.android.gms@254031035@25.40.31 (260400-816341114):1)
10-19 16:02:28.045 21104 16129 W anqe    : 	at gpkb.m(:com.google.android.gms@254031035@25.40.31 (260400-816341114):99)
10-19 16:02:28.045 21104 16129 W anqe    : 	at gpkb.r(:com.google.android.gms@254031035@25.40.31 (260400-816341114):17)
10-19 16:02:28.045 21104 16129 W anqe    : 	at gpko.run(:com.google.android.gms@254031035@25.40.31 (260400-816341114):77)
10-19 16:02:28.045 21104 16129 W anqe    : 	at gpma.execute(:com.google.android.gms@254031035@25.40.31 (260400-816341114):1)
10-19 16:02:28.045 21104 16129 W anqe    : 	at gpkb.f(:com.google.android.gms@254031035@25.40.31 (260400-816341114):1)
10-19 16:02:28.045 21104 16129 W anqe    : 	at gpkb.m(:com.google.android.gms@254031035@25.40.31 (260400-816341114):99)
10-19 16:02:28.045 21104 16129 W anqe    : 	at gpkb.t(:com.google.android.gms@254031035@25.40.31 (260400-816341114):26)
10-19 16:02:28.045 21104 16129 W anqe    : 	at gpjr.e(:com.google.android.gms@254031035@25.40.31 (260400-816341114):3)
10-19 16:02:28.045 21104 16129 W anqe    : 	at gpjt.run(:com.google.android.gms@254031035@25.40.31 (260400-816341114):138)
10-19 16:02:28.045 21104 16129 W anqe    : 	at gpma.execute(:com.google.android.gms@254031035@25.40.31 (260400-816341114):1)
10-19 16:02:28.045 21104 16129 W anqe    : 	at gpkb.f(:com.google.android.gms@254031035@25.40.31 (260400-816341114):1)
10-19 16:02:28.045 21104 16129 W anqe    : 	at gpkb.m(:com.google.android.gms@254031035@25.40.31 (260400-816341114):99)
10-19 16:02:28.045 21104 16129 W anqe    : 	at gpkb.r(:com.google.android.gms@254031035@25.40.31 (260400-816341114):17)
10-19 16:02:28.045 21104 16129 W anqe    : 	at gpko.run(:com.google.android.gms@254031035@25.40.31 (260400-816341114):77)
10-19 16:02:28.045 21104 16129 W anqe    : 	at gpma.execute(:com.google.android.gms@254031035@25.40.31 (260400-816341114):1)
10-19 16:02:28.045 21104 16129 W anqe    : 	at gpkb.f(:com.google.android.gms@254031035@25.40.31 (260400-816341114):1)
10-19 16:02:28.045 21104 16129 W anqe    : 	at gpkb.m(:com.google.android.gms@254031035@25.40.31 (260400-816341114):99)
10-19 16:02:28.045 21104 16129 W anqe    : 	at gpkb.t(:com.google.android.gms@254031035@25.40.31 (260400-816341114):26)
10-19 16:02:28.045 21104 16129 W anqe    : 	at gpmx.run(:com.google.android.gms@254031035@25.40.31 (260400-816341114):5)
10-19 16:02:28.045 21104 16129 W anqe    : 	at gpma.execute(:com.google.android.gms@254031035@25.40.31 (260400-816341114):1)
10-19 16:02:28.045 21104 16129 W anqe    : 	at gpkb.f(:com.google.android.gms@254031035@25.40.31 (260400-816341114):1)
10-19 16:02:28.045 21104 16129 W anqe    : 	at gpkb.m(:com.google.android.gms@254031035@25.40.31 (260400-816341114):99)
10-19 16:02:28.045 21104 16129 W anqe    : 	at gpkb.t(:com.google.android.gms@254031035@25.40.31 (260400-816341114):26)
10-19 16:02:28.045 21104 16129 W anqe    : 	at gpkm.e(:com.google.android.gms@254031035@25.40.31 (260400-816341114):3)
10-19 16:02:28.045 21104 16129 W anqe    : 	at gpko.run(:com.google.android.gms@254031035@25.40.31 (260400-816341114):44)
10-19 16:02:28.045 21104 16129 W anqe    : 	at gpod.run(:com.google.android.gms@254031035@25.40.31 (260400-816341114):64)
10-19 16:02:28.045 21104 16129 W anqe    : 	... 6 more
10-19 16:02:28.045 21104 16129 W anqe    : Caused by: flxc: Requested group not found.
10-19 16:02:28.045 21104 16129 W anqe    : 	at flxa.a(:com.google.android.gms@254031035@25.40.31 (260400-816341114):30)
10-19 16:02:28.045 21104 16129 W anqe    : 	at fmce.a(:com.google.android.gms@254031035@25.40.31 (260400-816341114):19)
10-19 16:02:28.045 21104 16129 W anqe    : 	at ghbr.a(:com.google.android.gms@254031035@25.40.31 (260400-816341114):13)
10-19 16:02:28.045 21104 16129 W anqe    : 	at gpkm.d(:com.google.android.gms@254031035@25.40.31 (260400-816341114):3)
10-19 16:02:28.045 21104 16129 W anqe    : 	at gpko.run(:com.google.android.gms@254031035@25.40.31 (260400-816341114):38)
10-19 16:02:28.045 21104 16129 W anqe    : 	... 7 more
10-19 16:02:28.049  5589  5589 I KeyboardWrapper: KeyboardWrapper.activateKeyboard():581 activateKeyboard(): type=prime, status=INACTIVE, imeDef=mkk{stringId=ime_english_united_states, language=en-US, languageTag=en-US, processedConditions={writing_helper_enable_by_word_revert=false, true=true, enable_number_row=true, device=phone, enable_pk_simulator=false}, className=com.google.android.apps.inputmethod.libs.latin5.LatinIme, label=0, keyEventInterpreter=null, inlineComposing=true, autoCapital=true, announceAutoSelectedCandidate=true, statusIcon=0, indicatorIcon=0, indicatorLabel=US, displayAppCompletions=true, extraValues=mkd{#0x7f0b02e0=TypedValue{t=0x3/d=0x0 "com.google.android.apps.inputmethod.libs.latin5.LatinIme"}}, processors=mmb@7d3d911, unacceptableMetaKeys=4098, languageSpecificSettings=0, asciiCapable=true, alwaysShowSuggestions=false, useAsciiPasswordKeyboard=false, keyboardGroupDef=mlk@9ed8bf6, phenotypeFlagId=0, localizationLanguageTag=null, supportsInlineSuggestion=true}
10-19 16:02:28.049  5589  5589 I KeyboardManager: KeyboardManager.requestKeyboard():248 Creating keyboard prime, imeId=ime_english_united_states, cacheKey=theme,!gsf,!pgsans,!pgsf,!use_system_font,BORDER,FLAVOR_DPI=XXHDPI,GOOGLE_ICONS,KEYBOARD_WIDTH_CATEGORY=NORMAL,KEY_BORDER_SHAPE=1,LIGHT_THEME=false,PHYSICAL_DIAGONAL=5.748144,POPUP,SCREEN_SHORTEST_WIDTH=393,SCREEN_SHORTEST_WIDTH_NO_SCALE=393,XXHDPI,bottom4dp,enable_emoji_kitchen_browse_color_v2=true,enable_google_fonts_icons=true,enable_popup_on_keypress=true,keyboard_redesign_google_sans=true,non_linear_scale,noshadow,overlay_builtin_dynamic_color_dark_base.binarypb:gm3-dark-ff131313-ffffffff-4d9204e36e3ccb6a165e3e3dbe763ce0,roundedchip,silkpopup
10-19 16:02:28.050 21104 15564 I anpf    : (REDACTED) Unsupported field type provided by app=%s
10-19 16:02:28.051  5589  5589 I KeyboardWrapper: KeyboardWrapper.onKeyboardReady():224 onKeyboardReady(): type=prime(prime), kb=com.google.android.apps.inputmethod.latin.keyboard.LatinPrimeKeyboard@3bf91e4
10-19 16:02:28.051  5589  5589 I KeyboardWrapper: KeyboardWrapper.doActivateKeyboard():611 doActivateKeyboard(): prime
10-19 16:02:28.052 21104 15564 I anpf    : (REDACTED) Unsupported field type provided by app=%s
10-19 16:02:28.069 21163 30014 I SyncManager: (REDACTED) Executing sync(type=%s%s)
10-19 16:02:28.072 21104 15837 I PasswordSaveInfoFactory: Form is missing passwords. [CONTEXT service_id=177 ]
10-19 16:02:28.079 21163 30014 I SyncManager: (REDACTED) Executing sync(type=%s) finished in %s
10-19 16:02:28.082 21163 30014 I SyncManager: (REDACTED) Executing sync(type=%s%s)
10-19 16:02:28.086 21163 30014 I SyncManager: (REDACTED) Executing sync(type=%s) finished in %s
10-19 16:02:28.089 21163 30014 I SyncManager: (REDACTED) Executing sync(type=%s%s)
10-19 16:02:28.092 21163 30014 I SyncManager: (REDACTED) Executing sync(type=%s) finished in %s
10-19 16:02:28.094 21163 30014 I SyncManager: (REDACTED) Executing sync(type=%s%s)
10-19 16:02:28.096 21163 30014 I SyncManager: (REDACTED) Executing sync(type=%s) finished in %s
10-19 16:02:28.120  1870  1870 D AutofillSession: Service did not request to wait for delayed fill response.
10-19 16:02:28.123  5589  5589 I KeyboardHeightUtil: KeyboardHeightUtil.calculateMaxKeyboardBodyHeight():50 leave 267 height for app when ime window height:2171, header height:121 and isFullscreenMode:false, so the max keyboard body height is:1783
10-19 16:02:28.124  5589  5589 W TooltipLifecycleManager: TooltipLifecycleManager.dismissTooltips():153 Tooltip with id undo_access_point_promotion_banner not found in tooltipManager.
10-19 16:02:28.128  5589  5589 I KeyboardModeUtils: KeyboardModeUtils.getKeyboardBottomOffset():435 inch: 0.000000 ydpi: 387.429993 adjustKeyboardBottomByDisplaySize: false currentDensityDpi: 440 defaultDensityDpi: 440 keyboardBottomToScreenPx: 0 keyboardBottomToNavBarPx: -116 navBarHeight: 116
10-19 16:02:28.128  5589  5589 I KeyboardHeightUtil: KeyboardHeightUtil.calculateMaxKeyboardBodyHeight():50 leave 267 height for app when ime window height:2171, header height:121 and isFullscreenMode:false, so the max keyboard body height is:1783
10-19 16:02:28.128  5589  5589 I KeyboardHeightUtil: KeyboardHeightUtil.calculateMaxKeyboardBodyHeight():50 leave 267 height for app when ime window height:2171, header height:121 and isFullscreenMode:false, so the max keyboard body height is:1783
10-19 16:02:28.128  5589  5589 I AndroidIME: KeyboardViewManager.updateKeyboardBodyViewHolderPaddingBottom():472 Set finalPaddingBottom = 5 while holderPaddingBottom = 5; navigationHeight = 116
10-19 16:02:28.128  5589  5589 I KeyboardHeightUtil: KeyboardHeightUtil.calculateMaxKeyboardBodyHeight():50 leave 267 height for app when ime window height:2171, header height:121 and isFullscreenMode:false, so the max keyboard body height is:1783
10-19 16:02:28.129  5589  5589 I KeyboardHeightUtil: KeyboardHeightUtil.calculateMaxKeyboardBodyHeight():50 leave 267 height for app when ime window height:2171, header height:121 and isFullscreenMode:false, so the max keyboard body height is:1783
10-19 16:02:28.129  5589  5589 I KeyboardModeUtils: KeyboardModeUtils.getKeyboardBottomOffset():435 inch: 0.000000 ydpi: 387.429993 adjustKeyboardBottomByDisplaySize: false currentDensityDpi: 440 defaultDensityDpi: 440 keyboardBottomToScreenPx: 0 keyboardBottomToNavBarPx: -116 navBarHeight: 116
10-19 16:02:28.129  5589  5589 I KeyboardHeightUtil: KeyboardHeightUtil.calculateMaxKeyboardBodyHeight():50 leave 267 height for app when ime window height:2171, header height:121 and isFullscreenMode:false, so the max keyboard body height is:1783
10-19 16:02:28.129  5589  5589 I KeyboardHeightUtil: KeyboardHeightUtil.calculateMaxKeyboardBodyHeight():50 leave 267 height for app when ime window height:2171, header height:121 and isFullscreenMode:false, so the max keyboard body height is:1783
10-19 16:02:28.129  5589  5589 I AndroidIME: KeyboardViewManager.updateKeyboardBodyViewHolderPaddingBottom():472 Set finalPaddingBottom = 5 while holderPaddingBottom = 5; navigationHeight = 116
10-19 16:02:28.129  5589  5589 I KeyboardHeightUtil: KeyboardHeightUtil.calculateMaxKeyboardBodyHeight():50 leave 267 height for app when ime window height:2171, header height:121 and isFullscreenMode:false, so the max keyboard body height is:1783
10-19 16:02:28.129  5589  5589 I KeyboardHeightUtil: KeyboardHeightUtil.calculateMaxKeyboardBodyHeight():50 leave 267 height for app when ime window height:2171, header height:121 and isFullscreenMode:false, so the max keyboard body height is:1783
10-19 16:02:28.130  5589  5589 I GlobeKeyExtension: GlobeKeyExtension.getKeyboardInitialStates():175 
10-19 16:02:28.131  5589  5589 W Keyboard: Keyboard.getKeyboardViewHelper():609 null helper is returned: keyboardDef=mle{processedConditions={show_comma_key=true, enable_more_candidates_view_for_multilingual=false, layout_9key_split=false, enable_secondary_symbols=false, pref_enable_flick_symbols=false, language=en-US, deprecate_long_press_space_for_ime_picker=false, expressions=normal, enable_flick_symbols=true, variant=qwerty, show_period_key=true, enable_number_row=true, device=phone, keyboard_mode=normal, show_secondary_digits=false, enable_preemptive_decode=true, enable_pk_simulator=false, bottom_period_popup_slash=false}, globalConditions={global_theme_key=theme,!gsf,!pgsans,!pgsf,!use_system_font,BORDER,FLAVOR_DPI=XXHDPI,GOOGLE_ICONS,KEYBOARD_WIDTH_CATEGORY=NORMAL,KEY_BORDER_SHAPE=1,LIGHT_THEME=false,PHYSICAL_DIAGONAL=5.748144,POPUP,SCREEN_SHORTEST_WIDTH=393,SCREEN_SHORTEST_WIDTH_NO_SCALE=393,XXHDPI,bottom4dp,enable_emoji_kitchen_browse_color_v2=true,enable_google_fonts_icons=true,enable_popup_on_keypress=true,keyboard_redesign_google_sans=true,non_linear_scale,noshadow,overlay_builtin_dynamic_color_dark_base.binarypb:gm3-dark-ff131313-ffffffff-4d9204e36e3ccb6a165e3e3dbe763ce0,roundedchip,silkpopup, global_locale=en_US, global_density_dpi=440, global_orientation=1}, className=.latin.keyboard.LatinPrimeKeyboard, resourceIds=[#0x7f1705fb, #0x7f17088d], initialStates=0, keyboardViewDefs=[mls{direction=null, id=#0x7f0b0224, isScalable=true, layoutId=#0x7f0e029f, type=BODY, touchable=true, defaultShow=true}, mls{direction=null, id=#0x7f0b0224, isScalable=false, layoutId=#0x7f0e01f9, type=FLOATING_CANDIDATES, touchable=false, defaultShow=false}, mls{direction=LOCALE, id=#0x7f0b0224, isScalable=false, layoutId=#0x7f0e0500, type=HEADER, touchable=true, defaultShow=true}], persistentStates=0, persistentStatesPrefKey=null, popupBubbleLayoutId=#0x7f0e05f1, recentKeyLayoutId=0, recentKeyPopupLayoutId=0, recentKeyType=null, rememberRecentKey=NONE, sessionStates=17592186044419}, type=WIDGET, helpersCreated=[lxm@2076cbf, lxm@b05af8c, lxm@f3096d5, null], context.getResources().getConfiguration(): {1.0 405mcc869mnc [en_US] ldltr sw393dp w393dp h790dp 440dpi nrml long port night finger -keyb/v/h -nav/h winConfig={ mBounds=Rect(0, 0 - 1080, 2392) mAppBounds=Rect(0, 103 - 1080, 2276) mMaxBounds=Rect(0, 0 - 1080, 2392) mDisplayRotation=ROTATION_0 mWindowingMode=fullscreen mActivityType=undefined mAlwaysOnTop=undefined mRotation=ROTATION_0 isEmbedding:false} s.5420 fontWeightAdjustment=0 themeId=2 themeParameter=0 nightModeLevel = -1 typefaceChanged=0.0 ?spacesystem eaMode=1}
10-19 16:02:28.132  5589  5589 I KeyboardHeightUtil: KeyboardHeightUtil.calculateMaxKeyboardBodyHeight():50 leave 267 height for app when ime window height:2171, header height:121 and isFullscreenMode:false, so the max keyboard body height is:1783
10-19 16:02:28.150  5589  5589 I AndroidIME: InputBundleManager.startInput():358 startInput() with mlo[keyboardType=prime, payload=null]
10-19 16:02:28.150  5589  5589 I GlobeKeyExtension: GlobeKeyExtension.onActivate():120 
10-19 16:02:28.154  5589  5589 I LanguagePromoExtension: LanguagePromoExtension.checkDisplayPreconditions():174 Not show language promo: exceeds the max display times.
10-19 16:02:28.155  5589  5589 I HardKeyTracker: HardKeyTracker.unregisterKeySequence():221 Unregister key sequence nfz{labelResId=2132020497, callback=cgp@81eff63, lastModifier=2, keyCodes=[56], actions=[0]}
10-19 16:02:28.155  5589  5589 I HardKeyTracker: HardKeyTracker.unregisterKeySequence():221 Unregister key sequence nfz{labelResId=2132020497, callback=cgp@bd26cde, lastModifier=0, keyCodes=[317], actions=[0]}
10-19 16:02:28.155  5589  5589 I HardKeyTracker: HardKeyTracker.registerKeySequence():170 Register key sequence nfz{labelResId=2132020497, callback=cgp@43b6f5d, lastModifier=2, keyCodes=[56], actions=[0]}
10-19 16:02:28.155  5589  5589 I HardKeyTracker: HardKeyTracker.registerKeySequence():170 Register key sequence nfz{labelResId=2132020497, callback=cgp@b3b30a0, lastModifier=0, keyCodes=[317], actions=[0]}
10-19 16:02:28.157  5589  5589 I VoiceInputManagerWrapper: VoiceInputManagerWrapper.cancelShutdown():109 cancelShutdown()
10-19 16:02:28.157  5589  5589 I VoiceInputManagerWrapper: VoiceInputManagerWrapper.syncLanguagePacks():121 syncLanguagePacks()
10-19 16:02:28.157  5589  5589 I VoiceInputManager: VoiceInputManager.onKeyboardActivated():1173 onKeyboardActivated() [UD]
10-19 16:02:28.158  5589  5589 I PkModeUpdater: PkModeUpdater.onActivate():74 onActivate false true
10-19 16:02:28.158  5589  6558 I SpeechFactory: SpeechRecognitionFactory.maybeScheduleAutoPackDownloadForFallback():217 maybeScheduleAutoPackDownloadForFallback()
10-19 16:02:28.158  5589  5589 I AccessoryInputModeManager: AccessoryInputModeManager.onModeStarted():318 Accessory input mode started: null
10-19 16:02:28.158  5589  6558 I FallbackOnDeviceRecognitionProvider: FallbackOnDeviceRecognitionProvider.maybeScheduleAutoPackDownload():205 maybeScheduleAutoPackDownload() for language tag en-US
10-19 16:02:28.158  5589  5589 W SupplementaryKeyboardsWrapper: SupplementaryKeyboardsWrapper.deactivateKeyboard():161 keyboard accessory_candidates_consumer is not activated before!
10-19 16:02:28.159  5589  5589 I KeyboardModeUtils: KeyboardModeUtils.getKeyboardBottomOffset():435 inch: 0.000000 ydpi: 387.429993 adjustKeyboardBottomByDisplaySize: false currentDensityDpi: 440 defaultDensityDpi: 440 keyboardBottomToScreenPx: 0 keyboardBottomToNavBarPx: -116 navBarHeight: 116
10-19 16:02:28.159  5589  5589 I KeyboardHeightUtil: KeyboardHeightUtil.calculateMaxKeyboardBodyHeight():50 leave 267 height for app when ime window height:2171, header height:121 and isFullscreenMode:false, so the max keyboard body height is:1783
10-19 16:02:28.159  5589  5589 I KeyboardHeightUtil: KeyboardHeightUtil.calculateMaxKeyboardBodyHeight():50 leave 267 height for app when ime window height:2171, header height:121 and isFullscreenMode:false, so the max keyboard body height is:1783
10-19 16:02:28.159  5589  5589 I AndroidIME: KeyboardViewManager.updateKeyboardBodyViewHolderPaddingBottom():472 Set finalPaddingBottom = 5 while holderPaddingBottom = 5; navigationHeight = 116
10-19 16:02:28.159  5589  5589 I KeyboardHeightUtil: KeyboardHeightUtil.calculateMaxKeyboardBodyHeight():50 leave 267 height for app when ime window height:2171, header height:121 and isFullscreenMode:false, so the max keyboard body height is:1783
10-19 16:02:28.160  5589  5589 I KeyboardHeightUtil: KeyboardHeightUtil.calculateMaxKeyboardBodyHeight():50 leave 267 height for app when ime window height:2171, header height:121 and isFullscreenMode:false, so the max keyboard body height is:1783
10-19 16:02:28.160  5589  5589 W ExtensionWrapper: ExtensionWrapper.setExtensionViewVisibility():811 interface mas is not activate
10-19 16:02:28.163  5589  5589 I Module  : DeviceLockedStatusModuleProvider$Module.updateDeviceLockedStatus():100 repeatCheckTimes = 1, locked = false
10-19 16:02:28.163  5589  5589 I HardKeyTracker: HardKeyTracker.unregisterKeySequence():221 Unregister key sequence nfz{labelResId=2132020501, callback=cgp@70b7d51, lastModifier=2, keyCodes=[48], actions=[0]}
10-19 16:02:28.163  5589  5589 I HardKeyTracker: HardKeyTracker.registerKeySequence():170 Register key sequence nfz{labelResId=2132020501, callback=cgp@393ddfb, lastModifier=2, keyCodes=[48], actions=[0]}
10-19 16:02:28.163  5589  5589 I HardKeyTracker: HardKeyTracker.unregisterKeySequence():221 Unregister key sequence nfz{labelResId=2132020501, callback=cgp@1973b42, lastModifier=2, keyCodes=[48], actions=[0]}
10-19 16:02:28.163  5589  5589 I HardKeyTracker: HardKeyTracker.registerKeySequence():170 Register key sequence nfz{labelResId=2132020501, callback=cgp@23013c4, lastModifier=2, keyCodes=[48], actions=[0]}
10-19 16:02:28.164  5589  5589 I HardKeyTracker: HardKeyTracker.unregisterKeySequence():221 Unregister key sequence nfz{labelResId=2132020497, callback=cgp@434f09a, lastModifier=2, keyCodes=[56], actions=[0]}
10-19 16:02:28.164  5589  5589 I HardKeyTracker: HardKeyTracker.unregisterKeySequence():221 Unregister key sequence nfz{labelResId=2132020497, callback=cgp@c555cc1, lastModifier=0, keyCodes=[317], actions=[0]}
10-19 16:02:28.164  5589  5589 I HardKeyTracker: HardKeyTracker.registerKeySequence():170 Register key sequence nfz{labelResId=2132020497, callback=cgp@65c2a65, lastModifier=2, keyCodes=[56], actions=[0]}
10-19 16:02:28.164  5589  5589 I HardKeyTracker: HardKeyTracker.registerKeySequence():170 Register key sequence nfz{labelResId=2132020497, callback=cgp@8a14d48, lastModifier=0, keyCodes=[317], actions=[0]}
10-19 16:02:28.164  5589  5589 I HardKeyTracker: HardKeyTracker.unregisterKeySequence():221 Unregister key sequence nfz{labelResId=2132020502, callback=cgp@78f8f2, lastModifier=2, keyCodes=[32], actions=[0]}
10-19 16:02:28.165  5589  5589 I HardKeyTracker: HardKeyTracker.registerKeySequence():170 Register key sequence nfz{labelResId=2132020502, callback=cgp@c1e411d, lastModifier=2, keyCodes=[32], actions=[0]}
10-19 16:02:28.168  5589  5589 I HardKeyTracker: HardKeyTracker.unregisterKeySequence():221 Unregister key sequence nfz{labelResId=2132020502, callback=cgp@2265c97, lastModifier=2, keyCodes=[32], actions=[0]}
10-19 16:02:28.168  5589  5589 I HardKeyTracker: HardKeyTracker.registerKeySequence():170 Register key sequence nfz{labelResId=2132020502, callback=cgp@be69878, lastModifier=2, keyCodes=[32], actions=[0]}
10-19 16:02:28.168  5589  5589 I VoiceImeExtension: VoiceImeExtension.shouldStartVoiceInputAutomaticallyInCurrentInputBox():378 No private IME option set to start voice input.
10-19 16:02:28.173  5589  5589 I StylusModule: StylusModule.onUpdateToolType():800 Update tool type = 1
10-19 16:02:28.184 21104 16131 W Conscrypt: Could not set socket write timeout: java.net.SocketException: Socket closed
10-19 16:02:28.184 21104 16131 W Conscrypt: 	at com.google.android.gms.org.conscrypt.Platform.setSocketWriteTimeout(:com.google.android.gms@254031035@25.40.31 (260400-816341114):204)
10-19 16:02:28.184 21104 16131 W Conscrypt: 	at com.google.android.gms.org.conscrypt.ConscryptFileDescriptorSocket.setSoWriteTimeout(:com.google.android.gms@254031035@25.40.31 (260400-816341114):4)
10-19 16:02:28.191  5589  5589 D ViewRootImpl: AppSizeAfterRelayout, size: Point(1080, 2287), rotation: ROTATION_0
10-19 16:02:28.191  5589  5589 D BufferQueueConsumer: [](id:15d5000007de,api:0,p:-1,c:5589) connect: controlledByApp=false
10-19 16:02:28.192  5589  5589 D BLASTBufferQueue: [VRI[InputMethod]#2014](f:0,a:0) constructor()
10-19 16:02:28.192  5589  5589 D BLASTBufferQueue: [VRI[InputMethod]#2014](f:0,a:0) update width=1080 height=2287 format=-2 mTransformHint=0
10-19 16:02:28.194  5589  5589 I KeyboardModeUtils: KeyboardModeUtils.getKeyboardBottomOffset():435 inch: 0.000000 ydpi: 387.429993 adjustKeyboardBottomByDisplaySize: false currentDensityDpi: 440 defaultDensityDpi: 440 keyboardBottomToScreenPx: 0 keyboardBottomToNavBarPx: -116 navBarHeight: 116
10-19 16:02:28.194  5589  5589 I KeyboardHeightUtil: KeyboardHeightUtil.calculateMaxKeyboardBodyHeight():50 leave 267 height for app when ime window height:2171, header height:121 and isFullscreenMode:false, so the max keyboard body height is:1783
10-19 16:02:28.194  5589  5589 I KeyboardHeightUtil: KeyboardHeightUtil.calculateMaxKeyboardBodyHeight():50 leave 267 height for app when ime window height:2171, header height:121 and isFullscreenMode:false, so the max keyboard body height is:1783
10-19 16:02:28.194  5589  5589 I AndroidIME: KeyboardViewManager.updateKeyboardBodyViewHolderPaddingBottom():472 Set finalPaddingBottom = 5 while holderPaddingBottom = 5; navigationHeight = 116
10-19 16:02:28.194  5589  5589 I WindowMetricsNotification: WindowMetricsNotification.notifyWithWindow():166 
10-19 16:02:28.195  5589  5589 I WindowMetricsNotification: WindowMetricsNotification.notify():159 pfu[bounds=Rect(0, 105 - 1080, 2392), insets=Rect(0, 0 - 0, 116), densityDpi=440, smallestScreenWidthDp=393, displayWidth=1080, displayHeight=2392, xdpi=387.43, ydpi=387.43, isTrustable=true, displayId=0]; DisplayMetrics{density=2.75, width=1080, height=2392, scaledDensity=2.75, xdpi=387.43, ydpi=387.43}
10-19 16:02:28.251 21104 21188 W Settings: Setting airplane_mode_on has moved from android.provider.Settings.System to android.provider.Settings.Global, returning read-only value.
10-19 16:02:28.255 21104 16130 W SystemServiceRegistry: No service published for: wifirtt
10-19 16:02:28.261 21104 23957 I WifiScanner: onFullResults
10-19 16:02:28.261  5589  5657 D BLASTBufferQueue: [VRI[InputMethod]#2014](f:0,a:1) acquireNextBufferLocked size=1080x2287 mFrameNumber=1 applyTransaction=true mTimestamp=633318812695824(auto) mPendingTransactions.size=0 graphicBufferId=24004572224275 transform=0
10-19 16:02:28.261 21104 21199 I WifiScanner: onFullResults
10-19 16:02:28.262 21104 21249 I WifiScanner: onFullResults
10-19 16:02:28.274  5589  5589 I GoogleInputMethodService: GoogleInputMethodService$1.onKeyboardViewShown():325 onKeyboardViewShown: keyboardType=prime, keyboardViewType=HEADER keyboardView=com.google.android.libraries.inputmethod.widgets.SoftKeyboardView{15e68d6 V.E...... ........ 0,0-1080,121}
10-19 16:02:28.274  5589  5589 I KeyboardHeightUtil: KeyboardHeightUtil.calculateMaxKeyboardBodyHeight():50 leave 267 height for app when ime window height:2171, header height:121 and isFullscreenMode:false, so the max keyboard body height is:1783
10-19 16:02:28.277  5589  5589 I GoogleInputMethodService: GoogleInputMethodService$1.onKeyboardViewShown():325 onKeyboardViewShown: keyboardType=prime, keyboardViewType=BODY keyboardView=com.google.android.libraries.inputmethod.widgets.SoftKeyboardView{cd04ee9 V.E...... ........ 0,0-1080,693}
10-19 16:02:28.278  5589  5589 I KeyboardHeightUtil: KeyboardHeightUtil.calculateMaxKeyboardBodyHeight():50 leave 267 height for app when ime window height:2171, header height:121 and isFullscreenMode:false, so the max keyboard body height is:1783
10-19 16:02:28.278  5589  5589 I GlobeKeyExtension: GlobeKeyExtension$1.onKeyboardViewShown():72 maybeDisableLanguageSwitchKeyPref when the keyboard is shown
10-19 16:02:28.278  5589  5589 I GlobeKeyExtension: GlobeKeyExtension.maybeDisableLanguageSwitchKeyPref():200 maybeDisableLanguageSwitchKeyPref hasGlobeKeyBeenDisabled: false, shouldDisableLanguageSwitchKey: false
10-19 16:02:28.278  5589  5589 I NewLanguagePromptExtension: NewLanguagePromptExtension$1.onKeyboardViewShown():98 Not show new language banner: no change in enabled input method entries
10-19 16:02:28.279  5589  5589 I DynamicLayoutHandler: DynamicLayoutHandler.loadDynamicKeys():83 This isn't a dynamic layout.
10-19 16:02:28.280  5589  6030 I Delight5Decoder: Delight5DecoderWrapper.setKeyboardLayout():536 setKeyboardLayout()
10-19 16:02:28.284  5589  5589 I KeyboardModeUtils: KeyboardModeUtils.getKeyboardBottomOffset():435 inch: 0.000000 ydpi: 387.429993 adjustKeyboardBottomByDisplaySize: false currentDensityDpi: 440 defaultDensityDpi: 440 keyboardBottomToScreenPx: 0 keyboardBottomToNavBarPx: -116 navBarHeight: 116
10-19 16:02:28.284  5589  5589 I KeyboardHeightUtil: KeyboardHeightUtil.calculateMaxKeyboardBodyHeight():50 leave 267 height for app when ime window height:2171, header height:121 and isFullscreenMode:false, so the max keyboard body height is:1783
10-19 16:02:28.284  5589  5589 I KeyboardHeightUtil: KeyboardHeightUtil.calculateMaxKeyboardBodyHeight():50 leave 267 height for app when ime window height:2171, header height:121 and isFullscreenMode:false, so the max keyboard body height is:1783
10-19 16:02:28.284  5589  5589 I AndroidIME: KeyboardViewManager.updateKeyboardBodyViewHolderPaddingBottom():472 Set finalPaddingBottom = 5 while holderPaddingBottom = 5; navigationHeight = 116
10-19 16:02:28.291  5589  5589 W TooltipLifecycleManager: TooltipLifecycleManager.dismissTooltips():153 Tooltip with id spell_check_add_to_dictionary not found in tooltipManager.
10-19 16:02:28.293  3458  3458 V InlinePresentationRendererServiceImpl: onRenderSuggestion: width=-2, height=-2
10-19 16:02:28.311 21104 16131 W Conscrypt: Could not set socket write timeout: java.net.SocketException: Socket closed
10-19 16:02:28.311 21104 16131 W Conscrypt: 	at com.google.android.gms.org.conscrypt.Platform.setSocketWriteTimeout(:com.google.android.gms@254031035@25.40.31 (260400-816341114):204)
10-19 16:02:28.311 21104 16131 W Conscrypt: 	at com.google.android.gms.org.conscrypt.ConscryptFileDescriptorSocket.setSoWriteTimeout(:com.google.android.gms@254031035@25.40.31 (260400-816341114):4)
10-19 16:02:28.319  3458  3458 V InlineSuggestionRenderService: width=-2, height=-2, measuredSize=496x121
10-19 16:02:28.320 21163 21163 D BoundBrokerSvc: onBind: Intent { act=com.google.android.gms.common.BIND_SHARED_PREFS pkg=com.google.android.gms }
10-19 16:02:28.321 21163 21163 D BoundBrokerSvc: Loading bound service for intent: Intent { act=com.google.android.gms.common.BIND_SHARED_PREFS pkg=com.google.android.gms }
10-19 16:02:28.323 21104 21188 I ActivityScheduler: nextTriggerTime: 1314122686, in 5000ms, detectorType: 39, FULL_TYPE alarmWindowMillis: 625
10-19 16:02:28.329 21104 16130 I FrewleTileCacheManagerV: (REDACTED) Fetched %d AP models from cache
10-19 16:02:28.337  3458  3458 D ViewRootImpl: AppSizeAfterRelayout, size: Point(496, 121), rotation: ROTATION_0
10-19 16:02:28.337  3458  3458 D BufferQueueConsumer: [](id:d82000001bb,api:0,p:-1,c:3458) connect: controlledByApp=false
10-19 16:02:28.338  3458  3458 D BLASTBufferQueue: [VRI[]#443](f:0,a:0) constructor()
10-19 16:02:28.338  3458  3458 D BLASTBufferQueue: [VRI[]#443](f:0,a:0) update width=496 height=121 format=-2 mTransformHint=0
10-19 16:02:28.344  1870  1976 D AutofillSession: onShown(): 2, 1
10-19 16:02:28.352  5589  5589 I ProactiveSuggestionsHolderManager: ProactiveSuggestionsHolderManager$2.display():195 Requesting to show proactive suggestions: AUTO_FILL PREEMPTIVE_WITH_SUPPRESSION
10-19 16:02:28.353 21104 21188 I ActivityScheduler: nextTriggerTime: 1314123623, in 5907ms, detectorType: 39, FULL_TYPE alarmWindowMillis: 625
10-19 16:02:28.353 21104 21184 I FusedLocation: (REDACTED) location delivery to %s blocked - too fast
10-19 16:02:28.354 21104 21184 I FusedLocation: (REDACTED) location delivery to %s blocked - too close
10-19 16:02:28.354 21104 21184 I FusedLocation: (REDACTED) location delivery to %s blocked - too close
10-19 16:02:28.354 21104 21184 I FusedLocation: (REDACTED) location delivery to %s blocked - too close
10-19 16:02:28.355 21104 21184 I FusedLocation: (REDACTED) location delivery to %s blocked - too fast
10-19 16:02:28.357 21104 21184 I fznc    : Received empty WiFi-RTT scan. [CONTEXT service_id=6 ]
10-19 16:02:28.358  3458 31463 D BLASTBufferQueue: [VRI[]#443](f:0,a:1) acquireNextBufferLocked size=496x121 mFrameNumber=1 applyTransaction=true mTimestamp=633318908911824(auto) mPendingTransactions.size=0 graphicBufferId=14851996912669 transform=0
10-19 16:02:28.359  5589  5589 D BufferQueueConsumer: [](id:15d5000007df,api:0,p:-1,c:5589) connect: controlledByApp=false
10-19 16:02:28.359  5589  5589 D BLASTBufferQueue: [SurfaceView[InputMethod]#2015](f:0,a:0) constructor()
10-19 16:02:28.359  5589  5589 D BLASTBufferQueue: [SurfaceView[InputMethod]#2015](f:0,a:0) update width=770 height=121 format=-2 mTransformHint=0
10-19 16:02:28.361  1870  2960 D BatteryStatsService: noteVideoSurfaceChanged  noteWhich: 49,arg1: 770, arg2: 121, arg3: 5589, arg4: 101975, name: com.google.android.inputmethod.latin
10-19 16:02:28.366  5589  5589 I ProactiveSuggestionsHolderManager: ProactiveSuggestionsHolderManager$Holder.setSuggestionsAndShow():898 succeed to show proactive suggestions AUTO_FILL PREEMPTIVE_WITH_SUPPRESSION
10-19 16:02:28.372  5589  5589 I KeyboardModeUtils: KeyboardModeUtils.getKeyboardBottomOffset():435 inch: 0.000000 ydpi: 387.429993 adjustKeyboardBottomByDisplaySize: false currentDensityDpi: 440 defaultDensityDpi: 440 keyboardBottomToScreenPx: 0 keyboardBottomToNavBarPx: -116 navBarHeight: 116
10-19 16:02:28.372  5589  5589 I KeyboardHeightUtil: KeyboardHeightUtil.calculateMaxKeyboardBodyHeight():50 leave 267 height for app when ime window height:2171, header height:121 and isFullscreenMode:false, so the max keyboard body height is:1783
10-19 16:02:28.372  5589  5589 I KeyboardHeightUtil: KeyboardHeightUtil.calculateMaxKeyboardBodyHeight():50 leave 267 height for app when ime window height:2171, header height:121 and isFullscreenMode:false, so the max keyboard body height is:1783
10-19 16:02:28.372  5589  5589 I AndroidIME: KeyboardViewManager.updateKeyboardBodyViewHolderPaddingBottom():472 Set finalPaddingBottom = 5 while holderPaddingBottom = 5; navigationHeight = 116
10-19 16:02:28.374  5589  5589 D BufferQueueConsumer: [](id:15d5000007e0,api:0,p:-1,c:5589) connect: controlledByApp=false
10-19 16:02:28.374  5589  5589 D BLASTBufferQueue: [SurfaceView[InputMethod]#2016](f:0,a:0) constructor()
10-19 16:02:28.375  5589  5589 D BLASTBufferQueue: [SurfaceView[InputMethod]#2016](f:0,a:0) update width=496 height=121 format=-2 mTransformHint=0
10-19 16:02:28.379  1870  2960 D BatteryStatsService: noteVideoSurfaceChanged  noteWhich: 49,arg1: 496, arg2: 121, arg3: 5589, arg4: 104166, name: com.google.android.inputmethod.latin
10-19 16:02:28.384  5589  5657 D BLASTBufferQueue: [SurfaceView[InputMethod]#2016](f:0,a:1) acquireNextBufferLocked size=496x121 mFrameNumber=1 applyTransaction=true mTimestamp=633318935753594(auto) mPendingTransactions.size=0 graphicBufferId=24004572224280 transform=0
10-19 16:02:28.386  1870  2895 D BatteryStatsService: noteVideoSurfaceChanged  noteWhich: 49,arg1: 248, arg2: 13, arg3: 5589, arg4: 104166, name: com.google.android.inputmethod.latin
10-19 16:02:28.387  1870  2895 D BatteryStatsService: noteVideoSurfaceChanged  noteWhich: 49,arg1: 770, arg2: 121, arg3: 5589, arg4: 101975, name: com.google.android.inputmethod.latin
10-19 16:02:28.390  1870  2895 D BatteryStatsService: noteVideoSurfaceChanged  noteWhich: 49,arg1: 302, arg2: 37, arg3: 5589, arg4: 104166, name: com.google.android.inputmethod.latin
10-19 16:02:28.399  1870  2895 D BatteryStatsService: noteVideoSurfaceChanged  noteWhich: 49,arg1: 348, arg2: 57, arg3: 5589, arg4: 104166, name: com.google.android.inputmethod.latin
10-19 16:02:28.416  1870  2895 D BatteryStatsService: noteVideoSurfaceChanged  noteWhich: 49,arg1: 386, arg2: 73, arg3: 5589, arg4: 104166, name: com.google.android.inputmethod.latin
10-19 16:02:28.433  1870  2895 D BatteryStatsService: noteVideoSurfaceChanged  noteWhich: 49,arg1: 422, arg2: 89, arg3: 5589, arg4: 104166, name: com.google.android.inputmethod.latin
10-19 16:02:28.449 21104 16131 I TFLite-in-PlayServices: Created interpreter.
10-19 16:02:28.450  1870  2895 D BatteryStatsService: noteVideoSurfaceChanged  noteWhich: 49,arg1: 448, arg2: 101, arg3: 5589, arg4: 104166, name: com.google.android.inputmethod.latin
10-19 16:02:28.467  1870  2895 D BatteryStatsService: noteVideoSurfaceChanged  noteWhich: 49,arg1: 470, arg2: 109, arg3: 5589, arg4: 104166, name: com.google.android.inputmethod.latin
10-19 16:02:28.483  1870  3386 D BatteryStatsService: noteVideoSurfaceChanged  noteWhich: 49,arg1: 484, arg2: 117, arg3: 5589, arg4: 104166, name: com.google.android.inputmethod.latin
10-19 16:02:28.483 21104 16131 I TFLite-in-PlayServices: Created interpreter.
10-19 16:02:28.500  1870  2895 D BatteryStatsService: noteVideoSurfaceChanged  noteWhich: 49,arg1: 494, arg2: 121, arg3: 5589, arg4: 104166, name: com.google.android.inputmethod.latin
10-19 16:02:28.509 21104 16131 I SemanticLocation: (REDACTED) [Inferrer] %s%s
10-19 16:02:28.529  1870  2895 D BatteryStatsService: noteVideoSurfaceChanged  noteWhich: 49,arg1: 496, arg2: 121, arg3: 5589, arg4: 104166, name: com.google.android.inputmethod.latin
10-19 16:02:28.603  5589  5589 W TooltipLifecycleManager: TooltipLifecycleManager.dismissTooltips():153 Tooltip with id SUGGESTION_VIEW_EDU_MINI_DIALOG not found in tooltipManager.
10-19 16:02:28.606  1870  2605 D BatteryStatsService: noteVideoSurfaceChanged  noteWhich: 49,arg1: -1, arg2: -1, arg3: 5589, arg4: 104166, name: com.google.android.inputmethod.latin
10-19 16:02:28.607  5589  5657 E BufferQueueProducer: [SurfaceView[InputMethod]#2016(BLAST Consumer)2016](id:15d5000007e0,api:0,p:-1,c:5589) disconnect: not connected (req=1)
10-19 16:02:28.607  5589  5657 W libEGL  : EGLNativeWindowType 0xb4000077e0133920 disconnect failed
10-19 16:02:28.610  5589  5589 D BLASTBufferQueue: [SurfaceView[InputMethod]#2016](f:0,a:1) destructor()
10-19 16:02:28.610  5589  5589 D BufferQueueConsumer: [SurfaceView[InputMethod]#2016(BLAST Consumer)2016](id:15d5000007e0,api:0,p:-1,c:5589) disconnect
10-19 16:02:28.612  5589  5589 W TooltipLifecycleManager: TooltipLifecycleManager.dismissTooltips():153 Tooltip with id SUGGESTION_VIEW_EDU_MINI_DIALOG not found in tooltipManager.
10-19 16:02:28.613  5589  5589 W LatinPrimeKeyboard: LatinPrimeKeyboard.consumeEvent():353 consumeEvent() : UPDATE_DYNAMIC_KEYS, no dynamic layout
10-19 16:02:28.619  5589 25170 I AndroidSpellCheckerService: AndroidSpellCheckerService.createSession():139 com.google.android.keyboard.client.delight5.LanguageIdentifier@c2d8523 is created
10-19 16:02:28.623  5589  5589 I KeyboardModeUtils: KeyboardModeUtils.getKeyboardBottomOffset():435 inch: 0.000000 ydpi: 387.429993 adjustKeyboardBottomByDisplaySize: false currentDensityDpi: 440 defaultDensityDpi: 440 keyboardBottomToScreenPx: 0 keyboardBottomToNavBarPx: -116 navBarHeight: 116
10-19 16:02:28.624  5589  5589 I KeyboardHeightUtil: KeyboardHeightUtil.calculateMaxKeyboardBodyHeight():50 leave 267 height for app when ime window height:2171, header height:121 and isFullscreenMode:false, so the max keyboard body height is:1783
10-19 16:02:28.624  5589  5589 I KeyboardHeightUtil: KeyboardHeightUtil.calculateMaxKeyboardBodyHeight():50 leave 267 height for app when ime window height:2171, header height:121 and isFullscreenMode:false, so the max keyboard body height is:1783
10-19 16:02:28.624  5589  5589 I AndroidIME: KeyboardViewManager.updateKeyboardBodyViewHolderPaddingBottom():472 Set finalPaddingBottom = 5 while holderPaddingBottom = 5; navigationHeight = 116
10-19 16:02:28.632  5589  5589 W TooltipLifecycleManager: TooltipLifecycleManager.dismissTooltips():153 Tooltip with id SUGGESTION_VIEW_EDU_MINI_DIALOG not found in tooltipManager.
10-19 16:02:28.678  1870  3386 D BatteryStatsService: noteVideoSurfaceChanged  noteWhich: 49,arg1: -1, arg2: -1, arg3: 5589, arg4: 101975, name: com.google.android.inputmethod.latin
10-19 16:02:28.678  5589  5589 D BLASTBufferQueue: [SurfaceView[InputMethod]#2015](f:0,a:0) destructor()
10-19 16:02:28.678  5589  5589 D BufferQueueConsumer: [SurfaceView[InputMethod]#2015(BLAST Consumer)2015](id:15d5000007df,api:0,p:-1,c:5589) disconnect
10-19 16:02:28.693  5589  5589 I KeyboardModeUtils: KeyboardModeUtils.getKeyboardBottomOffset():435 inch: 0.000000 ydpi: 387.429993 adjustKeyboardBottomByDisplaySize: false currentDensityDpi: 440 defaultDensityDpi: 440 keyboardBottomToScreenPx: 0 keyboardBottomToNavBarPx: -116 navBarHeight: 116
10-19 16:02:28.693  5589  5589 I KeyboardHeightUtil: KeyboardHeightUtil.calculateMaxKeyboardBodyHeight():50 leave 267 height for app when ime window height:2171, header height:121 and isFullscreenMode:false, so the max keyboard body height is:1783
10-19 16:02:28.693  5589  5589 I KeyboardHeightUtil: KeyboardHeightUtil.calculateMaxKeyboardBodyHeight():50 leave 267 height for app when ime window height:2171, header height:121 and isFullscreenMode:false, so the max keyboard body height is:1783
10-19 16:02:28.693  5589  5589 I AndroidIME: KeyboardViewManager.updateKeyboardBodyViewHolderPaddingBottom():472 Set finalPaddingBottom = 5 while holderPaddingBottom = 5; navigationHeight = 116
10-19 16:02:28.715  5589  5589 I KeyboardModeUtils: KeyboardModeUtils.getKeyboardBottomOffset():435 inch: 0.000000 ydpi: 387.429993 adjustKeyboardBottomByDisplaySize: false currentDensityDpi: 440 defaultDensityDpi: 440 keyboardBottomToScreenPx: 0 keyboardBottomToNavBarPx: -116 navBarHeight: 116
