10-23 19:09:56.480  5589  5589 W TooltipLifecycleManager: TooltipLifecycleManager.dismissTooltips():153 Tooltip with id undo_access_point_promotion_banner not found in tooltipManager.
10-23 19:09:56.480  5589  5589 I GlobeKeyExtension: GlobeKeyExtension.getKeyboardInitialStates():175 
10-23 19:09:56.480  5589  5589 W Keyboard: Keyboard.getKeyboardViewHelper():609 null helper is returned: keyboardDef=mle{processedConditions={enable_access_points_in_password_number=true, enable_correction_settings_updates=true, layout_9key_split=false, language=en-US, deprecate_long_press_space_for_ime_picker=false, show_suggestion_strip=true, device=phone, expressions=normal}, globalConditions={global_theme_key=theme,!gsf,!pgsans,!pgsf,!use_system_font,BORDER,FLAVOR_DPI=XXHDPI,GOOGLE_ICONS,KEYBOARD_WIDTH_CATEGORY=NORMAL,KEY_BORDER_SHAPE=1,LIGHT_THEME=false,PHYSICAL_DIAGONAL=5.748144,POPUP,SCREEN_SHORTEST_WIDTH=393,SCREEN_SHORTEST_WIDTH_NO_SCALE=393,XXHDPI,bottom4dp,enable_emoji_kitchen_browse_color_v2=true,enable_google_fonts_icons=true,enable_popup_on_keypress=true,keyboard_redesign_google_sans=true,non_linear_scale,noshadow,overlay_builtin_dynamic_color_dark_base.binarypb:gm3-dark-ff131313-ffffffff-4d9204e36e3ccb6a165e3e3dbe763ce0,roundedchip,silkpopup, global_locale=en_US, global_density_dpi=440, global_orientation=1}, className=.latin.keyboard.LatinNumberKeyboard, resourceIds=[#0x7f17086b], initialStates=0, keyboardViewDefs=[mls{direction=LOCALE, id=#0x7f0b0224, isScalable=false, layoutId=#0x7f0e0500, type=HEADER, touchable=true, defaultShow=true}, mls{direction=null, id=#0x7f0b0224, isScalable=true, layoutId=#0x7f0e0556, type=BODY, touchable=true, defaultShow=true}], persistentStates=0, persistentStatesPrefKey=null, popupBubbleLayoutId=#0x7f0e05f1, recentKeyLayoutId=0, recentKeyPopupLayoutId=0, recentKeyType=null, rememberRecentKey=NONE, sessionStates=0}, type=FLOATING_CANDIDATES, helpersCreated=[lxm@dec97ad, lxm@c17ae2, null, null], context.getResources().getConfiguration(): {1.0 405mcc869mnc [en_US] ldltr sw393dp w393dp h790dp 440dpi nrml long port night finger -keyb/v/h -nav/h winConfig={ mBounds=Rect(0, 0 - 1080, 2392) mAppBounds=Rect(0, 103 - 1080, 2276) mMaxBounds=Rect(0, 0 - 1080, 2392) mDisplayRotation=ROTATION_0 mWindowingMode=fullscreen mActivityType=undefined mAlwaysOnTop=undefined mRotation=ROTATION_0 isEmbedding:false} s.5420 fontWeightAdjustment=0 themeId=2 themeParameter=0 nightModeLevel = -1 typefaceChanged=0.0 ?spacesystem eaMode=1}
10-23 19:09:56.480  5589  5589 W Keyboard: Keyboard.getKeyboardViewHelper():609 null helper is returned: keyboardDef=mle{processedConditions={enable_access_points_in_password_number=true, enable_correction_settings_updates=true, layout_9key_split=false, language=en-US, deprecate_long_press_space_for_ime_picker=false, show_suggestion_strip=true, device=phone, expressions=normal}, globalConditions={global_theme_key=theme,!gsf,!pgsans,!pgsf,!use_system_font,BORDER,FLAVOR_DPI=XXHDPI,GOOGLE_ICONS,KEYBOARD_WIDTH_CATEGORY=NORMAL,KEY_BORDER_SHAPE=1,LIGHT_THEME=false,PHYSICAL_DIAGONAL=5.748144,POPUP,SCREEN_SHORTEST_WIDTH=393,SCREEN_SHORTEST_WIDTH_NO_SCALE=393,XXHDPI,bottom4dp,enable_emoji_kitchen_browse_color_v2=true,enable_google_fonts_icons=true,enable_popup_on_keypress=true,keyboard_redesign_google_sans=true,non_linear_scale,noshadow,overlay_builtin_dynamic_color_dark_base.binarypb:gm3-dark-ff131313-ffffffff-4d9204e36e3ccb6a165e3e3dbe763ce0,roundedchip,silkpopup, global_locale=en_US, global_density_dpi=440, global_orientation=1}, className=.latin.keyboard.LatinNumberKeyboard, resourceIds=[#0x7f17086b], initialStates=0, keyboardViewDefs=[mls{direction=LOCALE, id=#0x7f0b0224, isScalable=false, layoutId=#0x7f0e0500, type=HEADER, touchable=true, defaultShow=true}, mls{direction=null, id=#0x7f0b0224, isScalable=true, layoutId=#0x7f0e0556, type=BODY, touchable=true, defaultShow=true}], persistentStates=0, persistentStatesPrefKey=null, popupBubbleLayoutId=#0x7f0e05f1, recentKeyLayoutId=0, recentKeyPopupLayoutId=0, recentKeyType=null, rememberRecentKey=NONE, sessionStates=0}, type=WIDGET, helpersCreated=[lxm@dec97ad, lxm@c17ae2, null, null], context.getResources().getConfiguration(): {1.0 405mcc869mnc [en_US] ldltr sw393dp w393dp h790dp 440dpi nrml long port night finger -keyb/v/h -nav/h winConfig={ mBounds=Rect(0, 0 - 1080, 2392) mAppBounds=Rect(0, 103 - 1080, 2276) mMaxBounds=Rect(0, 0 - 1080, 2392) mDisplayRotation=ROTATION_0 mWindowingMode=fullscreen mActivityType=undefined mAlwaysOnTop=undefined mRotation=ROTATION_0 isEmbedding:false} s.5420 fontWeightAdjustment=0 themeId=2 themeParameter=0 nightModeLevel = -1 typefaceChanged=0.0 ?spacesystem eaMode=1}
10-23 19:09:56.481  5589  5589 I AndroidIME: InputBundleManager.startInput():358 startInput() with mlo[keyboardType=prime, payload=null]
10-23 19:09:56.481  5589  5589 I GlobeKeyExtension: GlobeKeyExtension.onActivate():120 
10-23 19:09:56.481  9275  9342 I FusedLocation: (REDACTED) location delivery to %s blocked - too close
10-23 19:09:56.481  9275  9342 I FusedLocation: (REDACTED) location delivery to %s blocked - too fast
10-23 19:09:56.481  9275  9342 I FusedLocation: (REDACTED) location delivery to %s blocked - too close
10-23 19:09:56.482  5589  5589 I LanguagePromoExtension: LanguagePromoExtension.checkDisplayPreconditions():174 Not show language promo: exceeds the max display times.
10-23 19:09:56.482  5589  5589 I NewLanguagePromptExtension: NewLanguagePromptExtension.onActivate():189 Not activated NewLanguagePromptExtension: not a normal text input box.
10-23 19:09:56.483  5589  5589 I VoiceInputManagerWrapper: VoiceInputManagerWrapper.cancelShutdown():109 cancelShutdown()
10-23 19:09:56.483  5589  5589 I VoiceInputManagerWrapper: VoiceInputManagerWrapper.syncLanguagePacks():121 syncLanguagePacks()
10-23 19:09:56.483  9275  9342 I FusedLocation: (REDACTED) location delivery to %s blocked - too close
10-23 19:09:56.483  5589  5589 I VoiceInputManager: VoiceInputManager.onKeyboardActivated():1173 onKeyboardActivated() [UD]
10-23 19:09:56.483  5589  6558 I SpeechFactory: SpeechRecognitionFactory.maybeScheduleAutoPackDownloadForFallback():217 maybeScheduleAutoPackDownloadForFallback()
10-23 19:09:56.483  5589  6558 I FallbackOnDeviceRecognitionProvider: FallbackOnDeviceRecognitionProvider.maybeScheduleAutoPackDownload():205 maybeScheduleAutoPackDownload() for language tag en-US
10-23 19:09:56.483  5589  5589 I PkModeUpdater: PkModeUpdater.onActivate():74 onActivate false true
10-23 19:09:56.483  5589  5589 I AccessoryInputModeManager: AccessoryInputModeManager.onModeStarted():318 Accessory input mode started: null
10-23 19:09:56.483  5589  5589 W SupplementaryKeyboardsWrapper: SupplementaryKeyboardsWrapper.deactivateKeyboard():161 keyboard accessory_candidates_consumer is not activated before!
10-23 19:09:56.483  9275  9342 I FusedLocation: (REDACTED) location delivery to %s blocked - too fast
10-23 19:09:56.484  5589  5589 I KeyboardModeUtils: KeyboardModeUtils.getKeyboardBottomOffset():435 inch: 0.000000 ydpi: 387.429993 adjustKeyboardBottomByDisplaySize: false currentDensityDpi: 440 defaultDensityDpi: 440 keyboardBottomToScreenPx: 0 keyboardBottomToNavBarPx: -116 navBarHeight: 116
10-23 19:09:56.484  5589  5589 I KeyboardHeightUtil: KeyboardHeightUtil.calculateMaxKeyboardBodyHeight():50 leave 267 height for app when ime window height:2171, header height:121 and isFullscreenMode:false, so the max keyboard body height is:1783
10-23 19:09:56.484  5589  5589 I KeyboardHeightUtil: KeyboardHeightUtil.calculateMaxKeyboardBodyHeight():50 leave 267 height for app when ime window height:2171, header height:121 and isFullscreenMode:false, so the max keyboard body height is:1783
10-23 19:09:56.484  5589  5589 I AndroidIME: KeyboardViewManager.updateKeyboardBodyViewHolderPaddingBottom():472 Set finalPaddingBottom = 5 while holderPaddingBottom = 5; navigationHeight = 116
10-23 19:09:56.484  5589  5589 I KeyboardHeightUtil: KeyboardHeightUtil.calculateMaxKeyboardBodyHeight():50 leave 267 height for app when ime window height:2171, header height:121 and isFullscreenMode:false, so the max keyboard body height is:1783
10-23 19:09:56.484  5589  5589 I KeyboardHeightUtil: KeyboardHeightUtil.calculateMaxKeyboardBodyHeight():50 leave 267 height for app when ime window height:2171, header height:121 and isFullscreenMode:false, so the max keyboard body height is:1783
10-23 19:09:56.484  5589  5589 W ExtensionWrapper: ExtensionWrapper.setExtensionViewVisibility():811 interface mas is not activate
10-23 19:09:56.485  5589  5589 I Module  : DeviceLockedStatusModuleProvider$Module.updateDeviceLockedStatus():100 repeatCheckTimes = 1, locked = false
10-23 19:09:56.486  5589  5589 I StylusModule: StylusModule.onUpdateToolType():800 Update tool type = 1
10-23 19:09:56.486  5589  5589 I StylusModule: StylusModule.onUpdateToolType():800 Update tool type = 1
10-23 19:09:56.488  5589  5589 I KeyboardModeUtils: KeyboardModeUtils.getKeyboardBottomOffset():435 inch: 0.000000 ydpi: 387.429993 adjustKeyboardBottomByDisplaySize: false currentDensityDpi: 440 defaultDensityDpi: 440 keyboardBottomToScreenPx: 0 keyboardBottomToNavBarPx: -116 navBarHeight: 116
10-23 19:09:56.488  5589  5589 I KeyboardHeightUtil: KeyboardHeightUtil.calculateMaxKeyboardBodyHeight():50 leave 267 height for app when ime window height:2171, header height:121 and isFullscreenMode:false, so the max keyboard body height is:1783
10-23 19:09:56.488  5589  5589 I KeyboardHeightUtil: KeyboardHeightUtil.calculateMaxKeyboardBodyHeight():50 leave 267 height for app when ime window height:2171, header height:121 and isFullscreenMode:false, so the max keyboard body height is:1783
10-23 19:09:56.488  5589  5589 I AndroidIME: KeyboardViewManager.updateKeyboardBodyViewHolderPaddingBottom():472 Set finalPaddingBottom = 5 while holderPaddingBottom = 5; navigationHeight = 116
10-23 19:09:56.488  5589  5589 I WindowMetricsNotification: WindowMetricsNotification.notifyWithWindow():166 
10-23 19:09:56.488  5589  5589 I WindowMetricsNotification: WindowMetricsNotification.notify():159 pfu[bounds=Rect(0, 105 - 1080, 2392), insets=Rect(0, 0 - 0, 116), densityDpi=440, smallestScreenWidthDp=393, displayWidth=1080, displayHeight=2392, xdpi=387.43, ydpi=387.43, isTrustable=true, displayId=0]; DisplayMetrics{density=2.75, width=1080, height=2392, scaledDensity=2.75, xdpi=387.43, ydpi=387.43}
10-23 19:09:56.491  5589  5589 I GoogleInputMethodService: GoogleInputMethodService$1.onKeyboardViewShown():325 onKeyboardViewShown: keyboardType=prime, keyboardViewType=HEADER keyboardView=com.google.android.libraries.inputmethod.widgets.SoftKeyboardView{3421e50 V.E...... ........ 0,0-1080,121}
10-23 19:09:56.491  5589  5589 I KeyboardHeightUtil: KeyboardHeightUtil.calculateMaxKeyboardBodyHeight():50 leave 267 height for app when ime window height:2171, header height:121 and isFullscreenMode:false, so the max keyboard body height is:1783
10-23 19:09:56.491  5589  5589 I GoogleInputMethodService: GoogleInputMethodService$1.onKeyboardViewShown():325 onKeyboardViewShown: keyboardType=prime, keyboardViewType=BODY keyboardView=com.google.android.libraries.inputmethod.widgets.SoftKeyboardView{5cf1609 V.E...... ........ 0,0-1080,580}
10-23 19:09:56.491  5589  5589 I KeyboardHeightUtil: KeyboardHeightUtil.calculateMaxKeyboardBodyHeight():50 leave 267 height for app when ime window height:2171, header height:121 and isFullscreenMode:false, so the max keyboard body height is:1783
10-23 19:09:56.491  5589  5589 I GlobeKeyExtension: GlobeKeyExtension$1.onKeyboardViewShown():72 maybeDisableLanguageSwitchKeyPref when the keyboard is shown
10-23 19:09:56.491  5589  5589 I GlobeKeyExtension: GlobeKeyExtension.maybeDisableLanguageSwitchKeyPref():200 maybeDisableLanguageSwitchKeyPref hasGlobeKeyBeenDisabled: false, shouldDisableLanguageSwitchKey: false
10-23 19:09:56.491  5589  5589 I NewLanguagePromptExtension: NewLanguagePromptExtension$1.onKeyboardViewShown():88 Not show new language banner: not prime keyboard, or the extension not activated.
10-23 19:09:56.518  9275  9157 I GmsCoreXrpcWrapper: (REDACTED) Returning a channel provider with trafficStatsTag=%d trafficStatsUid=%d
10-23 19:09:56.870  5589  5589 W TooltipLifecycleManager: TooltipLifecycleManager.dismissTooltips():153 Tooltip with id SUGGESTION_VIEW_EDU_MINI_DIALOG not found in tooltipManager.
10-23 19:09:57.057  9275  9641 I cn_CronetUrlRequestContext: destroyNativeStreamLocked org.chromium.net.impl.CronetBidirectionalStream@6f76f34
10-23 19:09:57.994  9275  9345 W Settings: Setting airplane_mode_on has moved from android.provider.Settings.System to android.provider.Settings.Global, returning read-only value.
10-23 19:09:58.001  9275 11632 W SystemServiceRegistry: No service published for: wifirtt
10-23 19:09:58.020  9275  9313 I WifiScanner: onFullResults
10-23 19:09:58.020  9275  9774 I WifiScanner: onFullResults
10-23 19:09:58.021  9275  9289 I WifiScanner: onFullResults
10-23 19:09:58.084  9275 10597 I FrewleTileCacheManagerV: (REDACTED) Fetched %d AP models from cache
10-23 19:09:58.119  9275  9342 I FusedLocation: (REDACTED) location delivery to %s blocked - too close
10-23 19:09:58.121  9275  9342 I FusedLocation: (REDACTED) location delivery to %s blocked - too close
10-23 19:09:58.122  9275  9342 I FusedLocation: (REDACTED) location delivery to %s blocked - too close
10-23 19:09:58.122  9275  9342 I FusedLocation: (REDACTED) location delivery to %s blocked - too fast
10-23 19:09:58.122  9275  9342 I FusedLocation: (REDACTED) location delivery to %s blocked - too close
10-23 19:09:58.123  9275  9342 I FusedLocation: (REDACTED) location delivery to %s blocked - too close
10-23 19:09:58.123  9275  9342 I FusedLocation: (REDACTED) location delivery to %s blocked - too fast
10-23 19:09:58.124  9275  9342 I fznc    : Received empty WiFi-RTT scan. [CONTEXT service_id=6 ]
10-23 19:09:58.491  9275  9342 I FusedLocation: (REDACTED) location delivery to %s blocked - too close
10-23 19:09:58.492  9275  9342 I FusedLocation: (REDACTED) location delivery to %s blocked - too fast
10-23 19:09:58.492  9275  9342 I FusedLocation: (REDACTED) location delivery to %s blocked - too fast
10-23 19:09:58.492  9275  9342 I FusedLocation: (REDACTED) location delivery to %s blocked - too close
10-23 19:09:58.494  9275  9342 I FusedLocation: (REDACTED) location delivery to %s blocked - too close
10-23 19:09:58.494  9275  9342 I FusedLocation: (REDACTED) location delivery to %s blocked - too fast
10-23 19:09:58.494  9275  9342 I FusedLocation: (REDACTED) location delivery to %s blocked - too close
10-23 19:09:58.495  9275  9342 I FusedLocation: (REDACTED) location delivery to %s blocked - too close
10-23 19:09:58.495  9275  9342 I FusedLocation: (REDACTED) location delivery to %s blocked - too fast
10-23 19:10:00.452  5589  5589 I GoogleInputMethodService: GoogleInputMethodService.onFinishInputView():1571 onFinishInputView(false)
10-23 19:10:00.452  5589  5589 I GlobeKeyExtension: GlobeKeyExtension.onDeactivate():144 
10-23 19:10:00.453  5589  5589 W TooltipLifecycleManager: TooltipLifecycleManager.dismissTooltips():153 Tooltip with id SUGGESTION_VIEW_EDU_MINI_DIALOG not found in tooltipManager.
10-23 19:10:00.453  5589  5589 I VoiceInputManagerWrapper: VoiceInputManagerWrapper.shutdown():131 shutdown()
10-23 19:10:00.455  5589  5589 W TooltipLifecycleManager: TooltipLifecycleManager.dismissTooltips():153 Tooltip with id spell_check_add_to_dictionary not found in tooltipManager.
10-23 19:10:00.456  5589  5589 W TooltipLifecycleManager: TooltipLifecycleManager.dismissTooltips():153 Tooltip with id undo_access_point_promotion_banner not found in tooltipManager.
10-23 19:10:00.469  5589  5589 I KeyboardModeUtils: KeyboardModeUtils.getKeyboardBottomOffset():435 inch: 0.000000 ydpi: 387.429993 adjustKeyboardBottomByDisplaySize: false currentDensityDpi: 440 defaultDensityDpi: 440 keyboardBottomToScreenPx: 0 keyboardBottomToNavBarPx: -116 navBarHeight: 116
10-23 19:10:00.469  5589  5589 I KeyboardHeightUtil: KeyboardHeightUtil.calculateMaxKeyboardBodyHeight():50 leave 267 height for app when ime window height:2171, header height:121 and isFullscreenMode:false, so the max keyboard body height is:1783
10-23 19:10:00.469  5589  5589 I KeyboardHeightUtil: KeyboardHeightUtil.calculateMaxKeyboardBodyHeight():50 leave 267 height for app when ime window height:2171, header height:121 and isFullscreenMode:false, so the max keyboard body height is:1783
10-23 19:10:00.469  5589  5589 I AndroidIME: KeyboardViewManager.updateKeyboardBodyViewHolderPaddingBottom():472 Set finalPaddingBottom = 5 while holderPaddingBottom = 5; navigationHeight = 116
10-23 19:10:00.498  9275  9342 I FusedLocation: (REDACTED) location delivery to %s blocked - too close
10-23 19:10:00.498  9275  9342 I FusedLocation: (REDACTED) location delivery to %s blocked - too fast
10-23 19:10:00.501  9275  9342 I FusedLocation: (REDACTED) location delivery to %s blocked - too close
10-23 19:10:00.502  9275  9342 I FusedLocation: (REDACTED) location delivery to %s blocked - too close
10-23 19:10:00.503  9275  9342 I FusedLocation: (REDACTED) location delivery to %s blocked - too fast
10-23 19:10:00.503  9275  9342 I FusedLocation: (REDACTED) location delivery to %s blocked - too close
10-23 19:10:00.503  9275  9342 I FusedLocation: (REDACTED) location delivery to %s blocked - too close
10-23 19:10:00.504  9275  9342 I FusedLocation: (REDACTED) location delivery to %s blocked - too fast
10-23 19:10:00.731  9275 11613 I FusedOrientationManager: Registering orientation client. [CONTEXT service_id=6 ]
10-23 19:10:00.745  9275 11613 I FusedOrientationManager: Registering orientation client. [CONTEXT service_id=6 ]
10-23 19:10:01.233  5589  5589 W TooltipLifecycleManager: TooltipLifecycleManager.dismissTooltips():153 Tooltip with id undo_access_point_promotion_banner not found in tooltipManager.
10-23 19:10:01.258  5589  5589 D ViewRootImpl: AppSizeAfterRelayout, size: Point(1080, 2287), rotation: ROTATION_0
10-23 19:10:01.260  5589  5589 D BLASTBufferQueue: [VRI[InputMethod]#4110](f:0,a:4) destructor()
10-23 19:10:01.260  5589  5589 D BufferQueueConsumer: [VRI[InputMethod]#4110(BLAST Consumer)4110](id:15d50000100e,api:0,p:-1,c:5589) disconnect
10-23 19:10:01.462  9275  9342 I FusedLocation: (REDACTED) location delivery to %s blocked - too fast
10-23 19:10:01.463  9275  9342 I FusedLocation: (REDACTED) location delivery to %s blocked - too close
10-23 19:10:01.464  9275  9342 I FusedLocation: (REDACTED) location delivery to %s blocked - too fast
10-23 19:10:01.464  9275  9342 I FusedLocation: (REDACTED) location delivery to %s blocked - too close
10-23 19:10:01.465  9275  9342 I FusedLocation: (REDACTED) location delivery to %s blocked - too close
10-23 19:10:01.466  9275  9342 I FusedLocation: (REDACTED) location delivery to %s blocked - too close
10-23 19:10:01.466  9275  9342 I FusedLocation: (REDACTED) location delivery to %s blocked - too close
10-23 19:10:01.467  9275  9342 I FusedLocation: (REDACTED) location delivery to %s blocked - too fast
10-23 19:10:01.474  9275 11632 I SemanticLocation: [InfMgr] No location reports after filtering [CONTEXT service_id=173 ]
10-23 19:10:01.540  9275 10544 I PhenotypeResourceReader: unable to find any Phenotype resource metadata for com.a1taxi.a1taxicustomer
10-23 19:10:01.550  1870  2894 D BatteryStatsService: noteVideoSurfaceChanged  noteWhich: 49,arg1: 1080, arg2: 2056, arg3: 6935, arg4: 1334, name: com.a1taxi.a1taxicustomer
10-23 19:10:03.019  9275  9345 W Settings: Setting airplane_mode_on has moved from android.provider.Settings.System to android.provider.Settings.Global, returning read-only value.
10-23 19:10:03.026  9275  9157 W SystemServiceRegistry: No service published for: wifirtt
10-23 19:10:03.502  9275  9342 I FusedLocation: (REDACTED) location delivery to %s blocked - too fast
10-23 19:10:03.503  9275  9342 I FusedLocation: (REDACTED) location delivery to %s blocked - too close
10-23 19:10:03.506  9275  9342 I FusedLocation: (REDACTED) location delivery to %s blocked - too close
10-23 19:10:03.506  9275  9342 I FusedLocation: (REDACTED) location delivery to %s blocked - too close
10-23 19:10:03.508  9275  9342 I FusedLocation: (REDACTED) location delivery to %s blocked - too close
10-23 19:10:03.509  9275  9342 I FusedLocation: (REDACTED) location delivery to %s blocked - too fast
10-23 19:10:03.509  9275  9342 I FusedLocation: (REDACTED) location delivery to %s blocked - too close
10-23 19:10:03.511  9275  9342 I FusedLocation: (REDACTED) location delivery to %s blocked - too close
10-23 19:10:03.511  9275  9342 I FusedLocation: (REDACTED) location delivery to %s blocked - too fast
10-23 19:10:03.978  9275  9289 I WifiScanner: onFullResults
10-23 19:10:03.978  9275  9774 I WifiScanner: onFullResults
10-23 19:10:03.979  9275  9313 I WifiScanner: onFullResults
10-23 19:10:03.992  9275 10601 I FrewleTileCacheManagerV: (REDACTED) Fetched %d AP models from cache
10-23 19:10:04.026  9275  9342 I FusedLocation: (REDACTED) location delivery to %s blocked - too fast
10-23 19:10:04.027  9275  9342 I FusedLocation: (REDACTED) location delivery to %s blocked - too close
10-23 19:10:04.027  9275  9342 I FusedLocation: (REDACTED) location delivery to %s blocked - too fast
10-23 19:10:04.028  9275  9342 I FusedLocation: (REDACTED) location delivery to %s blocked - too fast
10-23 19:10:04.028  9275  9342 I FusedLocation: (REDACTED) location delivery to %s blocked - too close
10-23 19:10:04.028  9275  9342 I FusedLocation: (REDACTED) location delivery to %s blocked - too close
10-23 19:10:04.029  9275  9342 I FusedLocation: (REDACTED) location delivery to %s blocked - too close
10-23 19:10:04.029  9275  9342 I FusedLocation: (REDACTED) location delivery to %s blocked - too fast
10-23 19:10:04.030  9275  9342 I FusedLocation: (REDACTED) location delivery to %s blocked - too close
10-23 19:10:04.030  9275  9342 I FusedLocation: (REDACTED) location delivery to %s blocked - too close
10-23 19:10:04.031  9275  9342 I FusedLocation: (REDACTED) location delivery to %s blocked - too fast
10-23 19:10:04.032  9275  9342 I fznc    : Received empty WiFi-RTT scan. [CONTEXT service_id=6 ]
10-23 19:10:05.461  9275  9342 I FusedLocation: (REDACTED) location delivery to %s blocked - too fast
10-23 19:10:05.463  9275  9342 I FusedLocation: (REDACTED) location delivery to %s blocked - too close
10-23 19:10:05.463  9275  9342 I FusedLocation: (REDACTED) location delivery to %s blocked - too fast
10-23 19:10:05.464  9275  9342 I FusedLocation: (REDACTED) location delivery to %s blocked - too close
10-23 19:10:05.464  9275  9342 I FusedLocation: (REDACTED) location delivery to %s blocked - too close
10-23 19:10:05.465  9275  9342 I FusedLocation: (REDACTED) location delivery to %s blocked - too close
10-23 19:10:05.465  9275  9342 I FusedLocation: (REDACTED) location delivery to %s blocked - too fast
10-23 19:10:05.466  9275  9342 I FusedLocation: (REDACTED) location delivery to %s blocked - too close
10-23 19:10:05.466  9275  9342 I FusedLocation: (REDACTED) location delivery to %s blocked - too close
10-23 19:10:05.468  9275  9342 I FusedLocation: (REDACTED) location delivery to %s blocked - too fast
10-23 19:10:05.509  5720 15135 W MediaProvider: isAppCloneUserPair for user 0: false
10-23 19:10:05.516  5720 15135 D SQLiteQueryBuilder: INSERT INTO files (_user_id,inferred_date,format,bucket_display_name,owner_package_name,parent,volume_name,date_modified,date_expires,_modifier,_display_name,mime_type,_data,title,is_trashed,is_pending,date_added,bucket_id,media_type,relative_path,generation_added,generation_modified,_id) VALUES (?,?,?,?,?,?,?,?,?,?,?,?,?,?,?,?,?,?,?,?,(SELECT generation FROM local_metadata),(SELECT generation FROM local_metadata),_GET_ID( '/storage/emulated/0/Pictures/Screenshots/.pending-1761831605-Screenshot_20251023_191005.jpg' ))
10-23 19:10:05.530  5720 15135 D SQLiteQueryBuilder: SELECT _data, owner_package_name, is_pending FROM images WHERE ((_id='1000015515') AND (volume_name IN ( 'external_primary' )))
10-23 19:10:05.536  5720 15135 D MediaProvider: Open with FUSE. FilePath: /storage/emulated/0/Pictures/Screenshots/.pending-1761831605-Screenshot_20251023_191005.jpg. Uid: 1000. Media Capabilities Uid: 0. ShouldRedact: false. ShouldTranscode: false
10-23 19:10:05.602  5720 15135 D SQLiteQueryBuilder: SELECT _data, owner_package_name, is_pending FROM images WHERE ((_id='1000015515') AND (volume_name IN ( 'external_primary' )))
10-23 19:10:05.603  5720 15135 D MediaProvider: Open with FUSE. FilePath: /storage/emulated/0/Pictures/Screenshots/.pending-1761831605-Screenshot_20251023_191005.jpg. Uid: 1000. Media Capabilities Uid: 0. ShouldRedact: false. ShouldTranscode: false
10-23 19:10:05.604  9275 10601 I NetworkScheduler.Stats: (REDACTED) Task %s/%s started execution. cause:%s exec_start_elapsed_seconds: %s
10-23 19:10:05.610  9275 10601 I NetworkScheduler.Stats: (REDACTED) Task %s/%s finished executing. cause:%s result: %s elapsed_millis: %s uptime_millis: %s exec_start_elapsed_seconds: %s
10-23 19:10:05.614  5720 15135 D SQLiteQueryBuilder: SELECT is_pending FROM images WHERE ((_id='1000015515') AND (volume_name IN ( 'external_primary' )))
10-23 19:10:05.615  5720 15135 D SQLiteQueryBuilder: SELECT date_expires, _display_name, mime_type, _data, is_trashed, is_pending, relative_path FROM files WHERE ((_id='1000015515') AND (volume_name IN ( 'external_primary' )))
10-23 19:10:05.620  5720 15135 D MediaProvider: Moving /storage/emulated/0/Pictures/Screenshots/.pending-1761831605-Screenshot_20251023_191005.jpg to /storage/emulated/0/Pictures/Screenshots/Screenshot_20251023_191005.jpg
10-23 19:10:05.621  5720 15135 D SQLiteQueryBuilder: SELECT _id FROM files WHERE ((_id='1000015515') AND (media_type=1) AND (volume_name IN ( 'external_primary' )))
10-23 19:10:05.624  5720 15135 D SQLiteQueryBuilder: UPDATE files SET inferred_date=?,bucket_display_name=?,volume_name=?,date_modified=?,date_expires=?,_display_name=?,mime_type=?,_data=?,_size=?,is_trashed=?,is_pending=?,bucket_id=?,relative_path=?,generation_modified=(SELECT generation FROM local_metadata),_id=ifnull(_GET_ID( '/storage/emulated/0/Pictures/Screenshots/Screenshot_20251023_191005.jpg' ), _id) WHERE ((_id='1000015515') AND (media_type=1) AND (volume_name IN ( 'external_primary' )))
10-23 19:10:05.628  5720 15135 D SQLiteQueryBuilder: SELECT _data FROM files WHERE ((_id='1000015515') AND (volume_name IN ( 'external_primary' )))
10-23 19:10:05.630  5720 15135 V ModernMediaScanner: Visiting /storage/emulated/0/Pictures/Screenshots/Screenshot_20251023_191005.jpg
10-23 19:10:05.630  5720 15135 D SQLiteQueryBuilder: SELECT _id, date_modified, _size, mime_type, media_type, is_pending, _modifier FROM files WHERE ((volume_name IN ( 'external_primary' ))) AND ((_data=?))
10-23 19:10:05.634  5720  5837 D SQLiteQueryBuilder: SELECT _data FROM files WHERE ((_id='1000015515') AND (volume_name IN ( 'external_primary' )))
10-23 19:10:05.635  5720  5837 D SQLiteQueryBuilder: DELETE FROM deleted_media WHERE (old_id = ?)
10-23 19:10:05.640  5720 15135 D SQLiteQueryBuilder: SELECT _id FROM files WHERE ((_id='1000015515') AND (volume_name IN ( 'external_primary' )))
10-23 19:10:05.641  5720 15135 D SQLiteQueryBuilder: UPDATE files SET instance_id=?,compilation=?,disc_number=?,duration=?,album_artist=?,description=?,resolution=?,orientation=?,artist=?,author=?,inferred_date=?,height=?,is_drm=?,bucket_display_name=?,volume_name=?,date_modified=?,writer=?,date_expires=?,composer=?,_modifier=?,_display_name=?,datetaken=?,mime_type=?,bitrate=?,cd_track_number=?,xmp=?,year=?,_data=?,_size=?,album=?,genre=?,title=?,width=?,is_trashed=?,document_id=?,is_pending=?,capture_framerate=?,_special_format=?,num_tracks=?,original_document_id=?,bucket_id=?,media_type=?,relative_path=?,generation_modified=(SELECT generation FROM local_metadata),_id=ifnull(_GET_ID( '/storage/emulated/0/Pictures/Screenshots/Screenshot_20251023_191005.jpg' ), _id) WHERE ((_id='1000015515') AND (volume_name IN ( 'external_primary' )))
10-23 19:10:05.650  5720 15135 D SQLiteQueryBuilder: SELECT _id FROM audio_playlists WHERE ((((is_pending=0 AND NOT _modifier=4) OR (is_pending=1 AND lower(_data) NOT REGEXP '.*/\.pending-(\d+)-([^/]+)$' AND owner_package_name IN ( 'com.google.android.providers.media.module' )))) AND (is_trashed=0) AND (volume_name IN ( 'external_primary' ))) AND ((generation_modified > 57149))
10-23 19:10:05.651  5720 15135 D SQLiteQueryBuilder: SELECT media_type FROM files WHERE ((_id='1000015515') AND (volume_name IN ( 'external_primary' )))
10-23 19:10:05.651  5720  5837 V MediaProvider: Deleted backup of old file path: /storage/emulated/0/Pictures/Screenshots/.pending-1761831605-Screenshot_20251023_191005.jpg
10-23 19:10:05.654  5720 14148 D SQLiteQueryBuilder: SELECT _data, owner_package_name, is_pending FROM images WHERE ((_id='1000015515') AND (volume_name IN ( 'external_primary' )))
10-23 19:10:05.655  5720 14148 D MediaProvider: Open with FUSE. FilePath: /storage/emulated/0/Pictures/Screenshots/Screenshot_20251023_191005.jpg. Uid: 1000. Media Capabilities Uid: 0. ShouldRedact: false. ShouldTranscode: false
10-23 19:10:05.655  5720  5837 D SQLiteQueryBuilder: SELECT _data FROM files WHERE ((_id='1000015515') AND (volume_name IN ( 'external_primary' )))
10-23 19:10:05.662  5720 14148 D SQLiteQueryBuilder: SELECT _data, owner_package_name, is_pending FROM images WHERE ((_id='1000015515') AND (volume_name IN ( 'external_primary' )))
10-23 19:10:05.665  5720 14148 D MediaProvider: Open with FUSE. FilePath: /storage/emulated/0/Pictures/Screenshots/Screenshot_20251023_191005.jpg. Uid: 1000. Media Capabilities Uid: 0. ShouldRedact: false. ShouldTranscode: false
10-23 19:10:05.667  5720  5896 D WM-SystemJobScheduler: Scheduling work ID b66631be-bb0a-4b68-80fa-d8c2a41eac14Job ID 1490
10-23 19:10:05.669  5720  5896 D WM-GreedyScheduler: Ignoring {WorkSpec: c1b319df-9471-4b35-b67a-bdf2f87ba422}. Requires device idle.
10-23 19:10:05.669  5720  5896 D WM-GreedyScheduler: Ignoring {WorkSpec: 4c086dad-667c-4079-8821-1d44c9555e6e}. Requires device idle.
10-23 19:10:05.669  5720  5896 D WM-GreedyScheduler: Ignoring {WorkSpec: 0ed31500-ca83-49e4-8809-14ec08701546}. Requires device idle.
10-23 19:10:05.676  5720  5837 V ModernMediaScanner: Visiting /storage/emulated/0/Pictures/Screenshots/Screenshot_20251023_191005.jpg
10-23 19:10:05.676  5720  5837 D SQLiteQueryBuilder: SELECT _id, date_modified, _size, mime_type, media_type, is_pending, _modifier FROM files WHERE ((volume_name IN ( 'external_primary' ))) AND ((_data=?))
10-23 19:10:05.678  5720  5837 D SQLiteQueryBuilder: SELECT _id FROM files WHERE ((_id='1000015515') AND (volume_name IN ( 'external_primary' )))
10-23 19:10:05.678  5720  5837 D SQLiteQueryBuilder: UPDATE files SET instance_id=?,compilation=?,disc_number=?,duration=?,album_artist=?,description=?,resolution=?,orientation=?,artist=?,author=?,inferred_date=?,height=?,is_drm=?,bucket_display_name=?,volume_name=?,date_modified=?,writer=?,date_expires=?,composer=?,_modifier=?,_display_name=?,datetaken=?,mime_type=?,bitrate=?,cd_track_number=?,xmp=?,year=?,_data=?,_size=?,album=?,genre=?,title=?,width=?,is_trashed=?,document_id=?,is_pending=?,capture_framerate=?,_special_format=?,num_tracks=?,original_document_id=?,bucket_id=?,media_type=?,relative_path=?,generation_modified=(SELECT generation FROM local_metadata),_id=ifnull(_GET_ID( '/storage/emulated/0/Pictures/Screenshots/Screenshot_20251023_191005.jpg' ), _id) WHERE ((_id='1000015515') AND (volume_name IN ( 'external_primary' )))
10-23 19:10:05.680  5720  5837 D SQLiteQueryBuilder: SELECT _id FROM audio_playlists WHERE ((((is_pending=0 AND NOT _modifier=4) OR (is_pending=1 AND lower(_data) NOT REGEXP '.*/\.pending-(\d+)-([^/]+)$' AND owner_package_name IN ( 'com.google.android.providers.media.module' )))) AND (is_trashed=0) AND (volume_name IN ( 'external_primary' ))) AND ((generation_modified > 57156))
10-23 19:10:05.681  5720  5837 D SQLiteQueryBuilder: SELECT media_type FROM files WHERE ((_id='1000015515') AND (volume_name IN ( 'external_primary' )))
10-23 19:10:05.681  5720  5837 D SQLiteQueryBuilder: SELECT _data FROM files WHERE ((_id='1000015515') AND (volume_name IN ( 'external_primary' )))
10-23 19:10:05.724  9275  9326 I UriTaskContentObserver: (REDACTED) Throttling content uri change event for %s
10-23 19:10:05.725  9275  9326 I UriTaskContentObserver: (REDACTED) Throttling content uri change event for %s
10-23 19:10:05.726  9275 11632 I NetworkScheduler.Stats: (REDACTED) Task %s/%s started execution. cause:%s exec_start_elapsed_seconds: %s
10-23 19:10:05.749  9275 11632 I NetworkScheduler.Stats: (REDACTED) Task %s/%s finished executing. cause:%s result: %s elapsed_millis: %s uptime_millis: %s exec_start_elapsed_seconds: %s
10-23 19:10:06.392  9275  9345 I ActivityScheduler: nextTriggerTime: 1670977755, in 2000ms, detectorType: 39, FULL_TYPE alarmWindowMillis: 250
10-23 19:10:07.152  5720  5720 D WM-DelayedWorkTracker: Scheduling work b66631be-bb0a-4b68-80fa-d8c2a41eac14
10-23 19:10:07.157  5720  5720 D WM-GreedyScheduler: Starting tracking for b66631be-bb0a-4b68-80fa-d8c2a41eac14
10-23 19:10:07.162  5720  5896 D WM-ConstraintTracker: BatteryNotLowTracker: initial state = true
10-23 19:10:07.162  5720  5896 D WM-BrdcstRcvrCnstrntTrc: BatteryNotLowTracker: registering receiver
10-23 19:10:07.170  5720  5896 D WM-GreedyScheduler: Constraints met: Scheduling work ID WorkGenerationalId(workSpecId=b66631be-bb0a-4b68-80fa-d8c2a41eac14, generation=0)
10-23 19:10:07.172  5720  5896 D WM-Processor: Processor: processing WorkGenerationalId(workSpecId=b66631be-bb0a-4b68-80fa-d8c2a41eac14, generation=0)
10-23 19:10:07.178  5720  5720 D WM-WorkerWrapper: Starting work for com.android.providers.media.photopicker.sync.ProactiveSyncWorker
10-23 19:10:07.179  5720 17209 I PSyncWorker: Starting proactive picker sync from sync source: 1
10-23 19:10:07.179  5720 17209 I PickerSyncTracker: Created new sync future java.util.concurrent.CompletableFuture@23bb03c[Not completed, 1 dependents]. Future map: {b66631be-bb0a-4b68-80fa-d8c2a41eac14=java.util.concurrent.CompletableFuture@23bb03c[Not completed, 1 dependents]}
10-23 19:10:07.180  5720 17209 D PickerSyncController: syncAllMediaFromProvider() LOCAL, auth=com.android.providers.media.photopicker, retry=true
10-23 19:10:07.180  5720 17209 D PickerSyncController: getSyncRequestParams() LOCAL, auth=com.android.providers.media.photopicker
10-23 19:10:07.183  5720 17209 D SQLiteQueryBuilder: SELECT MAX(generation_modified) AS last_media_sync_generation FROM files WHERE ((media_type = 1 OR media_type = 3) AND (is_trashed = 0) AND (is_pending = 0) AND (datetaken IS NOT NULL OR date_modified IS NOT NULL) AND (volume_name IN ( 'external_primary' )) AND (generation_modified > ?))
10-23 19:10:07.183  5720 17209 D SQLiteQueryBuilder: SELECT MAX(generation_modified) AS last_media_sync_generation FROM deleted_media WHERE ((generation_modified > ?))
10-23 19:10:07.199  5720 17209 D PickerSyncController:    Latest ID/Gen=1506:3330c810-cb16-440c-9dec-ff91d602ab64:external_primary/57157
10-23 19:10:07.199  5720 17209 D PickerSyncController:    Cached ID/Gen=1506:3330c810-cb16-440c-9dec-ff91d602ab64:external_primary/57134
10-23 19:10:07.199  5720 17209 D PickerSyncController:    RESULT=SyncRequestParams{type=MEDIA_INCREMENTAL, gen=57134, latest=Bundle[{last_media_sync_generation=57157, media_collection_id=1506:3330c810-cb16-440c-9dec-ff91d602ab64:external_primary}], pageSize=1000}
10-23 19:10:07.199  5720 17209 I PickerSyncController: Executing SyncAdd. isLocal: true. authority: com.android.providers.media.photopicker
10-23 19:10:07.199  5720 17209 D PickerSyncLockManager: Trying to acquire lock com.android.providers.media.photopicker.sync.CloseableReentrantLock@c87cbf4[Unlocked]. Lock Name = CLOUD_PROVIDER_LOCK. Threads that may be waiting to acquire this lock = [] with timeout.
10-23 19:10:07.199  5720 17209 D CloseableReentrantLock: Successfully acquired lock com.android.providers.media.photopicker.sync.CloseableReentrantLock@c87cbf4[Locked by thread pool-3-thread-8]. Lock Name = CLOUD_PROVIDER_LOCK. Threads that may be waiting to acquire this lock = []
10-23 19:10:07.199  5720 17209 D CloseableReentrantLock: Successfully released lock com.android.providers.media.photopicker.sync.CloseableReentrantLock@c87cbf4[Unlocked]. Lock Name = CLOUD_PROVIDER_LOCK. Threads that may be waiting to acquire this lock = []
10-23 19:10:07.199  5720 17209 D ExternalDbFacade: Token received for queryMedia = null
10-23 19:10:07.200  5720 17209 D SQLiteQueryBuilder: SELECT _id AS id, COALESCE(datetaken,date_modified* 1000) AS date_taken_millis, generation_modified AS sync_generation, _size AS size_bytes, mime_type AS mime_type, _special_format AS standard_mime_type_extension, duration AS duration_millis, is_favorite AS is_favorite, width AS width, height AS height, orientation AS orientation, owner_package_name AS owner_package_name, _user_id AS _user_id FROM files WHERE ((media_type = 1 OR media_type = 3) AND (is_trashed = 0) AND (is_pending = 0) AND (datetaken IS NOT NULL OR date_modified IS NOT NULL) AND (volume_name IN ( 'external_primary' )) AND (generation_modified > ?)) ORDER BY date_taken_millis DESC,id DESC LIMIT 1000
10-23 19:10:07.213  5720 17209 D SQLiteQueryBuilder: INSERT INTO media (_user_id,standard_mime_type_extension,size_bytes,orientation,height,owner_package_name,date_taken_ms,duration_ms,sync_generation,mime_type,width,is_favorite,local_id,is_visible) VALUES (?,?,?,?,?,?,?,?,?,?,?,?,?,?)
10-23 19:10:07.220  5720 17209 D PickerSyncLockManager: Trying to acquire lock com.android.providers.media.photopicker.sync.CloseableReentrantLock@c87cbf4[Unlocked]. Lock Name = CLOUD_PROVIDER_LOCK. Threads that may be waiting to acquire this lock = [] with timeout.
10-23 19:10:07.221  5720 17209 D CloseableReentrantLock: Successfully acquired lock com.android.providers.media.photopicker.sync.CloseableReentrantLock@c87cbf4[Locked by thread pool-3-thread-8]. Lock Name = CLOUD_PROVIDER_LOCK. Threads that may be waiting to acquire this lock = []
10-23 19:10:07.221  5720 17209 D PickerSyncController: Saving next page token: 1761226805487|1000015515 for key: local_provider:media_add:resume
10-23 19:10:07.221  5720 17209 D CloseableReentrantLock: Successfully released lock com.android.providers.media.photopicker.sync.CloseableReentrantLock@c87cbf4[Unlocked]. Lock Name = CLOUD_PROVIDER_LOCK. Threads that may be waiting to acquire this lock = []
10-23 19:10:07.222  5720 17209 D PickerNotificationSender: Sending a notification for media update
10-23 19:10:07.223  5720 17209 D PickerNotificationSender: Sending a notification for merged album media update Videos
10-23 19:10:07.223  5720 17209 D PickerNotificationSender: Sending a notification for album media update Videos
10-23 19:10:07.224  5720 17209 D PickerNotificationSender: Sending a notification for merged album media update Favorites
10-23 19:10:07.224  5720 17209 D PickerNotificationSender: Sending a notification for album media update Favorites
10-23 19:10:07.226  5720 17209 D ExternalDbFacade: Token received for queryMedia = 1761226805487|1000015515
10-23 19:10:07.226  5720 17209 D SQLiteQueryBuilder: SELECT _id AS id, COALESCE(datetaken,date_modified* 1000) AS date_taken_millis, generation_modified AS sync_generation, _size AS size_bytes, mime_type AS mime_type, _special_format AS standard_mime_type_extension, duration AS duration_millis, is_favorite AS is_favorite, width AS width, height AS height, orientation AS orientation, owner_package_name AS owner_package_name, _user_id AS _user_id FROM files WHERE ((media_type = 1 OR media_type = 3) AND (is_trashed = 0) AND (is_pending = 0) AND (datetaken IS NOT NULL OR date_modified IS NOT NULL) AND (volume_name IN ( 'external_primary' )) AND (generation_modified > ?) AND (date_taken_millis IS NOT NULL AND (date_taken_millis < CAST(? AS INT) OR (date_taken_millis = CAST(? AS INT) AND _id < CAST(? AS INT))))) ORDER BY date_taken_millis DESC,id DESC LIMIT 1000
10-23 19:10:07.242  5720 17209 D PickerSyncLockManager: Trying to acquire lock com.android.providers.media.photopicker.sync.CloseableReentrantLock@c87cbf4[Unlocked]. Lock Name = CLOUD_PROVIDER_LOCK. Threads that may be waiting to acquire this lock = [] with timeout.
10-23 19:10:07.242  5720 17209 D CloseableReentrantLock: Successfully acquired lock com.android.providers.media.photopicker.sync.CloseableReentrantLock@c87cbf4[Locked by thread pool-3-thread-8]. Lock Name = CLOUD_PROVIDER_LOCK. Threads that may be waiting to acquire this lock = []
10-23 19:10:07.242  5720 17209 D PickerSyncController: Clearing next page token for key: local_provider:media_add:resume
10-23 19:10:07.242  5720 17209 D CloseableReentrantLock: Successfully released lock com.android.providers.media.photopicker.sync.CloseableReentrantLock@c87cbf4[Unlocked]. Lock Name = CLOUD_PROVIDER_LOCK. Threads that may be waiting to acquire this lock = []
10-23 19:10:07.242  5720 17209 D PickerNotificationSender: Sending a notification for media update
10-23 19:10:07.244  5720 17209 D PickerNotificationSender: Sending a notification for merged album media update Videos
10-23 19:10:07.244  5720 17209 D PickerNotificationSender: Sending a notification for album media update Videos
10-23 19:10:07.245  5720 17209 D PickerNotificationSender: Sending a notification for merged album media update Favorites
10-23 19:10:07.245  5720 17209 D PickerNotificationSender: Sending a notification for album media update Favorites
10-23 19:10:07.248  5720 17209 I PickerSyncController: Paged sync successful. QueryArgs: Bundle[{android.provider.extra.PAGE_TOKEN=1761226805487|1000015515, android.provider.extra.SYNC_GENERATION=57134, android.provider.extra.PAGE_SIZE=1000}] Total Rows: 1
10-23 19:10:07.248  5720 17209 I PickerSyncController: Executing SyncRemove. isLocal: true. authority: com.android.providers.media.photopicker
10-23 19:10:07.248  5720 17209 D PickerSyncLockManager: Trying to acquire lock com.android.providers.media.photopicker.sync.CloseableReentrantLock@c87cbf4[Unlocked]. Lock Name = CLOUD_PROVIDER_LOCK. Threads that may be waiting to acquire this lock = [] with timeout.
10-23 19:10:07.248  5720 17209 D CloseableReentrantLock: Successfully acquired lock com.android.providers.media.photopicker.sync.CloseableReentrantLock@c87cbf4[Locked by thread pool-3-thread-8]. Lock Name = CLOUD_PROVIDER_LOCK. Threads that may be waiting to acquire this lock = []
10-23 19:10:07.249  5720 17209 D CloseableReentrantLock: Successfully released lock com.android.providers.media.photopicker.sync.CloseableReentrantLock@c87cbf4[Unlocked]. Lock Name = CLOUD_PROVIDER_LOCK. Threads that may be waiting to acquire this lock = []
10-23 19:10:07.249  5720 17209 D SQLiteQueryBuilder: SELECT old_id AS id FROM deleted_media WHERE (generation_modified > ?)
10-23 19:10:07.252  5720 17209 D PickerSyncLockManager: Trying to acquire lock com.android.providers.media.photopicker.sync.CloseableReentrantLock@c87cbf4[Unlocked]. Lock Name = CLOUD_PROVIDER_LOCK. Threads that may be waiting to acquire this lock = [] with timeout.
10-23 19:10:07.253  5720 17209 D CloseableReentrantLock: Successfully acquired lock com.android.providers.media.photopicker.sync.CloseableReentrantLock@c87cbf4[Locked by thread pool-3-thread-8]. Lock Name = CLOUD_PROVIDER_LOCK. Threads that may be waiting to acquire this lock = []
10-23 19:10:07.253  5720 17209 D PickerSyncController: Clearing next page token for key: local_provider:media_remove:resume
10-23 19:10:07.253  5720 17209 D CloseableReentrantLock: Successfully released lock com.android.providers.media.photopicker.sync.CloseableReentrantLock@c87cbf4[Unlocked]. Lock Name = CLOUD_PROVIDER_LOCK. Threads that may be waiting to acquire this lock = []
10-23 19:10:07.253  5720 17209 D PickerNotificationSender: Sending a notification for media update
10-23 19:10:07.254  5720 17209 D PickerNotificationSender: Sending a notification for merged album media update Videos
10-23 19:10:07.254  5720 17209 D PickerNotificationSender: Sending a notification for album media update Videos
10-23 19:10:07.256  5720 17209 D PickerNotificationSender: Sending a notification for merged album media update Favorites
10-23 19:10:07.256  5720 17209 D PickerNotificationSender: Sending a notification for album media update Favorites
10-23 19:10:07.258  5720 17209 I PickerSyncController: Paged sync successful. QueryArgs: Bundle[{android.provider.extra.PAGE_TOKEN=1761226805487|1000015515, android.provider.extra.SYNC_GENERATION=57134, android.provider.extra.PAGE_SIZE=1000}] Total Rows: 0
10-23 19:10:07.258  5720 17209 I PickerSyncTracker: Marked sync future complete for work id: b66631be-bb0a-4b68-80fa-d8c2a41eac14. Future map: {}
10-23 19:10:07.258  5720 17209 I PSyncWorker: Completed picker proactive sync complete from local provider.
10-23 19:10:07.259  5720  5844 I WM-WorkerWrapper: Worker result SUCCESS for Work [ id=b66631be-bb0a-4b68-80fa-d8c2a41eac14, tags={ com.android.providers.media.photopicker.sync.ProactiveSyncWorker } ]
10-23 19:10:07.263  5720  5720 D WM-Processor: Processor b66631be-bb0a-4b68-80fa-d8c2a41eac14 executed; reschedule = false
10-23 19:10:07.264  5720  5720 D WM-GreedyScheduler: Stopping tracking for WorkGenerationalId(workSpecId=b66631be-bb0a-4b68-80fa-d8c2a41eac14, generation=0)
10-23 19:10:07.275  5720  5844 D WM-GreedyScheduler: Cancelling work ID b66631be-bb0a-4b68-80fa-d8c2a41eac14
10-23 19:10:07.279  5720  5844 D WM-GreedyScheduler: Ignoring {WorkSpec: c1b319df-9471-4b35-b67a-bdf2f87ba422}. Requires device idle.
10-23 19:10:07.279  5720  5844 D WM-GreedyScheduler: Ignoring {WorkSpec: 4c086dad-667c-4079-8821-1d44c9555e6e}. Requires device idle.
10-23 19:10:07.279  5720  5844 D WM-GreedyScheduler: Ignoring {WorkSpec: 0ed31500-ca83-49e4-8809-14ec08701546}. Requires device idle.
10-23 19:10:07.282  5720  5844 D WM-BrdcstRcvrCnstrntTrc: BatteryNotLowTracker: unregistering receiver
10-23 19:10:07.483  9275  9342 I FusedLocation: (REDACTED) location delivery to %s blocked - too fast
10-23 19:10:07.485  9275  9342 I FusedLocation: (REDACTED) location delivery to %s blocked - too close
10-23 19:10:07.486  9275  9342 I FusedLocation: (REDACTED) location delivery to %s blocked - too fast
10-23 19:10:07.487  9275  9342 I FusedLocation: (REDACTED) location delivery to %s blocked - too close
10-23 19:10:07.487  9275  9342 I FusedLocation: (REDACTED) location delivery to %s blocked - too close
10-23 19:10:07.489  9275  9342 I FusedLocation: (REDACTED) location delivery to %s blocked - too close
10-23 19:10:07.489  9275  9342 I FusedLocation: (REDACTED) location delivery to %s blocked - too fast
10-23 19:10:07.489  9275  9342 I FusedLocation: (REDACTED) location delivery to %s blocked - too close
10-23 19:10:07.491  9275  9342 I FusedLocation: (REDACTED) location delivery to %s blocked - too close
10-23 19:10:07.491  9275  9342 I FusedLocation: (REDACTED) location delivery to %s blocked - too fast
10-23 19:10:08.418  7096  7120 I native  : I0000 00:00:1761226808.417699    7120 soda_async_impl.cc:1383] Current audio timestamp: 1761226808331406
10-23 19:10:08.495  7096  7126 W ProxyAndroidLoggerBackend: Too many Flogger logs received before configuration. Dropping old logs.
10-23 19:10:08.976  9275  9345 W Settings: Setting airplane_mode_on has moved from android.provider.Settings.System to android.provider.Settings.Global, returning read-only value.
10-23 19:10:08.984  9275 11667 W SystemServiceRegistry: No service published for: wifirtt
10-23 19:10:08.995  9275  9289 I WifiScanner: onFullResults
10-23 19:10:08.996  9275  9313 I WifiScanner: onFullResults
10-23 19:10:08.998  9275  9289 I WifiScanner: onFullResults
10-23 19:10:09.063  9275 11632 I FrewleTileCacheManagerV: (REDACTED) Fetched %d AP models from cache
10-23 19:10:09.086  9275  9342 I FusedLocation: (REDACTED) location delivery to %s blocked - too fast
10-23 19:10:09.088  9275  9342 I FusedLocation: (REDACTED) location delivery to %s blocked - too close
10-23 19:10:09.090  9275  9342 I FusedLocation: (REDACTED) location delivery to %s blocked - too close
10-23 19:10:09.090  9275  9342 I FusedLocation: (REDACTED) location delivery to %s blocked - too close
10-23 19:10:09.091  9275  9342 I FusedLocation: (REDACTED) location delivery to %s blocked - too close
10-23 19:10:09.091  9275  9342 I FusedLocation: (REDACTED) location delivery to %s blocked - too fast
10-23 19:10:09.091  9275  9342 I FusedLocation: (REDACTED) location delivery to %s blocked - too close
10-23 19:10:09.092  9275  9342 I FusedLocation: (REDACTED) location delivery to %s blocked - too close
10-23 19:10:09.092  9275  9342 I FusedLocation: (REDACTED) location delivery to %s blocked - too fast
10-23 19:10:09.093  9275  9342 I fznc    : Received empty WiFi-RTT scan. [CONTEXT service_id=6 ]
10-23 19:10:09.313  5589  5589 I GoogleInputMethodService: GoogleInputMethodService.onFinishInput():2085 
10-23 19:10:09.314  5589  5589 I Module  : DeviceLockedStatusModuleProvider$Module.updateDeviceLockedStatus():100 repeatCheckTimes = 0, locked = false
10-23 19:10:09.315  5589  5589 I GoogleInputMethodService: GoogleInputMethodService.onStartInput():1346 onStartInput(EditorInfo{EditorInfo{packageName=com.a1taxi.a1taxicustomer, inputType=4001, inputTypeString=Normal[CapSentences], enableLearning=true, autoCorrection=true, autoComplete=true, imeOptions=3, privateImeOptions=null, actionName=SEARCH, actionLabel=null, initialSelStart=0, initialSelEnd=0, initialCapsMode=2000, label=null, fieldId=2733, fieldName=null, extras=Bundle[mParcelledData.dataSize=404], hintText=non-empty, hintLocales=[]}}, false)
10-23 19:10:09.316  5589  5589 I Module  : DeviceLockedStatusModuleProvider$Module.updateDeviceLockedStatus():100 repeatCheckTimes = 1, locked = false
