10-23 15:01:10.998  5589  5589 I PkDeviceHelper: PkDeviceHelper.refreshDevices():93 refreshing devices
10-23 15:01:11.000  5589  5589 I PkDeviceHelper: PkDeviceHelper.refreshDevices():93 refreshing devices
10-23 15:01:11.045  9275  9275 I NearbyDiscovery: (REDACTED) FastPairDisplayObserver: %s -> %s
10-23 15:01:11.060  9275 12292 I NearbyDiscovery: (REDACTED) OffloadFastPairScanner: eventType=%s, isInternalReq=%s, isOffloadScanning=%s, isOffloadScanningAllowed=%s
10-23 15:01:11.061  9275 12292 I NearbyDiscovery: (REDACTED) FastPairScanner: isScreenOn=%s, isLocationEnabled=%s, disableLocationRequirement=%s, isDiscoveryScanningEnabled=%s, during24GhzWifiWarmingUpPeriod=%s
10-23 15:01:11.061  9275 12292 D BluetoothAdapter: isLeEnabled(): OFF
10-23 15:01:11.062  9275 12292 I NearbyDiscovery: (REDACTED) FastPairScanner: eventType=%s, intReq=%s, scanning=%s, scanAllowed=%s, bleEnabled=%s, lockScanRate=%s, startScanningByLowPowerMode=%s
10-23 15:01:11.240  5589 28469 I DeviceStatusMonitor: DeviceStatusMonitor.handleBroadcast():123 onReceive() : Action = android.intent.action.SCREEN_ON
10-23 15:01:11.242  5589 28469 I DeviceStatusMonitor: DeviceStatusMonitor.updateCountryInfo():139 updateCountryInfo(), notifyAnyway = false
10-23 15:01:11.391  9275  9345 I ActivityScheduler: nextTriggerTime: 1656214306, in 173552ms, detectorType: 39, FULL_TYPE alarmWindowMillis: 22500
10-23 15:01:11.415  9275 12292 I NearbyDiscovery: (REDACTED) FastPairHandler: Received action %s
10-23 15:01:11.417  9275 12292 I NearbyDiscovery: (REDACTED) OffloadFastPairScanner: eventType=%s, isInternalReq=%s, isOffloadScanning=%s, isOffloadScanningAllowed=%s
10-23 15:01:11.428  9275 12292 I NearbyDiscovery: (REDACTED) FastPairScanner: isScreenOn=%s, isLocationEnabled=%s, disableLocationRequirement=%s, isDiscoveryScanningEnabled=%s, during24GhzWifiWarmingUpPeriod=%s
10-23 15:01:11.430  9275 12292 D BluetoothAdapter: isLeEnabled(): OFF
10-23 15:01:11.430  9275 12292 I NearbyDiscovery: (REDACTED) FastPairScanner: eventType=%s, intReq=%s, scanning=%s, scanAllowed=%s, bleEnabled=%s, lockScanRate=%s, startScanningByLowPowerMode=%s
10-23 15:01:11.431  9275 12292 I NearbyDiscovery: FastPairController: onSystemStateChanged: skip due to flag disabled [CONTEXT service_id=265 ]
10-23 15:01:11.452  9275  9275 I CastMediaRouteProvider: Published 0 routes
10-23 15:01:11.695 23333 28427 D libjpeg-alpha: Corrupt JPEG data: premature end of data segment
10-23 15:01:11.706 23333 23525 D skia    : SkJpegCodec::onGetPixels -
10-23 15:01:11.997  1870  2610 D BatteryStatsService: noteVideoSurfaceChanged  noteWhich: 49,arg1: -1, arg2: -1, arg3: 3218, arg4: 10639, name: com.vivo.fingerprintui
10-23 15:01:12.062  1870  2610 D BatteryStatsService: noteVideoSurfaceChanged  noteWhich: 49,arg1: 1080, arg2: 2392, arg3: 2704, arg4: 250, name: com.android.systemui
10-23 15:01:12.252  1870  2896 D BatteryStatsService: noteVideoSurfaceChanged  noteWhich: 49,arg1: -1, arg2: -1, arg3: 2704, arg4: 394, name: com.vivo.systemuiplugin
10-23 15:01:12.323  1870  3607 D BatteryStatsService: noteVideoSurfaceChanged  noteWhich: 49,arg1: -2, arg2: -1, arg3: 2704, arg4: 230, name: com.android.systemui
10-23 15:01:12.354  1870  2671 D BatteryStatsService: noteVideoSurfaceChanged  noteWhich: 49,arg1: -2, arg2: -1, arg3: 2704, arg4: 250, name: com.android.systemui
10-23 15:01:12.371  1870  2895 D BatteryStatsService: noteVideoSurfaceChanged  noteWhich: 49,arg1: -2, arg2: -1, arg3: 2704, arg4: 250, name: com.android.systemui
10-23 15:01:12.393  1870  3779 D BatteryStatsService: noteVideoSurfaceChanged  noteWhich: 49,arg1: -2, arg2: -1, arg3: 2704, arg4: 230, name: com.android.systemui
10-23 15:01:12.393  1870  3779 D BatteryStatsService: noteVideoSurfaceChanged  noteWhich: 49,arg1: -2, arg2: -1, arg3: 2704, arg4: 236, name: com.android.systemui
10-23 15:01:12.394  1870  3779 D BatteryStatsService: noteVideoSurfaceChanged  noteWhich: 49,arg1: -2, arg2: -1, arg3: 2704, arg4: 250, name: com.android.systemui
10-23 15:01:12.496  5589  5589 I GoogleInputMethodService: GoogleInputMethodService.onStartInput():1346 onStartInput(EditorInfo{EditorInfo{packageName=com.android.launcher3, inputType=0, inputTypeString=NULL, enableLearning=false, autoCorrection=false, autoComplete=false, imeOptions=0, privateImeOptions=null, actionName=UNSPECIFIED, actionLabel=null, initialSelStart=-1, initialSelEnd=-1, initialCapsMode=0, label=null, fieldId=0, fieldName=null, extras=null, hintText=null, hintLocales=[]}}, false)
10-23 15:01:12.503  5589  5589 I Module  : DeviceLockedStatusModuleProvider$Module.updateDeviceLockedStatus():100 repeatCheckTimes = 1, locked = false
10-23 15:01:12.550  9275 27307 I NearbySharing: Screen is unlocked
10-23 15:01:12.561  9275 27307 I NearbySharing: Uwb feature is off.
10-23 15:01:12.561  9275 27307 I NearbySharing: Uwb feature is off.
10-23 15:01:12.561  9275 27307 I NearbySharing: Stopping scanning because Bluetooth is disabled.
10-23 15:01:12.563  9275 12292 I NearbyDiscovery: (REDACTED) FastPairHandler: Received action %s
10-23 15:01:12.565  9275 12292 I NearbyDiscovery: FastPairController: onSystemStateChanged: skip due to flag disabled [CONTEXT service_id=265 ]
10-23 15:01:12.566  9275 27307 I NearbySharing: Stopping Fast Init advertisement because Bluetooth is off.
10-23 15:01:12.566  9275 27307 I NearbySharing: Stopping advertising because Bluetooth is disabled.
10-23 15:01:12.616 29988 31623 D VivoJavaJsonManager: failed to find appName:com.google.android.googlequicksearchbox from config key:mProtakePackages
10-23 15:01:12.677 26334 25527 D VivoJavaJsonManager: failed to find appName:com.android.chrome from config key:mProtakePackages
10-23 15:01:12.701  9275 27307 I NearbySharing: Starting scanning for Fast Initiation.
10-23 15:01:12.707  9275 27307 I NearbySharing: Failed to scan for FastInitiation. Scanning is not supported on this device.
10-23 15:01:12.709  9275 27307 I NearbySharing: Dismissing HUN as there's no device nearby.
10-23 15:01:12.709  7096 16394 W ProxyAndroidLoggerBackend: Too many Flogger logs received before configuration. Dropping old logs.
10-23 15:01:12.709  7096 16394 W ProxyAndroidLoggerBackend: Too many Flogger logs received before configuration. Dropping old logs.
10-23 15:01:12.709  7096 16394 W ProxyAndroidLoggerBackend: Too many Flogger logs received before configuration. Dropping old logs.
10-23 15:01:12.710  7096 16394 W ProxyAndroidLoggerBackend: Too many Flogger logs received before configuration. Dropping old logs.
10-23 15:01:12.710  7096 16394 W ProxyAndroidLoggerBackend: Too many Flogger logs received before configuration. Dropping old logs.
10-23 15:01:12.711  7096 16394 E VivoAudioPolicyProxyNative: VivoAudioPolicyProxy getInstanceInter: binding to vivoaudiopolicy service failed, service up?
10-23 15:01:12.711  7096 16394 D AudioRecord: set(): 0xb400007780028250, inputSource 1999, sampleRate 16000, format 0x1, channelMask 0x10, frameCount 128000, notificationFrames 0, sessionId 0, transferType 0, flags 0, attributionSource AttributionSourceState{pid: 7096, uid: 99384, deviceId: 0, packageName: com.google.android.googlequicksearchbox, attributionTag: (null), token: binder:0xb40000760002da70, renouncedPermissions: [], next: []} uid -1, pid -1
10-23 15:01:12.711  7096 16394 I AudioRecord: set final client name com.google.android.googlequicksearchbox(0)
10-23 15:01:12.714  7096 16394 E word_detector_0: RecordingActivityTracker(): binding to audio service failed, service up?
10-23 15:01:12.718  7096 16394 I AudioRecord: set(): getPolicyInputSourceForVoip mAttributes inputsource=1999, input source= 1999,flags:0
10-23 15:01:12.771  9275 28581 I NearbyMediums: ModuleInitializer handles incoming intent android.intent.action.USER_PRESENT
10-23 15:01:12.771  7096 16394 D AudioRecord: openRecord_l: 0xb400007780028250, mCblk = 0x7abab1b000
10-23 15:01:12.774  7096 16394 W ProxyAndroidLoggerBackend: Too many Flogger logs received before configuration. Dropping old logs.
10-23 15:01:12.774  7096  7126 W ProxyAndroidLoggerBackend: Too many Flogger logs received before configuration. Dropping old logs.
10-23 15:01:12.774  7096  7126 W ProxyAndroidLoggerBackend: Too many Flogger logs received before configuration. Dropping old logs.
10-23 15:01:12.774  7096  7126 D AudioRecord: start(31041): 0xb400007780028250, sync event 0 trigger session 0
10-23 15:01:12.775  7096  7126 E VivoAudioPolicyProxyNative: VivoAudioPolicyProxy getInstanceInter: binding to vivoaudiopolicy service failed, service up?
10-23 15:01:12.778  7096 16394 I native  : I0000 00:00:1761211872.777967   16394 soda_client.cc:330] Starting capture.
10-23 15:01:12.778  7096 16394 I native  : I0000 00:00:1761211872.778458   16394 soda_async_impl.cc:651] SODA session starting (require_hotword:1, hotword_timeout_in_millis:0, trigger_type:TRIGGER_TYPE_UNSPECIFIED, hybrid_asr_config.mode:MODE_DEFAULT)
10-23 15:01:12.780  7096  7130 W ProxyAndroidLoggerBackend: Too many Flogger logs received before configuration. Dropping old logs.
10-23 15:01:12.784  9275 27765 I Nearby  : (REDACTED) Beginning attempt #%d out of %d for %s...
10-23 15:01:12.798  9275 27765 I NearbyMediums: BluetoothAdapter's name was not set by Nearby Connections, ignoring call to restore default scan mode.
10-23 15:01:12.800  9275 27765 I NearbyMediums: BluetoothAdapter's name was not set by Nearby Connections, ignoring call to restore device name
10-23 15:01:12.806  9275  9275 I RCNIntentOperation: RCN is disabled on this network.
10-23 15:01:12.814  7096  7126 D AudioRecord: start(31041): return status 0
10-23 15:01:12.814  7096  7126 W ProxyAndroidLoggerBackend: Too many Flogger logs received before configuration. Dropping old logs.
10-23 15:01:12.814  7096  7126 D AudioSystem: +setParameters(): MAGT-Process=7096;MAGT-AudioThread=7126 
10-23 15:01:12.913  7096  7120 I native  : I0000 00:00:1761211872.913133    7120 soda_async_impl.cc:1357] SODA received first mic audio buffer, size in bytes: 320, format: 1, channels: 1, sample rate: 16000
10-23 15:01:13.074  5720  5865 D SQLiteQueryBuilder: SELECT bucket_id FROM images WHERE ((((is_pending=0 AND NOT _modifier=4) OR (is_pending=1 AND lower(_data) NOT REGEXP '.*/\.pending-(\d+)-([^/]+)$' AND owner_package_name IN ( 'com.vivo.gallery' , 'com.vivo.widget.gallery' )))) AND (is_trashed=0) AND (volume_name IN ( 'external_primary' ))) AND ((_data like '/storage/emulated/0/Download//folder/%' AND (width > 0 AND height > 0)))
10-23 15:01:13.086  5720  5865 D SQLiteQueryBuilder: SELECT _id, _data, width, height FROM video WHERE ((((is_pending=0 AND NOT _modifier=4) OR (is_pending=1 AND lower(_data) NOT REGEXP '.*/\.pending-(\d+)-([^/]+)$' AND owner_package_name IN ( 'com.vivo.gallery' , 'com.vivo.widget.gallery' )))) AND (is_trashed=0) AND (volume_name IN ( 'external_primary' ))) AND ((duration >= 3000 AND  duration <= 60000 AND (bucket_id IN (-1949793892, 13311172, -1739773001, 1216519567, -1535937100, 1028125135, -1524047660, 1040014575, -1526850504, 1037211731, 139421402, 1136101865, 2126348076, -452826217, -519179321, -519178918, 1711169606, -884178653, -884178250, -1421703830, 232691476, -1949680778)) AND _id NOT IN () AND (width > 0 AND height > 0))) LIMIT 40 OFFSET 0
10-23 15:01:13.154 28610 28610 I m.vivo.imanager: Using CollectorTypeCC GC.
10-23 15:01:13.159 28610 28610 E m.vivo.imanager: Not starting debugger since process cannot load the jdwp agent.
10-23 15:01:13.162 28610 28610 D nativeloader: Load libframework-connectivity-tiramisu-jni.so using APEX ns com_android_tethering for caller /apex/com.android.tethering/javalib/framework-connectivity-t.jar: ok
10-23 15:01:13.171 28610 28610 E m.vivo.imanager: BBinder_init Processname  <pre-initialized>  
10-23 15:01:13.171 28610 28610 E m.vivo.imanager: BBinder_init hasGetProcessName  <pre-initialized>
10-23 15:01:13.182 28610 28610 D CompatChangeReporter: Compat change id reported: 242716250; UID 10063; state: ENABLED
10-23 15:01:13.195 28610 28610 D nativeloader: Configuring clns-7 for other apk /data/app/~~MY1T9l4rxGoNHw43rc7Y9Q==/com.vivo.imanager-c66ykYfX61YFS5tIKjOIbA==/base.apk. target_sdk_version=34, uses_libraries=, library_path=/data/app/~~MY1T9l4rxGoNHw43rc7Y9Q==/com.vivo.imanager-c66ykYfX61YFS5tIKjOIbA==/lib/arm64:/data/app/~~MY1T9l4rxGoNHw43rc7Y9Q==/com.vivo.imanager-c66ykYfX61YFS5tIKjOIbA==/base.apk!/lib/arm64-v8a, permitted_path=/data:/mnt/expand:/data/user/0/com.vivo.imanager
10-23 15:01:13.248 28610 28610 V GraphicsEnvironment: Currently set values for:
10-23 15:01:13.248 28610 28610 V GraphicsEnvironment:   angle_gl_driver_selection_pkgs=[com.android.angle, com.linecorp.b612.android, com.campmobile.snow, com.google.android.apps.tachyon]
10-23 15:01:13.248 28610 28610 V GraphicsEnvironment:   angle_gl_driver_selection_values=[angle, native, native, native]
10-23 15:01:13.248 28610 28610 V GraphicsEnvironment: com.vivo.imanager is not listed in per-application setting
10-23 15:01:13.249 28610 28610 V GraphicsEnvironment: App is not on the allowlist for updatable production driver.
10-23 15:01:13.293  7096  7120 I native  : I0000 00:00:1761211873.292923    7120 soda_async_impl.cc:1126] Not receiving any loopback audio in 500ms. Last audio received time: 1970-01-01T05:30:00+05:30, Current time: 2025-10-23T15:01:13.292921265+05:30
10-23 15:01:13.329 28610 28610 D WM-WrkMgrInitializer: Initializing WorkManager with default configuration.
10-23 15:01:13.388  5720  5865 D SQLiteQueryBuilder: SELECT count(_id) FROM images WHERE ((((is_pending=0 AND NOT _modifier=4) OR (is_pending=1 AND lower(_data) NOT REGEXP '.*/\.pending-(\d+)-([^/]+)$' AND owner_package_name IN ( 'com.vivo.gallery' , 'com.vivo.widget.gallery' )))) AND (is_trashed=0) AND (volume_name IN ( 'external_primary' ))) AND ((_id>?))
10-23 15:01:13.537 28610 28643 D CompatChangeReporter: Compat change id reported: 247079863; UID 10063; state: ENABLED
10-23 15:01:13.975 28610 28654 I m.vivo.imanager: Waiting for a blocking GC Alloc
10-23 15:01:14.102 28610 28654 I m.vivo.imanager: WaitForGcToComplete blocked Alloc on Background for 127.274ms
10-23 15:01:14.982  9275  9345 W Settings: Setting airplane_mode_on has moved from android.provider.Settings.System to android.provider.Settings.Global, returning read-only value.
10-23 15:01:14.983  9275  9345 W Settings: Setting airplane_mode_on has moved from android.provider.Settings.System to android.provider.Settings.Global, returning read-only value.
10-23 15:01:14.990  9275 27720 W SystemServiceRegistry: No service published for: wifirtt
10-23 15:01:15.853  1870  3261 D BatteryStatsService: noteVideoSurfaceChanged  noteWhich: 49,arg1: 1080, arg2: 2056, arg3: 24527, arg4: 389, name: com.a1taxi.a1taxicustomer
10-23 15:01:15.866 24527 26362 I ReactNativeJS:  [DRIVER-SERVICE] Polling interval triggered
10-23 15:01:15.866 24527 26362 I ReactNativeJS: ' [DRIVER-SERVICE] Fetching available drivers via edge function:', { location: { lat: 12.7486397, lng: 77.8299251 },
10-23 15:01:15.866 24527 26362 I ReactNativeJS:   radius: '10km',
10-23 15:01:15.866 24527 26362 I ReactNativeJS:   vehicleType: 'all',
10-23 15:01:15.866 24527 26362 I ReactNativeJS:   timestamp: '2025-10-23T09:31:15.866Z' }
10-23 15:01:15.867 24527 26362 I ReactNativeJS: ' [DRIVER-SERVICE] Constructed Edge Function URL:', 'https://whubaypabojomdyfqxcf.supabase.co/functions/v1/get-drivers-with-locations?lat=12.7486397&lng=77.8299251&radius=10'
10-23 15:01:15.873 24527 24527 D ViewRootImpl: AppSizeAfterRelayout, size: Point(1080, 2392), rotation: ROTATION_0
10-23 15:01:15.873 24527 24527 D BufferQueueConsumer: [](id:5fcf00000004,api:0,p:-1,c:24527) connect: controlledByApp=false
10-23 15:01:15.874 24527 24527 D BLASTBufferQueue: [VRI[MainActivity]#3](f:0,a:0) constructor()
10-23 15:01:15.874 24527 24527 D BLASTBufferQueue: [VRI[MainActivity]#3](f:0,a:0) update width=1080 height=2392 format=-1 mTransformHint=0
10-23 15:01:15.886  1870  3777 D BatteryStatsService: noteVideoSurfaceChanged  noteWhich: 49,arg1: 1080, arg2: 2056, arg3: 24527, arg4: 389, name: com.a1taxi.a1taxicustomer
10-23 15:01:15.907  9275 27307 I FusedLocation: stationary throttling disengaged [CONTEXT service_id=6 ]
10-23 15:01:15.909 24527 26331 D BLASTBufferQueue: [VRI[MainActivity]#3](f:0,a:1) acquireNextBufferLocked size=1080x2392 mFrameNumber=1 applyTransaction=true mTimestamp=816636186635135(auto) mPendingTransactions.size=0 graphicBufferId=105342662869023 transform=0
10-23 15:01:15.923 24527 26362 I ReactNativeJS: ' [GPS] Live location update:', { lat: '12.748627', lng: '77.829853', accuracy: '20.00m' }
10-23 15:01:15.926 24527 26362 W ReactNativeJS:  [HOME] ===== RENDERING HOME SCREEN =====
10-23 15:01:15.926 24527 26362 W ReactNativeJS: ' [HOME] currentLocation:', '{"altitude":771.7999877929688,"heading":0,"altitudeAccuracy":2.132702112197876,"latitude":12.7486272,"speed":0,"longitude":77.8298528,"accuracy":20}'
10-23 15:01:15.927 24527 26362 W ReactNativeJS: ' [HOME] pickupCoords:', '{"latitude":12.7486305,"longitude":77.829852}'
10-23 15:01:15.927 24527 26362 W ReactNativeJS: ' [HOME] destinationCoords:', 'null'
10-23 15:01:15.927 24527 26362 W ReactNativeJS: ' [HOME] pickupLocation text:', 'PRXJ+F32, Brindavan Nagar, Plot 87, NGGO\'s Colony, Anand Nagar, Hosur, Tamil Nadu 635109, India'
10-23 15:01:15.927 24527 26362 W ReactNativeJS: ' [HOME] availableDrivers count:', 0
10-23 15:01:15.927 24527 26362 W ReactNativeJS: ' [HOME] showDriversOnMap:', true
10-23 15:01:15.930 24527 26362 I ReactNativeJS: ' [HOME-V2] ABOUT TO RENDER SimpleHosurMap with props:', { hasUserLocation: true,
10-23 15:01:15.930 24527 26362 I ReactNativeJS:   hasPickup: true,
10-23 15:01:15.930 24527 26362 I ReactNativeJS:   hasDestination: false,
10-23 15:01:15.930 24527 26362 I ReactNativeJS:   showDriversOnMap: true,
10-23 15:01:15.930 24527 26362 I ReactNativeJS:   timestamp: '2025-10-23T09:31:15.927Z' }
10-23 15:01:15.931 24527 26362 I ReactNativeJS:  [SIMPLE-MAP-V2] NEW CODE IS LOADED - VERSION 2.0 
10-23 15:01:15.931 24527 26362 I ReactNativeJS:  [SIMPLE-MAP] ===== RENDERING MAP =====
10-23 15:01:15.932 24527 26362 I ReactNativeJS: ' [SIMPLE-MAP] Props received:', { hasUserLocation: true,
10-23 15:01:15.932 24527 26362 I ReactNativeJS:   hasPickupLocation: true,
10-23 15:01:15.932 24527 26362 I ReactNativeJS:   hasDestinationLocation: false,
10-23 15:01:15.932 24527 26362 I ReactNativeJS:   showCenteredPin: true,
10-23 15:01:15.932 24527 26362 I ReactNativeJS:   userLocation: { latitude: 12.7486272, longitude: 77.8298528 },
10-23 15:01:15.932 24527 26362 I ReactNativeJS:   pickupLocation: { latitude: 12.7486305, longitude: 77.829852 },
10-23 15:01:15.932 24527 26362 I ReactNativeJS:   destinationLocation: null,
10-23 15:01:15.932 24527 26362 I ReactNativeJS:   availableDriversCount: 0,
10-23 15:01:15.932 24527 26362 I ReactNativeJS:   showDrivers: true }
10-23 15:01:15.932 24527 26362 I ReactNativeJS: ' [V3] RENDERING ULTRA-VISIBLE PICKUP MARKER at:', { latitude: 12.7486305, longitude: 77.829852 }
10-23 15:01:15.938 24527 24527 V ImeFocusController: onWindowFocus: com.android.internal.policy.DecorView{408a178 V.E...... R......D 0,0-1080,2392 aid=0}[MainActivity] softInputMode=STATE_UNSPECIFIED|ADJUST_RESIZE|IS_FORWARD_NAVIGATION
10-23 15:01:15.947  5589  5589 I GoogleInputMethodService: GoogleInputMethodService.onFinishInput():2085 
10-23 15:01:15.950  5589  5589 I Module  : DeviceLockedStatusModuleProvider$Module.updateDeviceLockedStatus():100 repeatCheckTimes = 0, locked = false
10-23 15:01:15.951  5589  5589 I GoogleInputMethodService: GoogleInputMethodService.onStartInput():1346 onStartInput(EditorInfo{EditorInfo{packageName=com.a1taxi.a1taxicustomer, inputType=0, inputTypeString=NULL, enableLearning=false, autoCorrection=false, autoComplete=false, imeOptions=0, privateImeOptions=null, actionName=UNSPECIFIED, actionLabel=null, initialSelStart=-1, initialSelEnd=-1, initialCapsMode=0, label=null, fieldId=0, fieldName=null, extras=null, hintText=null, hintLocales=[]}}, false)
10-23 15:01:15.959  5589  5589 I Module  : DeviceLockedStatusModuleProvider$Module.updateDeviceLockedStatus():100 repeatCheckTimes = 1, locked = false
10-23 15:01:15.968 24527 26362 I ReactNativeJS:  [MAP] Smoothly animating to user location
10-23 15:01:15.968 24527 26362 I ReactNativeJS:  [HOME] ===== STARTING IMMEDIATE DRIVER DISPLAY =====
10-23 15:01:15.968 24527 26362 I ReactNativeJS:  [HOME] Current location available, showing drivers immediately
10-23 15:01:15.968 24527 26362 I ReactNativeJS: ' [HOME] Location details:', { latitude: 12.7486272, longitude: 77.8298528, accuracy: 20 }
10-23 15:01:15.968 24527 26362 I ReactNativeJS:  [HOME] Showing ALL vehicle types (no filter applied)
10-23 15:01:15.968 24527 26362 I ReactNativeJS: ' [HOME] Should show drivers on map:', true
10-23 15:01:15.969 24527 26362 I ReactNativeJS: ' [HOME] Starting driver location polling with:', { currentLocation: { latitude: 12.7486272, longitude: 77.8298528 },
10-23 15:01:15.969 24527 26362 I ReactNativeJS:   vehicleType: 'sedan',
10-23 15:01:15.969 24527 26362 I ReactNativeJS:   radius: 10 }
10-23 15:01:15.969 24527 26362 I ReactNativeJS:  [HOME] Stopping driver location polling
10-23 15:01:15.969 24527 26362 I ReactNativeJS:  [DRIVER-SERVICE] Stopped driver location polling
10-23 15:01:15.969 24527 26362 I ReactNativeJS: ' [DRIVER-SERVICE] Starting driver location polling every', 10, 'seconds'
10-23 15:01:15.969 24527 26362 I ReactNativeJS: ' [DRIVER-SERVICE] Polling parameters:', { customerLocation: { lat: 12.7486272, lng: 77.8298528 },
10-23 15:01:15.969 24527 26362 I ReactNativeJS:   vehicleType: 'all',
10-23 15:01:15.969 24527 26362 I ReactNativeJS:   interval: '10000ms' }
10-23 15:01:15.969 24527 26362 I ReactNativeJS: ' [DRIVER-SERVICE] Fetching available drivers via edge function:', { location: { lat: 12.7486272, lng: 77.8298528 },
10-23 15:01:15.969 24527 26362 I ReactNativeJS:   radius: '10km',
10-23 15:01:15.969 24527 26362 I ReactNativeJS:   vehicleType: 'all',
10-23 15:01:15.969 24527 26362 I ReactNativeJS:   timestamp: '2025-10-23T09:31:15.969Z' }
10-23 15:01:15.970 24527 26362 I ReactNativeJS: ' [DRIVER-SERVICE] Constructed Edge Function URL:', 'https://whubaypabojomdyfqxcf.supabase.co/functions/v1/get-drivers-with-locations?lat=12.7486272&lng=77.8298528&radius=10'
10-23 15:01:16.029  9275 28675 I FusedOrientationManager: Registering orientation client. [CONTEXT service_id=6 ]
10-23 15:01:16.040  9275  9342 W inertial-anchor: Triggering reinit due to mag declination change
10-23 15:01:16.040  9275  9342 W Looper  : Looper already prepared for this thread with a different value for the LOOPER_PREPARE_ALLOW_NON_CALLBACKS option.
10-23 15:01:16.290  9275  9748 I WifiScanner: onFullResults
10-23 15:01:16.291  9275  9312 I WifiScanner: onFullResults
10-23 15:01:16.291  9275  9310 I WifiScanner: onFullResults
10-23 15:01:16.306  9275 27720 I FrewleTileCacheManagerV: (REDACTED) Fetched %d AP models from cache
10-23 15:01:16.335  9275  9342 I FusedLocation: (REDACTED) location delivery to %s blocked - too fast
10-23 15:01:16.339  9275  9342 I FusedLocation: (REDACTED) location delivery to %s blocked - too old
10-23 15:01:16.339  9275  9342 I FusedLocation: (REDACTED) location delivery to %s blocked - too close
10-23 15:01:16.340  9275  9342 I FusedLocation: (REDACTED) location delivery to %s blocked - too close
10-23 15:01:16.342  9275  9342 I FusedLocation: (REDACTED) location delivery to %s blocked - too fast
10-23 15:01:16.345  9275  9345 I ActivityScheduler: nextTriggerTime: 1656036306, in -9402ms, detectorType: 39, FULL_TYPE alarmWindowMillis: 250
10-23 15:01:16.396  9275 28686 I SemanticLocation: [InfMgr] No location reports after filtering [CONTEXT service_id=173 ]
10-23 15:01:16.403  9275  9342 I fznc    : Received empty WiFi-RTT scan. [CONTEXT service_id=6 ]
10-23 15:01:16.681 24527 26362 W ReactNativeJS: ' [DRIVER-SERVICE] Edge function failed, using direct database access:', 'Edge function failed: 500 - {"code":"WORKER_ERROR","message":"Function exited due to an error (please check logs)"}'
10-23 15:01:16.681 24527 26362 I ReactNativeJS:  [DRIVER-SERVICE] ===== USING DIRECT DATABASE ACCESS =====
10-23 15:01:16.681 24527 26362 I ReactNativeJS: ' [DRIVER-SERVICE] Parameters:', { customerLocation: { lat: 12.7486272, lng: 77.8298528 },
10-23 15:01:16.681 24527 26362 I ReactNativeJS:   radius: '10km',
10-23 15:01:16.681 24527 26362 I ReactNativeJS:   vehicleType: 'all' }
10-23 15:01:16.682 24527 26362 I ReactNativeJS:  [DRIVER-SERVICE] Step 1: Fetching online verified drivers...
10-23 15:01:16.713 24527 26362 W ReactNativeJS: ' [DRIVER-SERVICE] Edge function failed, using direct database access:', 'Edge function failed: 500 - {"code":"WORKER_ERROR","message":"Function exited due to an error (please check logs)"}'
10-23 15:01:16.713 24527 26362 I ReactNativeJS:  [DRIVER-SERVICE] ===== USING DIRECT DATABASE ACCESS =====
10-23 15:01:16.714 24527 26362 I ReactNativeJS: ' [DRIVER-SERVICE] Parameters:', { customerLocation: { lat: 12.7486397, lng: 77.8299251 },
10-23 15:01:16.714 24527 26362 I ReactNativeJS:   radius: '10km',
10-23 15:01:16.714 24527 26362 I ReactNativeJS:   vehicleType: 'all' }
10-23 15:01:16.714 24527 26362 I ReactNativeJS:  [DRIVER-SERVICE] Step 1: Fetching online verified drivers...
10-23 15:01:17.042 24527 26362 W ReactNativeJS: ' [TRIP_NOTIFICATION] Component render, notifications count:', 50
10-23 15:01:17.045 24527 26362 W ReactNativeJS: ' [TRIP_NOTIFICATION] Notifications:', '[{"id":"d7d8686d-95ee-4ce0-97da-ed89564b014b","type":"ride_status_changed","status":"read"},{"id":"755a6269-1daf-4327-ab71-f65e3700bf1a","type":"ride_status_changed","status":"read"},{"id":"500d07b9-07ca-40df-9d4a-3efcf677a117","type":"ride_status_changed","status":"read"},{"id":"df4552cd-e9bc-4e40-a8a0-1270b37737db","type":"booking_completed","status":"read"},{"id":"acb2b80a-267e-4b98-acd0-397461aee537","type":"booking_completed","status":"read"},{"id":"60dbc0b5-662a-48af-b01a-55212f6ac6ea","type":"booking_completed","status":"read"},{"id":"0f408121-1188-4550-9f50-919dcc8a4ed1","type":"booking_completed","status":"read"},{"id":"23052592-9d19-442c-b40f-12b90c3da756","type":"booking_completed","status":"read"},{"id":"c9ff3014-54e3-4b30-9f22-eceee292796b","type":"ride_status_changed","status":"read"},{"id":"879d4bbd-20ad-4253-a1c6-ae7535e7c211","type":"ride_status_changed","status":"read"},{"id":"286129cf-19e6-41fd-b52f-d17334d0d0f9","type":"ride_status_changed","status":"read"},{"id":"b55ac709-48d5-4db2-8246-e23f9bd317ec","type":"ride_completed","status":"read"},{"id":"92abe95d-e47d-48fa-8159-b119f5802710","type":"ride_status_changed","status":"read"},{"id":"73ad244d-a00b-42a9-83e9-97932b9db2d2","type":"ride_status_changed","status":"read"},{"id":"971613ac-8d86-4ab6-8fe5-49c528ca56ee","type":"ride_status_changed","status":"read"},{"id":"49f0f7f9-03d6-4211-b47d-0e7738f190fa","type":"ride_completed","status":"read"},{"id":"6a87c30d-c48d-458c-9b94-32dd5e75ac05","type":"ride_status_changed","status":"read"},{"id":"aee0b7a7-9cb2-4f6b-b53f-fa47642319d0","type":"ride_status_changed","status":"read"},{"id":"6c1d61c3-6cbd-4310-adfe-6d36bc611939","type":"ride_status_changed","status":"read"},{"id":"9d9ab6e7-0357-4305-9ba8-e91c0bb29897","type":"ride_status_changed","status":"read"},{"id":"d952183c-69a7-47dc-a848-d11bc2fff300","type":"ride_cancelled","status":"read"},{"id":"a01d13a8-c95b-4bf1-b0e1-8b2a8e9aaa6b","type":"ride_status_changed","status":"read"},{"id":"5a385bc8-147d-4ac2-834c-305ed9db9a05","type":"ride_completed","status":"read"},{"id":"b9365ade-a3a4-4036-b42f-606b88d5fac9","type":"ride_status_changed","status":"read"},{"id":"b6a2c6b6-bdb4-40ce-a092-25f6dd4ba953","type":"ride_status_changed","status":"read"},{"id":"d850bf94-823f-497a-b292-075abf5b5a59","type":"ride_status_changed","status":"read"},{"id":"5d8275c0-6692-44b3-a4ff-4eabba59873e","type":"ride_status_changed","status":"read"},{"id":"5cfa0487-5d05-42e8-8e92-11a287b3ded0","type":"ride_completed","status":"read"},{"id":"679ed79c-eb21-4609-a2b9-a1d304d4d4ad","type":"ride_status_changed","status":"read"},{"id":"53bb9116-5f1d-445c-94e0-f2e3d9fa3ffe","type":"ride_status_changed","status":"read"},{"id":"4196d3c8-e6dd-4a11-8d40-6771aa06de07","type":"ride_status_changed","status":"read"},{"id":"8d21f749-083a-46d1-9f7e-f7dc5c36ef05","type":"ride_status_changed","status":"read"},{"id":"0a371105-3196-4055-97ad-b230dba42df5","type":"ride_completed","status":"read"},{"id":"9f010555-c90c-447e-83ae-919809ba8350","type":"ride_status_changed","status":"read"},{"id":"84dd0357-20ec-4317-b7bd-7b31515219fb","type":"ride_status_changed","status":"read"},{"id":"caaa4644-cefa-47e6-8c92-60415a52ef4b","type":"ride_status_changed","status":"read"},{"id":"c6e2da1c-f900-47c8-b289-a88c28451f89","type":"ride_status_changed","status":"read"},{"id":"c1a54517-80eb-451d-8fbb-26492459f1c4","type":"ride_status_changed","status":"read"},{"id":"d3a69945-ed73-4db9-84db-77b1013c8fe2","type":"ride_completed","status":"read"},{"id":"8de5daf3-1c41-4bc6-8e2c-c3873b443cbb","type":"ride_status_changed","status":"read"},{"id":"93b3c278-21c8-4094-a13b-ae25cea5afa8","type":"ride_status_changed","status":"read"},{"id":"057c85ff-f0f5-4a15-9e89-de6dc65465a2","type":"ride_status_changed","status":"read"},{"id":"0c757b14-73dc-4cb2-ae18-1eadd9fd89dd","type":"ride_status_changed","status":"read"},{"id":"1aecf168-e878-49f1-a444-e9b29cae4999","type":"ride_completed","status":"read"},{"id":"bfa488a8-af20-42ff-bb01-899b93ad36d5","type":"
10-23 15:01:17.046 24527 26362 I ReactNativeJS: ' [TRIP_NOTIFICATION] Component render - visible:', false, 'notification:', false
10-23 15:01:17.098 24527 26362 I ReactNativeJS: ' AuthNavigator - checking auth state:', { user: true,
10-23 15:01:17.098 24527 26362 I ReactNativeJS:   loading: false,
10-23 15:01:17.098 24527 26362 I ReactNativeJS:   segments: '(tabs)/profile',
10-23 15:01:17.098 24527 26362 I ReactNativeJS:   userEmail: '918608374935@a1taxi.app',
10-23 15:01:17.098 24527 26362 I ReactNativeJS:   userRole: 'customer' }
10-23 15:01:17.098 24527 26362 I ReactNativeJS:  User authenticated and on correct screen
10-23 15:01:17.129  1870  3607 D BatteryStatsService: noteVideoSurfaceChanged  noteWhich: 49,arg1: -1, arg2: -1, arg3: 24527, arg4: 389, name: com.a1taxi.a1taxicustomer
10-23 15:01:17.131 24527 26711 W ProxyAndroidLoggerBackend: Too many Flogger logs received before configuration. Dropping old logs.
10-23 15:01:17.134 24527 24527 D BufferQueueConsumer: [SurfaceTexture-0-24527-0](id:5fcf00000002,api:0,p:-1,c:24527) disconnect
10-23 15:01:17.343 24527 26362 I ReactNativeJS: ' [DRIVER-SERVICE] Found drivers:', { total: 20,
10-23 15:01:17.343 24527 26362 I ReactNativeJS:   details: 
10-23 15:01:17.343 24527 26362 I ReactNativeJS:    [ { id: '22480cc3-665c-407e-ad8a-8eafde67706b',
10-23 15:01:17.343 24527 26362 I ReactNativeJS:        user_id: '16011178-decf-4de3-beae-94ca46ce9258',
10-23 15:01:17.343 24527 26362 I ReactNativeJS:        name: undefined,
10-23 15:01:17.343 24527 26362 I ReactNativeJS:        vehicle_type: 'hatchback',
10-23 15:01:17.343 24527 26362 I ReactNativeJS:        status: 'online',
10-23 15:01:17.343 24527 26362 I ReactNativeJS:        verified: true },
10-23 15:01:17.343 24527 26362 I ReactNativeJS:      { id: '76b66a88-dff9-4965-9e36-8a92023f155d',
10-23 15:01:17.343 24527 26362 I ReactNativeJS:        user_id: 'ae53a792-6aed-4186-823d-61c34c6defe2',
10-23 15:01:17.343 24527 26362 I ReactNativeJS:        name: undefined,
10-23 15:01:17.343 24527 26362 I ReactNativeJS:        vehicle_type: 'sedan',
10-23 15:01:17.343 24527 26362 I ReactNativeJS:        status: 'online',
10-23 15:01:17.343 24527 26362 I ReactNativeJS:        verified: true },
10-23 15:01:17.343 24527 26362 I ReactNativeJS:      { id: '6f55e87b-6558-48df-af8c-d69190918b32',
10-23 15:01:17.343 24527 26362 I ReactNativeJS:        user_id: 'e6145579-4f5a-439f-b929-fa478580c049',
10-23 15:01:17.343 24527 26362 I ReactNativeJS:        name: undefined,
10-23 15:01:17.343 24527 26362 I ReactNativeJS:        vehicle_type: 'hatchback',
10-23 15:01:17.343 24527 26362 I ReactNativeJS:        status: 'online',
10-23 15:01:17.343 24527 26362 I ReactNativeJS:        verified: true },
10-23 15:01:17.343 24527 26362 I ReactNativeJS:      { id: '97a4ba58-9431-48e5-ac8f-3472b8357179',
10-23 15:01:17.343 24527 26362 I ReactNativeJS:        user_id: '5d6651c8-2e3f-44e7-b4a1-0056c1d5315b',
10-23 15:01:17.343 24527 26362 I ReactNativeJS:        name: undefined,
10-23 15:01:17.343 24527 26362 I ReactNativeJS:        vehicle_type: 'sedan_ac',
10-23 15:01:17.343 24527 26362 I ReactNativeJS:        status: 'online',
10-23 15:01:17.343 24527 26362 I ReactNativeJS:        verified: true },
10-23 15:01:17.343 24527 26362 I ReactNativeJS:      { id: 'c568b21d-0975-4388-a9fb-cc00013b6d4f',
10-23 15:01:17.343 24527 26362 I ReactNativeJS:        user_id: '6150ee57-77e5-45f7-b6c7-a586f22f2af8',
10-23 15:01:17.343 24527 26362 I ReactNativeJS:        name: undefined,
10-23 15:01:17.343 24527 26362 I ReactNativeJS:        vehicle_type: 'sedan',
10-23 15:01:17.343 24527 26362 I ReactNativeJS:        status: 'online',
10-23 15:01:17.343 24527 26362 I ReactNativeJS:        verified: true },
10-23 15:01:17.343 24527 26362 I ReactNativeJS:      { id: '7055c2f9-99fa-4d96-bc6c-079b5cda6f56',
10-23 15:01:17.343 24527 26362 I ReactNativeJS:        user_id: 'dc475d27-6167-4695-a014-dcb8d160b4c6',
10-23 15:01:17.343 24527 26362 I ReactNativeJS:        name: undefined,
10-23 15:01:17.343 24527 26362 I ReactNativeJS:        vehicle_type: 'hatchback',
10-23 15:01:17.343 24527 26362 I ReactNativeJS:        status: 'online',
10-23 15:01:17.343 24527 26362 I ReactNativeJS:        verified: true },
10-23 15:01:17.343 24527 26362 I ReactNativeJS:      { id: '770e8400-e29b-41d4-a716-446655440001',
10-23 15:01:17.343 24527 26362 I ReactNativeJS:        user_id: '550e8400-e29b-41d4-a716-446655440001',
10-23 15:01:17.343 24527 26362 I ReactNativeJS:        name: undefined,
10-23 15:01:17.343 24527 26362 I ReactNativeJS:        vehicle_type: 'hatchback',
10-23 15:01:17.343 24527 26362 I ReactNativeJS:        status: 'online',
10-23 15:01:17.343 24527 26362 I ReactNativeJS:        verified: true },
10-23 15:01:17.343 24527 26362 I ReactNativeJS:      { id: '770e8400-e29b-41d4-a716-446655440002',
10-23 15:01:17.343 24527 26362 I ReactNativeJS:        user_id: '550e8400-e29b-41d4-a716-446655440002',
10-23 15:01:17.343 24527 26362 I ReactNativeJS:        name: undefined,
10-23 15:01:17.343 24527 26362 I ReactNativeJS:        vehicle_type: 'sedan',
10-23 15:01:17.343 24527 26362 I ReactNativeJS:        status: 'online',
10-23 15:01:17.343 24527 26362 I ReactNativeJS:        verified: true },
10-23 15:01:17.343 24527 26362 I ReactNativeJS:      { id: '43d81d7d-e647-46cf-8599-11f63996b03e',
10-23 15:01:17.343 24527 26362 I ReactNativeJS:        user_id: '6c03a657-c3e4-466e-b49c-324c2d051ce9',
10-23 15:01:17.343 24527 26362 I ReactNativeJS:        name: undefined,
10-23 15:01:17.343 24527 26362 I ReactNativeJS:        vehicle_type: 'sedan_ac',
10-23 15:01:17.343 24527 26362 I ReactNativeJS:        status: 'online',
10-23 15:01:17.343 24527 26362 I ReactNativeJS:        verified: true },
10-23 15:01:17.343 24527 26362 I ReactNativeJS:      { id: '770e8400-e29b-41d4-a716-446655440003',
10-23 15:01:17.343 24527 26362 I ReactNativeJS:        user_id: '550e8400-e29b-41d4-a716-446655440003',
10-23 15:01:17.343 24527 26362 I ReactNativeJS:        name: undefined,
10-23 15:01:17.343 24527 26362 I ReactNativeJS:        vehicle_type: 'suv',
10-23 15:01:17.343 24527 26362 I ReactNativeJS:        status: 'online',
10-23 15:01:17.343 24527 26362 I ReactNativeJS:        verified: true },
10-23 15:01:17.343 24527 26362 I ReactNativeJS:      { id: '770e8400-e29b-41d4-a716-446655440004',
10-23 15:01:17.343 24527 26362 I ReactNativeJS:        user_id: '550e8400-e29b-41d4-a716-446655440004',
10-23 15:01:17.343 24527 26362 I ReactNativeJS:        name: undefined,
10-23 15:01:17.343 24527 26362 I ReactNativeJS:        vehicle_type: 'sedan',
10-23 15:01:17.343 24527 26362 I ReactNativeJS:        status: 'online',
10-23 15:01:17.343 24527 26362 I ReactNativeJS:        verified: true },
10-23 15:01:17.343 24527 26362 I ReactNativeJS:      { id: '770e8400-e29b-41d4-a716-446655440005',
10-23 15:01:17.343 24527 26362 I ReactNativeJS:        user_id: '550e8400-e29b-41d4-a716-446655440005',
10-23 15:01:17.343 24527 26362 I ReactNativeJS:        name: undefined,
10-23 15:01:17.343 24527 26362 I ReactNativeJS:        vehicle_type: 'hatchback',
10-23 15:01:17.343 24527 26362 I ReactNativeJS:        status: 'online',
10-23 15:01:17.343 24527 26362 I ReactNativeJS:        verified: true },
10-23 15:01:17.343 24527 26362 I ReactNativeJS:      { id: '707e2d38-7346-4a2e-bddb-e1157475f786',
10-23 15:01:17.343 24527 26362 I ReactNativeJS:        user_id: 'ed59084b-f517-4da3-814c-a314cdd8b4c6',
10-23 15:01:17.343 24527 26362 I ReactNativeJS:        name: undefined,
10-23 15:01:17.343 24527 26362 I ReactNativeJS:        vehicle_type: 'sedan',
10-23 15:01:17.343 24527 26362 I ReactNativeJS:        status: 'online',
10-23 15:01:17.343 24527 26362 I ReactNativeJS:        verified: true },
10-23 15:01:17.343 24527 26362 I ReactNativeJS:      { id: '489b94a7-777b-4e11-ba5c-17e0a3173737',
10-23 15:01:17.343 24527 26362 I ReactNativeJS:        user_id: '892d8e0d-7ca5-4dd8-9979-539f394538f2',
10-23 15:01:17.343 24527 26362 I ReactNativeJS:        name: undefined,
10-23 15:01:17.343 24527 26362 I ReactNativeJS:        vehicle_type: 'hatchback',
10-23 15:01:17.343 24527 26362 I ReactNativeJS:        status: 'online',
10-23 15:01:17.343 24527 26362 I ReactNativeJS:        verified: true },
10-23 15:01:17.343 24527 26362 I ReactNativeJS:      { id: 'd7b4a339-2ba5-45ed-a2ec-238548a8eab6',
10-23 15:01:17.343 24527 26362 I ReactNativeJS:        user_id: 'cb735787-e96d-4d1d-9975-c112e75dfabd',
10-23 15:01:17.343 24527 26362 I ReactNativeJS:        name: undefined,
10-23 15:01:17.343 24527 26362 I ReactNativeJS:        vehicle_type: 'hatchback_ac',
10-23 15:01:17.343 24527 26362 I ReactNativeJS:        status: 'online',
10-23 15:01:17.343 24527 26362 I ReactNativeJS:        verified: true },
10-23 15:01:17.343 24527 26362 I ReactNativeJS:      { id: '38ee94d8-ac2d-450e-8084-0bef654546d7',
10-23 15:01:17.343 24527 26362 I ReactNativeJS:        user_id: 'fdd94862-18e4-49d4-b6c0-8b9f73c8ff8c',
10-23 15:01:17.343 24527 26362 I ReactNativeJS:        name: undefined,
10-23 15:01:17.343 24527 26362 I ReactNativeJS:        vehicle_type: 'sedan',
10-23 15:01:17.343 24527 26362 I ReactNativeJS:        status: 'online',
10-23 15:01:17.343 24527 26362 I ReactNativeJS:        verified: true },
10-23 15:01:17.343 24527 26362 I ReactNativeJS:      { id: 'b4613ecf-44b5-49ba-8613-f8993b6db1d6',
10-23 15:01:17.343 24527 26362 I ReactNativeJS:        user_id: '539b06c9-4e24-49a4-b307-3fb3f9dc39da',
10-23 15:01:17.343 24527 26362 I ReactNativeJS:        name: undefined,
10-23 15:01:17.343 24527 26362 I ReactNativeJS:        vehicle_type: 'sedan',
10-23 15:01:17.343 24527 26362 I ReactNativeJS:        status: 'online',
10-23 15:01:17.343 24527 26362 I ReactNativeJS:        verified: true },
10-23 15:01:17.343 24527 26362 I ReactNativeJS:      { id: '631f4ab4-c643-45a8-addd-541595b0fe86',
10-23 15:01:17.343 24527 26362 I ReactNativeJS:        user_id: 'b12c8a48-05b3-475a-b042-4810aee4e918',
10-23 15:01:17.343 24527 26362 I ReactNativeJS:        name: undefined,
10-23 15:01:17.343 24527 26362 I ReactNativeJS:        vehicle_type: 'suv',
10-23 15:01:17.343 24527 26362 I ReactNativeJS:        status: 'online',
10-23 15:01:17.343 24527 26362 I ReactNativeJS:        verified: true },
10-23 15:01:17.343 24527 26362 I ReactNativeJS:      { id: '0330d75a-67b0-4b12-b9b7-22a241af9c57',
10-23 15:01:17.343 24527 26362 I ReactNativeJS:        user_id: 'f5e495f1-75a4-4ce1-bb60-4adfc348b8fc',
10-23 15:01:17.343 24527 26362 I ReactNativeJS:        name: undefined,
10-23 15:01:17.343 24527 26362 I ReactNativeJS:        vehicle_type: 'sedan',
10-23 15:01:17.343 24527 26362 I ReactNativeJS:        status: 'online',
10-23 15:01:17.343 24527 26362 I ReactNativeJS:        verified: true },
10-23 15:01:17.343 24527 26362 I ReactNativeJS:      { id: '058f85df-35b3-4027-81a1-bd52a0df8e4a',
10-23 15:01:17.343 24527 26362 I ReactNativeJS:        user_id: '411ee301-8ffc-4874-86e9-37716951bc4d',
10-23 15:01:17.343 24527 26362 I ReactNativeJS:        name: undefined,
10-23 15:01:17.343 24527 26362 I ReactNativeJS:        vehicle_type: 'suv_ac',
10-23 15:01:17.343 24527 26362 I ReactNativeJS:        status: 'online',
10-23 15:01:17.343 24527 26362 I ReactNativeJS:        verified: true } ] }
10-23 15:01:17.344 24527 26362 I ReactNativeJS: ' [DRIVER-SERVICE] Step 2: Getting locations for user IDs:', [ '16011178-decf-4de3-beae-94ca46ce9258',
10-23 15:01:17.344 24527 26362 I ReactNativeJS:   'ae53a792-6aed-4186-823d-61c34c6defe2',
10-23 15:01:17.344 24527 26362 I ReactNativeJS:   'e6145579-4f5a-439f-b929-fa478580c049',
10-23 15:01:17.344 24527 26362 I ReactNativeJS:   '5d6651c8-2e3f-44e7-b4a1-0056c1d5315b',
10-23 15:01:17.344 24527 26362 I ReactNativeJS:   '6150ee57-77e5-45f7-b6c7-a586f22f2af8',
10-23 15:01:17.344 24527 26362 I ReactNativeJS:   'dc475d27-6167-4695-a014-dcb8d160b4c6',
10-23 15:01:17.344 24527 26362 I ReactNativeJS:   '550e8400-e29b-41d4-a716-446655440001',
10-23 15:01:17.344 24527 26362 I ReactNativeJS:   '550e8400-e29b-41d4-a716-446655440002',
10-23 15:01:17.344 24527 26362 I ReactNativeJS:   '6c03a657-c3e4-466e-b49c-324c2d051ce9',
10-23 15:01:17.344 24527 26362 I ReactNativeJS:   '550e8400-e29b-41d4-a716-446655440003',
10-23 15:01:17.344 24527 26362 I ReactNativeJS:   '550e8400-e29b-41d4-a716-446655440004',
10-23 15:01:17.344 24527 26362 I ReactNativeJS:   '550e8400-e29b-41d4-a716-446655440005',
10-23 15:01:17.344 24527 26362 I ReactNativeJS:   'ed59084b-f517-4da3-814c-a314cdd8b4c6',
10-23 15:01:17.344 24527 26362 I ReactNativeJS:   '892d8e0d-7ca5-4dd8-9979-539f394538f2',
10-23 15:01:17.344 24527 26362 I ReactNativeJS:   'cb735787-e96d-4d1d-9975-c112e75dfabd',
10-23 15:01:17.344 24527 26362 I ReactNativeJS:   'fdd94862-18e4-49d4-b6c0-8b9f73c8ff8c',
10-23 15:01:17.344 24527 26362 I ReactNativeJS:   '539b06c9-4e24-49a4-b307-3fb3f9dc39da',
10-23 15:01:17.344 24527 26362 I ReactNativeJS:   'b12c8a48-05b3-475a-b042-4810aee4e918',
10-23 15:01:17.344 24527 26362 I ReactNativeJS:   'f5e495f1-75a4-4ce1-bb60-4adfc348b8fc',
10-23 15:01:17.344 24527 26362 I ReactNativeJS:   '411ee301-8ffc-4874-86e9-37716951bc4d' ]
10-23 15:01:17.361 24527 26362 I ReactNativeJS: ' [DRIVER-SERVICE] Found drivers:', { total: 20,
10-23 15:01:17.361 24527 26362 I ReactNativeJS:   details: 
10-23 15:01:17.361 24527 26362 I ReactNativeJS:    [ { id: '22480cc3-665c-407e-ad8a-8eafde67706b',
10-23 15:01:17.361 24527 26362 I ReactNativeJS:        user_id: '16011178-decf-4de3-beae-94ca46ce9258',
10-23 15:01:17.361 24527 26362 I ReactNativeJS:        name: undefined,
10-23 15:01:17.361 24527 26362 I ReactNativeJS:        vehicle_type: 'hatchback',
10-23 15:01:17.361 24527 26362 I ReactNativeJS:        status: 'online',
10-23 15:01:17.361 24527 26362 I ReactNativeJS:        verified: true },
10-23 15:01:17.361 24527 26362 I ReactNativeJS:      { id: '76b66a88-dff9-4965-9e36-8a92023f155d',
10-23 15:01:17.361 24527 26362 I ReactNativeJS:        user_id: 'ae53a792-6aed-4186-823d-61c34c6defe2',
10-23 15:01:17.361 24527 26362 I ReactNativeJS:        name: undefined,
10-23 15:01:17.361 24527 26362 I ReactNativeJS:        vehicle_type: 'sedan',
10-23 15:01:17.361 24527 26362 I ReactNativeJS:        status: 'online',
10-23 15:01:17.361 24527 26362 I ReactNativeJS:        verified: true },
10-23 15:01:17.361 24527 26362 I ReactNativeJS:      { id: '6f55e87b-6558-48df-af8c-d69190918b32',
10-23 15:01:17.361 24527 26362 I ReactNativeJS:        user_id: 'e6145579-4f5a-439f-b929-fa478580c049',
10-23 15:01:17.361 24527 26362 I ReactNativeJS:        name: undefined,
10-23 15:01:17.361 24527 26362 I ReactNativeJS:        vehicle_type: 'hatchback',
10-23 15:01:17.361 24527 26362 I ReactNativeJS:        status: 'online',
10-23 15:01:17.361 24527 26362 I ReactNativeJS:        verified: true },
10-23 15:01:17.361 24527 26362 I ReactNativeJS:      { id: '97a4ba58-9431-48e5-ac8f-3472b8357179',
10-23 15:01:17.361 24527 26362 I ReactNativeJS:        user_id: '5d6651c8-2e3f-44e7-b4a1-0056c1d5315b',
10-23 15:01:17.361 24527 26362 I ReactNativeJS:        name: undefined,
10-23 15:01:17.361 24527 26362 I ReactNativeJS:        vehicle_type: 'sedan_ac',
10-23 15:01:17.361 24527 26362 I ReactNativeJS:        status: 'online',
10-23 15:01:17.361 24527 26362 I ReactNativeJS:        verified: true },
10-23 15:01:17.361 24527 26362 I ReactNativeJS:      { id: 'c568b21d-0975-4388-a9fb-cc00013b6d4f',
10-23 15:01:17.361 24527 26362 I ReactNativeJS:        user_id: '6150ee57-77e5-45f7-b6c7-a586f22f2af8',
10-23 15:01:17.361 24527 26362 I ReactNativeJS:        name: undefined,
10-23 15:01:17.361 24527 26362 I ReactNativeJS:        vehicle_type: 'sedan',
10-23 15:01:17.361 24527 26362 I ReactNativeJS:        status: 'online',
10-23 15:01:17.361 24527 26362 I ReactNativeJS:        verified: true },
10-23 15:01:17.361 24527 26362 I ReactNativeJS:      { id: '7055c2f9-99fa-4d96-bc6c-079b5cda6f56',
10-23 15:01:17.361 24527 26362 I ReactNativeJS:        user_id: 'dc475d27-6167-4695-a014-dcb8d160b4c6',
10-23 15:01:17.361 24527 26362 I ReactNativeJS:        name: undefined,
10-23 15:01:17.361 24527 26362 I ReactNativeJS:        vehicle_type: 'hatchback',
10-23 15:01:17.361 24527 26362 I ReactNativeJS:        status: 'online',
10-23 15:01:17.361 24527 26362 I ReactNativeJS:        verified: true },
10-23 15:01:17.361 24527 26362 I ReactNativeJS:      { id: '770e8400-e29b-41d4-a716-446655440001',
10-23 15:01:17.361 24527 26362 I ReactNativeJS:        user_id: '550e8400-e29b-41d4-a716-446655440001',
10-23 15:01:17.361 24527 26362 I ReactNativeJS:        name: undefined,
10-23 15:01:17.361 24527 26362 I ReactNativeJS:        vehicle_type: 'hatchback',
10-23 15:01:17.361 24527 26362 I ReactNativeJS:        status: 'online',
10-23 15:01:17.361 24527 26362 I ReactNativeJS:        verified: true },
10-23 15:01:17.361 24527 26362 I ReactNativeJS:      { id: '770e8400-e29b-41d4-a716-446655440002',
10-23 15:01:17.361 24527 26362 I ReactNativeJS:        user_id: '550e8400-e29b-41d4-a716-446655440002',
10-23 15:01:17.361 24527 26362 I ReactNativeJS:        name: undefined,
10-23 15:01:17.361 24527 26362 I ReactNativeJS:        vehicle_type: 'sedan',
10-23 15:01:17.361 24527 26362 I ReactNativeJS:        status: 'online',
10-23 15:01:17.361 24527 26362 I ReactNativeJS:        verified: true },
10-23 15:01:17.361 24527 26362 I ReactNativeJS:      { id: '43d81d7d-e647-46cf-8599-11f63996b03e',
10-23 15:01:17.361 24527 26362 I ReactNativeJS:        user_id: '6c03a657-c3e4-466e-b49c-324c2d051ce9',
10-23 15:01:17.361 24527 26362 I ReactNativeJS:        name: undefined,
10-23 15:01:17.361 24527 26362 I ReactNativeJS:        vehicle_type: 'sedan_ac',
10-23 15:01:17.361 24527 26362 I ReactNativeJS:        status: 'online',
10-23 15:01:17.361 24527 26362 I ReactNativeJS:        verified: true },
10-23 15:01:17.361 24527 26362 I ReactNativeJS:      { id: '770e8400-e29b-41d4-a716-446655440003',
10-23 15:01:17.361 24527 26362 I ReactNativeJS:        user_id: '550e8400-e29b-41d4-a716-446655440003',
10-23 15:01:17.361 24527 26362 I ReactNativeJS:        name: undefined,
10-23 15:01:17.361 24527 26362 I ReactNativeJS:        vehicle_type: 'suv',
10-23 15:01:17.361 24527 26362 I ReactNativeJS:        status: 'online',
10-23 15:01:17.361 24527 26362 I ReactNativeJS:        verified: true },
10-23 15:01:17.361 24527 26362 I ReactNativeJS:      { id: '770e8400-e29b-41d4-a716-446655440004',
10-23 15:01:17.361 24527 26362 I ReactNativeJS:        user_id: '550e8400-e29b-41d4-a716-446655440004',
10-23 15:01:17.361 24527 26362 I ReactNativeJS:        name: undefined,
10-23 15:01:17.361 24527 26362 I ReactNativeJS:        vehicle_type: 'sedan',
10-23 15:01:17.361 24527 26362 I ReactNativeJS:        status: 'online',
10-23 15:01:17.361 24527 26362 I ReactNativeJS:        verified: true },
10-23 15:01:17.361 24527 26362 I ReactNativeJS:      { id: '770e8400-e29b-41d4-a716-446655440005',
10-23 15:01:17.361 24527 26362 I ReactNativeJS:        user_id: '550e8400-e29b-41d4-a716-446655440005',
10-23 15:01:17.361 24527 26362 I ReactNativeJS:        name: undefined,
10-23 15:01:17.361 24527 26362 I ReactNativeJS:        vehicle_type: 'hatchback',
10-23 15:01:17.361 24527 26362 I ReactNativeJS:        status: 'online',
10-23 15:01:17.361 24527 26362 I ReactNativeJS:        verified: true },
10-23 15:01:17.361 24527 26362 I ReactNativeJS:      { id: '707e2d38-7346-4a2e-bddb-e1157475f786',
10-23 15:01:17.361 24527 26362 I ReactNativeJS:        user_id: 'ed59084b-f517-4da3-814c-a314cdd8b4c6',
10-23 15:01:17.361 24527 26362 I ReactNativeJS:        name: undefined,
10-23 15:01:17.361 24527 26362 I ReactNativeJS:        vehicle_type: 'sedan',
10-23 15:01:17.361 24527 26362 I ReactNativeJS:        status: 'online',
10-23 15:01:17.361 24527 26362 I ReactNativeJS:        verified: true },
10-23 15:01:17.361 24527 26362 I ReactNativeJS:      { id: '489b94a7-777b-4e11-ba5c-17e0a3173737',
10-23 15:01:17.361 24527 26362 I ReactNativeJS:        user_id: '892d8e0d-7ca5-4dd8-9979-539f394538f2',
10-23 15:01:17.361 24527 26362 I ReactNativeJS:        name: undefined,
10-23 15:01:17.361 24527 26362 I ReactNativeJS:        vehicle_type: 'hatchback',
10-23 15:01:17.361 24527 26362 I ReactNativeJS:        status: 'online',
10-23 15:01:17.361 24527 26362 I ReactNativeJS:        verified: true },
10-23 15:01:17.361 24527 26362 I ReactNativeJS:      { id: 'd7b4a339-2ba5-45ed-a2ec-238548a8eab6',
10-23 15:01:17.361 24527 26362 I ReactNativeJS:        user_id: 'cb735787-e96d-4d1d-9975-c112e75dfabd',
10-23 15:01:17.361 24527 26362 I ReactNativeJS:        name: undefined,
