10-22 23:41:01.736  3458  3458 V InlineSuggestionRenderService: Removed the inline suggestion from the cache, current size=0
10-22 23:41:01.737  5589  5589 I KeyboardModeUtils: KeyboardModeUtils.getKeyboardBottomOffset():435 inch: 0.000000 ydpi: 387.429993 adjustKeyboardBottomByDisplaySize: false currentDensityDpi: 440 defaultDensityDpi: 440 keyboardBottomToScreenPx: 0 keyboardBottomToNavBarPx: -116 navBarHeight: 116
10-22 23:41:01.737  5589  5589 I KeyboardHeightUtil: KeyboardHeightUtil.calculateMaxKeyboardBodyHeight():50 leave 267 height for app when ime window height:2171, header height:121 and isFullscreenMode:false, so the max keyboard body height is:1783
10-22 23:41:01.738  5589  5589 I KeyboardHeightUtil: KeyboardHeightUtil.calculateMaxKeyboardBodyHeight():50 leave 267 height for app when ime window height:2171, header height:121 and isFullscreenMode:false, so the max keyboard body height is:1783
10-22 23:41:01.738  5589  5589 I AndroidIME: KeyboardViewManager.updateKeyboardBodyViewHolderPaddingBottom():472 Set finalPaddingBottom = 5 while holderPaddingBottom = 5; navigationHeight = 116
10-22 23:41:01.871  5589  5589 W TooltipLifecycleManager: TooltipLifecycleManager.dismissTooltips():153 Tooltip with id SUGGESTION_VIEW_EDU_MINI_DIALOG not found in tooltipManager.
10-22 23:41:01.904  5589  5589 I KeyboardModeUtils: KeyboardModeUtils.getKeyboardBottomOffset():435 inch: 0.000000 ydpi: 387.429993 adjustKeyboardBottomByDisplaySize: false currentDensityDpi: 440 defaultDensityDpi: 440 keyboardBottomToScreenPx: 0 keyboardBottomToNavBarPx: -116 navBarHeight: 116
10-22 23:41:01.904  5589  5589 I KeyboardHeightUtil: KeyboardHeightUtil.calculateMaxKeyboardBodyHeight():50 leave 267 height for app when ime window height:2171, header height:121 and isFullscreenMode:false, so the max keyboard body height is:1783
10-22 23:41:01.904  5589  5589 I KeyboardHeightUtil: KeyboardHeightUtil.calculateMaxKeyboardBodyHeight():50 leave 267 height for app when ime window height:2171, header height:121 and isFullscreenMode:false, so the max keyboard body height is:1783
10-22 23:41:01.905  5589  5589 I AndroidIME: KeyboardViewManager.updateKeyboardBodyViewHolderPaddingBottom():472 Set finalPaddingBottom = 5 while holderPaddingBottom = 5; navigationHeight = 116
10-22 23:41:02.308  1870  2610 E AutofillSession: Not starting a new partition on 1073742487@1936183034 because session 1936183034 reached maximum of 10
10-22 23:41:02.312  5589  5589 I GoogleInputMethodService: GoogleInputMethodService.onFinishInputView():1571 onFinishInputView(true)
10-22 23:41:02.312  5589  5589 I GlobeKeyExtension: GlobeKeyExtension.onDeactivate():144 
10-22 23:41:02.312  5589  5589 W TooltipLifecycleManager: TooltipLifecycleManager.dismissTooltips():153 Tooltip with id SUGGESTION_VIEW_EDU_MINI_DIALOG not found in tooltipManager.
10-22 23:41:02.313  5589  5589 I VoiceInputManagerWrapper: VoiceInputManagerWrapper.shutdown():131 shutdown()
10-22 23:41:02.313  5589  5589 W TooltipLifecycleManager: TooltipLifecycleManager.dismissTooltips():153 Tooltip with id spell_check_add_to_dictionary not found in tooltipManager.
10-22 23:41:02.314  5589  5589 I InputBundle: InputBundle.consumeEvent():1032 Skip consuming an event as keyboard status is INACTIVE
10-22 23:41:02.315  5589  5589 I AndroidIME: AbstractIme.onDeactivate():216 LatinIme.onDeactivate()
10-22 23:41:02.316  5589  5589 I GoogleInputMethodService: GoogleInputMethodService.onFinishInput():2085 
10-22 23:41:02.316  5589  5589 I Module  : DeviceLockedStatusModuleProvider$Module.updateDeviceLockedStatus():100 repeatCheckTimes = 0, locked = false
10-22 23:41:02.317  5589  5589 I GoogleInputMethodService: GoogleInputMethodService.onStartInput():1346 onStartInput(EditorInfo{EditorInfo{packageName=com.a1taxi.a1taxicustomer, inputType=4003, inputTypeString=Phone, enableLearning=false, autoCorrection=false, autoComplete=false, imeOptions=4000006, privateImeOptions=null, actionName=DONE, actionLabel=null, initialSelStart=0, initialSelEnd=0, initialCapsMode=2000, label=null, fieldId=3839, fieldName=null, extras=Bundle[mParcelledData.dataSize=404], hintText=non-empty, hintLocales=[]}}, false)
10-22 23:41:02.318  5589  5589 I Module  : DeviceLockedStatusModuleProvider$Module.updateDeviceLockedStatus():100 repeatCheckTimes = 1, locked = false
10-22 23:41:02.318  5589  5589 I HardKeyTracker: HardKeyTracker.unregisterKeySequence():221 Unregister key sequence nfz{labelResId=0, callback=gds@ef6430b, lastModifier=0, keyCodes=[57, 57], actions=[1, 0]}
10-22 23:41:02.318  5589  5589 I HardKeyTracker: HardKeyTracker.unregisterKeySequence():221 Unregister key sequence nfz{labelResId=0, callback=gds@bca2a6, lastModifier=0, keyCodes=[58, 58], actions=[1, 0]}
10-22 23:41:02.319  5589  5589 I GoogleInputMethodService: GoogleInputMethodService.onStartInputView():1439 onStartInputView(EditorInfo{EditorInfo{packageName=com.a1taxi.a1taxicustomer, inputType=4003, inputTypeString=Phone, enableLearning=false, autoCorrection=false, autoComplete=false, imeOptions=4000006, privateImeOptions=null, actionName=DONE, actionLabel=null, initialSelStart=0, initialSelEnd=0, initialCapsMode=2000, label=null, fieldId=3839, fieldName=null, extras=Bundle[{android.support.text.emoji.emojiCompat_metadataVersion=11, androidx.core.view.inputmethod.EditorInfoCompat.STYLUS_HANDWRITING_ENABLED=true, android.support.text.emoji.emojiCompat_replaceAll=false}], hintText=non-empty, hintLocales=[]}}, false)
10-22 23:41:02.319  5589  5589 I KeyboardHeightUtil: KeyboardHeightUtil.getOemKeyboardHeightRatio():108 systemKeyboardHeightRatio:1.000000.
10-22 23:41:02.320  5589  6019 I OnDeviceWmrCalculator: OnDeviceWmrCalculator.calculateWmr():94 WMR: 0.0000 (0 / 1)
10-22 23:41:02.320  5589  5589 I AndroidIME: InputBundleManager.loadActiveInputBundleId():528 loadActiveInputBundleId: und-Latn-x-phone-number, phone_number
10-22 23:41:02.320  5589  5589 I KeyboardWrapper: KeyboardWrapper.activateKeyboard():581 activateKeyboard(): type=prime, status=INACTIVE, imeDef=mkk{stringId=phone_number, language=und-Latn-x-phone-number, languageTag=und-Latn-x-phone-number, processedConditions={}, className=com.google.android.libraries.inputmethod.ime.DummyIme, label=2132019312, keyEventInterpreter=null, inlineComposing=true, autoCapital=false, announceAutoSelectedCandidate=false, statusIcon=0, indicatorIcon=0, indicatorLabel=null, displayAppCompletions=false, extraValues=mkd{}, processors=mmb@7d3d911, unacceptableMetaKeys=4098, languageSpecificSettings=0, asciiCapable=false, alwaysShowSuggestions=false, useAsciiPasswordKeyboard=false, keyboardGroupDef=mlk@ee31802, phenotypeFlagId=0, localizationLanguageTag=null, supportsInlineSuggestion=false}
10-22 23:41:02.321  5589  5589 I KeyboardManager: KeyboardManager.requestKeyboard():248 Creating keyboard prime, imeId=phone_number, cacheKey=theme,!gsf,!pgsans,!pgsf,!use_system_font,BORDER,FLAVOR_DPI=XXHDPI,GOOGLE_ICONS,KEYBOARD_WIDTH_CATEGORY=NORMAL,KEY_BORDER_SHAPE=1,LIGHT_THEME=false,PHYSICAL_DIAGONAL=5.748144,POPUP,SCREEN_SHORTEST_WIDTH=393,SCREEN_SHORTEST_WIDTH_NO_SCALE=393,XXHDPI,bottom4dp,enable_emoji_kitchen_browse_color_v2=true,enable_google_fonts_icons=true,enable_popup_on_keypress=true,keyboard_redesign_google_sans=true,non_linear_scale,noshadow,overlay_builtin_dynamic_color_dark_base.binarypb:gm3-dark-ff131313-ffffffff-4d9204e36e3ccb6a165e3e3dbe763ce0,roundedchip,silkpopup
10-22 23:41:02.321  5589  5589 I KeyboardWrapper: KeyboardWrapper.onKeyboardReady():224 onKeyboardReady(): type=prime(prime), kb=com.google.android.apps.inputmethod.latin.keyboard.LatinDialKeyboard@c5d9bc8
10-22 23:41:02.321  5589  5589 I KeyboardWrapper: KeyboardWrapper.doActivateKeyboard():611 doActivateKeyboard(): prime
10-22 23:41:02.338  5589  5589 I KeyboardViewHelper: KeyboardViewHelper.getView():180 Get view with height ratio:1.000000
10-22 23:41:02.349  5589  5589 I KeyboardHeightUtil: KeyboardHeightUtil.calculateMaxKeyboardBodyHeight():50 leave 267 height for app when ime window height:2171, header height:121 and isFullscreenMode:false, so the max keyboard body height is:1783
10-22 23:41:02.350  5589  5589 W TooltipLifecycleManager: TooltipLifecycleManager.dismissTooltips():153 Tooltip with id undo_access_point_promotion_banner not found in tooltipManager.
10-22 23:41:02.350  5589  5589 I KeyboardModeUtils: KeyboardModeUtils.getKeyboardBottomOffset():435 inch: 0.000000 ydpi: 387.429993 adjustKeyboardBottomByDisplaySize: false currentDensityDpi: 440 defaultDensityDpi: 440 keyboardBottomToScreenPx: 0 keyboardBottomToNavBarPx: -116 navBarHeight: 116
10-22 23:41:02.350  5589  5589 I KeyboardHeightUtil: KeyboardHeightUtil.calculateMaxKeyboardBodyHeight():50 leave 267 height for app when ime window height:2171, header height:121 and isFullscreenMode:false, so the max keyboard body height is:1783
10-22 23:41:02.350  5589  5589 I KeyboardHeightUtil: KeyboardHeightUtil.calculateMaxKeyboardBodyHeight():50 leave 267 height for app when ime window height:2171, header height:121 and isFullscreenMode:false, so the max keyboard body height is:1783
10-22 23:41:02.350  5589  5589 I AndroidIME: KeyboardViewManager.updateKeyboardBodyViewHolderPaddingBottom():472 Set finalPaddingBottom = 5 while holderPaddingBottom = 5; navigationHeight = 116
10-22 23:41:02.350  5589  5589 I KeyboardHeightUtil: KeyboardHeightUtil.calculateMaxKeyboardBodyHeight():50 leave 267 height for app when ime window height:2171, header height:121 and isFullscreenMode:false, so the max keyboard body height is:1783
10-22 23:41:02.350  5589  5589 I KeyboardHeightUtil: KeyboardHeightUtil.calculateMaxKeyboardBodyHeight():50 leave 267 height for app when ime window height:2171, header height:121 and isFullscreenMode:false, so the max keyboard body height is:1783
10-22 23:41:02.351  5589  5589 I KeyboardModeUtils: KeyboardModeUtils.getKeyboardBottomOffset():435 inch: 0.000000 ydpi: 387.429993 adjustKeyboardBottomByDisplaySize: false currentDensityDpi: 440 defaultDensityDpi: 440 keyboardBottomToScreenPx: 0 keyboardBottomToNavBarPx: -116 navBarHeight: 116
10-22 23:41:02.351  5589  5589 I KeyboardHeightUtil: KeyboardHeightUtil.calculateMaxKeyboardBodyHeight():50 leave 267 height for app when ime window height:2171, header height:121 and isFullscreenMode:false, so the max keyboard body height is:1783
10-22 23:41:02.351  5589  5589 I KeyboardHeightUtil: KeyboardHeightUtil.calculateMaxKeyboardBodyHeight():50 leave 267 height for app when ime window height:2171, header height:121 and isFullscreenMode:false, so the max keyboard body height is:1783
10-22 23:41:02.351  5589  5589 I AndroidIME: KeyboardViewManager.updateKeyboardBodyViewHolderPaddingBottom():472 Set finalPaddingBottom = 5 while holderPaddingBottom = 5; navigationHeight = 116
10-22 23:41:02.351  5589  5589 I KeyboardHeightUtil: KeyboardHeightUtil.calculateMaxKeyboardBodyHeight():50 leave 267 height for app when ime window height:2171, header height:121 and isFullscreenMode:false, so the max keyboard body height is:1783
10-22 23:41:02.351  5589  5589 I KeyboardHeightUtil: KeyboardHeightUtil.calculateMaxKeyboardBodyHeight():50 leave 267 height for app when ime window height:2171, header height:121 and isFullscreenMode:false, so the max keyboard body height is:1783
10-22 23:41:02.351  5589  5589 I GlobeKeyExtension: GlobeKeyExtension.getKeyboardInitialStates():175 
10-22 23:41:02.351  5589  5589 W Keyboard: Keyboard.getKeyboardViewHelper():609 null helper is returned: keyboardDef=mle{processedConditions={enable_access_points_in_password_number=true, enable_correction_settings_updates=true, layout_9key_split=false, language=en-US, deprecate_long_press_space_for_ime_picker=false, show_suggestion_strip=true, device=phone, expressions=normal}, globalConditions={global_theme_key=theme,!gsf,!pgsans,!pgsf,!use_system_font,BORDER,FLAVOR_DPI=XXHDPI,GOOGLE_ICONS,KEYBOARD_WIDTH_CATEGORY=NORMAL,KEY_BORDER_SHAPE=1,LIGHT_THEME=false,PHYSICAL_DIAGONAL=5.748144,POPUP,SCREEN_SHORTEST_WIDTH=393,SCREEN_SHORTEST_WIDTH_NO_SCALE=393,XXHDPI,bottom4dp,enable_emoji_kitchen_browse_color_v2=true,enable_google_fonts_icons=true,enable_popup_on_keypress=true,keyboard_redesign_google_sans=true,non_linear_scale,noshadow,overlay_builtin_dynamic_color_dark_base.binarypb:gm3-dark-ff131313-ffffffff-4d9204e36e3ccb6a165e3e3dbe763ce0,roundedchip,silkpopup, global_locale=en_US, global_density_dpi=440, global_orientation=1}, className=.latin.keyboard.LatinDialKeyboard, resourceIds=[#0x7f170885], initialStates=0, keyboardViewDefs=[mls{direction=LOCALE, id=#0x7f0b0224, isScalable=false, layoutId=#0x7f0e0500, type=HEADER, touchable=true, defaultShow=true}, mls{direction=null, id=#0x7f0b0224, isScalable=true, layoutId=#0x7f0e0556, type=BODY, touchable=true, defaultShow=true}], persistentStates=0, persistentStatesPrefKey=null, popupBubbleLayoutId=#0x7f0e05f1, recentKeyLayoutId=0, recentKeyPopupLayoutId=0, recentKeyType=null, rememberRecentKey=NONE, sessionStates=0}, type=FLOATING_CANDIDATES, helpersCreated=[lxm@dc935fb, lxm@840a618, null, null], context.getResources().getConfiguration(): {1.0 405mcc869mnc [en_US] ldltr sw393dp w393dp h790dp 440dpi nrml long port night finger -keyb/v/h -nav/h winConfig={ mBounds=Rect(0, 0 - 1080, 2392) mAppBounds=Rect(0, 103 - 1080, 2276) mMaxBounds=Rect(0, 0 - 1080, 2392) mDisplayRotation=ROTATION_0 mWindowingMode=fullscreen mActivityType=undefined mAlwaysOnTop=undefined mRotation=ROTATION_0 isEmbedding:false} s.5420 fontWeightAdjustment=0 themeId=2 themeParameter=0 nightModeLevel = -1 typefaceChanged=0.0 ?spacesystem eaMode=1}
10-22 23:41:02.352  5589  5589 W Keyboard: Keyboard.getKeyboardViewHelper():609 null helper is returned: keyboardDef=mle{processedConditions={enable_access_points_in_password_number=true, enable_correction_settings_updates=true, layout_9key_split=false, language=en-US, deprecate_long_press_space_for_ime_picker=false, show_suggestion_strip=true, device=phone, expressions=normal}, globalConditions={global_theme_key=theme,!gsf,!pgsans,!pgsf,!use_system_font,BORDER,FLAVOR_DPI=XXHDPI,GOOGLE_ICONS,KEYBOARD_WIDTH_CATEGORY=NORMAL,KEY_BORDER_SHAPE=1,LIGHT_THEME=false,PHYSICAL_DIAGONAL=5.748144,POPUP,SCREEN_SHORTEST_WIDTH=393,SCREEN_SHORTEST_WIDTH_NO_SCALE=393,XXHDPI,bottom4dp,enable_emoji_kitchen_browse_color_v2=true,enable_google_fonts_icons=true,enable_popup_on_keypress=true,keyboard_redesign_google_sans=true,non_linear_scale,noshadow,overlay_builtin_dynamic_color_dark_base.binarypb:gm3-dark-ff131313-ffffffff-4d9204e36e3ccb6a165e3e3dbe763ce0,roundedchip,silkpopup, global_locale=en_US, global_density_dpi=440, global_orientation=1}, className=.latin.keyboard.LatinDialKeyboard, resourceIds=[#0x7f170885], initialStates=0, keyboardViewDefs=[mls{direction=LOCALE, id=#0x7f0b0224, isScalable=false, layoutId=#0x7f0e0500, type=HEADER, touchable=true, defaultShow=true}, mls{direction=null, id=#0x7f0b0224, isScalable=true, layoutId=#0x7f0e0556, type=BODY, touchable=true, defaultShow=true}], persistentStates=0, persistentStatesPrefKey=null, popupBubbleLayoutId=#0x7f0e05f1, recentKeyLayoutId=0, recentKeyPopupLayoutId=0, recentKeyType=null, rememberRecentKey=NONE, sessionStates=0}, type=WIDGET, helpersCreated=[lxm@dc935fb, lxm@840a618, null, null], context.getResources().getConfiguration(): {1.0 405mcc869mnc [en_US] ldltr sw393dp w393dp h790dp 440dpi nrml long port night finger -keyb/v/h -nav/h winConfig={ mBounds=Rect(0, 0 - 1080, 2392) mAppBounds=Rect(0, 103 - 1080, 2276) mMaxBounds=Rect(0, 0 - 1080, 2392) mDisplayRotation=ROTATION_0 mWindowingMode=fullscreen mActivityType=undefined mAlwaysOnTop=undefined mRotation=ROTATION_0 isEmbedding:false} s.5420 fontWeightAdjustment=0 themeId=2 themeParameter=0 nightModeLevel = -1 typefaceChanged=0.0 ?spacesystem eaMode=1}
10-22 23:41:02.352  5589  5589 I AndroidIME: InputBundleManager.startInput():358 startInput() with mlo[keyboardType=prime, payload=null]
10-22 23:41:02.352  5589  5589 I GlobeKeyExtension: GlobeKeyExtension.onActivate():120 
10-22 23:41:02.353  5589  5589 I LanguagePromoExtension: LanguagePromoExtension.checkDisplayPreconditions():174 Not show language promo: exceeds the max display times.
10-22 23:41:02.353  5589  5589 I NewLanguagePromptExtension: NewLanguagePromptExtension.onActivate():189 Not activated NewLanguagePromptExtension: not a normal text input box.
10-22 23:41:02.354  5589  5589 I HardKeyTracker: HardKeyTracker.unregisterKeySequence():221 Unregister key sequence nfz{labelResId=2132020497, callback=cgp@baf4e87, lastModifier=2, keyCodes=[56], actions=[0]}
10-22 23:41:02.354  5589  5589 I HardKeyTracker: HardKeyTracker.unregisterKeySequence():221 Unregister key sequence nfz{labelResId=2132020497, callback=cgp@f8cd152, lastModifier=0, keyCodes=[317], actions=[0]}
10-22 23:41:02.354  5589  5589 I HardKeyTracker: HardKeyTracker.registerKeySequence():170 Register key sequence nfz{labelResId=2132020497, callback=cgp@188f7fa, lastModifier=2, keyCodes=[56], actions=[0]}
10-22 23:41:02.354  5589  5589 I HardKeyTracker: HardKeyTracker.registerKeySequence():170 Register key sequence nfz{labelResId=2132020497, callback=cgp@80913a1, lastModifier=0, keyCodes=[317], actions=[0]}
10-22 23:41:02.354  5589  5589 I VoiceInputManagerWrapper: VoiceInputManagerWrapper.cancelShutdown():109 cancelShutdown()
10-22 23:41:02.354  5589  5589 I VoiceInputManagerWrapper: VoiceInputManagerWrapper.syncLanguagePacks():121 syncLanguagePacks()
10-22 23:41:02.354  5589  5589 I VoiceInputManager: VoiceInputManager.onKeyboardActivated():1173 onKeyboardActivated() [UD]
10-22 23:41:02.354  5589  5589 I PkModeUpdater: PkModeUpdater.onActivate():74 onActivate false true
10-22 23:41:02.354  5589  5589 I AccessoryInputModeManager: AccessoryInputModeManager.onModeStarted():318 Accessory input mode started: null
10-22 23:41:02.354  5589  5589 W SupplementaryKeyboardsWrapper: SupplementaryKeyboardsWrapper.deactivateKeyboard():161 keyboard accessory_candidates_consumer is not activated before!
10-22 23:41:02.354  5589  6558 I SpeechFactory: SpeechRecognitionFactory.maybeScheduleAutoPackDownloadForFallback():217 maybeScheduleAutoPackDownloadForFallback()
10-22 23:41:02.354  5589  6558 I FallbackOnDeviceRecognitionProvider: FallbackOnDeviceRecognitionProvider.maybeScheduleAutoPackDownload():205 maybeScheduleAutoPackDownload() for language tag en-US
10-22 23:41:02.355  5589  5589 I KeyboardModeUtils: KeyboardModeUtils.getKeyboardBottomOffset():435 inch: 0.000000 ydpi: 387.429993 adjustKeyboardBottomByDisplaySize: false currentDensityDpi: 440 defaultDensityDpi: 440 keyboardBottomToScreenPx: 0 keyboardBottomToNavBarPx: -116 navBarHeight: 116
10-22 23:41:02.355  5589  5589 I KeyboardHeightUtil: KeyboardHeightUtil.calculateMaxKeyboardBodyHeight():50 leave 267 height for app when ime window height:2171, header height:121 and isFullscreenMode:false, so the max keyboard body height is:1783
10-22 23:41:02.355  5589  5589 I KeyboardHeightUtil: KeyboardHeightUtil.calculateMaxKeyboardBodyHeight():50 leave 267 height for app when ime window height:2171, header height:121 and isFullscreenMode:false, so the max keyboard body height is:1783
10-22 23:41:02.355  5589  5589 I AndroidIME: KeyboardViewManager.updateKeyboardBodyViewHolderPaddingBottom():472 Set finalPaddingBottom = 5 while holderPaddingBottom = 5; navigationHeight = 116
10-22 23:41:02.355  5589  5589 I KeyboardHeightUtil: KeyboardHeightUtil.calculateMaxKeyboardBodyHeight():50 leave 267 height for app when ime window height:2171, header height:121 and isFullscreenMode:false, so the max keyboard body height is:1783
10-22 23:41:02.355  5589  5589 I KeyboardHeightUtil: KeyboardHeightUtil.calculateMaxKeyboardBodyHeight():50 leave 267 height for app when ime window height:2171, header height:121 and isFullscreenMode:false, so the max keyboard body height is:1783
10-22 23:41:02.355  5589  5589 W ExtensionWrapper: ExtensionWrapper.setExtensionViewVisibility():811 interface mas is not activate
10-22 23:41:02.356  5589  5589 I Module  : DeviceLockedStatusModuleProvider$Module.updateDeviceLockedStatus():100 repeatCheckTimes = 1, locked = false
10-22 23:41:02.356  5589  5589 I HardKeyTracker: HardKeyTracker.unregisterKeySequence():221 Unregister key sequence nfz{labelResId=2132020501, callback=cgp@626540a, lastModifier=2, keyCodes=[48], actions=[0]}
10-22 23:41:02.356  5589  5589 I HardKeyTracker: HardKeyTracker.registerKeySequence():170 Register key sequence nfz{labelResId=2132020501, callback=cgp@f5f95d9, lastModifier=2, keyCodes=[48], actions=[0]}
10-22 23:41:02.356  5589  5589 I HardKeyTracker: HardKeyTracker.unregisterKeySequence():221 Unregister key sequence nfz{labelResId=2132020501, callback=cgp@4b96d57, lastModifier=2, keyCodes=[48], actions=[0]}
10-22 23:41:02.356  5589  5589 I HardKeyTracker: HardKeyTracker.registerKeySequence():170 Register key sequence nfz{labelResId=2132020501, callback=cgp@a0f53aa, lastModifier=2, keyCodes=[48], actions=[0]}
10-22 23:41:02.357  5589  5589 I HardKeyTracker: HardKeyTracker.unregisterKeySequence():221 Unregister key sequence nfz{labelResId=2132020497, callback=cgp@c5eb04f, lastModifier=2, keyCodes=[56], actions=[0]}
10-22 23:41:02.357  5589  5589 I HardKeyTracker: HardKeyTracker.unregisterKeySequence():221 Unregister key sequence nfz{labelResId=2132020497, callback=cgp@603d3ba, lastModifier=0, keyCodes=[317], actions=[0]}
10-22 23:41:02.357  5589  5589 I HardKeyTracker: HardKeyTracker.registerKeySequence():170 Register key sequence nfz{labelResId=2132020497, callback=cgp@94c234d, lastModifier=2, keyCodes=[56], actions=[0]}
10-22 23:41:02.357  5589  5589 I HardKeyTracker: HardKeyTracker.registerKeySequence():170 Register key sequence nfz{labelResId=2132020497, callback=cgp@5ea950, lastModifier=0, keyCodes=[317], actions=[0]}
10-22 23:41:02.357  5589  5589 I HardKeyTracker: HardKeyTracker.unregisterKeySequence():221 Unregister key sequence nfz{labelResId=2132020502, callback=cgp@61a5a47, lastModifier=2, keyCodes=[32], actions=[0]}
10-22 23:41:02.357  5589  5589 I HardKeyTracker: HardKeyTracker.registerKeySequence():170 Register key sequence nfz{labelResId=2132020502, callback=cgp@f276f05, lastModifier=2, keyCodes=[32], actions=[0]}
10-22 23:41:02.358  5589  5589 I HardKeyTracker: HardKeyTracker.unregisterKeySequence():221 Unregister key sequence nfz{labelResId=2132020502, callback=cgp@aded955, lastModifier=2, keyCodes=[32], actions=[0]}
10-22 23:41:02.358  5589  5589 I HardKeyTracker: HardKeyTracker.registerKeySequence():170 Register key sequence nfz{labelResId=2132020502, callback=cgp@d76c0fe, lastModifier=2, keyCodes=[32], actions=[0]}
10-22 23:41:02.358  5589  5589 I StylusModule: StylusModule.onUpdateToolType():800 Update tool type = 1
10-22 23:41:02.359  5589  5589 I StylusModule: StylusModule.onUpdateToolType():800 Update tool type = 1
10-22 23:41:02.368  5589  5589 I KeyboardModeUtils: KeyboardModeUtils.getKeyboardBottomOffset():435 inch: 0.000000 ydpi: 387.429993 adjustKeyboardBottomByDisplaySize: false currentDensityDpi: 440 defaultDensityDpi: 440 keyboardBottomToScreenPx: 0 keyboardBottomToNavBarPx: -116 navBarHeight: 116
10-22 23:41:02.368  5589  5589 I KeyboardHeightUtil: KeyboardHeightUtil.calculateMaxKeyboardBodyHeight():50 leave 267 height for app when ime window height:2171, header height:121 and isFullscreenMode:false, so the max keyboard body height is:1783
10-22 23:41:02.368  5589  5589 I KeyboardHeightUtil: KeyboardHeightUtil.calculateMaxKeyboardBodyHeight():50 leave 267 height for app when ime window height:2171, header height:121 and isFullscreenMode:false, so the max keyboard body height is:1783
10-22 23:41:02.368  5589  5589 I AndroidIME: KeyboardViewManager.updateKeyboardBodyViewHolderPaddingBottom():472 Set finalPaddingBottom = 5 while holderPaddingBottom = 5; navigationHeight = 116
10-22 23:41:02.368  5589  5589 I WindowMetricsNotification: WindowMetricsNotification.notifyWithWindow():166 
10-22 23:41:02.368  5589  5589 I WindowMetricsNotification: WindowMetricsNotification.notify():159 pfu[bounds=Rect(0, 105 - 1080, 2392), insets=Rect(0, 0 - 0, 116), densityDpi=440, smallestScreenWidthDp=393, displayWidth=1080, displayHeight=2392, xdpi=387.43, ydpi=387.43, isTrustable=true, displayId=0]; DisplayMetrics{density=2.75, width=1080, height=2392, scaledDensity=2.75, xdpi=387.43, ydpi=387.43}
10-22 23:41:02.376  5589  5589 I GoogleInputMethodService: GoogleInputMethodService$1.onKeyboardViewShown():325 onKeyboardViewShown: keyboardType=prime, keyboardViewType=HEADER keyboardView=com.google.android.libraries.inputmethod.widgets.SoftKeyboardView{ff82f07 V.E...... ........ 0,0-1080,121}
10-22 23:41:02.376  5589  5589 I KeyboardHeightUtil: KeyboardHeightUtil.calculateMaxKeyboardBodyHeight():50 leave 267 height for app when ime window height:2171, header height:121 and isFullscreenMode:false, so the max keyboard body height is:1783
10-22 23:41:02.377  5589  5589 I StylusModule: StylusModule.onUpdateToolType():800 Update tool type = 1
10-22 23:41:02.377  3458  3458 V InlinePresentationRendererServiceImpl: onRenderSuggestion: width=-2, height=-2
10-22 23:41:02.378  5589  5589 I GoogleInputMethodService: GoogleInputMethodService$1.onKeyboardViewShown():325 onKeyboardViewShown: keyboardType=prime, keyboardViewType=BODY keyboardView=com.google.android.libraries.inputmethod.widgets.SoftKeyboardView{f58bee1 V.E...... ........ 0,0-1080,580}
10-22 23:41:02.378  5589  5589 I KeyboardHeightUtil: KeyboardHeightUtil.calculateMaxKeyboardBodyHeight():50 leave 267 height for app when ime window height:2171, header height:121 and isFullscreenMode:false, so the max keyboard body height is:1783
10-22 23:41:02.379  5589  5589 I GlobeKeyExtension: GlobeKeyExtension$1.onKeyboardViewShown():72 maybeDisableLanguageSwitchKeyPref when the keyboard is shown
10-22 23:41:02.379  5589  5589 I GlobeKeyExtension: GlobeKeyExtension.maybeDisableLanguageSwitchKeyPref():200 maybeDisableLanguageSwitchKeyPref hasGlobeKeyBeenDisabled: false, shouldDisableLanguageSwitchKey: false
10-22 23:41:02.379  5589  5589 I NewLanguagePromptExtension: NewLanguagePromptExtension$1.onKeyboardViewShown():88 Not show new language banner: not prime keyboard, or the extension not activated.
10-22 23:41:02.381  3458  3458 V InlineSuggestionRenderService: width=-2, height=-2, measuredSize=476x121
10-22 23:41:02.386  5589  5589 I KeyboardModeUtils: KeyboardModeUtils.getKeyboardBottomOffset():435 inch: 0.000000 ydpi: 387.429993 adjustKeyboardBottomByDisplaySize: false currentDensityDpi: 440 defaultDensityDpi: 440 keyboardBottomToScreenPx: 0 keyboardBottomToNavBarPx: -116 navBarHeight: 116
10-22 23:41:02.386  5589  5589 I KeyboardHeightUtil: KeyboardHeightUtil.calculateMaxKeyboardBodyHeight():50 leave 267 height for app when ime window height:2171, header height:121 and isFullscreenMode:false, so the max keyboard body height is:1783
10-22 23:41:02.387  5589  5589 I KeyboardHeightUtil: KeyboardHeightUtil.calculateMaxKeyboardBodyHeight():50 leave 267 height for app when ime window height:2171, header height:121 and isFullscreenMode:false, so the max keyboard body height is:1783
10-22 23:41:02.387  5589  5589 I AndroidIME: KeyboardViewManager.updateKeyboardBodyViewHolderPaddingBottom():472 Set finalPaddingBottom = 5 while holderPaddingBottom = 5; navigationHeight = 116
10-22 23:41:02.394  3458  3458 V InlinePresentationRendererServiceImpl: onRenderSuggestion: width=-2, height=-2
10-22 23:41:02.396  3458  3458 V InlineSuggestionRenderService: width=-2, height=-2, measuredSize=472x121
10-22 23:41:02.410  3458  3458 D ViewRootImpl: AppSizeAfterRelayout, size: Point(476, 121), rotation: ROTATION_0
10-22 23:41:02.411  3458  3458 D BufferQueueConsumer: [](id:d820000043d,api:0,p:-1,c:3458) connect: controlledByApp=false
10-22 23:41:02.412  3458  3458 D BLASTBufferQueue: [VRI[]#1085](f:0,a:0) constructor()
10-22 23:41:02.412  3458  3458 D BLASTBufferQueue: [VRI[]#1085](f:0,a:0) update width=476 height=121 format=-2 mTransformHint=0
10-22 23:41:02.415  3458  3458 D ViewRootImpl: AppSizeAfterRelayout, size: Point(472, 121), rotation: ROTATION_0
10-22 23:41:02.419  3458 31463 D BLASTBufferQueue: [VRI[]#1085](f:0,a:1) acquireNextBufferLocked size=476x121 mFrameNumber=1 applyTransaction=true mTimestamp=801520990204773(auto) mPendingTransactions.size=0 graphicBufferId=14851996917163 transform=0
10-22 23:41:02.419  3458  3458 D BufferQueueConsumer: [](id:d820000043e,api:0,p:-1,c:3458) connect: controlledByApp=false
10-22 23:41:02.420  3458  3458 D BLASTBufferQueue: [VRI[]#1086](f:0,a:0) constructor()
10-22 23:41:02.420  3458  3458 D BLASTBufferQueue: [VRI[]#1086](f:0,a:0) update width=472 height=121 format=-2 mTransformHint=0
10-22 23:41:02.424  1870  1976 D AutofillSession: onShown(): 2, 1
10-22 23:41:02.425  3458 31463 D BLASTBufferQueue: [VRI[]#1086](f:0,a:1) acquireNextBufferLocked size=472x121 mFrameNumber=1 applyTransaction=true mTimestamp=801520997062927(auto) mPendingTransactions.size=0 graphicBufferId=14851996917170 transform=0
10-22 23:41:02.427  5589  5589 I ProactiveSuggestionsHolderManager: ProactiveSuggestionsHolderManager$2.display():195 Requesting to show proactive suggestions: AUTO_FILL PREEMPTIVE_WITH_SUPPRESSION
10-22 23:41:02.431  5589  5589 D BufferQueueConsumer: [](id:15d500000ec4,api:0,p:-1,c:5589) connect: controlledByApp=false
10-22 23:41:02.431  5589  5589 D BLASTBufferQueue: [SurfaceView[InputMethod]#3780](f:0,a:0) constructor()
10-22 23:41:02.431  5589  5589 D BLASTBufferQueue: [SurfaceView[InputMethod]#3780](f:0,a:0) update width=770 height=121 format=-2 mTransformHint=0
10-22 23:41:02.433  1870  3776 D BatteryStatsService: noteVideoSurfaceChanged  noteWhich: 49,arg1: 770, arg2: 121, arg3: 5589, arg4: 146703, name: com.google.android.inputmethod.latin
10-22 23:41:02.435  5589  5589 I ProactiveSuggestionsHolderManager: ProactiveSuggestionsHolderManager$Holder.setSuggestionsAndShow():898 succeed to show proactive suggestions AUTO_FILL PREEMPTIVE_WITH_SUPPRESSION
10-22 23:41:02.438  5589  5589 I KeyboardModeUtils: KeyboardModeUtils.getKeyboardBottomOffset():435 inch: 0.000000 ydpi: 387.429993 adjustKeyboardBottomByDisplaySize: false currentDensityDpi: 440 defaultDensityDpi: 440 keyboardBottomToScreenPx: 0 keyboardBottomToNavBarPx: -116 navBarHeight: 116
10-22 23:41:02.438  5589  5589 I KeyboardHeightUtil: KeyboardHeightUtil.calculateMaxKeyboardBodyHeight():50 leave 267 height for app when ime window height:2171, header height:121 and isFullscreenMode:false, so the max keyboard body height is:1783
10-22 23:41:02.438  5589  5589 I KeyboardHeightUtil: KeyboardHeightUtil.calculateMaxKeyboardBodyHeight():50 leave 267 height for app when ime window height:2171, header height:121 and isFullscreenMode:false, so the max keyboard body height is:1783
10-22 23:41:02.438  5589  5589 I AndroidIME: KeyboardViewManager.updateKeyboardBodyViewHolderPaddingBottom():472 Set finalPaddingBottom = 5 while holderPaddingBottom = 5; navigationHeight = 116
10-22 23:41:02.441  5589  5589 D BufferQueueConsumer: [](id:15d500000ec5,api:0,p:-1,c:5589) connect: controlledByApp=false
10-22 23:41:02.441  5589  5589 D BLASTBufferQueue: [SurfaceView[InputMethod]#3781](f:0,a:0) constructor()
10-22 23:41:02.441  5589  5589 D BLASTBufferQueue: [SurfaceView[InputMethod]#3781](f:0,a:0) update width=476 height=121 format=-2 mTransformHint=0
10-22 23:41:02.443  1870  3776 D BatteryStatsService: noteVideoSurfaceChanged  noteWhich: 49,arg1: 476, arg2: 121, arg3: 5589, arg4: 147867, name: com.google.android.inputmethod.latin
10-22 23:41:02.445  5589  5657 D BLASTBufferQueue: [SurfaceView[InputMethod]#3781](f:0,a:1) acquireNextBufferLocked size=476x121 mFrameNumber=1 applyTransaction=true mTimestamp=801521017468388(auto) mPendingTransactions.size=0 graphicBufferId=24004572228756 transform=0
10-22 23:41:02.447  5589  5589 D BufferQueueConsumer: [](id:15d500000ec6,api:0,p:-1,c:5589) connect: controlledByApp=false
10-22 23:41:02.447  5589  5589 D BLASTBufferQueue: [SurfaceView[InputMethod]#3782](f:0,a:0) constructor()
10-22 23:41:02.447  5589  5589 D BLASTBufferQueue: [SurfaceView[InputMethod]#3782](f:0,a:0) update width=472 height=121 format=-2 mTransformHint=0
10-22 23:41:02.448  1870  2610 D BatteryStatsService: noteVideoSurfaceChanged  noteWhich: 49,arg1: 472, arg2: 121, arg3: 5589, arg4: 147869, name: com.google.android.inputmethod.latin
10-22 23:41:02.451  5589  5657 D BLASTBufferQueue: [SurfaceView[InputMethod]#3782](f:0,a:1) acquireNextBufferLocked size=472x121 mFrameNumber=1 applyTransaction=true mTimestamp=801521023396158(auto) mPendingTransactions.size=0 graphicBufferId=24004572228757 transform=0
10-22 23:41:02.452  1870  2610 D BatteryStatsService: noteVideoSurfaceChanged  noteWhich: 49,arg1: 238, arg2: 13, arg3: 5589, arg4: 147867, name: com.google.android.inputmethod.latin
10-22 23:41:02.453  1870  2610 D BatteryStatsService: noteVideoSurfaceChanged  noteWhich: 49,arg1: 236, arg2: 13, arg3: 5589, arg4: 147869, name: com.google.android.inputmethod.latin
10-22 23:41:02.453  1870  2610 D BatteryStatsService: noteVideoSurfaceChanged  noteWhich: 49,arg1: 770, arg2: 121, arg3: 5589, arg4: 146703, name: com.google.android.inputmethod.latin
10-22 23:41:02.457  1870  2610 D BatteryStatsService: noteVideoSurfaceChanged  noteWhich: 49,arg1: 288, arg2: 35, arg3: 5589, arg4: 147867, name: com.google.android.inputmethod.latin
10-22 23:41:02.473  1870  2610 D BatteryStatsService: noteVideoSurfaceChanged  noteWhich: 49,arg1: 332, arg2: 55, arg3: 5589, arg4: 147867, name: com.google.android.inputmethod.latin
10-22 23:41:02.488  1870  2610 D BatteryStatsService: noteVideoSurfaceChanged  noteWhich: 49,arg1: 372, arg2: 73, arg3: 5589, arg4: 147867, name: com.google.android.inputmethod.latin
10-22 23:41:02.506  1870  2610 D BatteryStatsService: noteVideoSurfaceChanged  noteWhich: 49,arg1: 402, arg2: 87, arg3: 5589, arg4: 147867, name: com.google.android.inputmethod.latin
10-22 23:41:02.507  1870  2610 D BatteryStatsService: noteVideoSurfaceChanged  noteWhich: 49,arg1: 284, arg2: 35, arg3: 5589, arg4: 147869, name: com.google.android.inputmethod.latin
10-22 23:41:02.524  1870  2610 D BatteryStatsService: noteVideoSurfaceChanged  noteWhich: 49,arg1: 430, arg2: 101, arg3: 5589, arg4: 147867, name: com.google.android.inputmethod.latin
10-22 23:41:02.524  1870  2610 D BatteryStatsService: noteVideoSurfaceChanged  noteWhich: 49,arg1: 330, arg2: 55, arg3: 5589, arg4: 147869, name: com.google.android.inputmethod.latin
10-22 23:41:02.541  1870  2610 D BatteryStatsService: noteVideoSurfaceChanged  noteWhich: 49,arg1: 450, arg2: 109, arg3: 5589, arg4: 147867, name: com.google.android.inputmethod.latin
10-22 23:41:02.542  1870  2610 D BatteryStatsService: noteVideoSurfaceChanged  noteWhich: 49,arg1: 368, arg2: 73, arg3: 5589, arg4: 147869, name: com.google.android.inputmethod.latin
10-22 23:41:02.557  1870  2610 D BatteryStatsService: noteVideoSurfaceChanged  noteWhich: 49,arg1: 464, arg2: 117, arg3: 5589, arg4: 147867, name: com.google.android.inputmethod.latin
10-22 23:41:02.559  1870  2610 D BatteryStatsService: noteVideoSurfaceChanged  noteWhich: 49,arg1: 398, arg2: 87, arg3: 5589, arg4: 147869, name: com.google.android.inputmethod.latin
10-22 23:41:02.574  1870  2610 D BatteryStatsService: noteVideoSurfaceChanged  noteWhich: 49,arg1: 474, arg2: 121, arg3: 5589, arg4: 147867, name: com.google.android.inputmethod.latin
10-22 23:41:02.575  1870  2610 D BatteryStatsService: noteVideoSurfaceChanged  noteWhich: 49,arg1: 426, arg2: 101, arg3: 5589, arg4: 147869, name: com.google.android.inputmethod.latin
10-22 23:41:02.592  1870  2610 D BatteryStatsService: noteVideoSurfaceChanged  noteWhich: 49,arg1: 476, arg2: 121, arg3: 5589, arg4: 147867, name: com.google.android.inputmethod.latin
10-22 23:41:02.592  1870  2610 D BatteryStatsService: noteVideoSurfaceChanged  noteWhich: 49,arg1: 446, arg2: 109, arg3: 5589, arg4: 147869, name: com.google.android.inputmethod.latin
10-22 23:41:02.607  1870  2610 D BatteryStatsService: noteVideoSurfaceChanged  noteWhich: 49,arg1: 460, arg2: 117, arg3: 5589, arg4: 147869, name: com.google.android.inputmethod.latin
10-22 23:41:02.624  1870  3776 D BatteryStatsService: noteVideoSurfaceChanged  noteWhich: 49,arg1: 470, arg2: 121, arg3: 5589, arg4: 147869, name: com.google.android.inputmethod.latin
10-22 23:41:02.641  1870  2610 D BatteryStatsService: noteVideoSurfaceChanged  noteWhich: 49,arg1: 472, arg2: 121, arg3: 5589, arg4: 147869, name: com.google.android.inputmethod.latin
10-22 23:41:02.966  5589  5589 W TooltipLifecycleManager: TooltipLifecycleManager.dismissTooltips():153 Tooltip with id SUGGESTION_VIEW_EDU_MINI_DIALOG not found in tooltipManager.
10-22 23:41:02.967  1870  2278 D BatteryStatsService: noteVideoSurfaceChanged  noteWhich: 49,arg1: -1, arg2: -1, arg3: 5589, arg4: 147869, name: com.google.android.inputmethod.latin
10-22 23:41:02.968  5589  5657 E BufferQueueProducer: [SurfaceView[InputMethod]#3782(BLAST Consumer)3782](id:15d500000ec6,api:0,p:-1,c:5589) disconnect: not connected (req=1)
10-22 23:41:02.968  5589  5657 W libEGL  : EGLNativeWindowType 0xb4000077e02ac630 disconnect failed
10-22 23:41:02.968  5589  5589 D BLASTBufferQueue: [SurfaceView[InputMethod]#3782](f:0,a:1) destructor()
10-22 23:41:02.968  5589  5589 D BufferQueueConsumer: [SurfaceView[InputMethod]#3782(BLAST Consumer)3782](id:15d500000ec6,api:0,p:-1,c:5589) disconnect
10-22 23:41:02.971  1870  2278 D BatteryStatsService: noteVideoSurfaceChanged  noteWhich: 49,arg1: -1, arg2: -1, arg3: 5589, arg4: 147867, name: com.google.android.inputmethod.latin
10-22 23:41:02.971  5589  5657 E BufferQueueProducer: [SurfaceView[InputMethod]#3781(BLAST Consumer)3781](id:15d500000ec5,api:0,p:-1,c:5589) disconnect: not connected (req=1)
10-22 23:41:02.972  5589  5657 W libEGL  : EGLNativeWindowType 0xb4000077e015c050 disconnect failed
10-22 23:41:02.972  5589  5589 D BLASTBufferQueue: [SurfaceView[InputMethod]#3781](f:0,a:1) destructor()
10-22 23:41:02.972  5589  5589 D BufferQueueConsumer: [SurfaceView[InputMethod]#3781(BLAST Consumer)3781](id:15d500000ec5,api:0,p:-1,c:5589) disconnect
10-22 23:41:02.974  5589  5589 W TooltipLifecycleManager: TooltipLifecycleManager.dismissTooltips():153 Tooltip with id SUGGESTION_VIEW_EDU_MINI_DIALOG not found in tooltipManager.
10-22 23:41:02.976  5589  5589 I KeyboardModeUtils: KeyboardModeUtils.getKeyboardBottomOffset():435 inch: 0.000000 ydpi: 387.429993 adjustKeyboardBottomByDisplaySize: false currentDensityDpi: 440 defaultDensityDpi: 440 keyboardBottomToScreenPx: 0 keyboardBottomToNavBarPx: -116 navBarHeight: 116
10-22 23:41:02.976  5589  5589 I KeyboardHeightUtil: KeyboardHeightUtil.calculateMaxKeyboardBodyHeight():50 leave 267 height for app when ime window height:2171, header height:121 and isFullscreenMode:false, so the max keyboard body height is:1783
10-22 23:41:02.977  5589  5589 I KeyboardHeightUtil: KeyboardHeightUtil.calculateMaxKeyboardBodyHeight():50 leave 267 height for app when ime window height:2171, header height:121 and isFullscreenMode:false, so the max keyboard body height is:1783
10-22 23:41:02.977  5589  5589 I AndroidIME: KeyboardViewManager.updateKeyboardBodyViewHolderPaddingBottom():472 Set finalPaddingBottom = 5 while holderPaddingBottom = 5; navigationHeight = 116
10-22 23:41:02.981  5589  5589 W TooltipLifecycleManager: TooltipLifecycleManager.dismissTooltips():153 Tooltip with id SUGGESTION_VIEW_EDU_MINI_DIALOG not found in tooltipManager.
10-22 23:41:03.032  1870  2610 D BatteryStatsService: noteVideoSurfaceChanged  noteWhich: 49,arg1: -1, arg2: -1, arg3: 5589, arg4: 146703, name: com.google.android.inputmethod.latin
10-22 23:41:03.032  5589  5589 D BLASTBufferQueue: [SurfaceView[InputMethod]#3780](f:0,a:0) destructor()
10-22 23:41:03.032  5589  5589 D BufferQueueConsumer: [SurfaceView[InputMethod]#3780(BLAST Consumer)3780](id:15d500000ec4,api:0,p:-1,c:5589) disconnect
10-22 23:41:03.038  5589  5589 I KeyboardModeUtils: KeyboardModeUtils.getKeyboardBottomOffset():435 inch: 0.000000 ydpi: 387.429993 adjustKeyboardBottomByDisplaySize: false currentDensityDpi: 440 defaultDensityDpi: 440 keyboardBottomToScreenPx: 0 keyboardBottomToNavBarPx: -116 navBarHeight: 116
10-22 23:41:03.039  5589  5589 I KeyboardHeightUtil: KeyboardHeightUtil.calculateMaxKeyboardBodyHeight():50 leave 267 height for app when ime window height:2171, header height:121 and isFullscreenMode:false, so the max keyboard body height is:1783
10-22 23:41:03.039  5589  5589 I KeyboardHeightUtil: KeyboardHeightUtil.calculateMaxKeyboardBodyHeight():50 leave 267 height for app when ime window height:2171, header height:121 and isFullscreenMode:false, so the max keyboard body height is:1783
10-22 23:41:03.039  5589  5589 I AndroidIME: KeyboardViewManager.updateKeyboardBodyViewHolderPaddingBottom():472 Set finalPaddingBottom = 5 while holderPaddingBottom = 5; navigationHeight = 116
10-22 23:41:03.124  5589  5589 I KeyboardModeUtils: KeyboardModeUtils.getKeyboardBottomOffset():435 inch: 0.000000 ydpi: 387.429993 adjustKeyboardBottomByDisplaySize: false currentDensityDpi: 440 defaultDensityDpi: 440 keyboardBottomToScreenPx: 0 keyboardBottomToNavBarPx: -116 navBarHeight: 116
10-22 23:41:03.125  5589  5589 I KeyboardHeightUtil: KeyboardHeightUtil.calculateMaxKeyboardBodyHeight():50 leave 267 height for app when ime window height:2171, header height:121 and isFullscreenMode:false, so the max keyboard body height is:1783
10-22 23:41:03.125  5589  5589 I KeyboardHeightUtil: KeyboardHeightUtil.calculateMaxKeyboardBodyHeight():50 leave 267 height for app when ime window height:2171, header height:121 and isFullscreenMode:false, so the max keyboard body height is:1783
10-22 23:41:03.125  5589  5589 I AndroidIME: KeyboardViewManager.updateKeyboardBodyViewHolderPaddingBottom():472 Set finalPaddingBottom = 5 while holderPaddingBottom = 5; navigationHeight = 116
10-22 23:41:03.182  3458  3458 V InlineSuggestionRenderService: Releasing inline suggestion view host
10-22 23:41:03.185  3458  3458 D BLASTBufferQueue: [VRI[]#1086](f:0,a:4) destructor()
10-22 23:41:03.185  3458  3458 D BufferQueueConsumer: [VRI[]#1086(BLAST Consumer)1086](id:d820000043e,api:0,p:-1,c:3458) disconnect
10-22 23:41:03.189  3458  3458 V InlineSuggestionRenderService: Removed the inline suggestion from the cache, current size=1
10-22 23:41:03.189  3458  3458 V InlineSuggestionRenderService: Releasing inline suggestion view host
10-22 23:41:03.194  3458  3458 D BLASTBufferQueue: [VRI[]#1085](f:0,a:4) destructor()
10-22 23:41:03.194  3458  3458 D BufferQueueConsumer: [VRI[]#1085(BLAST Consumer)1085](id:d820000043d,api:0,p:-1,c:3458) disconnect
10-22 23:41:03.198  3458  3458 V InlineSuggestionRenderService: Removed the inline suggestion from the cache, current size=0
10-22 23:41:03.233  5589  5589 W TooltipLifecycleManager: TooltipLifecycleManager.dismissTooltips():153 Tooltip with id SUGGESTION_VIEW_EDU_MINI_DIALOG not found in tooltipManager.
10-22 23:41:03.475  9275  9342 I FusedLocation: (REDACTED) location delivery to %s blocked - too close
10-22 23:41:03.476  9275  9342 I FusedLocation: (REDACTED) location delivery to %s blocked - too close
10-22 23:41:03.477  9275  9342 I FusedLocation: (REDACTED) location delivery to %s blocked - too close
10-22 23:41:03.477  9275  9342 I FusedLocation: (REDACTED) location delivery to %s blocked - too close
10-22 23:41:03.477  9275  9342 I FusedLocation: (REDACTED) location delivery to %s blocked - too fast
10-22 23:41:03.477  9275  9342 I FusedLocation: (REDACTED) location delivery to %s blocked - too fast
10-22 23:41:03.478  9275  9342 I FusedLocation: (REDACTED) location delivery to %s blocked - too close
10-22 23:41:03.480  9275  9342 I FusedLocation: (REDACTED) location delivery to %s blocked - too fast
10-22 23:41:03.509  5589  5589 W TooltipLifecycleManager: TooltipLifecycleManager.dismissTooltips():153 Tooltip with id SUGGESTION_VIEW_EDU_MINI_DIALOG not found in tooltipManager.
10-22 23:41:03.800  5589  5589 W TooltipLifecycleManager: TooltipLifecycleManager.dismissTooltips():153 Tooltip with id SUGGESTION_VIEW_EDU_MINI_DIALOG not found in tooltipManager.
10-22 23:41:03.963  9275  9345 W Settings: Setting airplane_mode_on has moved from android.provider.Settings.System to android.provider.Settings.Global, returning read-only value.
10-22 23:41:03.971  9275 20064 W SystemServiceRegistry: No service published for: wifirtt
10-22 23:41:03.982  9275  9989 I WifiScanner: onFullResults
10-22 23:41:03.982  9275  9990 I WifiScanner: onFullResults
10-22 23:41:03.983  9275  9672 I WifiScanner: onFullResults
10-22 23:41:04.016  9275 20112 I FrewleTileCacheManagerV: (REDACTED) Fetched %d AP models from cache
10-22 23:41:04.039  9275  9342 I FusedLocation: (REDACTED) location delivery to %s blocked - too close
10-22 23:41:04.039  9275  9342 I FusedLocation: (REDACTED) location delivery to %s blocked - too fast
10-22 23:41:04.041  9275  9342 I FusedLocation: (REDACTED) location delivery to %s blocked - too close
10-22 23:41:04.041  9275  9342 I FusedLocation: (REDACTED) location delivery to %s blocked - too close
10-22 23:41:04.041  9275  9342 I FusedLocation: (REDACTED) location delivery to %s blocked - too close
10-22 23:41:04.042  9275  9342 I FusedLocation: (REDACTED) location delivery to %s blocked - too fast
10-22 23:41:04.042  9275  9342 I FusedLocation: (REDACTED) location delivery to %s blocked - too fast
10-22 23:41:04.043  9275  9342 I FusedLocation: (REDACTED) location delivery to %s blocked - too fast
10-22 23:41:04.043  9275  9342 I FusedLocation: (REDACTED) location delivery to %s blocked - too close
10-22 23:41:04.045  9275  9342 I FusedLocation: (REDACTED) location delivery to %s blocked - too fast
10-22 23:41:04.047  9275  9342 I fznc    : Received empty WiFi-RTT scan. [CONTEXT service_id=6 ]
10-22 23:41:04.067  5589  5589 W TooltipLifecycleManager: TooltipLifecycleManager.dismissTooltips():153 Tooltip with id SUGGESTION_VIEW_EDU_MINI_DIALOG not found in tooltipManager.
10-22 23:41:04.417  5589  5589 W TooltipLifecycleManager: TooltipLifecycleManager.dismissTooltips():153 Tooltip with id SUGGESTION_VIEW_EDU_MINI_DIALOG not found in tooltipManager.
10-22 23:41:04.683  5589  5589 W TooltipLifecycleManager: TooltipLifecycleManager.dismissTooltips():153 Tooltip with id SUGGESTION_VIEW_EDU_MINI_DIALOG not found in tooltipManager.
10-22 23:41:04.985  5589  5589 W TooltipLifecycleManager: TooltipLifecycleManager.dismissTooltips():153 Tooltip with id SUGGESTION_VIEW_EDU_MINI_DIALOG not found in tooltipManager.
10-22 23:41:05.236  5589  5589 W TooltipLifecycleManager: TooltipLifecycleManager.dismissTooltips():153 Tooltip with id SUGGESTION_VIEW_EDU_MINI_DIALOG not found in tooltipManager.
10-22 23:41:05.478  9275  9342 I FusedLocation: (REDACTED) location delivery to %s blocked - too close
10-22 23:41:05.479  9275  9342 I FusedLocation: (REDACTED) location delivery to %s blocked - too fast
10-22 23:41:05.483  9275  9342 I FusedLocation: (REDACTED) location delivery to %s blocked - too fast
10-22 23:41:05.483  9275  9342 I FusedLocation: (REDACTED) location delivery to %s blocked - too fast
10-22 23:41:05.486  9275  9342 I FusedLocation: (REDACTED) location delivery to %s blocked - too fast
10-22 23:41:05.487  5589  5589 W TooltipLifecycleManager: TooltipLifecycleManager.dismissTooltips():153 Tooltip with id SUGGESTION_VIEW_EDU_MINI_DIALOG not found in tooltipManager.
10-22 23:41:06.149  9275  9989 I IPCThreadState: oneway function results for code 1 on binder at 0xb4000077d01737a0 will be dropped but finished with status UNKNOWN_TRANSACTION and reply parcel size 80
10-22 23:41:06.875  9275 19401 I NearbyPresence: (REDACTED) %s verified [==] new request %s equals to the old request
10-22 23:41:07.498  9275  9342 I FusedLocation: (REDACTED) location delivery to %s blocked - too close
10-22 23:41:07.498  9275  9342 I FusedLocation: (REDACTED) location delivery to %s blocked - too fast
10-22 23:41:07.501  9275  9342 I FusedLocation: (REDACTED) location delivery to %s blocked - too close
10-22 23:41:07.501  9275  9342 I FusedLocation: (REDACTED) location delivery to %s blocked - too close
10-22 23:41:07.501  9275  9342 I FusedLocation: (REDACTED) location delivery to %s blocked - too close
10-22 23:41:07.502  9275  9342 I FusedLocation: (REDACTED) location delivery to %s blocked - too fast
10-22 23:41:07.502  9275  9342 I FusedLocation: (REDACTED) location delivery to %s blocked - too fast
10-22 23:41:07.502  9275  9342 I FusedLocation: (REDACTED) location delivery to %s blocked - too close
10-22 23:41:07.504  9275  9342 I FusedLocation: (REDACTED) location delivery to %s blocked - too fast
10-22 23:41:08.988  9275  9345 W Settings: Setting airplane_mode_on has moved from android.provider.Settings.System to android.provider.Settings.Global, returning read-only value.
10-22 23:41:09.000  9275 19547 W SystemServiceRegistry: No service published for: wifirtt
10-22 23:41:09.508  9275  9342 I FusedLocation: (REDACTED) location delivery to %s blocked - too close
10-22 23:41:09.510  9275  9342 I FusedLocation: (REDACTED) location delivery to %s blocked - too close
10-22 23:41:09.511  9275  9342 I FusedLocation: (REDACTED) location delivery to %s blocked - too close
10-22 23:41:09.511  9275  9342 I FusedLocation: (REDACTED) location delivery to %s blocked - too close
10-22 23:41:09.512  9275  9342 I FusedLocation: (REDACTED) location delivery to %s blocked - too fast
10-22 23:41:09.512  9275  9342 I FusedLocation: (REDACTED) location delivery to %s blocked - too fast
10-22 23:41:09.513  9275  9342 I FusedLocation: (REDACTED) location delivery to %s blocked - too close
10-22 23:41:09.516  9275  9342 I FusedLocation: (REDACTED) location delivery to %s blocked - too fast
10-22 23:41:09.585  9275  9989 I WifiScanner: onFullResults
10-22 23:41:09.586  9275  9990 I WifiScanner: onFullResults
10-22 23:41:09.587  9275  9989 I WifiScanner: onFullResults
10-22 23:41:09.600  9275 20112 I FrewleTileCacheManagerV: (REDACTED) Fetched %d AP models from cache
10-22 23:41:09.633  9275  9342 I FusedLocation: (REDACTED) location delivery to %s blocked - too close
