10-23 15:01:36.546 24527 26362 I ReactNativeJS:   'ride_completed',
10-23 15:01:36.546 24527 26362 I ReactNativeJS:   'ride_status_changed',
10-23 15:01:36.546 24527 26362 I ReactNativeJS:   'ride_status_changed',
10-23 15:01:36.546 24527 26362 I ReactNativeJS:   'ride_status_changed',
10-23 15:01:36.546 24527 26362 I ReactNativeJS:   'ride_status_changed',
10-23 15:01:36.546 24527 26362 I ReactNativeJS:   'ride_status_changed',
10-23 15:01:36.546 24527 26362 I ReactNativeJS:   'ride_status_changed' ]
10-23 15:01:36.546 24527 26362 I ReactNativeJS: ' [NOTIFICATIONS] Trip completed notifications (all statuses):', []
10-23 15:01:36.546 24527 26362 W ReactNativeJS: ' [TRIP_NOTIFICATION] Component render, notifications count:', 50
10-23 15:01:36.547 24527 26362 W ReactNativeJS: ' [TRIP_NOTIFICATION] Notifications:', '[{"id":"d7d8686d-95ee-4ce0-97da-ed89564b014b","type":"ride_status_changed","status":"read"},{"id":"755a6269-1daf-4327-ab71-f65e3700bf1a","type":"ride_status_changed","status":"read"},{"id":"500d07b9-07ca-40df-9d4a-3efcf677a117","type":"ride_status_changed","status":"read"},{"id":"df4552cd-e9bc-4e40-a8a0-1270b37737db","type":"booking_completed","status":"read"},{"id":"acb2b80a-267e-4b98-acd0-397461aee537","type":"booking_completed","status":"read"},{"id":"60dbc0b5-662a-48af-b01a-55212f6ac6ea","type":"booking_completed","status":"read"},{"id":"0f408121-1188-4550-9f50-919dcc8a4ed1","type":"booking_completed","status":"read"},{"id":"23052592-9d19-442c-b40f-12b90c3da756","type":"booking_completed","status":"read"},{"id":"c9ff3014-54e3-4b30-9f22-eceee292796b","type":"ride_status_changed","status":"read"},{"id":"879d4bbd-20ad-4253-a1c6-ae7535e7c211","type":"ride_status_changed","status":"read"},{"id":"286129cf-19e6-41fd-b52f-d17334d0d0f9","type":"ride_status_changed","status":"read"},{"id":"b55ac709-48d5-4db2-8246-e23f9bd317ec","type":"ride_completed","status":"read"},{"id":"92abe95d-e47d-48fa-8159-b119f5802710","type":"ride_status_changed","status":"read"},{"id":"73ad244d-a00b-42a9-83e9-97932b9db2d2","type":"ride_status_changed","status":"read"},{"id":"971613ac-8d86-4ab6-8fe5-49c528ca56ee","type":"ride_status_changed","status":"read"},{"id":"49f0f7f9-03d6-4211-b47d-0e7738f190fa","type":"ride_completed","status":"read"},{"id":"6a87c30d-c48d-458c-9b94-32dd5e75ac05","type":"ride_status_changed","status":"read"},{"id":"aee0b7a7-9cb2-4f6b-b53f-fa47642319d0","type":"ride_status_changed","status":"read"},{"id":"6c1d61c3-6cbd-4310-adfe-6d36bc611939","type":"ride_status_changed","status":"read"},{"id":"9d9ab6e7-0357-4305-9ba8-e91c0bb29897","type":"ride_status_changed","status":"read"},{"id":"d952183c-69a7-47dc-a848-d11bc2fff300","type":"ride_cancelled","status":"read"},{"id":"a01d13a8-c95b-4bf1-b0e1-8b2a8e9aaa6b","type":"ride_status_changed","status":"read"},{"id":"5a385bc8-147d-4ac2-834c-305ed9db9a05","type":"ride_completed","status":"read"},{"id":"b9365ade-a3a4-4036-b42f-606b88d5fac9","type":"ride_status_changed","status":"read"},{"id":"b6a2c6b6-bdb4-40ce-a092-25f6dd4ba953","type":"ride_status_changed","status":"read"},{"id":"d850bf94-823f-497a-b292-075abf5b5a59","type":"ride_status_changed","status":"read"},{"id":"5d8275c0-6692-44b3-a4ff-4eabba59873e","type":"ride_status_changed","status":"read"},{"id":"5cfa0487-5d05-42e8-8e92-11a287b3ded0","type":"ride_completed","status":"read"},{"id":"679ed79c-eb21-4609-a2b9-a1d304d4d4ad","type":"ride_status_changed","status":"read"},{"id":"53bb9116-5f1d-445c-94e0-f2e3d9fa3ffe","type":"ride_status_changed","status":"read"},{"id":"4196d3c8-e6dd-4a11-8d40-6771aa06de07","type":"ride_status_changed","status":"read"},{"id":"8d21f749-083a-46d1-9f7e-f7dc5c36ef05","type":"ride_status_changed","status":"read"},{"id":"0a371105-3196-4055-97ad-b230dba42df5","type":"ride_completed","status":"read"},{"id":"9f010555-c90c-447e-83ae-919809ba8350","type":"ride_status_changed","status":"read"},{"id":"84dd0357-20ec-4317-b7bd-7b31515219fb","type":"ride_status_changed","status":"read"},{"id":"caaa4644-cefa-47e6-8c92-60415a52ef4b","type":"ride_status_changed","status":"read"},{"id":"c6e2da1c-f900-47c8-b289-a88c28451f89","type":"ride_status_changed","status":"read"},{"id":"c1a54517-80eb-451d-8fbb-26492459f1c4","type":"ride_status_changed","status":"read"},{"id":"d3a69945-ed73-4db9-84db-77b1013c8fe2","type":"ride_completed","status":"read"},{"id":"8de5daf3-1c41-4bc6-8e2c-c3873b443cbb","type":"ride_status_changed","status":"read"},{"id":"93b3c278-21c8-4094-a13b-ae25cea5afa8","type":"ride_status_changed","status":"read"},{"id":"057c85ff-f0f5-4a15-9e89-de6dc65465a2","type":"ride_status_changed","status":"read"},{"id":"0c757b14-73dc-4cb2-ae18-1eadd9fd89dd","type":"ride_status_changed","status":"read"},{"id":"1aecf168-e878-49f1-a444-e9b29cae4999","type":"ride_completed","status":"read"},{"id":"bfa488a8-af20-42ff-bb01-899b93ad36d5","type":"
10-23 15:01:36.550 24527 26362 I ReactNativeJS: ' [TRIP_NOTIFICATION] Component render - visible:', false, 'notification:', false
10-23 15:01:36.552 24527 26362 I ReactNativeJS:  [NOTIFICATIONS] ===== DATABASE QUERY RESULT =====
10-23 15:01:36.553 24527 26362 I ReactNativeJS: ' [NOTIFICATIONS] Query result:', { hasError: false,
10-23 15:01:36.553 24527 26362 I ReactNativeJS:   errorMessage: undefined,
10-23 15:01:36.553 24527 26362 I ReactNativeJS:   errorCode: undefined,
10-23 15:01:36.553 24527 26362 I ReactNativeJS:   errorDetails: undefined,
10-23 15:01:36.553 24527 26362 I ReactNativeJS:   dataCount: 50,
10-23 15:01:36.553 24527 26362 I ReactNativeJS:   tripCompletedCount: 0,
10-23 15:01:36.553 24527 26362 I ReactNativeJS:   unreadTripCompletedCount: 0,
10-23 15:01:36.553 24527 26362 I ReactNativeJS:   allTypes: 
10-23 15:01:36.553 24527 26362 I ReactNativeJS:    [ 'ride_status_changed',
10-23 15:01:36.553 24527 26362 I ReactNativeJS:      'booking_completed',
10-23 15:01:36.553 24527 26362 I ReactNativeJS:      'ride_completed',
10-23 15:01:36.553 24527 26362 I ReactNativeJS:      'ride_cancelled' ],
10-23 15:01:36.553 24527 26362 I ReactNativeJS:   recentNotifications: 
10-23 15:01:36.553 24527 26362 I ReactNativeJS:    [ { id: 'd7d8686d-95ee-4ce0-97da-ed89564b014b',
10-23 15:01:36.553 24527 26362 I ReactNativeJS:        type: 'ride_status_changed',
10-23 15:01:36.553 24527 26362 I ReactNativeJS:        status: 'read',
10-23 15:01:36.553 24527 26362 I ReactNativeJS:        title: 'Ride Status Updated',
10-23 15:01:36.553 24527 26362 I ReactNativeJS:        created_at: '2025-10-22T16:15:02.132823+00:00',
10-23 15:01:36.553 24527 26362 I ReactNativeJS:        age_seconds: 62194 },
10-23 15:01:36.553 24527 26362 I ReactNativeJS:      { id: '755a6269-1daf-4327-ab71-f65e3700bf1a',
10-23 15:01:36.553 24527 26362 I ReactNativeJS:        type: 'ride_status_changed',
10-23 15:01:36.553 24527 26362 I ReactNativeJS:        status: 'read',
10-23 15:01:36.553 24527 26362 I ReactNativeJS:        title: 'Ride Status Updated',
10-23 15:01:36.553 24527 26362 I ReactNativeJS:        created_at: '2025-10-22T16:14:47.502674+00:00',
10-23 15:01:36.553 24527 26362 I ReactNativeJS:        age_seconds: 62209 },
10-23 15:01:36.553 24527 26362 I ReactNativeJS:      { id: '500d07b9-07ca-40df-9d4a-3efcf677a117',
10-23 15:01:36.553 24527 26362 I ReactNativeJS:        type: 'ride_status_changed',
10-23 15:01:36.553 24527 26362 I ReactNativeJS:        status: 'read',
10-23 15:01:36.553 24527 26362 I ReactNativeJS:        title: 'Ride Status Updated',
10-23 15:01:36.553 24527 26362 I ReactNativeJS:        created_at: '2025-10-22T16:14:42.51152+00:00',
10-23 15:01:36.553 24527 26362 I ReactNativeJS:        age_seconds: 62214 },
10-23 15:01:36.553 24527 26362 I ReactNativeJS:      { id: 'df4552cd-e9bc-4e40-a8a0-1270b37737db',
10-23 15:01:36.553 24527 26362 I ReactNativeJS:        type: 'booking_completed',
10-23 15:01:36.553 24527 26362 I ReactNativeJS:        status: 'read',
10-23 15:01:36.553 24527 26362 I ReactNativeJS:        title: 'Trip Completed',
10-23 15:01:36.553 24527 26362 I ReactNativeJS:        created_at: '2025-10-22T16:11:30.798324+00:00',
10-23 15:01:36.553 24527 26362 I ReactNativeJS:        age_seconds: 62406 },
10-23 15:01:36.553 24527 26362 I ReactNativeJS:      { id: 'acb2b80a-267e-4b98-acd0-397461aee537',
10-23 15:01:36.553 24527 26362 I ReactNativeJS:        type: 'booking_completed',
10-23 15:01:36.553 24527 26362 I ReactNativeJS:        status: 'read',
10-23 15:01:36.553 24527 26362 I ReactNativeJS:        title: 'Trip Completed',
10-23 15:01:36.553 24527 26362 I ReactNativeJS:        created_at: '2025-10-22T15:48:04.497195+00:00',
10-23 15:01:36.553 24527 26362 I ReactNativeJS:        age_seconds: 63812 } ] }
10-23 15:01:36.553 24527 26362 I ReactNativeJS:  [NOTIFICATIONS] ===== SETTING NOTIFICATIONS IN STATE =====
10-23 15:01:36.554 24527 26362 I ReactNativeJS: ' [NOTIFICATIONS] Notifications to set:', { total: 50,
10-23 15:01:36.554 24527 26362 I ReactNativeJS:   tripCompleted: 0,
10-23 15:01:36.554 24527 26362 I ReactNativeJS:   unreadTripCompleted: 0,
10-23 15:01:36.554 24527 26362 I ReactNativeJS:   allNotificationIds: 
10-23 15:01:36.554 24527 26362 I ReactNativeJS:    [ 'd7d8686d-95ee-4ce0-97da-ed89564b014b',
10-23 15:01:36.554 24527 26362 I ReactNativeJS:      '755a6269-1daf-4327-ab71-f65e3700bf1a',
10-23 15:01:36.554 24527 26362 I ReactNativeJS:      '500d07b9-07ca-40df-9d4a-3efcf677a117',
10-23 15:01:36.554 24527 26362 I ReactNativeJS:      'df4552cd-e9bc-4e40-a8a0-1270b37737db',
10-23 15:01:36.554 24527 26362 I ReactNativeJS:      'acb2b80a-267e-4b98-acd0-397461aee537',
10-23 15:01:36.554 24527 26362 I ReactNativeJS:      '60dbc0b5-662a-48af-b01a-55212f6ac6ea',
10-23 15:01:36.554 24527 26362 I ReactNativeJS:      '0f408121-1188-4550-9f50-919dcc8a4ed1',
10-23 15:01:36.554 24527 26362 I ReactNativeJS:      '23052592-9d19-442c-b40f-12b90c3da756',
10-23 15:01:36.554 24527 26362 I ReactNativeJS:      'c9ff3014-54e3-4b30-9f22-eceee292796b',
10-23 15:01:36.554 24527 26362 I ReactNativeJS:      '879d4bbd-20ad-4253-a1c6-ae7535e7c211',
10-23 15:01:36.554 24527 26362 I ReactNativeJS:      '286129cf-19e6-41fd-b52f-d17334d0d0f9',
10-23 15:01:36.554 24527 26362 I ReactNativeJS:      'b55ac709-48d5-4db2-8246-e23f9bd317ec',
10-23 15:01:36.554 24527 26362 I ReactNativeJS:      '92abe95d-e47d-48fa-8159-b119f5802710',
10-23 15:01:36.554 24527 26362 I ReactNativeJS:      '73ad244d-a00b-42a9-83e9-97932b9db2d2',
10-23 15:01:36.554 24527 26362 I ReactNativeJS:      '971613ac-8d86-4ab6-8fe5-49c528ca56ee',
10-23 15:01:36.554 24527 26362 I ReactNativeJS:      '49f0f7f9-03d6-4211-b47d-0e7738f190fa',
10-23 15:01:36.554 24527 26362 I ReactNativeJS:      '6a87c30d-c48d-458c-9b94-32dd5e75ac05',
10-23 15:01:36.554 24527 26362 I ReactNativeJS:      'aee0b7a7-9cb2-4f6b-b53f-fa47642319d0',
10-23 15:01:36.554 24527 26362 I ReactNativeJS:      '6c1d61c3-6cbd-4310-adfe-6d36bc611939',
10-23 15:01:36.554 24527 26362 I ReactNativeJS:      '9d9ab6e7-0357-4305-9ba8-e91c0bb29897',
10-23 15:01:36.554 24527 26362 I ReactNativeJS:      'd952183c-69a7-47dc-a848-d11bc2fff300',
10-23 15:01:36.554 24527 26362 I ReactNativeJS:      'a01d13a8-c95b-4bf1-b0e1-8b2a8e9aaa6b',
10-23 15:01:36.554 24527 26362 I ReactNativeJS:      '5a385bc8-147d-4ac2-834c-305ed9db9a05',
10-23 15:01:36.554 24527 26362 I ReactNativeJS:      'b9365ade-a3a4-4036-b42f-606b88d5fac9',
10-23 15:01:36.554 24527 26362 I ReactNativeJS:      'b6a2c6b6-bdb4-40ce-a092-25f6dd4ba953',
10-23 15:01:36.554 24527 26362 I ReactNativeJS:      'd850bf94-823f-497a-b292-075abf5b5a59',
10-23 15:01:36.554 24527 26362 I ReactNativeJS:      '5d8275c0-6692-44b3-a4ff-4eabba59873e',
10-23 15:01:36.554 24527 26362 I ReactNativeJS:      '5cfa0487-5d05-42e8-8e92-11a287b3ded0',
10-23 15:01:36.554 24527 26362 I ReactNativeJS:      '679ed79c-eb21-4609-a2b9-a1d304d4d4ad',
10-23 15:01:36.554 24527 26362 I ReactNativeJS:      '53bb9116-5f1d-445c-94e0-f2e3d9fa3ffe',
10-23 15:01:36.554 24527 26362 I ReactNativeJS:      '4196d3c8-e6dd-4a11-8d40-6771aa06de07',
10-23 15:01:36.554 24527 26362 I ReactNativeJS:      '8d21f749-083a-46d1-9f7e-f7dc5c36ef05',
10-23 15:01:36.554 24527 26362 I ReactNativeJS:      '0a371105-3196-4055-97ad-b230dba42df5',
10-23 15:01:36.554 24527 26362 I ReactNativeJS:      '9f010555-c90c-447e-83ae-919809ba8350',
10-23 15:01:36.554 24527 26362 I ReactNativeJS:      '84dd0357-20ec-4317-b7bd-7b31515219fb',
10-23 15:01:36.554 24527 26362 I ReactNativeJS:      'caaa4644-cefa-47e6-8c92-60415a52ef4b',
10-23 15:01:36.554 24527 26362 I ReactNativeJS:      'c6e2da1c-f900-47c8-b289-a88c28451f89',
10-23 15:01:36.554 24527 26362 I ReactNativeJS:      'c1a54517-80eb-451d-8fbb-26492459f1c4',
10-23 15:01:36.554 24527 26362 I ReactNativeJS:      'd3a69945-ed73-4db9-84db-77b1013c8fe2',
10-23 15:01:36.554 24527 26362 I ReactNativeJS:      '8de5daf3-1c41-4bc6-8e2c-c3873b443cbb',
10-23 15:01:36.554 24527 26362 I ReactNativeJS:      '93b3c278-21c8-4094-a13b-ae25cea5afa8',
10-23 15:01:36.554 24527 26362 I ReactNativeJS:      '057c85ff-f0f5-4a15-9e89-de6dc65465a2',
10-23 15:01:36.554 24527 26362 I ReactNativeJS:      '0c757b14-73dc-4cb2-ae18-1eadd9fd89dd',
10-23 15:01:36.554 24527 26362 I ReactNativeJS:      '1aecf168-e878-49f1-a444-e9b29cae4999',
10-23 15:01:36.554 24527 26362 I ReactNativeJS:      'bfa488a8-af20-42ff-bb01-899b93ad36d5',
10-23 15:01:36.554 24527 26362 I ReactNativeJS:      '6a82559b-aecd-49d2-84a4-31a0d8ca27df',
10-23 15:01:36.554 24527 26362 I ReactNativeJS:      '95d5c7c2-909a-4eed-94cc-ee54db189995',
10-23 15:01:36.554 24527 26362 I ReactNativeJS:      '09c72523-6b35-42f8-b672-a4521afd50d4',
10-23 15:01:36.554 24527 26362 I ReactNativeJS:      '995cdcc0-7900-4bdf-8a2f-2e406a8f2780',
10-23 15:01:36.554 24527 26362 I ReactNativeJS:      '972639c8-19da-4723-aaa4-7abf83466b2a' ],
10-23 15:01:36.554 24527 26362 I ReactNativeJS:   tripCompletedNotificationIds: [],
10-23 15:01:36.554 24527 26362 I ReactNativeJS:   unreadTripCompletedNotificationIds: [] }
10-23 15:01:36.556 24527 26362 I ReactNativeJS:  [NOTIFICATIONS] ===== CHECKING FOR IMMEDIATE TRIP COMPLETION =====
10-23 15:01:36.556 24527 26362 I ReactNativeJS:  [NOTIFICATIONS] No immediate trip completion notifications found
10-23 15:01:36.556  9275  9310 I IPCThreadState: oneway function results for code 1 on binder at 0xb4000077d00cb5f0 will be dropped but finished with status UNKNOWN_TRANSACTION and reply parcel size 80
10-23 15:01:36.557 24527 26362 I ReactNativeJS: ' [NOTIFICATIONS] Available notification types:', [ 'ride_status_changed',
10-23 15:01:36.557 24527 26362 I ReactNativeJS:   'ride_status_changed',
10-23 15:01:36.557 24527 26362 I ReactNativeJS:   'ride_status_changed',
10-23 15:01:36.557 24527 26362 I ReactNativeJS:   'booking_completed',
10-23 15:01:36.557 24527 26362 I ReactNativeJS:   'booking_completed',
10-23 15:01:36.557 24527 26362 I ReactNativeJS:   'booking_completed',
10-23 15:01:36.557 24527 26362 I ReactNativeJS:   'booking_completed',
10-23 15:01:36.557 24527 26362 I ReactNativeJS:   'booking_completed',
10-23 15:01:36.557 24527 26362 I ReactNativeJS:   'ride_status_changed',
10-23 15:01:36.557 24527 26362 I ReactNativeJS:   'ride_status_changed',
10-23 15:01:36.557 24527 26362 I ReactNativeJS:   'ride_status_changed',
10-23 15:01:36.557 24527 26362 I ReactNativeJS:   'ride_completed',
10-23 15:01:36.557 24527 26362 I ReactNativeJS:   'ride_status_changed',
10-23 15:01:36.557 24527 26362 I ReactNativeJS:   'ride_status_changed',
10-23 15:01:36.557 24527 26362 I ReactNativeJS:   'ride_status_changed',
10-23 15:01:36.557 24527 26362 I ReactNativeJS:   'ride_completed',
10-23 15:01:36.557 24527 26362 I ReactNativeJS:   'ride_status_changed',
10-23 15:01:36.557 24527 26362 I ReactNativeJS:   'ride_status_changed',
10-23 15:01:36.557 24527 26362 I ReactNativeJS:   'ride_status_changed',
10-23 15:01:36.557 24527 26362 I ReactNativeJS:   'ride_status_changed',
10-23 15:01:36.557 24527 26362 I ReactNativeJS:   'ride_cancelled',
10-23 15:01:36.557 24527 26362 I ReactNativeJS:   'ride_status_changed',
10-23 15:01:36.557 24527 26362 I ReactNativeJS:   'ride_completed',
10-23 15:01:36.557 24527 26362 I ReactNativeJS:   'ride_status_changed',
10-23 15:01:36.557 24527 26362 I ReactNativeJS:   'ride_status_changed',
10-23 15:01:36.557 24527 26362 I ReactNativeJS:   'ride_status_changed',
10-23 15:01:36.557 24527 26362 I ReactNativeJS:   'ride_status_changed',
10-23 15:01:36.557 24527 26362 I ReactNativeJS:   'ride_completed',
10-23 15:01:36.557 24527 26362 I ReactNativeJS:   'ride_status_changed',
10-23 15:01:36.557 24527 26362 I ReactNativeJS:   'ride_status_changed',
10-23 15:01:36.557 24527 26362 I ReactNativeJS:   'ride_status_changed',
10-23 15:01:36.557 24527 26362 I ReactNativeJS:   'ride_status_changed',
10-23 15:01:36.557 24527 26362 I ReactNativeJS:   'ride_completed',
10-23 15:01:36.557 24527 26362 I ReactNativeJS:   'ride_status_changed',
10-23 15:01:36.557 24527 26362 I ReactNativeJS:   'ride_status_changed',
10-23 15:01:36.557 24527 26362 I ReactNativeJS:   'ride_status_changed',
10-23 15:01:36.557 24527 26362 I ReactNativeJS:   'ride_status_changed',
10-23 15:01:36.557 24527 26362 I ReactNativeJS:   'ride_status_changed',
10-23 15:01:36.557 24527 26362 I ReactNativeJS:   'ride_completed',
10-23 15:01:36.557 24527 26362 I ReactNativeJS:   'ride_status_changed',
10-23 15:01:36.557 24527 26362 I ReactNativeJS:   'ride_status_changed',
10-23 15:01:36.557 24527 26362 I ReactNativeJS:   'ride_status_changed',
10-23 15:01:36.557 24527 26362 I ReactNativeJS:   'ride_status_changed',
10-23 15:01:36.557 24527 26362 I ReactNativeJS:   'ride_completed',
10-23 15:01:36.557 24527 26362 I ReactNativeJS:   'ride_status_changed',
10-23 15:01:36.557 24527 26362 I ReactNativeJS:   'ride_status_changed',
10-23 15:01:36.557 24527 26362 I ReactNativeJS:   'ride_status_changed',
10-23 15:01:36.557 24527 26362 I ReactNativeJS:   'ride_status_changed',
10-23 15:01:36.557 24527 26362 I ReactNativeJS:   'ride_status_changed',
10-23 15:01:36.557 24527 26362 I ReactNativeJS:   'ride_status_changed' ]
10-23 15:01:36.557 24527 26362 I ReactNativeJS: ' [NOTIFICATIONS] Trip completed notifications (all statuses):', []
10-23 15:01:36.559 24527 26362 I ReactNativeJS: ' Loaded', 6, 'fare configs from fare_matrix table:', [ { vehicle_type: 'hatchback', base_fare: 145, per_km_rate: 25 },
10-23 15:01:36.559 24527 26362 I ReactNativeJS:   { vehicle_type: 'hatchback_ac', base_fare: 167, per_km_rate: 27 },
10-23 15:01:36.559 24527 26362 I ReactNativeJS:   { vehicle_type: 'sedan', base_fare: 145, per_km_rate: 25 },
10-23 15:01:36.559 24527 26362 I ReactNativeJS:   { vehicle_type: 'sedan_ac', base_fare: 160, per_km_rate: 25 },
10-23 15:01:36.559 24527 26362 I ReactNativeJS:   { vehicle_type: 'suv', base_fare: 400, per_km_rate: 30 },
10-23 15:01:36.559 24527 26362 I ReactNativeJS:   { vehicle_type: 'suv_ac', base_fare: 1500, per_km_rate: 35 } ]
10-23 15:01:36.690 24527 26362 I ReactNativeJS: ' Proxy response received:', 'OK'
10-23 15:01:36.690 24527 26362 I ReactNativeJS: ' Geocoded address:', 'PRXJ+F32, Brindavan Nagar, Plot 87, NGGO\'s Colony, Anand Nagar, Hosur, Tamil Nadu 635109, India'
10-23 15:01:36.690 24527 26362 I ReactNativeJS: ' Geocoded address:', 'PRXJ+F32, Brindavan Nagar, Plot 87, NGGO\'s Colony, Anand Nagar, Hosur, Tamil Nadu 635109, India'
10-23 15:01:36.690 24527 26362 I ReactNativeJS: ' Enhanced Location Service: Got address:', 'PRXJ+F32, Brindavan Nagar, Plot 87, NGGO\'s Colony, Anand Nagar, Hosur, Tamil Nadu 635109, India'
10-23 15:01:36.691 24527 26362 I ReactNativeJS: ' [HOME] Location obtained:', { lat: 12.7486854,
10-23 15:01:36.691 24527 26362 I ReactNativeJS:   lng: 77.8300138,
10-23 15:01:36.691 24527 26362 I ReactNativeJS:   address: 'PRXJ+F32, Brindavan Nagar, Plot 87, NGGO\'s Colony, Anand Nagar, Hosur, Tamil Nadu 635109, India' }
10-23 15:01:36.692 24527 26362 I ReactNativeJS:  [HOME] ===== STARTING IMMEDIATE DRIVER DISPLAY =====
10-23 15:01:36.693 24527 26362 I ReactNativeJS:  [HOME] Current location available, showing drivers immediately
10-23 15:01:36.693 24527 26362 I ReactNativeJS: ' [HOME] Location details:', { latitude: 12.7486854,
10-23 15:01:36.693 24527 26362 I ReactNativeJS:   longitude: 77.8300138,
10-23 15:01:36.693 24527 26362 I ReactNativeJS:   accuracy: 2.325000047683716 }
10-23 15:01:36.693 24527 26362 I ReactNativeJS:  [HOME] Showing ALL vehicle types (no filter applied)
10-23 15:01:36.693 24527 26362 I ReactNativeJS: ' [HOME] Should show drivers on map:', true
10-23 15:01:36.693 24527 26362 I ReactNativeJS: ' [HOME] Starting driver location polling with:', { currentLocation: { latitude: 12.7486854, longitude: 77.8300138 },
10-23 15:01:36.693 24527 26362 I ReactNativeJS:   vehicleType: 'sedan',
10-23 15:01:36.693 24527 26362 I ReactNativeJS:   radius: 10 }
10-23 15:01:36.693 24527 26362 I ReactNativeJS:  [HOME] Stopping driver location polling
10-23 15:01:36.693 24527 26362 I ReactNativeJS: ' [DRIVER-SERVICE] Starting driver location polling every', 10, 'seconds'
10-23 15:01:36.693 24527 26362 I ReactNativeJS: ' [DRIVER-SERVICE] Polling parameters:', { customerLocation: { lat: 12.7486854, lng: 77.8300138 },
10-23 15:01:36.693 24527 26362 I ReactNativeJS:   vehicleType: 'all',
10-23 15:01:36.693 24527 26362 I ReactNativeJS:   interval: '10000ms' }
10-23 15:01:36.693 24527 26362 I ReactNativeJS: ' [DRIVER-SERVICE] Fetching available drivers via edge function:', { location: { lat: 12.7486854, lng: 77.8300138 },
10-23 15:01:36.693 24527 26362 I ReactNativeJS:   radius: '10km',
10-23 15:01:36.693 24527 26362 I ReactNativeJS:   vehicleType: 'all',
10-23 15:01:36.693 24527 26362 I ReactNativeJS:   timestamp: '2025-10-23T09:31:36.693Z' }
10-23 15:01:36.694 24527 26362 I ReactNativeJS: ' [DRIVER-SERVICE] Constructed Edge Function URL:', 'https://whubaypabojomdyfqxcf.supabase.co/functions/v1/get-drivers-with-locations?lat=12.7486854&lng=77.8300138&radius=10'
10-23 15:01:36.698 24527 26362 I ReactNativeJS:  [HOME] ===== SHOWING DRIVERS AGAIN =====
10-23 15:01:36.698 24527 26362 I ReactNativeJS:  [HOME] Not both locations selected, showing drivers on map
10-23 15:01:36.698 24527 26362 I ReactNativeJS: ' [HOME] Pickup coords:', true, 'Destination coords:', false
10-23 15:01:36.698 24527 26362 I ReactNativeJS: ' [HOME] Starting driver location polling with:', { currentLocation: { latitude: 12.7486854, longitude: 77.8300138 },
10-23 15:01:36.698 24527 26362 I ReactNativeJS:   vehicleType: 'sedan',
10-23 15:01:36.698 24527 26362 I ReactNativeJS:   radius: 10 }
10-23 15:01:36.698 24527 26362 I ReactNativeJS:  [HOME] Stopping driver location polling
10-23 15:01:36.698 24527 26362 I ReactNativeJS:  [DRIVER-SERVICE] Stopped driver location polling
10-23 15:01:36.698 24527 26362 I ReactNativeJS: ' [DRIVER-SERVICE] Starting driver location polling every', 10, 'seconds'
10-23 15:01:36.698 24527 26362 I ReactNativeJS: ' [DRIVER-SERVICE] Polling parameters:', { customerLocation: { lat: 12.7486854, lng: 77.8300138 },
10-23 15:01:36.698 24527 26362 I ReactNativeJS:   vehicleType: 'all',
10-23 15:01:36.698 24527 26362 I ReactNativeJS:   interval: '10000ms' }
10-23 15:01:36.699 24527 26362 I ReactNativeJS: ' [DRIVER-SERVICE] Fetching available drivers via edge function:', { location: { lat: 12.7486854, lng: 77.8300138 },
10-23 15:01:36.699 24527 26362 I ReactNativeJS:   radius: '10km',
10-23 15:01:36.699 24527 26362 I ReactNativeJS:   vehicleType: 'all',
10-23 15:01:36.699 24527 26362 I ReactNativeJS:   timestamp: '2025-10-23T09:31:36.698Z' }
10-23 15:01:36.699 24527 26362 I ReactNativeJS: ' [DRIVER-SERVICE] Constructed Edge Function URL:', 'https://whubaypabojomdyfqxcf.supabase.co/functions/v1/get-drivers-with-locations?lat=12.7486854&lng=77.8300138&radius=10'
10-23 15:01:36.701 24527 26362 I ReactNativeJS:  [HOME] Location state updated successfully
10-23 15:01:36.702 24527 26362 W ReactNativeJS:  [HOME] ===== RENDERING HOME SCREEN =====
10-23 15:01:36.702 24527 26362 W ReactNativeJS: ' [HOME] currentLocation:', '{"latitude":12.7486854,"longitude":77.8300138,"altitude":771.7999877929688,"accuracy":2.325000047683716,"altitudeAccuracy":null,"heading":null,"speed":null}'
10-23 15:01:36.702 24527 26362 W ReactNativeJS: ' [HOME] pickupCoords:', '{"latitude":12.7486854,"longitude":77.8300138}'
10-23 15:01:36.702 24527 26362 W ReactNativeJS: ' [HOME] destinationCoords:', 'null'
10-23 15:01:36.702 24527 26362 W ReactNativeJS: ' [HOME] pickupLocation text:', 'PRXJ+F32, Brindavan Nagar, Plot 87, NGGO\'s Colony, Anand Nagar, Hosur, Tamil Nadu 635109, India'
10-23 15:01:36.702 24527 26362 W ReactNativeJS: ' [HOME] availableDrivers count:', 0
10-23 15:01:36.702 24527 26362 W ReactNativeJS: ' [HOME] showDriversOnMap:', true
10-23 15:01:36.703 24527 26362 I ReactNativeJS: ' [HOME-V2] ABOUT TO RENDER SimpleHosurMap with props:', { hasUserLocation: true,
10-23 15:01:36.703 24527 26362 I ReactNativeJS:   hasPickup: true,
10-23 15:01:36.703 24527 26362 I ReactNativeJS:   hasDestination: false,
10-23 15:01:36.703 24527 26362 I ReactNativeJS:   showDriversOnMap: true,
10-23 15:01:36.703 24527 26362 I ReactNativeJS:   timestamp: '2025-10-23T09:31:36.702Z' }
10-23 15:01:36.703 24527 26362 I ReactNativeJS:  [SIMPLE-MAP-V2] NEW CODE IS LOADED - VERSION 2.0 
10-23 15:01:36.703 24527 26362 I ReactNativeJS:  [SIMPLE-MAP] ===== RENDERING MAP =====
10-23 15:01:36.703 24527 26362 I ReactNativeJS: ' [SIMPLE-MAP] Props received:', { hasUserLocation: true,
10-23 15:01:36.703 24527 26362 I ReactNativeJS:   hasPickupLocation: true,
10-23 15:01:36.703 24527 26362 I ReactNativeJS:   hasDestinationLocation: false,
10-23 15:01:36.703 24527 26362 I ReactNativeJS:   showCenteredPin: true,
10-23 15:01:36.703 24527 26362 I ReactNativeJS:   userLocation: { latitude: 12.7486854, longitude: 77.8300138 },
10-23 15:01:36.703 24527 26362 I ReactNativeJS:   pickupLocation: { latitude: 12.7486854, longitude: 77.8300138 },
10-23 15:01:36.703 24527 26362 I ReactNativeJS:   destinationLocation: null,
10-23 15:01:36.703 24527 26362 I ReactNativeJS:   availableDriversCount: 0,
10-23 15:01:36.703 24527 26362 I ReactNativeJS:   showDrivers: true }
10-23 15:01:36.703 24527 26362 I ReactNativeJS: ' [V3] RENDERING ULTRA-VISIBLE PICKUP MARKER at:', { latitude: 12.7486854, longitude: 77.8300138 }
10-23 15:01:36.714 24527 26362 I ReactNativeJS:  [HOME] Location loading state set to false
10-23 15:01:36.715 24527 26362 I ReactNativeJS:  [MAP] Smoothly animating to user location
10-23 15:01:36.747 24527 24527 D MapsInitializer: preferredRenderer: null
10-23 15:01:36.747 24527 24527 D zzcc    : preferredRenderer: null
10-23 15:01:36.757 24527 24527 I Google Android Maps SDK: Google Play services package version: 254031035
10-23 15:01:36.757 24527 24527 I Google Android Maps SDK: Google Play services maps renderer version(maps_core): 253425402
10-23 15:01:36.779 24527 24527 W ProxyAndroidLoggerBackend: Too many Flogger logs received before configuration. Dropping old logs.
10-23 15:01:36.782  5589  5589 W TooltipLifecycleManager: TooltipLifecycleManager.dismissTooltips():153 Tooltip with id undo_access_point_promotion_banner not found in tooltipManager.
10-23 15:01:36.786 24527 24527 W ProxyAndroidLoggerBackend: Too many Flogger logs received before configuration. Dropping old logs.
10-23 15:01:36.790 24527 24527 W ProxyAndroidLoggerBackend: Too many Flogger logs received before configuration. Dropping old logs.
10-23 15:01:36.790 24527 24527 W ProxyAndroidLoggerBackend: Too many Flogger logs received before configuration. Dropping old logs.
10-23 15:01:36.792 24527 28741 W ProxyAndroidLoggerBackend: Too many Flogger logs received before configuration. Dropping old logs.
10-23 15:01:36.794 24527 24527 W ProxyAndroidLoggerBackend: Too many Flogger logs received before configuration. Dropping old logs.
10-23 15:01:36.795 24527 28740 W ProxyAndroidLoggerBackend: Too many Flogger logs received before configuration. Dropping old logs.
10-23 15:01:36.796 24527 24527 W ProxyAndroidLoggerBackend: Too many Flogger logs received before configuration. Dropping old logs.
10-23 15:01:36.796 24527 24527 W ProxyAndroidLoggerBackend: Too many Flogger logs received before configuration. Dropping old logs.
10-23 15:01:36.798  5589  5589 D ViewRootImpl: AppSizeAfterRelayout, size: Point(1080, 2287), rotation: ROTATION_0
10-23 15:01:36.799  5589  5589 D BLASTBufferQueue: [VRI[InputMethod]#3959](f:0,a:4) destructor()
10-23 15:01:36.799  5589  5589 D BufferQueueConsumer: [VRI[InputMethod]#3959(BLAST Consumer)3959](id:15d500000f77,api:0,p:-1,c:5589) disconnect
10-23 15:01:36.810 24527 24527 D BufferQueueConsumer: [](id:5fcf00000007,api:0,p:-1,c:24527) connect: controlledByApp=true
10-23 15:01:36.814 24527 28740 W ProxyAndroidLoggerBackend: Too many Flogger logs received before configuration. Dropping old logs.
10-23 15:01:36.814 24527 28740 W ProxyAndroidLoggerBackend: Too many Flogger logs received before configuration. Dropping old logs.
10-23 15:01:36.820 24527 28740 W ProxyAndroidLoggerBackend: Too many Flogger logs received before configuration. Dropping old logs.
10-23 15:01:36.820 24527 28740 W ProxyAndroidLoggerBackend: Too many Flogger logs received before configuration. Dropping old logs.
10-23 15:01:36.822 24527 28741 W ProxyAndroidLoggerBackend: Too many Flogger logs received before configuration. Dropping old logs.
10-23 15:01:36.822 24527 28741 W ProxyAndroidLoggerBackend: Too many Flogger logs received before configuration. Dropping old logs.
10-23 15:01:36.826 24527 28743 W ProxyAndroidLoggerBackend: Too many Flogger logs received before configuration. Dropping old logs.
10-23 15:01:36.826 24527 28743 W ProxyAndroidLoggerBackend: Too many Flogger logs received before configuration. Dropping old logs.
10-23 15:01:36.829 24527 28743 W ProxyAndroidLoggerBackend: Too many Flogger logs received before configuration. Dropping old logs.
10-23 15:01:36.830 24527 28743 W ProxyAndroidLoggerBackend: Too many Flogger logs received before configuration. Dropping old logs.
10-23 15:01:36.830 24527 28743 W ProxyAndroidLoggerBackend: Too many Flogger logs received before configuration. Dropping old logs.
10-23 15:01:36.830 24527 28743 W ProxyAndroidLoggerBackend: Too many Flogger logs received before configuration. Dropping old logs.
10-23 15:01:36.833  9275 28721 I PhenotypeResourceReader: unable to find any Phenotype resource metadata for com.a1taxi.a1taxicustomer
10-23 15:01:36.835 24527 28743 W ProxyAndroidLoggerBackend: Too many Flogger logs received before configuration. Dropping old logs.
10-23 15:01:36.836 24527 28743 W ProxyAndroidLoggerBackend: Too many Flogger logs received before configuration. Dropping old logs.
10-23 15:01:36.836 24527 28743 W ProxyAndroidLoggerBackend: Too many Flogger logs received before configuration. Dropping old logs.
10-23 15:01:36.836 24527 28743 W ProxyAndroidLoggerBackend: Too many Flogger logs received before configuration. Dropping old logs.
10-23 15:01:36.839 24527 28743 W ProxyAndroidLoggerBackend: Too many Flogger logs received before configuration. Dropping old logs.
10-23 15:01:36.839 24527 28743 W ProxyAndroidLoggerBackend: Too many Flogger logs received before configuration. Dropping old logs.
10-23 15:01:36.840 24527 28743 W ProxyAndroidLoggerBackend: Too many Flogger logs received before configuration. Dropping old logs.
10-23 15:01:36.840 24527 28743 W ProxyAndroidLoggerBackend: Too many Flogger logs received before configuration. Dropping old logs.
10-23 15:01:36.842 24527 28741 W ProxyAndroidLoggerBackend: Too many Flogger logs received before configuration. Dropping old logs.
10-23 15:01:36.842 24527 28741 W ProxyAndroidLoggerBackend: Too many Flogger logs received before configuration. Dropping old logs.
10-23 15:01:36.844 24527 28740 W ProxyAndroidLoggerBackend: Too many Flogger logs received before configuration. Dropping old logs.
10-23 15:01:36.844 24527 28740 W ProxyAndroidLoggerBackend: Too many Flogger logs received before configuration. Dropping old logs.
10-23 15:01:36.849  1870  2894 D BatteryStatsService: noteVideoSurfaceChanged  noteWhich: 49,arg1: 1080, arg2: 2056, arg3: 24527, arg4: 851, name: com.a1taxi.a1taxicustomer
10-23 15:01:36.879 24527 28746 W ProxyAndroidLoggerBackend: Too many Flogger logs received before configuration. Dropping old logs.
10-23 15:01:36.971 24527 26362 I ReactNativeJS:  [GPS] Starting live GPS tracking (Uber-style)...
10-23 15:01:36.981 24527 26362 W ReactNativeJS:  [HOME] ===== RENDERING HOME SCREEN =====
10-23 15:01:36.981 24527 26362 W ReactNativeJS: ' [HOME] currentLocation:', '{"latitude":12.7486854,"longitude":77.8300138,"altitude":771.7999877929688,"accuracy":2.325000047683716,"altitudeAccuracy":null,"heading":null,"speed":null}'
10-23 15:01:36.981 24527 26362 W ReactNativeJS: ' [HOME] pickupCoords:', '{"latitude":12.7486854,"longitude":77.8300138}'
10-23 15:01:36.981 24527 26362 W ReactNativeJS: ' [HOME] destinationCoords:', 'null'
10-23 15:01:36.981 24527 26362 W ReactNativeJS: ' [HOME] pickupLocation text:', 'PRXJ+F32, Brindavan Nagar, Plot 87, NGGO\'s Colony, Anand Nagar, Hosur, Tamil Nadu 635109, India'
10-23 15:01:36.981 24527 26362 W ReactNativeJS: ' [HOME] availableDrivers count:', 0
10-23 15:01:36.981 24527 26362 W ReactNativeJS: ' [HOME] showDriversOnMap:', true
10-23 15:01:36.982 24527 26362 I ReactNativeJS: ' [HOME-V2] ABOUT TO RENDER SimpleHosurMap with props:', { hasUserLocation: true,
10-23 15:01:36.982 24527 26362 I ReactNativeJS:   hasPickup: true,
10-23 15:01:36.982 24527 26362 I ReactNativeJS:   hasDestination: false,
10-23 15:01:36.982 24527 26362 I ReactNativeJS:   showDriversOnMap: true,
10-23 15:01:36.982 24527 26362 I ReactNativeJS:   timestamp: '2025-10-23T09:31:36.981Z' }
10-23 15:01:36.982 24527 26362 I ReactNativeJS:  [SIMPLE-MAP-V2] NEW CODE IS LOADED - VERSION 2.0 
10-23 15:01:36.982 24527 26362 I ReactNativeJS:  [SIMPLE-MAP] ===== RENDERING MAP =====
10-23 15:01:36.983 24527 26362 I ReactNativeJS: ' [SIMPLE-MAP] Props received:', { hasUserLocation: true,
10-23 15:01:36.983 24527 26362 I ReactNativeJS:   hasPickupLocation: true,
10-23 15:01:36.983 24527 26362 I ReactNativeJS:   hasDestinationLocation: false,
10-23 15:01:36.983 24527 26362 I ReactNativeJS:   showCenteredPin: true,
10-23 15:01:36.983 24527 26362 I ReactNativeJS:   userLocation: { latitude: 12.7486854, longitude: 77.8300138 },
10-23 15:01:36.983 24527 26362 I ReactNativeJS:   pickupLocation: { latitude: 12.7486854, longitude: 77.8300138 },
10-23 15:01:36.983 24527 26362 I ReactNativeJS:   destinationLocation: null,
10-23 15:01:36.983 24527 26362 I ReactNativeJS:   availableDriversCount: 0,
10-23 15:01:36.983 24527 26362 I ReactNativeJS:   showDrivers: true }
10-23 15:01:36.983 24527 26362 I ReactNativeJS: ' [V3] RENDERING ULTRA-VISIBLE PICKUP MARKER at:', { latitude: 12.7486854, longitude: 77.8300138 }
10-23 15:01:36.996 24527 26362 I ReactNativeJS:  [GPS] Live GPS tracking started successfully
10-23 15:01:36.996 24527 26362 I ReactNativeJS: ' [GPS] Live location update:', { lat: '12.748685', lng: '77.830010', accuracy: '2.28m' }
10-23 15:01:36.997 24527 26362 I ReactNativeJS:  [MAP] Smoothly animating to user location
10-23 15:01:36.997 24527 26362 W ReactNativeJS:  [HOME] ===== RENDERING HOME SCREEN =====
10-23 15:01:36.997 24527 26362 W ReactNativeJS: ' [HOME] currentLocation:', '{"altitude":771.7999877929688,"heading":0,"altitudeAccuracy":1.094285488128662,"latitude":12.748685,"speed":0.000003936436314688763,"longitude":77.8300104,"accuracy":2.2750000953674316}'
10-23 15:01:36.997 24527 26362 W ReactNativeJS: ' [HOME] pickupCoords:', '{"latitude":12.7486854,"longitude":77.8300138}'
10-23 15:01:36.997 24527 26362 W ReactNativeJS: ' [HOME] destinationCoords:', 'null'
10-23 15:01:36.998 24527 26362 W ReactNativeJS: ' [HOME] pickupLocation text:', 'PRXJ+F32, Brindavan Nagar, Plot 87, NGGO\'s Colony, Anand Nagar, Hosur, Tamil Nadu 635109, India'
10-23 15:01:36.998 24527 26362 W ReactNativeJS: ' [HOME] availableDrivers count:', 0
10-23 15:01:36.998 24527 26362 W ReactNativeJS: ' [HOME] showDriversOnMap:', true
10-23 15:01:36.998 24527 26362 I ReactNativeJS: ' [HOME-V2] ABOUT TO RENDER SimpleHosurMap with props:', { hasUserLocation: true,
10-23 15:01:36.998 24527 26362 I ReactNativeJS:   hasPickup: true,
10-23 15:01:36.998 24527 26362 I ReactNativeJS:   hasDestination: false,
10-23 15:01:36.998 24527 26362 I ReactNativeJS:   showDriversOnMap: true,
10-23 15:01:36.998 24527 26362 I ReactNativeJS:   timestamp: '2025-10-23T09:31:36.998Z' }
10-23 15:01:36.998 24527 26362 I ReactNativeJS:  [SIMPLE-MAP-V2] NEW CODE IS LOADED - VERSION 2.0 
10-23 15:01:36.998 24527 26362 I ReactNativeJS:  [SIMPLE-MAP] ===== RENDERING MAP =====
10-23 15:01:36.998 24527 26362 I ReactNativeJS: ' [SIMPLE-MAP] Props received:', { hasUserLocation: true,
10-23 15:01:36.998 24527 26362 I ReactNativeJS:   hasPickupLocation: true,
10-23 15:01:36.998 24527 26362 I ReactNativeJS:   hasDestinationLocation: false,
10-23 15:01:36.998 24527 26362 I ReactNativeJS:   showCenteredPin: true,
10-23 15:01:36.998 24527 26362 I ReactNativeJS:   userLocation: { latitude: 12.748685, longitude: 77.8300104 },
10-23 15:01:36.998 24527 26362 I ReactNativeJS:   pickupLocation: { latitude: 12.7486854, longitude: 77.8300138 },
10-23 15:01:36.998 24527 26362 I ReactNativeJS:   destinationLocation: null,
10-23 15:01:36.998 24527 26362 I ReactNativeJS:   availableDriversCount: 0,
10-23 15:01:36.998 24527 26362 I ReactNativeJS:   showDrivers: true }
10-23 15:01:36.998 24527 26362 I ReactNativeJS: ' [V3] RENDERING ULTRA-VISIBLE PICKUP MARKER at:', { latitude: 12.7486854, longitude: 77.8300138 }
10-23 15:01:37.004 24527 26362 I ReactNativeJS:  [MAP] Smoothly animating to user location
10-23 15:01:37.004 24527 26362 I ReactNativeJS:  [HOME] ===== STARTING IMMEDIATE DRIVER DISPLAY =====
10-23 15:01:37.004 24527 26362 I ReactNativeJS:  [HOME] Current location available, showing drivers immediately
10-23 15:01:37.004 24527 26362 I ReactNativeJS: ' [HOME] Location details:', { latitude: 12.748685,
10-23 15:01:37.004 24527 26362 I ReactNativeJS:   longitude: 77.8300104,
10-23 15:01:37.004 24527 26362 I ReactNativeJS:   accuracy: 2.2750000953674316 }
10-23 15:01:37.004 24527 26362 I ReactNativeJS:  [HOME] Showing ALL vehicle types (no filter applied)
10-23 15:01:37.004 24527 26362 I ReactNativeJS: ' [HOME] Should show drivers on map:', true
10-23 15:01:37.004 24527 26362 I ReactNativeJS: ' [HOME] Starting driver location polling with:', { currentLocation: { latitude: 12.748685, longitude: 77.8300104 },
10-23 15:01:37.004 24527 26362 I ReactNativeJS:   vehicleType: 'sedan',
10-23 15:01:37.004 24527 26362 I ReactNativeJS:   radius: 10 }
10-23 15:01:37.004 24527 26362 I ReactNativeJS:  [HOME] Stopping driver location polling
10-23 15:01:37.004 24527 26362 I ReactNativeJS:  [DRIVER-SERVICE] Stopped driver location polling
10-23 15:01:37.004 24527 26362 I ReactNativeJS: ' [DRIVER-SERVICE] Starting driver location polling every', 10, 'seconds'
10-23 15:01:37.005 24527 26362 I ReactNativeJS: ' [DRIVER-SERVICE] Polling parameters:', { customerLocation: { lat: 12.748685, lng: 77.8300104 },
10-23 15:01:37.005 24527 26362 I ReactNativeJS:   vehicleType: 'all',
10-23 15:01:37.005 24527 26362 I ReactNativeJS:   interval: '10000ms' }
10-23 15:01:37.005 24527 26362 I ReactNativeJS: ' [DRIVER-SERVICE] Fetching available drivers via edge function:', { location: { lat: 12.748685, lng: 77.8300104 },
10-23 15:01:37.005 24527 26362 I ReactNativeJS:   radius: '10km',
10-23 15:01:37.005 24527 26362 I ReactNativeJS:   vehicleType: 'all',
10-23 15:01:37.005 24527 26362 I ReactNativeJS:   timestamp: '2025-10-23T09:31:37.005Z' }
10-23 15:01:37.005 24527 26362 I ReactNativeJS: ' [DRIVER-SERVICE] Constructed Edge Function URL:', 'https://whubaypabojomdyfqxcf.supabase.co/functions/v1/get-drivers-with-locations?lat=12.748685&lng=77.8300104&radius=10'
10-23 15:01:37.027 24527 26362 W ReactNativeJS: ' [DRIVER-SERVICE] Edge function failed, using direct database access:', 'Edge function failed: 500 - {"code":"WORKER_ERROR","message":"Function exited due to an error (please check logs)"}'
10-23 15:01:37.028 24527 26362 I ReactNativeJS:  [DRIVER-SERVICE] ===== USING DIRECT DATABASE ACCESS =====
10-23 15:01:37.028 24527 26362 I ReactNativeJS: ' [DRIVER-SERVICE] Parameters:', { customerLocation: { lat: 12.7486854, lng: 77.8300138 },
10-23 15:01:37.028 24527 26362 I ReactNativeJS:   radius: '10km',
10-23 15:01:37.028 24527 26362 I ReactNativeJS:   vehicleType: 'all' }
10-23 15:01:37.028 24527 26362 I ReactNativeJS:  [DRIVER-SERVICE] Step 1: Fetching online verified drivers...
10-23 15:01:37.060 24527 26362 W ReactNativeJS: ' [DRIVER-SERVICE] Edge function failed, using direct database access:', 'Edge function failed: 500 - {"code":"WORKER_ERROR","message":"Function exited due to an error (please check logs)"}'
10-23 15:01:37.061 24527 26362 I ReactNativeJS:  [DRIVER-SERVICE] ===== USING DIRECT DATABASE ACCESS =====
10-23 15:01:37.061 24527 26362 I ReactNativeJS: ' [DRIVER-SERVICE] Parameters:', { customerLocation: { lat: 12.7486854, lng: 77.8300138 },
10-23 15:01:37.061 24527 26362 I ReactNativeJS:   radius: '10km',
10-23 15:01:37.061 24527 26362 I ReactNativeJS:   vehicleType: 'all' }
10-23 15:01:37.061 24527 26362 I ReactNativeJS:  [DRIVER-SERVICE] Step 1: Fetching online verified drivers...
10-23 15:01:37.213 24527 28743 W ProxyAndroidLoggerBackend: Too many Flogger logs received before configuration. Dropping old logs.
10-23 15:01:37.271 24527 26362 I ReactNativeJS: ' [DRIVER-SERVICE] Found drivers:', { total: 20,
10-23 15:01:37.271 24527 26362 I ReactNativeJS:   details: 
10-23 15:01:37.271 24527 26362 I ReactNativeJS:    [ { id: '22480cc3-665c-407e-ad8a-8eafde67706b',
10-23 15:01:37.271 24527 26362 I ReactNativeJS:        user_id: '16011178-decf-4de3-beae-94ca46ce9258',
10-23 15:01:37.271 24527 26362 I ReactNativeJS:        name: undefined,
10-23 15:01:37.271 24527 26362 I ReactNativeJS:        vehicle_type: 'hatchback',
10-23 15:01:37.271 24527 26362 I ReactNativeJS:        status: 'online',
10-23 15:01:37.271 24527 26362 I ReactNativeJS:        verified: true },
10-23 15:01:37.271 24527 26362 I ReactNativeJS:      { id: '76b66a88-dff9-4965-9e36-8a92023f155d',
10-23 15:01:37.271 24527 26362 I ReactNativeJS:        user_id: 'ae53a792-6aed-4186-823d-61c34c6defe2',
10-23 15:01:37.271 24527 26362 I ReactNativeJS:        name: undefined,
10-23 15:01:37.271 24527 26362 I ReactNativeJS:        vehicle_type: 'sedan',
10-23 15:01:37.271 24527 26362 I ReactNativeJS:        status: 'online',
10-23 15:01:37.271 24527 26362 I ReactNativeJS:        verified: true },
10-23 15:01:37.271 24527 26362 I ReactNativeJS:      { id: '6f55e87b-6558-48df-af8c-d69190918b32',
10-23 15:01:37.271 24527 26362 I ReactNativeJS:        user_id: 'e6145579-4f5a-439f-b929-fa478580c049',
10-23 15:01:37.271 24527 26362 I ReactNativeJS:        name: undefined,
10-23 15:01:37.271 24527 26362 I ReactNativeJS:        vehicle_type: 'hatchback',
10-23 15:01:37.271 24527 26362 I ReactNativeJS:        status: 'online',
10-23 15:01:37.271 24527 26362 I ReactNativeJS:        verified: true },
10-23 15:01:37.271 24527 26362 I ReactNativeJS:      { id: '97a4ba58-9431-48e5-ac8f-3472b8357179',
10-23 15:01:37.271 24527 26362 I ReactNativeJS:        user_id: '5d6651c8-2e3f-44e7-b4a1-0056c1d5315b',
10-23 15:01:37.271 24527 26362 I ReactNativeJS:        name: undefined,
10-23 15:01:37.271 24527 26362 I ReactNativeJS:        vehicle_type: 'sedan_ac',
10-23 15:01:37.271 24527 26362 I ReactNativeJS:        status: 'online',
10-23 15:01:37.271 24527 26362 I ReactNativeJS:        verified: true },
10-23 15:01:37.271 24527 26362 I ReactNativeJS:      { id: 'c568b21d-0975-4388-a9fb-cc00013b6d4f',
10-23 15:01:37.271 24527 26362 I ReactNativeJS:        user_id: '6150ee57-77e5-45f7-b6c7-a586f22f2af8',
10-23 15:01:37.271 24527 26362 I ReactNativeJS:        name: undefined,
10-23 15:01:37.271 24527 26362 I ReactNativeJS:        vehicle_type: 'sedan',
10-23 15:01:37.271 24527 26362 I ReactNativeJS:        status: 'online',
10-23 15:01:37.271 24527 26362 I ReactNativeJS:        verified: true },
10-23 15:01:37.271 24527 26362 I ReactNativeJS:      { id: '7055c2f9-99fa-4d96-bc6c-079b5cda6f56',
10-23 15:01:37.271 24527 26362 I ReactNativeJS:        user_id: 'dc475d27-6167-4695-a014-dcb8d160b4c6',
10-23 15:01:37.271 24527 26362 I ReactNativeJS:        name: undefined,
10-23 15:01:37.271 24527 26362 I ReactNativeJS:        vehicle_type: 'hatchback',
10-23 15:01:37.271 24527 26362 I ReactNativeJS:        status: 'online',
10-23 15:01:37.271 24527 26362 I ReactNativeJS:        verified: true },
10-23 15:01:37.271 24527 26362 I ReactNativeJS:      { id: '770e8400-e29b-41d4-a716-446655440001',
10-23 15:01:37.271 24527 26362 I ReactNativeJS:        user_id: '550e8400-e29b-41d4-a716-446655440001',
10-23 15:01:37.271 24527 26362 I ReactNativeJS:        name: undefined,
10-23 15:01:37.271 24527 26362 I ReactNativeJS:        vehicle_type: 'hatchback',
10-23 15:01:37.271 24527 26362 I ReactNativeJS:        status: 'online',
10-23 15:01:37.271 24527 26362 I ReactNativeJS:        verified: true },
10-23 15:01:37.271 24527 26362 I ReactNativeJS:      { id: '770e8400-e29b-41d4-a716-446655440002',
10-23 15:01:37.271 24527 26362 I ReactNativeJS:        user_id: '550e8400-e29b-41d4-a716-446655440002',
10-23 15:01:37.271 24527 26362 I ReactNativeJS:        name: undefined,
10-23 15:01:37.271 24527 26362 I ReactNativeJS:        vehicle_type: 'sedan',
10-23 15:01:37.271 24527 26362 I ReactNativeJS:        status: 'online',
10-23 15:01:37.271 24527 26362 I ReactNativeJS:        verified: true },
10-23 15:01:37.271 24527 26362 I ReactNativeJS:      { id: '43d81d7d-e647-46cf-8599-11f63996b03e',
10-23 15:01:37.271 24527 26362 I ReactNativeJS:        user_id: '6c03a657-c3e4-466e-b49c-324c2d051ce9',
10-23 15:01:37.271 24527 26362 I ReactNativeJS:        name: undefined,
10-23 15:01:37.271 24527 26362 I ReactNativeJS:        vehicle_type: 'sedan_ac',
10-23 15:01:37.271 24527 26362 I ReactNativeJS:        status: 'online',
10-23 15:01:37.271 24527 26362 I ReactNativeJS:        verified: true },
10-23 15:01:37.271 24527 26362 I ReactNativeJS:      { id: '770e8400-e29b-41d4-a716-446655440003',
10-23 15:01:37.271 24527 26362 I ReactNativeJS:        user_id: '550e8400-e29b-41d4-a716-446655440003',
10-23 15:01:37.271 24527 26362 I ReactNativeJS:        name: undefined,
10-23 15:01:37.271 24527 26362 I ReactNativeJS:        vehicle_type: 'suv',
10-23 15:01:37.271 24527 26362 I ReactNativeJS:        status: 'online',
10-23 15:01:37.271 24527 26362 I ReactNativeJS:        verified: true },
10-23 15:01:37.271 24527 26362 I ReactNativeJS:      { id: '770e8400-e29b-41d4-a716-446655440004',
10-23 15:01:37.271 24527 26362 I ReactNativeJS:        user_id: '550e8400-e29b-41d4-a716-446655440004',
10-23 15:01:37.271 24527 26362 I ReactNativeJS:        name: undefined,
10-23 15:01:37.271 24527 26362 I ReactNativeJS:        vehicle_type: 'sedan',
10-23 15:01:37.271 24527 26362 I ReactNativeJS:        status: 'online',
10-23 15:01:37.271 24527 26362 I ReactNativeJS:        verified: true },
10-23 15:01:37.271 24527 26362 I ReactNativeJS:      { id: '770e8400-e29b-41d4-a716-446655440005',
10-23 15:01:37.271 24527 26362 I ReactNativeJS:        user_id: '550e8400-e29b-41d4-a716-446655440005',
10-23 15:01:37.271 24527 26362 I ReactNativeJS:        name: undefined,
10-23 15:01:37.271 24527 26362 I ReactNativeJS:        vehicle_type: 'hatchback',
10-23 15:01:37.271 24527 26362 I ReactNativeJS:        status: 'online',
10-23 15:01:37.271 24527 26362 I ReactNativeJS:        verified: true },
10-23 15:01:37.271 24527 26362 I ReactNativeJS:      { id: '707e2d38-7346-4a2e-bddb-e1157475f786',
10-23 15:01:37.271 24527 26362 I ReactNativeJS:        user_id: 'ed59084b-f517-4da3-814c-a314cdd8b4c6',
10-23 15:01:37.271 24527 26362 I ReactNativeJS:        name: undefined,
10-23 15:01:37.271 24527 26362 I ReactNativeJS:        vehicle_type: 'sedan',
10-23 15:01:37.271 24527 26362 I ReactNativeJS:        status: 'online',
10-23 15:01:37.271 24527 26362 I ReactNativeJS:        verified: true },
10-23 15:01:37.271 24527 26362 I ReactNativeJS:      { id: '489b94a7-777b-4e11-ba5c-17e0a3173737',
10-23 15:01:37.271 24527 26362 I ReactNativeJS:        user_id: '892d8e0d-7ca5-4dd8-9979-539f394538f2',
10-23 15:01:37.271 24527 26362 I ReactNativeJS:        name: undefined,
10-23 15:01:37.271 24527 26362 I ReactNativeJS:        vehicle_type: 'hatchback',
10-23 15:01:37.271 24527 26362 I ReactNativeJS:        status: 'online',
10-23 15:01:37.271 24527 26362 I ReactNativeJS:        verified: true },
10-23 15:01:37.271 24527 26362 I ReactNativeJS:      { id: 'd7b4a339-2ba5-45ed-a2ec-238548a8eab6',
10-23 15:01:37.271 24527 26362 I ReactNativeJS:        user_id: 'cb735787-e96d-4d1d-9975-c112e75dfabd',
10-23 15:01:37.271 24527 26362 I ReactNativeJS:        name: undefined,
10-23 15:01:37.271 24527 26362 I ReactNativeJS:        vehicle_type: 'hatchback_ac',
10-23 15:01:37.271 24527 26362 I ReactNativeJS:        status: 'online',
10-23 15:01:37.271 24527 26362 I ReactNativeJS:        verified: true },
10-23 15:01:37.271 24527 26362 I ReactNativeJS:      { id: '38ee94d8-ac2d-450e-8084-0bef654546d7',
10-23 15:01:37.271 24527 26362 I ReactNativeJS:        user_id: 'fdd94862-18e4-49d4-b6c0-8b9f73c8ff8c',
10-23 15:01:37.271 24527 26362 I ReactNativeJS:        name: undefined,
10-23 15:01:37.271 24527 26362 I ReactNativeJS:        vehicle_type: 'sedan',
10-23 15:01:37.271 24527 26362 I ReactNativeJS:        status: 'online',
10-23 15:01:37.271 24527 26362 I ReactNativeJS:        verified: true },
10-23 15:01:37.271 24527 26362 I ReactNativeJS:      { id: 'b4613ecf-44b5-49ba-8613-f8993b6db1d6',
10-23 15:01:37.271 24527 26362 I ReactNativeJS:        user_id: '539b06c9-4e24-49a4-b307-3fb3f9dc39da',
10-23 15:01:37.271 24527 26362 I ReactNativeJS:        name: undefined,
10-23 15:01:37.271 24527 26362 I ReactNativeJS:        vehicle_type: 'sedan',
10-23 15:01:37.271 24527 26362 I ReactNativeJS:        status: 'online',
