10-22 19:37:11.407  5720 17197 D CloseableReentrantLock: Successfully acquired lock com.android.providers.media.photopicker.sync.CloseableReentrantLock@c87cbf4[Locked by thread pool-3-thread-6]. Lock Name = CLOUD_PROVIDER_LOCK. Threads that may be waiting to acquire this lock = []
10-22 19:37:11.407  5720 17197 D PickerSyncController: Clearing next page token for key: local_provider:media_add:resume
10-22 19:37:11.407  5720 17197 D CloseableReentrantLock: Successfully released lock com.android.providers.media.photopicker.sync.CloseableReentrantLock@c87cbf4[Unlocked]. Lock Name = CLOUD_PROVIDER_LOCK. Threads that may be waiting to acquire this lock = []
10-22 19:37:11.407  5720 17197 D PickerNotificationSender: Sending a notification for media update
10-22 19:37:11.407  5720 17197 D PickerNotificationSender: Sending a notification for merged album media update Videos
10-22 19:37:11.407  5720 17197 D PickerNotificationSender: Sending a notification for album media update Videos
10-22 19:37:11.408  5720 17197 D PickerNotificationSender: Sending a notification for merged album media update Favorites
10-22 19:37:11.408  5720 17197 D PickerNotificationSender: Sending a notification for album media update Favorites
10-22 19:37:11.408  5720 17197 I PickerSyncController: Paged sync successful. QueryArgs: Bundle[{android.provider.extra.PAGE_TOKEN=1761142029419|1000015295, android.provider.extra.SYNC_GENERATION=55782, android.provider.extra.PAGE_SIZE=1000}] Total Rows: 1
10-22 19:37:11.408  5720 17197 I PickerSyncController: Executing SyncRemove. isLocal: true. authority: com.android.providers.media.photopicker
10-22 19:37:11.408  5720 17197 D PickerSyncLockManager: Trying to acquire lock com.android.providers.media.photopicker.sync.CloseableReentrantLock@c87cbf4[Unlocked]. Lock Name = CLOUD_PROVIDER_LOCK. Threads that may be waiting to acquire this lock = [] with timeout.
10-22 19:37:11.408  5720 17197 D CloseableReentrantLock: Successfully acquired lock com.android.providers.media.photopicker.sync.CloseableReentrantLock@c87cbf4[Locked by thread pool-3-thread-6]. Lock Name = CLOUD_PROVIDER_LOCK. Threads that may be waiting to acquire this lock = []
10-22 19:37:11.408  5720 17197 D CloseableReentrantLock: Successfully released lock com.android.providers.media.photopicker.sync.CloseableReentrantLock@c87cbf4[Unlocked]. Lock Name = CLOUD_PROVIDER_LOCK. Threads that may be waiting to acquire this lock = []
10-22 19:37:11.409  5720 17197 D SQLiteQueryBuilder: SELECT old_id AS id FROM deleted_media WHERE (generation_modified > ?)
10-22 19:37:11.414  5720 17197 D PickerSyncLockManager: Trying to acquire lock com.android.providers.media.photopicker.sync.CloseableReentrantLock@c87cbf4[Unlocked]. Lock Name = CLOUD_PROVIDER_LOCK. Threads that may be waiting to acquire this lock = [] with timeout.
10-22 19:37:11.415  5720 17197 D CloseableReentrantLock: Successfully acquired lock com.android.providers.media.photopicker.sync.CloseableReentrantLock@c87cbf4[Locked by thread pool-3-thread-6]. Lock Name = CLOUD_PROVIDER_LOCK. Threads that may be waiting to acquire this lock = []
10-22 19:37:11.415  5720 17197 D PickerSyncController: Clearing next page token for key: local_provider:media_remove:resume
10-22 19:37:11.415  5720 17197 D CloseableReentrantLock: Successfully released lock com.android.providers.media.photopicker.sync.CloseableReentrantLock@c87cbf4[Unlocked]. Lock Name = CLOUD_PROVIDER_LOCK. Threads that may be waiting to acquire this lock = []
10-22 19:37:11.415  5720 17197 D PickerNotificationSender: Sending a notification for media update
10-22 19:37:11.416  5720 17197 D PickerNotificationSender: Sending a notification for merged album media update Videos
10-22 19:37:11.416  5720 17197 D PickerNotificationSender: Sending a notification for album media update Videos
10-22 19:37:11.417  5720 17197 D PickerNotificationSender: Sending a notification for merged album media update Favorites
10-22 19:37:11.417  5720 17197 D PickerNotificationSender: Sending a notification for album media update Favorites
10-22 19:37:11.418  5720 17197 I PickerSyncController: Paged sync successful. QueryArgs: Bundle[{android.provider.extra.PAGE_TOKEN=1761142029419|1000015295, android.provider.extra.SYNC_GENERATION=55782, android.provider.extra.PAGE_SIZE=1000}] Total Rows: 0
10-22 19:37:11.418  5720 17197 I PickerSyncTracker: Marked sync future complete for work id: e4a4e7ff-a708-4010-88e6-76ed375ca968. Future map: {}
10-22 19:37:11.418  5720 17197 I PSyncWorker: Completed picker proactive sync complete from local provider.
10-22 19:37:11.419  5720  5844 I WM-WorkerWrapper: Worker result SUCCESS for Work [ id=e4a4e7ff-a708-4010-88e6-76ed375ca968, tags={ com.android.providers.media.photopicker.sync.ProactiveSyncWorker } ]
10-22 19:37:11.420  5720  5720 D WM-Processor: Processor e4a4e7ff-a708-4010-88e6-76ed375ca968 executed; reschedule = false
10-22 19:37:11.421  5720  5720 D WM-GreedyScheduler: Stopping tracking for WorkGenerationalId(workSpecId=e4a4e7ff-a708-4010-88e6-76ed375ca968, generation=0)
10-22 19:37:11.421  5720  5720 D WM-SystemJobService: e4a4e7ff-a708-4010-88e6-76ed375ca968 executed on JobScheduler
10-22 19:37:11.424  5720  5844 D WM-GreedyScheduler: Cancelling work ID e4a4e7ff-a708-4010-88e6-76ed375ca968
10-22 19:37:11.426  5720  5844 D WM-GreedyScheduler: Ignoring {WorkSpec: c1b319df-9471-4b35-b67a-bdf2f87ba422}. Requires device idle.
10-22 19:37:11.426  5720  5844 D WM-GreedyScheduler: Ignoring {WorkSpec: 4c086dad-667c-4079-8821-1d44c9555e6e}. Requires device idle.
10-22 19:37:11.426  5720  5844 D WM-GreedyScheduler: Ignoring {WorkSpec: 0ed31500-ca83-49e4-8809-14ec08701546}. Requires device idle.
10-22 19:37:11.426  5720  5844 D WM-BrdcstRcvrCnstrntTrc: BatteryNotLowTracker: unregistering receiver
10-22 19:37:11.467  9275  9342 I FusedLocation: (REDACTED) location delivery to %s blocked - too close
10-22 19:37:11.469  9275  9342 I FusedLocation: (REDACTED) location delivery to %s blocked - too close
10-22 19:37:11.470  9275  9342 I FusedLocation: (REDACTED) location delivery to %s blocked - too close
10-22 19:37:11.471  5589  5589 I StylusModule: StylusModule.onUpdateToolType():800 Update tool type = 1
10-22 19:37:11.474  5589  5589 I GoogleInputMethodService: GoogleInputMethodService.onStartInputView():1439 onStartInputView(EditorInfo{EditorInfo{packageName=com.a1taxi.a1taxicustomer, inputType=4001, inputTypeString=Normal[CapSentences], enableLearning=true, autoCorrection=true, autoComplete=true, imeOptions=3, privateImeOptions=null, actionName=SEARCH, actionLabel=null, initialSelStart=0, initialSelEnd=0, initialCapsMode=2000, label=null, fieldId=1725, fieldName=null, extras=Bundle[{android.support.text.emoji.emojiCompat_metadataVersion=11, androidx.core.view.inputmethod.EditorInfoCompat.STYLUS_HANDWRITING_ENABLED=true, android.support.text.emoji.emojiCompat_replaceAll=false}], hintText=non-empty, hintLocales=[]}}, false)
10-22 19:37:11.474  5589  5589 I KeyboardHeightUtil: KeyboardHeightUtil.getOemKeyboardHeightRatio():108 systemKeyboardHeightRatio:1.000000.
10-22 19:37:11.475  9275  9342 I FusedLocation: (REDACTED) location delivery to %s blocked - too fast
10-22 19:37:11.475  5589  5589 I AndroidIME: InputBundleManager.loadActiveInputBundleId():528 loadActiveInputBundleId: en-US, ime_english_united_states
10-22 19:37:11.475  9275  9342 I FusedLocation: (REDACTED) location delivery to %s blocked - too fast
10-22 19:37:11.475  5589  5589 I AndroidIME: AbstractIme.onActivate():96 LatinIme.onActivate() : EditorInfo = EditorInfo{packageName=com.a1taxi.a1taxicustomer, inputType=4001, inputTypeString=Normal[CapSentences], enableLearning=true, autoCorrection=true, autoComplete=true, imeOptions=3, privateImeOptions=null, actionName=SEARCH, actionLabel=null, initialSelStart=0, initialSelEnd=0, initialCapsMode=2000, label=null, fieldId=1725, fieldName=null, extras=Bundle[{android.support.text.emoji.emojiCompat_metadataVersion=11, androidx.core.view.inputmethod.EditorInfoCompat.STYLUS_HANDWRITING_ENABLED=true, android.support.text.emoji.emojiCompat_replaceAll=false}], hintText=non-empty, hintLocales=[]}, IncognitoMode = false, DeviceLocked = false
10-22 19:37:11.476  5589  5589 I InputBundle: InputBundle.consumeEvent():1032 Skip consuming an event as keyboard status is INACTIVE
10-22 19:37:11.476  5589  5589 I Delight5Facilitator: Delight5Facilitator.initializeForIme():740 initializeForIme() : Locale = [en_US], layout = qwerty
10-22 19:37:11.477  5589  5589 I LatinIme: LatinIme.updateEnableInlineSuggestionsOnDecoderSideFlags():1247 inline flag updated to:false
10-22 19:37:11.477  5589  5589 I LatinIme: LatinIme.updateEnableInlineSuggestionsOnDecoderSideFlags():1247 inline flag updated to:false
10-22 19:37:11.478  9275  9342 I FusedLocation: (REDACTED) location delivery to %s blocked - too fast
10-22 19:37:11.482  5589  5589 I InputBundle: InputBundle.consumeEvent():1032 Skip consuming an event as keyboard status is INACTIVE
10-22 19:37:11.482  5589  5589 I LatinIme: LatinIme.resetInputContext():2251 resetInputContext(): reason=1, externalEditsInfo=ExternalEditsInfo{action=0, offset=-1, text=null, originalText=null, edits=null}
10-22 19:37:11.482  5589  5589 I InputBundle: InputBundle.consumeEvent():1032 Skip consuming an event as keyboard status is INACTIVE
10-22 19:37:11.483  5589  5589 I KeyboardWrapper: KeyboardWrapper.activateKeyboard():581 activateKeyboard(): type=prime, status=INACTIVE, imeDef=mkk{stringId=ime_english_united_states, language=en-US, languageTag=en-US, processedConditions={writing_helper_enable_by_word_revert=false, true=true, enable_number_row=true, device=phone, enable_pk_simulator=false}, className=com.google.android.apps.inputmethod.libs.latin5.LatinIme, label=0, keyEventInterpreter=null, inlineComposing=true, autoCapital=true, announceAutoSelectedCandidate=true, statusIcon=0, indicatorIcon=0, indicatorLabel=US, displayAppCompletions=true, extraValues=mkd{#0x7f0b02e0=TypedValue{t=0x3/d=0x0 "com.google.android.apps.inputmethod.libs.latin5.LatinIme"}}, processors=mmb@7d3d911, unacceptableMetaKeys=4098, languageSpecificSettings=0, asciiCapable=true, alwaysShowSuggestions=false, useAsciiPasswordKeyboard=false, keyboardGroupDef=mlk@9ed8bf6, phenotypeFlagId=0, localizationLanguageTag=null, supportsInlineSuggestion=true}
10-22 19:37:11.483  5589  5589 I KeyboardManager: KeyboardManager.requestKeyboard():248 Creating keyboard prime, imeId=ime_english_united_states, cacheKey=theme,!gsf,!pgsans,!pgsf,!use_system_font,BORDER,FLAVOR_DPI=XXHDPI,GOOGLE_ICONS,KEYBOARD_WIDTH_CATEGORY=NORMAL,KEY_BORDER_SHAPE=1,LIGHT_THEME=false,PHYSICAL_DIAGONAL=5.748144,POPUP,SCREEN_SHORTEST_WIDTH=393,SCREEN_SHORTEST_WIDTH_NO_SCALE=393,XXHDPI,bottom4dp,enable_emoji_kitchen_browse_color_v2=true,enable_google_fonts_icons=true,enable_popup_on_keypress=true,keyboard_redesign_google_sans=true,non_linear_scale,noshadow,overlay_builtin_dynamic_color_dark_base.binarypb:gm3-dark-ff131313-ffffffff-4d9204e36e3ccb6a165e3e3dbe763ce0,roundedchip,silkpopup
10-22 19:37:11.483  5589  5589 I KeyboardWrapper: KeyboardWrapper.onKeyboardReady():224 onKeyboardReady(): type=prime(prime), kb=com.google.android.apps.inputmethod.latin.keyboard.LatinPrimeKeyboard@10783ff
10-22 19:37:11.483  5589  5589 I KeyboardWrapper: KeyboardWrapper.doActivateKeyboard():611 doActivateKeyboard(): prime
10-22 19:37:11.498  5589  5589 I KeyboardHeightUtil: KeyboardHeightUtil.calculateMaxKeyboardBodyHeight():50 leave 267 height for app when ime window height:2171, header height:121 and isFullscreenMode:false, so the max keyboard body height is:1783
10-22 19:37:11.498  5589  5589 W TooltipLifecycleManager: TooltipLifecycleManager.dismissTooltips():153 Tooltip with id undo_access_point_promotion_banner not found in tooltipManager.
10-22 19:37:11.498  5589  5589 I KeyboardModeUtils: KeyboardModeUtils.getKeyboardBottomOffset():435 inch: 0.000000 ydpi: 387.429993 adjustKeyboardBottomByDisplaySize: false currentDensityDpi: 440 defaultDensityDpi: 440 keyboardBottomToScreenPx: 0 keyboardBottomToNavBarPx: -116 navBarHeight: 116
10-22 19:37:11.498  5589  5589 I KeyboardHeightUtil: KeyboardHeightUtil.calculateMaxKeyboardBodyHeight():50 leave 267 height for app when ime window height:2171, header height:121 and isFullscreenMode:false, so the max keyboard body height is:1783
10-22 19:37:11.499  5589  5589 I KeyboardHeightUtil: KeyboardHeightUtil.calculateMaxKeyboardBodyHeight():50 leave 267 height for app when ime window height:2171, header height:121 and isFullscreenMode:false, so the max keyboard body height is:1783
10-22 19:37:11.499  5589  5589 I AndroidIME: KeyboardViewManager.updateKeyboardBodyViewHolderPaddingBottom():472 Set finalPaddingBottom = 5 while holderPaddingBottom = 5; navigationHeight = 116
10-22 19:37:11.499  5589  5589 I KeyboardHeightUtil: KeyboardHeightUtil.calculateMaxKeyboardBodyHeight():50 leave 267 height for app when ime window height:2171, header height:121 and isFullscreenMode:false, so the max keyboard body height is:1783
10-22 19:37:11.499  5589  5589 I KeyboardHeightUtil: KeyboardHeightUtil.calculateMaxKeyboardBodyHeight():50 leave 267 height for app when ime window height:2171, header height:121 and isFullscreenMode:false, so the max keyboard body height is:1783
10-22 19:37:11.499  5589  5589 I KeyboardModeUtils: KeyboardModeUtils.getKeyboardBottomOffset():435 inch: 0.000000 ydpi: 387.429993 adjustKeyboardBottomByDisplaySize: false currentDensityDpi: 440 defaultDensityDpi: 440 keyboardBottomToScreenPx: 0 keyboardBottomToNavBarPx: -116 navBarHeight: 116
10-22 19:37:11.499  5589  5589 I KeyboardHeightUtil: KeyboardHeightUtil.calculateMaxKeyboardBodyHeight():50 leave 267 height for app when ime window height:2171, header height:121 and isFullscreenMode:false, so the max keyboard body height is:1783
10-22 19:37:11.499  5589  5589 I KeyboardHeightUtil: KeyboardHeightUtil.calculateMaxKeyboardBodyHeight():50 leave 267 height for app when ime window height:2171, header height:121 and isFullscreenMode:false, so the max keyboard body height is:1783
10-22 19:37:11.499  5589  5589 I AndroidIME: KeyboardViewManager.updateKeyboardBodyViewHolderPaddingBottom():472 Set finalPaddingBottom = 5 while holderPaddingBottom = 5; navigationHeight = 116
10-22 19:37:11.499  5589  5589 I KeyboardHeightUtil: KeyboardHeightUtil.calculateMaxKeyboardBodyHeight():50 leave 267 height for app when ime window height:2171, header height:121 and isFullscreenMode:false, so the max keyboard body height is:1783
10-22 19:37:11.499  5589  5589 I KeyboardHeightUtil: KeyboardHeightUtil.calculateMaxKeyboardBodyHeight():50 leave 267 height for app when ime window height:2171, header height:121 and isFullscreenMode:false, so the max keyboard body height is:1783
10-22 19:37:11.499  5589  5589 I GlobeKeyExtension: GlobeKeyExtension.getKeyboardInitialStates():175 
10-22 19:37:11.500  5589  5589 W Keyboard: Keyboard.getKeyboardViewHelper():609 null helper is returned: keyboardDef=mle{processedConditions={show_comma_key=true, enable_more_candidates_view_for_multilingual=false, layout_9key_split=false, enable_secondary_symbols=false, pref_enable_flick_symbols=false, language=en-US, deprecate_long_press_space_for_ime_picker=false, expressions=normal, enable_flick_symbols=true, variant=qwerty, show_period_key=true, enable_number_row=true, device=phone, keyboard_mode=normal, show_secondary_digits=false, enable_preemptive_decode=true, enable_pk_simulator=false, bottom_period_popup_slash=false}, globalConditions={global_theme_key=theme,!gsf,!pgsans,!pgsf,!use_system_font,BORDER,FLAVOR_DPI=XXHDPI,GOOGLE_ICONS,KEYBOARD_WIDTH_CATEGORY=NORMAL,KEY_BORDER_SHAPE=1,LIGHT_THEME=false,PHYSICAL_DIAGONAL=5.748144,POPUP,SCREEN_SHORTEST_WIDTH=393,SCREEN_SHORTEST_WIDTH_NO_SCALE=393,XXHDPI,bottom4dp,enable_emoji_kitchen_browse_color_v2=true,enable_google_fonts_icons=true,enable_popup_on_keypress=true,keyboard_redesign_google_sans=true,non_linear_scale,noshadow,overlay_builtin_dynamic_color_dark_base.binarypb:gm3-dark-ff131313-ffffffff-4d9204e36e3ccb6a165e3e3dbe763ce0,roundedchip,silkpopup, global_locale=en_US, global_density_dpi=440, global_orientation=1}, className=.latin.keyboard.LatinPrimeKeyboard, resourceIds=[#0x7f1705fb, #0x7f17088d], initialStates=0, keyboardViewDefs=[mls{direction=null, id=#0x7f0b0224, isScalable=true, layoutId=#0x7f0e029f, type=BODY, touchable=true, defaultShow=true}, mls{direction=null, id=#0x7f0b0224, isScalable=false, layoutId=#0x7f0e01f9, type=FLOATING_CANDIDATES, touchable=false, defaultShow=false}, mls{direction=LOCALE, id=#0x7f0b0224, isScalable=false, layoutId=#0x7f0e0500, type=HEADER, touchable=true, defaultShow=true}], persistentStates=0, persistentStatesPrefKey=null, popupBubbleLayoutId=#0x7f0e05f1, recentKeyLayoutId=0, recentKeyPopupLayoutId=0, recentKeyType=null, rememberRecentKey=NONE, sessionStates=17592186044419}, type=WIDGET, helpersCreated=[lxm@175887b, lxm@8c2c698, lxm@5010ef1, null], context.getResources().getConfiguration(): {1.0 405mcc869mnc [en_US] ldltr sw393dp w393dp h790dp 440dpi nrml long port night finger -keyb/v/h -nav/h winConfig={ mBounds=Rect(0, 0 - 1080, 2392) mAppBounds=Rect(0, 103 - 1080, 2276) mMaxBounds=Rect(0, 0 - 1080, 2392) mDisplayRotation=ROTATION_0 mWindowingMode=fullscreen mActivityType=undefined mAlwaysOnTop=undefined mRotation=ROTATION_0 isEmbedding:false} s.5420 fontWeightAdjustment=0 themeId=2 themeParameter=0 nightModeLevel = -1 typefaceChanged=0.0 ?spacesystem eaMode=1}
10-22 19:37:11.500  5589  5589 I KeyboardHeightUtil: KeyboardHeightUtil.calculateMaxKeyboardBodyHeight():50 leave 267 height for app when ime window height:2171, header height:121 and isFullscreenMode:false, so the max keyboard body height is:1783
10-22 19:37:11.507  5589  5589 I AndroidIME: InputBundleManager.startInput():358 startInput() with mlo[keyboardType=prime, payload=null]
10-22 19:37:11.507  5589  5589 I GlobeKeyExtension: GlobeKeyExtension.onActivate():120 
10-22 19:37:11.509  5589  5589 I LanguagePromoExtension: LanguagePromoExtension.checkDisplayPreconditions():174 Not show language promo: exceeds the max display times.
10-22 19:37:11.509  5589  5589 I HardKeyTracker: HardKeyTracker.unregisterKeySequence():221 Unregister key sequence nfz{labelResId=2132020497, callback=cgp@2bba8c3, lastModifier=2, keyCodes=[56], actions=[0]}
10-22 19:37:11.509  5589  5589 I HardKeyTracker: HardKeyTracker.unregisterKeySequence():221 Unregister key sequence nfz{labelResId=2132020497, callback=cgp@cd8adbe, lastModifier=0, keyCodes=[317], actions=[0]}
10-22 19:37:11.509  5589  5589 I HardKeyTracker: HardKeyTracker.registerKeySequence():170 Register key sequence nfz{labelResId=2132020497, callback=cgp@14eaf11, lastModifier=2, keyCodes=[56], actions=[0]}
10-22 19:37:11.509  5589  5589 I HardKeyTracker: HardKeyTracker.registerKeySequence():170 Register key sequence nfz{labelResId=2132020497, callback=cgp@7836ae4, lastModifier=0, keyCodes=[317], actions=[0]}
10-22 19:37:11.510  5589  5589 I VoiceInputManagerWrapper: VoiceInputManagerWrapper.cancelShutdown():109 cancelShutdown()
10-22 19:37:11.510  5589  5589 I VoiceInputManagerWrapper: VoiceInputManagerWrapper.syncLanguagePacks():121 syncLanguagePacks()
10-22 19:37:11.510  5589  5589 I VoiceInputManager: VoiceInputManager.onKeyboardActivated():1173 onKeyboardActivated() [UD]
10-22 19:37:11.510  5589  5589 I PkModeUpdater: PkModeUpdater.onActivate():74 onActivate false true
10-22 19:37:11.510  5589  6558 I SpeechFactory: SpeechRecognitionFactory.maybeScheduleAutoPackDownloadForFallback():217 maybeScheduleAutoPackDownloadForFallback()
10-22 19:37:11.510  5589  5589 I AccessoryInputModeManager: AccessoryInputModeManager.onModeStarted():318 Accessory input mode started: null
10-22 19:37:11.510  5589  6558 I FallbackOnDeviceRecognitionProvider: FallbackOnDeviceRecognitionProvider.maybeScheduleAutoPackDownload():205 maybeScheduleAutoPackDownload() for language tag en-US
10-22 19:37:11.510  5589  5589 W SupplementaryKeyboardsWrapper: SupplementaryKeyboardsWrapper.deactivateKeyboard():161 keyboard accessory_candidates_consumer is not activated before!
10-22 19:37:11.510  5589  5589 I KeyboardModeUtils: KeyboardModeUtils.getKeyboardBottomOffset():435 inch: 0.000000 ydpi: 387.429993 adjustKeyboardBottomByDisplaySize: false currentDensityDpi: 440 defaultDensityDpi: 440 keyboardBottomToScreenPx: 0 keyboardBottomToNavBarPx: -116 navBarHeight: 116
10-22 19:37:11.510  5589  5589 I KeyboardHeightUtil: KeyboardHeightUtil.calculateMaxKeyboardBodyHeight():50 leave 267 height for app when ime window height:2171, header height:121 and isFullscreenMode:false, so the max keyboard body height is:1783
10-22 19:37:11.511  5589  5589 I KeyboardHeightUtil: KeyboardHeightUtil.calculateMaxKeyboardBodyHeight():50 leave 267 height for app when ime window height:2171, header height:121 and isFullscreenMode:false, so the max keyboard body height is:1783
10-22 19:37:11.511  5589  5589 I AndroidIME: KeyboardViewManager.updateKeyboardBodyViewHolderPaddingBottom():472 Set finalPaddingBottom = 5 while holderPaddingBottom = 5; navigationHeight = 116
10-22 19:37:11.511  5589  5589 I KeyboardHeightUtil: KeyboardHeightUtil.calculateMaxKeyboardBodyHeight():50 leave 267 height for app when ime window height:2171, header height:121 and isFullscreenMode:false, so the max keyboard body height is:1783
10-22 19:37:11.511  5589  5589 I KeyboardHeightUtil: KeyboardHeightUtil.calculateMaxKeyboardBodyHeight():50 leave 267 height for app when ime window height:2171, header height:121 and isFullscreenMode:false, so the max keyboard body height is:1783
10-22 19:37:11.511  5589  5589 W ExtensionWrapper: ExtensionWrapper.setExtensionViewVisibility():811 interface mas is not activate
10-22 19:37:11.512  5589  5589 I Module  : DeviceLockedStatusModuleProvider$Module.updateDeviceLockedStatus():100 repeatCheckTimes = 1, locked = false
10-22 19:37:11.512  5589  5589 I HardKeyTracker: HardKeyTracker.unregisterKeySequence():221 Unregister key sequence nfz{labelResId=2132020501, callback=cgp@36ab696, lastModifier=2, keyCodes=[48], actions=[0]}
10-22 19:37:11.512  5589  5589 I HardKeyTracker: HardKeyTracker.registerKeySequence():170 Register key sequence nfz{labelResId=2132020501, callback=cgp@235904e, lastModifier=2, keyCodes=[48], actions=[0]}
10-22 19:37:11.512  5589  5589 I HardKeyTracker: HardKeyTracker.unregisterKeySequence():221 Unregister key sequence nfz{labelResId=2132020501, callback=cgp@7c848b3, lastModifier=2, keyCodes=[48], actions=[0]}
10-22 19:37:11.512  5589  5589 I HardKeyTracker: HardKeyTracker.registerKeySequence():170 Register key sequence nfz{labelResId=2132020501, callback=cgp@11e98b, lastModifier=2, keyCodes=[48], actions=[0]}
10-22 19:37:11.513  5589  5589 I HardKeyTracker: HardKeyTracker.unregisterKeySequence():221 Unregister key sequence nfz{labelResId=2132020497, callback=cgp@337d77a, lastModifier=2, keyCodes=[56], actions=[0]}
10-22 19:37:11.513  5589  5589 I HardKeyTracker: HardKeyTracker.unregisterKeySequence():221 Unregister key sequence nfz{labelResId=2132020497, callback=cgp@64f1921, lastModifier=0, keyCodes=[317], actions=[0]}
10-22 19:37:11.513  5589  5589 I HardKeyTracker: HardKeyTracker.registerKeySequence():170 Register key sequence nfz{labelResId=2132020497, callback=cgp@bdbff03, lastModifier=2, keyCodes=[56], actions=[0]}
10-22 19:37:11.513  5589  5589 I HardKeyTracker: HardKeyTracker.registerKeySequence():170 Register key sequence nfz{labelResId=2132020497, callback=cgp@d4ca8fe, lastModifier=0, keyCodes=[317], actions=[0]}
10-22 19:37:11.513  5589  5589 I HardKeyTracker: HardKeyTracker.unregisterKeySequence():221 Unregister key sequence nfz{labelResId=2132020502, callback=cgp@655dbd2, lastModifier=2, keyCodes=[32], actions=[0]}
10-22 19:37:11.513  5589  5589 I HardKeyTracker: HardKeyTracker.registerKeySequence():170 Register key sequence nfz{labelResId=2132020502, callback=cgp@365cd98, lastModifier=2, keyCodes=[32], actions=[0]}
10-22 19:37:11.515  5589  5589 I HardKeyTracker: HardKeyTracker.unregisterKeySequence():221 Unregister key sequence nfz{labelResId=2132020502, callback=cgp@2ddf7f7, lastModifier=2, keyCodes=[32], actions=[0]}
10-22 19:37:11.515  5589  5589 I HardKeyTracker: HardKeyTracker.registerKeySequence():170 Register key sequence nfz{labelResId=2132020502, callback=cgp@1020629, lastModifier=2, keyCodes=[32], actions=[0]}
10-22 19:37:11.515  5589  5589 I VoiceImeExtension: VoiceImeExtension.shouldStartVoiceInputAutomaticallyInCurrentInputBox():378 No private IME option set to start voice input.
10-22 19:37:11.531  5589  5589 D ViewRootImpl: AppSizeAfterRelayout, size: Point(1080, 2287), rotation: ROTATION_0
10-22 19:37:11.532  5589  5589 D BufferQueueConsumer: [](id:15d500000e27,api:0,p:-1,c:5589) connect: controlledByApp=false
10-22 19:37:11.532  5589  5589 D BLASTBufferQueue: [VRI[InputMethod]#3623](f:0,a:0) constructor()
10-22 19:37:11.532  5589  5589 D BLASTBufferQueue: [VRI[InputMethod]#3623](f:0,a:0) update width=1080 height=2287 format=-2 mTransformHint=0
10-22 19:37:11.534  5589  5589 I KeyboardModeUtils: KeyboardModeUtils.getKeyboardBottomOffset():435 inch: 0.000000 ydpi: 387.429993 adjustKeyboardBottomByDisplaySize: false currentDensityDpi: 440 defaultDensityDpi: 440 keyboardBottomToScreenPx: 0 keyboardBottomToNavBarPx: -116 navBarHeight: 116
10-22 19:37:11.534  5589  5589 I KeyboardHeightUtil: KeyboardHeightUtil.calculateMaxKeyboardBodyHeight():50 leave 267 height for app when ime window height:2171, header height:121 and isFullscreenMode:false, so the max keyboard body height is:1783
10-22 19:37:11.534  5589  5589 I KeyboardHeightUtil: KeyboardHeightUtil.calculateMaxKeyboardBodyHeight():50 leave 267 height for app when ime window height:2171, header height:121 and isFullscreenMode:false, so the max keyboard body height is:1783
10-22 19:37:11.534  5589  5589 I AndroidIME: KeyboardViewManager.updateKeyboardBodyViewHolderPaddingBottom():472 Set finalPaddingBottom = 5 while holderPaddingBottom = 5; navigationHeight = 116
10-22 19:37:11.534  5589  5589 I WindowMetricsNotification: WindowMetricsNotification.notifyWithWindow():166 
10-22 19:37:11.534  5589  5589 I WindowMetricsNotification: WindowMetricsNotification.notify():159 pfu[bounds=Rect(0, 105 - 1080, 2392), insets=Rect(0, 0 - 0, 116), densityDpi=440, smallestScreenWidthDp=393, displayWidth=1080, displayHeight=2392, xdpi=387.43, ydpi=387.43, isTrustable=true, displayId=0]; DisplayMetrics{density=2.75, width=1080, height=2392, scaledDensity=2.75, xdpi=387.43, ydpi=387.43}
10-22 19:37:11.561  5589  5657 D BLASTBufferQueue: [VRI[InputMethod]#3623](f:0,a:1) acquireNextBufferLocked size=1080x2287 mFrameNumber=1 applyTransaction=true mTimestamp=789002348569181(auto) mPendingTransactions.size=0 graphicBufferId=24004572228296 transform=0
10-22 19:37:11.566  5589  5589 I GoogleInputMethodService: GoogleInputMethodService$1.onKeyboardViewShown():325 onKeyboardViewShown: keyboardType=prime, keyboardViewType=HEADER keyboardView=com.google.android.libraries.inputmethod.widgets.SoftKeyboardView{606347e V.E...... ........ 0,0-1080,121}
10-22 19:37:11.566  5589  5589 I KeyboardHeightUtil: KeyboardHeightUtil.calculateMaxKeyboardBodyHeight():50 leave 267 height for app when ime window height:2171, header height:121 and isFullscreenMode:false, so the max keyboard body height is:1783
10-22 19:37:11.567  5589  5589 I GoogleInputMethodService: GoogleInputMethodService$1.onKeyboardViewShown():325 onKeyboardViewShown: keyboardType=prime, keyboardViewType=BODY keyboardView=com.google.android.libraries.inputmethod.widgets.SoftKeyboardView{28b28bb V.E...... ........ 0,0-1080,693}
10-22 19:37:11.567  5589  5589 I KeyboardHeightUtil: KeyboardHeightUtil.calculateMaxKeyboardBodyHeight():50 leave 267 height for app when ime window height:2171, header height:121 and isFullscreenMode:false, so the max keyboard body height is:1783
10-22 19:37:11.567  5589  5589 I GlobeKeyExtension: GlobeKeyExtension$1.onKeyboardViewShown():72 maybeDisableLanguageSwitchKeyPref when the keyboard is shown
10-22 19:37:11.567  5589  5589 I GlobeKeyExtension: GlobeKeyExtension.maybeDisableLanguageSwitchKeyPref():200 maybeDisableLanguageSwitchKeyPref hasGlobeKeyBeenDisabled: false, shouldDisableLanguageSwitchKey: false
10-22 19:37:11.567  5589  5589 I NewLanguagePromptExtension: NewLanguagePromptExtension$1.onKeyboardViewShown():98 Not show new language banner: no change in enabled input method entries
10-22 19:37:11.568  5589  5589 I DynamicLayoutHandler: DynamicLayoutHandler.loadDynamicKeys():83 This isn't a dynamic layout.
10-22 19:37:11.568  5589  6030 I Delight5Decoder: Delight5DecoderWrapper.setKeyboardLayout():536 setKeyboardLayout()
10-22 19:37:11.569  5589  5589 I KeyboardModeUtils: KeyboardModeUtils.getKeyboardBottomOffset():435 inch: 0.000000 ydpi: 387.429993 adjustKeyboardBottomByDisplaySize: false currentDensityDpi: 440 defaultDensityDpi: 440 keyboardBottomToScreenPx: 0 keyboardBottomToNavBarPx: -116 navBarHeight: 116
10-22 19:37:11.569  5589  5589 I KeyboardHeightUtil: KeyboardHeightUtil.calculateMaxKeyboardBodyHeight():50 leave 267 height for app when ime window height:2171, header height:121 and isFullscreenMode:false, so the max keyboard body height is:1783
10-22 19:37:11.569  5589  5589 I KeyboardHeightUtil: KeyboardHeightUtil.calculateMaxKeyboardBodyHeight():50 leave 267 height for app when ime window height:2171, header height:121 and isFullscreenMode:false, so the max keyboard body height is:1783
10-22 19:37:11.569  5589  5589 I AndroidIME: KeyboardViewManager.updateKeyboardBodyViewHolderPaddingBottom():472 Set finalPaddingBottom = 5 while holderPaddingBottom = 5; navigationHeight = 116
10-22 19:37:11.635  1870  3605 D BatteryStatsService: noteVideoSurfaceChanged  noteWhich: 49,arg1: 1080, arg2: 1237, arg3: 8523, arg4: 849, name: com.a1taxi.a1taxicustomer
10-22 19:37:11.660  9275  9989 I WifiScanner: onFullResults
10-22 19:37:11.661  9275  9672 I WifiScanner: onFullResults
10-22 19:37:11.661  9275  9308 I WifiScanner: onFullResults
10-22 19:37:11.671  9275 10061 I FrewleTileCacheManagerV: (REDACTED) Fetched %d AP models from cache
10-22 19:37:11.682  5589  5589 W TooltipLifecycleManager: TooltipLifecycleManager.dismissTooltips():153 Tooltip with id spell_check_add_to_dictionary not found in tooltipManager.
10-22 19:37:11.690  9275  9342 I FusedLocation: (REDACTED) location delivery to %s blocked - too close
10-22 19:37:11.691  9275  9342 I FusedLocation: (REDACTED) location delivery to %s blocked - too fast
10-22 19:37:11.691  9275  9342 I FusedLocation: (REDACTED) location delivery to %s blocked - too close
10-22 19:37:11.692  9275  9342 I FusedLocation: (REDACTED) location delivery to %s blocked - too close
10-22 19:37:11.692  9275  9342 I FusedLocation: (REDACTED) location delivery to %s blocked - too fast
10-22 19:37:11.692  9275  9342 I FusedLocation: (REDACTED) location delivery to %s blocked - too fast
10-22 19:37:11.692  9275  9342 I FusedLocation: (REDACTED) location delivery to %s blocked - too fast
10-22 19:37:11.693  9275  9342 I FusedLocation: (REDACTED) location delivery to %s blocked - too fast
10-22 19:37:11.695  9275  9342 I fznc    : Received empty WiFi-RTT scan. [CONTEXT service_id=6 ]
10-22 19:37:12.284  5589  5589 W TooltipLifecycleManager: TooltipLifecycleManager.dismissTooltips():153 Tooltip with id SUGGESTION_VIEW_EDU_MINI_DIALOG not found in tooltipManager.
10-22 19:37:12.285  5589  5589 W LatinPrimeKeyboard: LatinPrimeKeyboard.consumeEvent():353 consumeEvent() : UPDATE_DYNAMIC_KEYS, no dynamic layout
10-22 19:37:12.290  5589 16101 I AndroidSpellCheckerService: AndroidSpellCheckerService.createSession():139 com.google.android.keyboard.client.delight5.LanguageIdentifier@3354f28 is created
10-22 19:37:12.300  5589  5589 I KeyboardModeUtils: KeyboardModeUtils.getKeyboardBottomOffset():435 inch: 0.000000 ydpi: 387.429993 adjustKeyboardBottomByDisplaySize: false currentDensityDpi: 440 defaultDensityDpi: 440 keyboardBottomToScreenPx: 0 keyboardBottomToNavBarPx: -116 navBarHeight: 116
10-22 19:37:12.301  5589  5589 I KeyboardHeightUtil: KeyboardHeightUtil.calculateMaxKeyboardBodyHeight():50 leave 267 height for app when ime window height:2171, header height:121 and isFullscreenMode:false, so the max keyboard body height is:1783
10-22 19:37:12.301  5589  5589 I KeyboardHeightUtil: KeyboardHeightUtil.calculateMaxKeyboardBodyHeight():50 leave 267 height for app when ime window height:2171, header height:121 and isFullscreenMode:false, so the max keyboard body height is:1783
10-22 19:37:12.301  5589  5589 I AndroidIME: KeyboardViewManager.updateKeyboardBodyViewHolderPaddingBottom():472 Set finalPaddingBottom = 5 while holderPaddingBottom = 5; navigationHeight = 116
10-22 19:37:12.315  5589  5589 I KeyboardModeUtils: KeyboardModeUtils.getKeyboardBottomOffset():435 inch: 0.000000 ydpi: 387.429993 adjustKeyboardBottomByDisplaySize: false currentDensityDpi: 440 defaultDensityDpi: 440 keyboardBottomToScreenPx: 0 keyboardBottomToNavBarPx: -116 navBarHeight: 116
10-22 19:37:12.315  5589  5589 I KeyboardHeightUtil: KeyboardHeightUtil.calculateMaxKeyboardBodyHeight():50 leave 267 height for app when ime window height:2171, header height:121 and isFullscreenMode:false, so the max keyboard body height is:1783
10-22 19:37:12.315  5589  5589 I KeyboardHeightUtil: KeyboardHeightUtil.calculateMaxKeyboardBodyHeight():50 leave 267 height for app when ime window height:2171, header height:121 and isFullscreenMode:false, so the max keyboard body height is:1783
10-22 19:37:12.315  5589  5589 I AndroidIME: KeyboardViewManager.updateKeyboardBodyViewHolderPaddingBottom():472 Set finalPaddingBottom = 5 while holderPaddingBottom = 5; navigationHeight = 116
10-22 19:37:13.502  9275  9342 I FusedLocation: (REDACTED) location delivery to %s blocked - too close
10-22 19:37:13.503  9275  9342 I FusedLocation: (REDACTED) location delivery to %s blocked - too fast
10-22 19:37:13.503  9275  9342 I FusedLocation: (REDACTED) location delivery to %s blocked - too close
10-22 19:37:13.505  9275  9342 I FusedLocation: (REDACTED) location delivery to %s blocked - too close
10-22 19:37:13.505  9275  9342 I FusedLocation: (REDACTED) location delivery to %s blocked - too fast
10-22 19:37:13.505  9275  9342 I FusedLocation: (REDACTED) location delivery to %s blocked - too fast
10-22 19:37:13.509  9275  9342 I FusedLocation: (REDACTED) location delivery to %s blocked - too fast
10-22 19:37:13.707  5589  5589 W TooltipLifecycleManager: TooltipLifecycleManager.dismissTooltips():153 Tooltip with id SUGGESTION_VIEW_EDU_MINI_DIALOG not found in tooltipManager.
10-22 19:37:13.733  5589  5589 I KeyboardModeUtils: KeyboardModeUtils.getKeyboardBottomOffset():435 inch: 0.000000 ydpi: 387.429993 adjustKeyboardBottomByDisplaySize: false currentDensityDpi: 440 defaultDensityDpi: 440 keyboardBottomToScreenPx: 0 keyboardBottomToNavBarPx: -116 navBarHeight: 116
10-22 19:37:13.733  5589  5589 I KeyboardHeightUtil: KeyboardHeightUtil.calculateMaxKeyboardBodyHeight():50 leave 267 height for app when ime window height:2171, header height:121 and isFullscreenMode:false, so the max keyboard body height is:1783
10-22 19:37:13.733  5589  5589 I KeyboardHeightUtil: KeyboardHeightUtil.calculateMaxKeyboardBodyHeight():50 leave 267 height for app when ime window height:2171, header height:121 and isFullscreenMode:false, so the max keyboard body height is:1783
10-22 19:37:13.733  5589  5589 I AndroidIME: KeyboardViewManager.updateKeyboardBodyViewHolderPaddingBottom():472 Set finalPaddingBottom = 5 while holderPaddingBottom = 5; navigationHeight = 116
10-22 19:37:13.856  5589  5589 W TooltipLifecycleManager: TooltipLifecycleManager.dismissTooltips():153 Tooltip with id SUGGESTION_VIEW_EDU_MINI_DIALOG not found in tooltipManager.
10-22 19:37:13.899  5589  5589 I KeyboardModeUtils: KeyboardModeUtils.getKeyboardBottomOffset():435 inch: 0.000000 ydpi: 387.429993 adjustKeyboardBottomByDisplaySize: false currentDensityDpi: 440 defaultDensityDpi: 440 keyboardBottomToScreenPx: 0 keyboardBottomToNavBarPx: -116 navBarHeight: 116
10-22 19:37:13.899  5589  5589 I KeyboardHeightUtil: KeyboardHeightUtil.calculateMaxKeyboardBodyHeight():50 leave 267 height for app when ime window height:2171, header height:121 and isFullscreenMode:false, so the max keyboard body height is:1783
10-22 19:37:13.899  5589  5589 I KeyboardHeightUtil: KeyboardHeightUtil.calculateMaxKeyboardBodyHeight():50 leave 267 height for app when ime window height:2171, header height:121 and isFullscreenMode:false, so the max keyboard body height is:1783
10-22 19:37:13.899  5589  5589 I AndroidIME: KeyboardViewManager.updateKeyboardBodyViewHolderPaddingBottom():472 Set finalPaddingBottom = 5 while holderPaddingBottom = 5; navigationHeight = 116
10-22 19:37:14.012  5589  5589 W TooltipLifecycleManager: TooltipLifecycleManager.dismissTooltips():153 Tooltip with id SUGGESTION_VIEW_EDU_MINI_DIALOG not found in tooltipManager.
10-22 19:37:14.051  5589  5589 I KeyboardModeUtils: KeyboardModeUtils.getKeyboardBottomOffset():435 inch: 0.000000 ydpi: 387.429993 adjustKeyboardBottomByDisplaySize: false currentDensityDpi: 440 defaultDensityDpi: 440 keyboardBottomToScreenPx: 0 keyboardBottomToNavBarPx: -116 navBarHeight: 116
10-22 19:37:14.051  5589  5589 I KeyboardHeightUtil: KeyboardHeightUtil.calculateMaxKeyboardBodyHeight():50 leave 267 height for app when ime window height:2171, header height:121 and isFullscreenMode:false, so the max keyboard body height is:1783
10-22 19:37:14.051  5589  5589 I KeyboardHeightUtil: KeyboardHeightUtil.calculateMaxKeyboardBodyHeight():50 leave 267 height for app when ime window height:2171, header height:121 and isFullscreenMode:false, so the max keyboard body height is:1783
10-22 19:37:14.051  5589  5589 I AndroidIME: KeyboardViewManager.updateKeyboardBodyViewHolderPaddingBottom():472 Set finalPaddingBottom = 5 while holderPaddingBottom = 5; navigationHeight = 116
10-22 19:37:14.234  5589  5589 W TooltipLifecycleManager: TooltipLifecycleManager.dismissTooltips():153 Tooltip with id SUGGESTION_VIEW_EDU_MINI_DIALOG not found in tooltipManager.
10-22 19:37:14.266  5589  5589 I KeyboardModeUtils: KeyboardModeUtils.getKeyboardBottomOffset():435 inch: 0.000000 ydpi: 387.429993 adjustKeyboardBottomByDisplaySize: false currentDensityDpi: 440 defaultDensityDpi: 440 keyboardBottomToScreenPx: 0 keyboardBottomToNavBarPx: -116 navBarHeight: 116
10-22 19:37:14.266  5589  5589 I KeyboardHeightUtil: KeyboardHeightUtil.calculateMaxKeyboardBodyHeight():50 leave 267 height for app when ime window height:2171, header height:121 and isFullscreenMode:false, so the max keyboard body height is:1783
10-22 19:37:14.266  5589  5589 I KeyboardHeightUtil: KeyboardHeightUtil.calculateMaxKeyboardBodyHeight():50 leave 267 height for app when ime window height:2171, header height:121 and isFullscreenMode:false, so the max keyboard body height is:1783
10-22 19:37:14.266  5589  5589 I AndroidIME: KeyboardViewManager.updateKeyboardBodyViewHolderPaddingBottom():472 Set finalPaddingBottom = 5 while holderPaddingBottom = 5; navigationHeight = 116
10-22 19:37:14.444  5589  5589 W TooltipLifecycleManager: TooltipLifecycleManager.dismissTooltips():153 Tooltip with id SUGGESTION_VIEW_EDU_MINI_DIALOG not found in tooltipManager.
10-22 19:37:14.484  5589  5589 I KeyboardModeUtils: KeyboardModeUtils.getKeyboardBottomOffset():435 inch: 0.000000 ydpi: 387.429993 adjustKeyboardBottomByDisplaySize: false currentDensityDpi: 440 defaultDensityDpi: 440 keyboardBottomToScreenPx: 0 keyboardBottomToNavBarPx: -116 navBarHeight: 116
10-22 19:37:14.484  5589  5589 I KeyboardHeightUtil: KeyboardHeightUtil.calculateMaxKeyboardBodyHeight():50 leave 267 height for app when ime window height:2171, header height:121 and isFullscreenMode:false, so the max keyboard body height is:1783
10-22 19:37:14.484  5589  5589 I KeyboardHeightUtil: KeyboardHeightUtil.calculateMaxKeyboardBodyHeight():50 leave 267 height for app when ime window height:2171, header height:121 and isFullscreenMode:false, so the max keyboard body height is:1783
10-22 19:37:14.485  5589  5589 I AndroidIME: KeyboardViewManager.updateKeyboardBodyViewHolderPaddingBottom():472 Set finalPaddingBottom = 5 while holderPaddingBottom = 5; navigationHeight = 116
10-22 19:37:14.589  5589  5589 W TooltipLifecycleManager: TooltipLifecycleManager.dismissTooltips():153 Tooltip with id SUGGESTION_VIEW_EDU_MINI_DIALOG not found in tooltipManager.
10-22 19:37:14.617  5589  5589 I KeyboardModeUtils: KeyboardModeUtils.getKeyboardBottomOffset():435 inch: 0.000000 ydpi: 387.429993 adjustKeyboardBottomByDisplaySize: false currentDensityDpi: 440 defaultDensityDpi: 440 keyboardBottomToScreenPx: 0 keyboardBottomToNavBarPx: -116 navBarHeight: 116
10-22 19:37:14.617  5589  5589 I KeyboardHeightUtil: KeyboardHeightUtil.calculateMaxKeyboardBodyHeight():50 leave 267 height for app when ime window height:2171, header height:121 and isFullscreenMode:false, so the max keyboard body height is:1783
10-22 19:37:14.618  5589  5589 I KeyboardHeightUtil: KeyboardHeightUtil.calculateMaxKeyboardBodyHeight():50 leave 267 height for app when ime window height:2171, header height:121 and isFullscreenMode:false, so the max keyboard body height is:1783
10-22 19:37:14.618  5589  5589 I AndroidIME: KeyboardViewManager.updateKeyboardBodyViewHolderPaddingBottom():472 Set finalPaddingBottom = 5 while holderPaddingBottom = 5; navigationHeight = 116
10-22 19:37:15.497  9275  9342 I FusedLocation: (REDACTED) location delivery to %s blocked - too close
10-22 19:37:15.497  9275  9342 I FusedLocation: (REDACTED) location delivery to %s blocked - too fast
10-22 19:37:15.498  9275  9342 I FusedLocation: (REDACTED) location delivery to %s blocked - too close
10-22 19:37:15.500  9275  9342 I FusedLocation: (REDACTED) location delivery to %s blocked - too close
10-22 19:37:15.500  9275  9342 I FusedLocation: (REDACTED) location delivery to %s blocked - too fast
10-22 19:37:15.501  9275  9342 I FusedLocation: (REDACTED) location delivery to %s blocked - too fast
10-22 19:37:15.504  9275  9342 I FusedLocation: (REDACTED) location delivery to %s blocked - too fast
10-22 19:37:16.659  9275  9345 W Settings: Setting airplane_mode_on has moved from android.provider.Settings.System to android.provider.Settings.Global, returning read-only value.
10-22 19:37:16.661  9275  9345 W Settings: Setting airplane_mode_on has moved from android.provider.Settings.System to android.provider.Settings.Global, returning read-only value.
10-22 19:37:16.672  9275 10061 W SystemServiceRegistry: No service published for: wifirtt
10-22 19:37:17.468  9275  9342 I FusedLocation: (REDACTED) location delivery to %s blocked - too close
10-22 19:37:17.469  9275  9342 I FusedLocation: (REDACTED) location delivery to %s blocked - too close
10-22 19:37:17.470  9275  9342 I FusedLocation: (REDACTED) location delivery to %s blocked - too close
10-22 19:37:17.470  9275  9342 I FusedLocation: (REDACTED) location delivery to %s blocked - too fast
10-22 19:37:17.470  9275  9342 I FusedLocation: (REDACTED) location delivery to %s blocked - too fast
10-22 19:37:17.472  9275  9342 I FusedLocation: (REDACTED) location delivery to %s blocked - too fast
10-22 19:37:17.706  5589  5589 I GoogleInputMethodService: GoogleInputMethodService.onFinishInputView():1571 onFinishInputView(false)
10-22 19:37:17.707  5589  5589 I GlobeKeyExtension: GlobeKeyExtension.onDeactivate():144 
10-22 19:37:17.707  5589  5589 W TooltipLifecycleManager: TooltipLifecycleManager.dismissTooltips():153 Tooltip with id SUGGESTION_VIEW_EDU_MINI_DIALOG not found in tooltipManager.
10-22 19:37:17.708  5589  5589 I VoiceInputManagerWrapper: VoiceInputManagerWrapper.shutdown():131 shutdown()
10-22 19:37:17.708  5589  5589 W TooltipLifecycleManager: TooltipLifecycleManager.dismissTooltips():153 Tooltip with id spell_check_add_to_dictionary not found in tooltipManager.
10-22 19:37:17.710  5589 16101 I SpellCheckerSession: SpellCheckerSession.onClose():690 com.google.android.keyboard.client.delight5.LanguageIdentifier@3354f28 is closed
10-22 19:37:17.712  5589  5589 I InputBundle: InputBundle.consumeEvent():1032 Skip consuming an event as keyboard status is INACTIVE
10-22 19:37:17.713  5589  5589 I AndroidIME: AbstractIme.onDeactivate():216 LatinIme.onDeactivate()
10-22 19:37:17.715  5589  5589 W TooltipLifecycleManager: TooltipLifecycleManager.dismissTooltips():153 Tooltip with id undo_access_point_promotion_banner not found in tooltipManager.
10-22 19:37:17.725  5589  6019 I OnDeviceWmrCalculator: OnDeviceWmrCalculator.calculateWmr():94 WMR: 0.0000 (0 / 1)
10-22 19:37:17.812  5589  5589 I GoogleInputMethodService: GoogleInputMethodService.onFinishInput():2085 
10-22 19:37:17.813  5589  5589 I Module  : DeviceLockedStatusModuleProvider$Module.updateDeviceLockedStatus():100 repeatCheckTimes = 0, locked = false
10-22 19:37:17.813  5589  5589 I GoogleInputMethodService: GoogleInputMethodService.onStartInput():1346 onStartInput(EditorInfo{EditorInfo{packageName=com.a1taxi.a1taxicustomer, inputType=0, inputTypeString=NULL, enableLearning=false, autoCorrection=false, autoComplete=false, imeOptions=0, privateImeOptions=null, actionName=UNSPECIFIED, actionLabel=null, initialSelStart=-1, initialSelEnd=-1, initialCapsMode=0, label=null, fieldId=0, fieldName=null, extras=null, hintText=null, hintLocales=[]}}, false)
10-22 19:37:17.814  5589  5589 I Module  : DeviceLockedStatusModuleProvider$Module.updateDeviceLockedStatus():100 repeatCheckTimes = 1, locked = false
10-22 19:37:17.836  1870  1929 D BatteryStatsService: noteVideoSurfaceChanged  noteWhich: 49,arg1: 1080, arg2: 2056, arg3: 8523, arg4: 849, name: com.a1taxi.a1taxicustomer
10-22 19:37:18.335  5589  5589 W TooltipLifecycleManager: TooltipLifecycleManager.dismissTooltips():153 Tooltip with id undo_access_point_promotion_banner not found in tooltipManager.
10-22 19:37:18.356  5589  5589 D ViewRootImpl: AppSizeAfterRelayout, size: Point(1080, 2287), rotation: ROTATION_0
10-22 19:37:18.357  5589  5589 D BLASTBufferQueue: [VRI[InputMethod]#3623](f:0,a:4) destructor()
10-22 19:37:18.357  5589  5589 D BufferQueueConsumer: [VRI[InputMethod]#3623(BLAST Consumer)3623](id:15d500000e27,api:0,p:-1,c:5589) disconnect
10-22 19:37:19.501  9275  9342 I FusedLocation: (REDACTED) location delivery to %s blocked - too close
10-22 19:37:19.502  9275  9342 I FusedLocation: (REDACTED) location delivery to %s blocked - too fast
10-22 19:37:19.502  9275  9342 I FusedLocation: (REDACTED) location delivery to %s blocked - too close
10-22 19:37:19.503  9275  9342 I FusedLocation: (REDACTED) location delivery to %s blocked - too close
10-22 19:37:19.503  9275  9342 I FusedLocation: (REDACTED) location delivery to %s blocked - too fast
10-22 19:37:19.506  9275  9342 I FusedLocation: (REDACTED) location delivery to %s blocked - too fast
10-22 19:37:19.510  5720 14148 D SQLiteQueryBuilder: SELECT count(_id) FROM files WHERE ((((is_pending=0 AND NOT _modifier=4) OR (is_pending=1 AND lower(_data) NOT REGEXP '.*/\.pending-(\d+)-([^/]+)$' AND owner_package_name IN ( 'com.vivo.widget.gallery' , 'com.vivo.gallery' )))) AND (volume_name IN ( 'external_primary' ))) AND ((( _id > 1000015276) AND (media_type == 1 OR media_type == 3) AND (width > 0 AND height > 0)))
10-22 19:37:19.511  5720 14147 I MediaProvider: Filtering owner package name for com.vivo.gallery, projection: [_id, title, mime_type, datetaken, date_added, date_modified, _data, orientation, bucket_id, _size, width, height, group_id, _display_name, is_favorite, media_type, duration, resolution, relative_path, generation_modified, is_trashed, date_expires, bucket_display_name, owner_package_name, is_pending]
10-22 19:37:19.512  5720 14147 D SQLiteQueryBuilder: SELECT DISTINCT owner_package_name FROM files WHERE ((volume_name IN ( 'external_primary' )) AND (owner_package_name <> '' AND owner_package_name <> 'null' AND owner_package_name IS NOT NULL)) AND ((_id IN (?)))
10-22 19:37:19.514  9275  9949 I SemanticLocation: [InfMgr] No location reports after filtering [CONTEXT service_id=173 ]
10-22 19:37:19.516  5720 14147 D MediaProvider: Constructed owner_package_name substitution: CASE WHEN owner_package_name IN ('com.vivo.smartshot') THEN owner_package_name ELSE NULL END AS owner_package_name
10-22 19:37:19.516  5720 14147 W SQLiteQueryBuilder: Allowing abusive custom column: CASE WHEN owner_package_name IN ('com.vivo.smartshot') THEN owner_package_name ELSE NULL END AS owner_package_name
10-22 19:37:19.516  5720 14147 W SQLiteQueryBuilder: Allowing abusive custom column: CASE WHEN owner_package_name IN ('com.vivo.smartshot') THEN owner_package_name ELSE NULL END AS owner_package_name
10-22 19:37:19.517  5720 14147 W SQLiteQueryBuilder: Allowing abusive custom column: CASE WHEN owner_package_name IN ('com.vivo.smartshot') THEN owner_package_name ELSE NULL END AS owner_package_name
10-22 19:37:19.517  5720 14147 D SQLiteQueryBuilder: SELECT _id, title, mime_type, datetaken, date_added, date_modified, _data, orientation, bucket_id, _size, width, height, group_id, _display_name, is_favorite, media_type, duration, resolution, relative_path, generation_modified, is_trashed, date_expires, bucket_display_name, CASE WHEN owner_package_name IN ('com.vivo.smartshot') THEN owner_package_name ELSE NULL END AS owner_package_name, is_pending FROM files WHERE ((volume_name IN ( 'external_primary' ))) AND ((_id IN (?)))
10-22 19:37:19.553  5720 14148 D SQLiteQueryBuilder: SELECT _id, media_type, mime_type, _size, _data, bucket_id, orientation FROM files WHERE ((((is_pending=0 AND NOT _modifier=4) OR (is_pending=1 AND lower(_data) NOT REGEXP '.*/\.pending-(\d+)-([^/]+)$' AND owner_package_name IN ( 'com.vivo.widget.gallery' , 'com.vivo.gallery' )))) AND (volume_name IN ( 'external_primary' ))) AND ((( _id > 1000015276) AND (media_type == 1 OR media_type == 3) AND (width > 0 AND height > 0))) ORDER BY _id asc LIMIT 200 OFFSET 0
