10-19 15:07:42.844  5720 14093 D SQLiteQueryBuilder: SELECT _id, _data, _size, date_modified, bucket_id, orientation, datetaken FROM images WHERE ((((is_pending=0 AND NOT _modifier=4) OR (is_pending=1 AND lower(_data) NOT REGEXP '.*/\.pending-(\d+)-([^/]+)$' AND owner_package_name IN ( 'com.vivo.widget.gallery' , 'com.vivo.gallery' )))) AND (is_trashed=0) AND (volume_name IN ( 'external_primary' ))) AND (( bucket_id IN ( -1212198981, -1695567127, -53910322, -2140495773, 606811175, 1251957395, 1115488879, 1092149518, 390907738, -1694063856, -803954635, -1690180765, -1816304744, 911081060, -1291404494, -1285319851, -651554454, 151630153, 543621159, -2002206485, 73761835, -1760112825, -71543827, -302991967, -1227671927, -156420408, -1516374533, 1829735780, -1450708494, -506316380, -1341114264, 1114833418, 1152093397, -1733679058, -2131021710, -680697881, 2084439217, -2024679488, -1447456465, 700805465, 991906690, 1345966226, 657155968, 1266435012, -1966306697, -1897284014, -1949680778, 434583847, 990381004, -1526850504, -1612742889, -1273942824, -1004938028, 331203438, 708879003, 255899559, -528275350, -602893060, -1055518229, 545491069, -1716401999, 668104411, -1118657469, 1040014575, 849662899, -174887798, -1292465169, 1101584562, -613830029, -1577375515, -1628155945, -1033534650, -328196774, -2071947861, 805181138, -1104308479, 181789691, 619245019, 616142335, -1829889111, -1578944343, -1809455754, 1690766750, -793566743, 272894235, -435605656, -1858432929, -792464988, -434569360, -1462931038, -879973635, 65759896, -924335728, -1809287853, 1755148769, -223571158, 2126348076, 48382832, 700217390, 630412299, 183872366, 1059985074, -1806957104, -1641691205, -571335571, 1519174419, 1036004452, -2031220924, -1537104433, 1829930144, -745596364, -8122821, 1366741172, 1548299660, 1674287630, -1535937100, 13148420, 1909659649, 264986155, -9482612, 13005089, -2089205090, -1022498075, -919133986, -884178250, -1422443828, -670014994, -2121027476, 2020100714, 489993, 448544941, -2101462868, -261299595, 1172023232, 1278178828, -607125002, -856420653, -1973993346, 1498690426, -1527464249, -1945110980, 395625896, 1909316592, 569711560, -1686988495, 1763470175, -1488038648, 2113906615, -550734493, 85651275, -1964037955, 428383196, -1949793892, 1136101865, 2018234913, -18391924, 1490911920, -884178653, -1170470833, -1215953411, 1077477957, -1198914825, 1461775709, -643464410, 1900774339, 1272506704, -485246563, 1960476238, -1291404897, -1950041765, 1664549270, 2070856141, 1220790880, 359301071, 278762032, 470519460, -924530092, -1382559966, 904275793, 1298630565, 1186223222, -519179321, 232691476, -1684913851, -750954006, 83641895, 1145800364, -2012790048, 1286776387, 397907126, 1330064451, -1804177550, -1809174739, 174397812, 2043613916, -675937132, 1736146008, -1702973091, -1184968074, 1502601919, 1574223589, 445258174, -1682700158, -351293385, 638217523, 2052700512, 949947357, -1318309340, 616722321, -1406249091, 656868479, -402361508, -1410236246, -1193446467, -1415689986, -1935708161, 1786892787, -2041971395, -1087402833, -1809045590, 658433208, 1208185747, 761624307, 250774884, 12344107, -1415495622, 35166595, -175675851, 912551383, -1432612566, 39258592, -131644514, -1950760957, -1022555983, -1656404229, -731336746, 1106324018, 1962141495, -643270046, 133162019, -2075879543, 945165185, -1572118126, 1746875333, -2129001792, -1739773001, -214169408, 1354535744, -1551292529, 581197485, 1732723533, 1456888538, -1448813142, 13311172, -1569520032, -1527994117, 348164313, 1631149349, -242606674, -1914187326, -1445556762, 211087524, -219150656, -1422672119, -1530754818, -1171388910, -2072752055, -1325148867, 361712075, -1730634595, -340891674, 1407102871, 53870456, -508660256, 2028258487, -815228101, -1694937425, -519178918, 1561178453, -1131671344, 1431320847, 2046578077, -781677303, 1291266200, 848578299, -1972390376, -978314959, -1319727662, 943502520, 1028125135, -175466238, 1195992005, 1920382715, 2108277051, 443703009, 675671268, 263662367, -347572232, 183545411, 1450478273, -1879659704, 1957916785, 1976953110, -1157253172, -1407948598, 
10-19 15:07:42.905 28312 28312 I ImeTracker: com.a1taxi.a1taxicustomer:181c5475: onRequestShow at ORIGIN_CLIENT reason SHOW_SOFT_INPUT fromUser true
10-19 15:07:42.906  5589  5589 I GoogleInputMethodService: GoogleInputMethodService.onFinishInputView():1571 onFinishInputView(true)
10-19 15:07:42.906  5589  5589 I GlobeKeyExtension: GlobeKeyExtension.onDeactivate():144 
10-19 15:07:42.907  5589  5589 W TooltipLifecycleManager: TooltipLifecycleManager.dismissTooltips():153 Tooltip with id SUGGESTION_VIEW_EDU_MINI_DIALOG not found in tooltipManager.
10-19 15:07:42.907  5589  5589 I VoiceInputManagerWrapper: VoiceInputManagerWrapper.shutdown():131 shutdown()
10-19 15:07:42.907  5589  5589 W TooltipLifecycleManager: TooltipLifecycleManager.dismissTooltips():153 Tooltip with id spell_check_add_to_dictionary not found in tooltipManager.
10-19 15:07:42.908  5589  5589 I InputBundle: InputBundle.consumeEvent():1032 Skip consuming an event as keyboard status is INACTIVE
10-19 15:07:42.909  5589  5589 I AndroidIME: AbstractIme.onDeactivate():216 LatinIme.onDeactivate()
10-19 15:07:42.911  5589  5589 I GoogleInputMethodService: GoogleInputMethodService.onFinishInput():2085 
10-19 15:07:42.912  5589  5589 I Module  : DeviceLockedStatusModuleProvider$Module.updateDeviceLockedStatus():100 repeatCheckTimes = 0, locked = false
10-19 15:07:42.912  5589  5589 I GoogleInputMethodService: GoogleInputMethodService.onStartInput():1346 onStartInput(EditorInfo{EditorInfo{packageName=com.a1taxi.a1taxicustomer, inputType=4003, inputTypeString=Phone, enableLearning=false, autoCorrection=false, autoComplete=false, imeOptions=4000006, privateImeOptions=null, actionName=DONE, actionLabel=null, initialSelStart=0, initialSelEnd=0, initialCapsMode=2000, label=null, fieldId=277, fieldName=null, extras=Bundle[mParcelledData.dataSize=404], hintText=non-empty, hintLocales=[]}}, false)
10-19 15:07:42.913  5589  5589 I Module  : DeviceLockedStatusModuleProvider$Module.updateDeviceLockedStatus():100 repeatCheckTimes = 1, locked = false
10-19 15:07:42.913 28312 28312 W RemoteInputConnectionImpl: requestCursorUpdates on inactive InputConnection
10-19 15:07:42.914  5589  5589 I HardKeyTracker: HardKeyTracker.unregisterKeySequence():221 Unregister key sequence nfz{labelResId=0, callback=gds@6af25c, lastModifier=0, keyCodes=[57, 57], actions=[1, 0]}
10-19 15:07:42.914  5589  5589 I HardKeyTracker: HardKeyTracker.unregisterKeySequence():221 Unregister key sequence nfz{labelResId=0, callback=gds@38912eb, lastModifier=0, keyCodes=[58, 58], actions=[1, 0]}
10-19 15:07:42.915  5589  5589 I GoogleInputMethodService: GoogleInputMethodService.onStartInputView():1439 onStartInputView(EditorInfo{EditorInfo{packageName=com.a1taxi.a1taxicustomer, inputType=4003, inputTypeString=Phone, enableLearning=false, autoCorrection=false, autoComplete=false, imeOptions=4000006, privateImeOptions=null, actionName=DONE, actionLabel=null, initialSelStart=0, initialSelEnd=0, initialCapsMode=2000, label=null, fieldId=277, fieldName=null, extras=Bundle[{android.support.text.emoji.emojiCompat_metadataVersion=11, androidx.core.view.inputmethod.EditorInfoCompat.STYLUS_HANDWRITING_ENABLED=true, android.support.text.emoji.emojiCompat_replaceAll=false}], hintText=non-empty, hintLocales=[]}}, false)
10-19 15:07:42.915  5589  6019 I OnDeviceWmrCalculator: OnDeviceWmrCalculator.calculateWmr():94 WMR: 0.0000 (0 / 1)
10-19 15:07:42.915  5589  5589 I KeyboardHeightUtil: KeyboardHeightUtil.getOemKeyboardHeightRatio():108 systemKeyboardHeightRatio:1.000000.
10-19 15:07:42.916  5589  5589 I AndroidIME: InputBundleManager.loadActiveInputBundleId():528 loadActiveInputBundleId: und-Latn-x-phone-number, phone_number
10-19 15:07:42.917  5589  5589 I KeyboardWrapper: KeyboardWrapper.activateKeyboard():581 activateKeyboard(): type=prime, status=INACTIVE, imeDef=mkk{stringId=phone_number, language=und-Latn-x-phone-number, languageTag=und-Latn-x-phone-number, processedConditions={}, className=com.google.android.libraries.inputmethod.ime.DummyIme, label=2132019312, keyEventInterpreter=null, inlineComposing=true, autoCapital=false, announceAutoSelectedCandidate=false, statusIcon=0, indicatorIcon=0, indicatorLabel=null, displayAppCompletions=false, extraValues=mkd{}, processors=mmb@7d3d911, unacceptableMetaKeys=4098, languageSpecificSettings=0, asciiCapable=false, alwaysShowSuggestions=false, useAsciiPasswordKeyboard=false, keyboardGroupDef=mlk@ee31802, phenotypeFlagId=0, localizationLanguageTag=null, supportsInlineSuggestion=false}
10-19 15:07:42.917  5589  5589 I KeyboardManager: KeyboardManager.requestKeyboard():248 Creating keyboard prime, imeId=phone_number, cacheKey=theme,!gsf,!pgsans,!pgsf,!use_system_font,BORDER,FLAVOR_DPI=XXHDPI,GOOGLE_ICONS,KEYBOARD_WIDTH_CATEGORY=NORMAL,KEY_BORDER_SHAPE=1,LIGHT_THEME=false,PHYSICAL_DIAGONAL=5.748144,POPUP,SCREEN_SHORTEST_WIDTH=393,SCREEN_SHORTEST_WIDTH_NO_SCALE=393,XXHDPI,bottom4dp,enable_emoji_kitchen_browse_color_v2=true,enable_google_fonts_icons=true,enable_popup_on_keypress=true,keyboard_redesign_google_sans=true,non_linear_scale,noshadow,overlay_builtin_dynamic_color_dark_base.binarypb:gm3-dark-ff131313-ffffffff-4d9204e36e3ccb6a165e3e3dbe763ce0,roundedchip,silkpopup
10-19 15:07:42.917  5589  5589 I KeyboardWrapper: KeyboardWrapper.onKeyboardReady():224 onKeyboardReady(): type=prime(prime), kb=com.google.android.apps.inputmethod.latin.keyboard.LatinDialKeyboard@ea8fac2
10-19 15:07:42.921 28312 28312 I ImeTracker: com.a1taxi.a1taxicustomer:d42e5bc2: onRequestShow at ORIGIN_CLIENT reason SHOW_SOFT_INPUT fromUser false
10-19 15:07:42.922  5589  5589 I KeyboardWrapper: KeyboardWrapper.doActivateKeyboard():611 doActivateKeyboard(): prime
10-19 15:07:42.943  5589  5589 I KeyboardViewHelper: KeyboardViewHelper.getView():180 Get view with height ratio:1.000000
10-19 15:07:42.958  5589  5602 I BpBinder: onLastStrongRef automatically unlinking death recipients: 
10-19 15:07:42.962  5589  5602 I BpBinder: onLastStrongRef automatically unlinking death recipients: 
10-19 15:07:42.963  5589  5602 I BpBinder: onLastStrongRef automatically unlinking death recipients: 
10-19 15:07:42.963  5589  5602 I BpBinder: onLastStrongRef automatically unlinking death recipients: 
10-19 15:07:42.964  5589  5589 I KeyboardHeightUtil: KeyboardHeightUtil.calculateMaxKeyboardBodyHeight():50 leave 267 height for app when ime window height:2171, header height:121 and isFullscreenMode:false, so the max keyboard body height is:1783
10-19 15:07:42.965  5589  5602 I BpBinder: onLastStrongRef automatically unlinking death recipients: 
10-19 15:07:42.965  5589  5589 W TooltipLifecycleManager: TooltipLifecycleManager.dismissTooltips():153 Tooltip with id undo_access_point_promotion_banner not found in tooltipManager.
10-19 15:07:42.965  5589  5602 I BpBinder: onLastStrongRef automatically unlinking death recipients: 
10-19 15:07:42.965  5589  5589 I KeyboardModeUtils: KeyboardModeUtils.getKeyboardBottomOffset():435 inch: 0.000000 ydpi: 387.429993 adjustKeyboardBottomByDisplaySize: false currentDensityDpi: 440 defaultDensityDpi: 440 keyboardBottomToScreenPx: 0 keyboardBottomToNavBarPx: -116 navBarHeight: 116
10-19 15:07:42.965  5589  5589 I KeyboardHeightUtil: KeyboardHeightUtil.calculateMaxKeyboardBodyHeight():50 leave 267 height for app when ime window height:2171, header height:121 and isFullscreenMode:false, so the max keyboard body height is:1783
10-19 15:07:42.966  5589  5589 I KeyboardHeightUtil: KeyboardHeightUtil.calculateMaxKeyboardBodyHeight():50 leave 267 height for app when ime window height:2171, header height:121 and isFullscreenMode:false, so the max keyboard body height is:1783
10-19 15:07:42.966  5589  5589 I AndroidIME: KeyboardViewManager.updateKeyboardBodyViewHolderPaddingBottom():472 Set finalPaddingBottom = 5 while holderPaddingBottom = 5; navigationHeight = 116
10-19 15:07:42.966  5589  5589 I KeyboardHeightUtil: KeyboardHeightUtil.calculateMaxKeyboardBodyHeight():50 leave 267 height for app when ime window height:2171, header height:121 and isFullscreenMode:false, so the max keyboard body height is:1783
10-19 15:07:42.966  5589  5589 I KeyboardHeightUtil: KeyboardHeightUtil.calculateMaxKeyboardBodyHeight():50 leave 267 height for app when ime window height:2171, header height:121 and isFullscreenMode:false, so the max keyboard body height is:1783
10-19 15:07:42.966  5589  5589 I KeyboardModeUtils: KeyboardModeUtils.getKeyboardBottomOffset():435 inch: 0.000000 ydpi: 387.429993 adjustKeyboardBottomByDisplaySize: false currentDensityDpi: 440 defaultDensityDpi: 440 keyboardBottomToScreenPx: 0 keyboardBottomToNavBarPx: -116 navBarHeight: 116
10-19 15:07:42.966  5589  5589 I KeyboardHeightUtil: KeyboardHeightUtil.calculateMaxKeyboardBodyHeight():50 leave 267 height for app when ime window height:2171, header height:121 and isFullscreenMode:false, so the max keyboard body height is:1783
10-19 15:07:42.966  5589  5589 I KeyboardHeightUtil: KeyboardHeightUtil.calculateMaxKeyboardBodyHeight():50 leave 267 height for app when ime window height:2171, header height:121 and isFullscreenMode:false, so the max keyboard body height is:1783
10-19 15:07:42.966  5589  5589 I AndroidIME: KeyboardViewManager.updateKeyboardBodyViewHolderPaddingBottom():472 Set finalPaddingBottom = 5 while holderPaddingBottom = 5; navigationHeight = 116
10-19 15:07:42.966  5589  5589 I KeyboardHeightUtil: KeyboardHeightUtil.calculateMaxKeyboardBodyHeight():50 leave 267 height for app when ime window height:2171, header height:121 and isFullscreenMode:false, so the max keyboard body height is:1783
10-19 15:07:42.966  5589  5589 I KeyboardHeightUtil: KeyboardHeightUtil.calculateMaxKeyboardBodyHeight():50 leave 267 height for app when ime window height:2171, header height:121 and isFullscreenMode:false, so the max keyboard body height is:1783
10-19 15:07:42.967  5589  5589 I GlobeKeyExtension: GlobeKeyExtension.getKeyboardInitialStates():175 
10-19 15:07:42.967  5589  5589 W Keyboard: Keyboard.getKeyboardViewHelper():609 null helper is returned: keyboardDef=mle{processedConditions={enable_access_points_in_password_number=true, enable_correction_settings_updates=true, layout_9key_split=false, language=en-US, deprecate_long_press_space_for_ime_picker=false, show_suggestion_strip=true, device=phone, expressions=normal}, globalConditions={global_theme_key=theme,!gsf,!pgsans,!pgsf,!use_system_font,BORDER,FLAVOR_DPI=XXHDPI,GOOGLE_ICONS,KEYBOARD_WIDTH_CATEGORY=NORMAL,KEY_BORDER_SHAPE=1,LIGHT_THEME=false,PHYSICAL_DIAGONAL=5.748144,POPUP,SCREEN_SHORTEST_WIDTH=393,SCREEN_SHORTEST_WIDTH_NO_SCALE=393,XXHDPI,bottom4dp,enable_emoji_kitchen_browse_color_v2=true,enable_google_fonts_icons=true,enable_popup_on_keypress=true,keyboard_redesign_google_sans=true,non_linear_scale,noshadow,overlay_builtin_dynamic_color_dark_base.binarypb:gm3-dark-ff131313-ffffffff-4d9204e36e3ccb6a165e3e3dbe763ce0,roundedchip,silkpopup, global_locale=en_US, global_density_dpi=440, global_orientation=1}, className=.latin.keyboard.LatinDialKeyboard, resourceIds=[#0x7f170885], initialStates=0, keyboardViewDefs=[mls{direction=LOCALE, id=#0x7f0b0224, isScalable=false, layoutId=#0x7f0e0500, type=HEADER, touchable=true, defaultShow=true}, mls{direction=null, id=#0x7f0b0224, isScalable=true, layoutId=#0x7f0e0556, type=BODY, touchable=true, defaultShow=true}], persistentStates=0, persistentStatesPrefKey=null, popupBubbleLayoutId=#0x7f0e05f1, recentKeyLayoutId=0, recentKeyPopupLayoutId=0, recentKeyType=null, rememberRecentKey=NONE, sessionStates=0}, type=FLOATING_CANDIDATES, helpersCreated=[lxm@73d36c7, lxm@ab24f4, null, null], context.getResources().getConfiguration(): {1.0 405mcc869mnc [en_US] ldltr sw393dp w393dp h790dp 440dpi nrml long port night finger -keyb/v/h -nav/h winConfig={ mBounds=Rect(0, 0 - 1080, 2392) mAppBounds=Rect(0, 103 - 1080, 2276) mMaxBounds=Rect(0, 0 - 1080, 2392) mDisplayRotation=ROTATION_0 mWindowingMode=fullscreen mActivityType=undefined mAlwaysOnTop=undefined mRotation=ROTATION_0 isEmbedding:false} s.5420 fontWeightAdjustment=0 themeId=2 themeParameter=0 nightModeLevel = -1 typefaceChanged=0.0 ?spacesystem eaMode=1}
10-19 15:07:42.967  5589  5589 W Keyboard: Keyboard.getKeyboardViewHelper():609 null helper is returned: keyboardDef=mle{processedConditions={enable_access_points_in_password_number=true, enable_correction_settings_updates=true, layout_9key_split=false, language=en-US, deprecate_long_press_space_for_ime_picker=false, show_suggestion_strip=true, device=phone, expressions=normal}, globalConditions={global_theme_key=theme,!gsf,!pgsans,!pgsf,!use_system_font,BORDER,FLAVOR_DPI=XXHDPI,GOOGLE_ICONS,KEYBOARD_WIDTH_CATEGORY=NORMAL,KEY_BORDER_SHAPE=1,LIGHT_THEME=false,PHYSICAL_DIAGONAL=5.748144,POPUP,SCREEN_SHORTEST_WIDTH=393,SCREEN_SHORTEST_WIDTH_NO_SCALE=393,XXHDPI,bottom4dp,enable_emoji_kitchen_browse_color_v2=true,enable_google_fonts_icons=true,enable_popup_on_keypress=true,keyboard_redesign_google_sans=true,non_linear_scale,noshadow,overlay_builtin_dynamic_color_dark_base.binarypb:gm3-dark-ff131313-ffffffff-4d9204e36e3ccb6a165e3e3dbe763ce0,roundedchip,silkpopup, global_locale=en_US, global_density_dpi=440, global_orientation=1}, className=.latin.keyboard.LatinDialKeyboard, resourceIds=[#0x7f170885], initialStates=0, keyboardViewDefs=[mls{direction=LOCALE, id=#0x7f0b0224, isScalable=false, layoutId=#0x7f0e0500, type=HEADER, touchable=true, defaultShow=true}, mls{direction=null, id=#0x7f0b0224, isScalable=true, layoutId=#0x7f0e0556, type=BODY, touchable=true, defaultShow=true}], persistentStates=0, persistentStatesPrefKey=null, popupBubbleLayoutId=#0x7f0e05f1, recentKeyLayoutId=0, recentKeyPopupLayoutId=0, recentKeyType=null, rememberRecentKey=NONE, sessionStates=0}, type=WIDGET, helpersCreated=[lxm@73d36c7, lxm@ab24f4, null, null], context.getResources().getConfiguration(): {1.0 405mcc869mnc [en_US] ldltr sw393dp w393dp h790dp 440dpi nrml long port night finger -keyb/v/h -nav/h winConfig={ mBounds=Rect(0, 0 - 1080, 2392) mAppBounds=Rect(0, 103 - 1080, 2276) mMaxBounds=Rect(0, 0 - 1080, 2392) mDisplayRotation=ROTATION_0 mWindowingMode=fullscreen mActivityType=undefined mAlwaysOnTop=undefined mRotation=ROTATION_0 isEmbedding:false} s.5420 fontWeightAdjustment=0 themeId=2 themeParameter=0 nightModeLevel = -1 typefaceChanged=0.0 ?spacesystem eaMode=1}
10-19 15:07:42.967  5589  5589 I AndroidIME: InputBundleManager.startInput():358 startInput() with mlo[keyboardType=prime, payload=null]
10-19 15:07:42.967  5589  5589 I GlobeKeyExtension: GlobeKeyExtension.onActivate():120 
10-19 15:07:42.969  5589  5589 I LanguagePromoExtension: LanguagePromoExtension.checkDisplayPreconditions():174 Not show language promo: exceeds the max display times.
10-19 15:07:42.969  5589  5589 I NewLanguagePromptExtension: NewLanguagePromptExtension.onActivate():189 Not activated NewLanguagePromptExtension: not a normal text input box.
10-19 15:07:42.969  5589  5589 I HardKeyTracker: HardKeyTracker.unregisterKeySequence():221 Unregister key sequence nfz{labelResId=2132020497, callback=cgp@974af68, lastModifier=2, keyCodes=[56], actions=[0]}
10-19 15:07:42.969  5589  5589 I HardKeyTracker: HardKeyTracker.unregisterKeySequence():221 Unregister key sequence nfz{labelResId=2132020497, callback=cgp@d1c8c67, lastModifier=0, keyCodes=[317], actions=[0]}
10-19 15:07:42.969  5589  5589 I HardKeyTracker: HardKeyTracker.registerKeySequence():170 Register key sequence nfz{labelResId=2132020497, callback=cgp@b3983a1, lastModifier=2, keyCodes=[56], actions=[0]}
10-19 15:07:42.969  5589  5589 I HardKeyTracker: HardKeyTracker.registerKeySequence():170 Register key sequence nfz{labelResId=2132020497, callback=cgp@8f574b4, lastModifier=0, keyCodes=[317], actions=[0]}
10-19 15:07:42.969  5589  5589 I VoiceInputManagerWrapper: VoiceInputManagerWrapper.cancelShutdown():109 cancelShutdown()
10-19 15:07:42.969  5589  5589 I VoiceInputManagerWrapper: VoiceInputManagerWrapper.syncLanguagePacks():121 syncLanguagePacks()
10-19 15:07:42.970  5589  5589 I VoiceInputManager: VoiceInputManager.onKeyboardActivated():1173 onKeyboardActivated() [UD]
10-19 15:07:42.970  5589  5589 I PkModeUpdater: PkModeUpdater.onActivate():74 onActivate false true
10-19 15:07:42.970  5589  5589 I AccessoryInputModeManager: AccessoryInputModeManager.onModeStarted():318 Accessory input mode started: null
10-19 15:07:42.970  5589  5589 W SupplementaryKeyboardsWrapper: SupplementaryKeyboardsWrapper.deactivateKeyboard():161 keyboard accessory_candidates_consumer is not activated before!
10-19 15:07:42.970  5589  5589 I KeyboardModeUtils: KeyboardModeUtils.getKeyboardBottomOffset():435 inch: 0.000000 ydpi: 387.429993 adjustKeyboardBottomByDisplaySize: false currentDensityDpi: 440 defaultDensityDpi: 440 keyboardBottomToScreenPx: 0 keyboardBottomToNavBarPx: -116 navBarHeight: 116
10-19 15:07:42.970  5589  5589 I KeyboardHeightUtil: KeyboardHeightUtil.calculateMaxKeyboardBodyHeight():50 leave 267 height for app when ime window height:2171, header height:121 and isFullscreenMode:false, so the max keyboard body height is:1783
10-19 15:07:42.971  5589  5589 I KeyboardHeightUtil: KeyboardHeightUtil.calculateMaxKeyboardBodyHeight():50 leave 267 height for app when ime window height:2171, header height:121 and isFullscreenMode:false, so the max keyboard body height is:1783
10-19 15:07:42.971  5589  5589 I AndroidIME: KeyboardViewManager.updateKeyboardBodyViewHolderPaddingBottom():472 Set finalPaddingBottom = 5 while holderPaddingBottom = 5; navigationHeight = 116
10-19 15:07:42.971  5589  6558 I SpeechFactory: SpeechRecognitionFactory.maybeScheduleAutoPackDownloadForFallback():217 maybeScheduleAutoPackDownloadForFallback()
10-19 15:07:42.971  5589  5589 I KeyboardHeightUtil: KeyboardHeightUtil.calculateMaxKeyboardBodyHeight():50 leave 267 height for app when ime window height:2171, header height:121 and isFullscreenMode:false, so the max keyboard body height is:1783
10-19 15:07:42.971  5589  5589 I KeyboardHeightUtil: KeyboardHeightUtil.calculateMaxKeyboardBodyHeight():50 leave 267 height for app when ime window height:2171, header height:121 and isFullscreenMode:false, so the max keyboard body height is:1783
10-19 15:07:42.971  5589  5589 W ExtensionWrapper: ExtensionWrapper.setExtensionViewVisibility():811 interface mas is not activate
10-19 15:07:42.971  5589  6558 I FallbackOnDeviceRecognitionProvider: FallbackOnDeviceRecognitionProvider.maybeScheduleAutoPackDownload():205 maybeScheduleAutoPackDownload() for language tag en-US
10-19 15:07:42.972  5589  5589 I Module  : DeviceLockedStatusModuleProvider$Module.updateDeviceLockedStatus():100 repeatCheckTimes = 1, locked = false
10-19 15:07:42.972  5589  5589 I HardKeyTracker: HardKeyTracker.unregisterKeySequence():221 Unregister key sequence nfz{labelResId=2132020501, callback=cgp@69edb5e, lastModifier=2, keyCodes=[48], actions=[0]}
10-19 15:07:42.972  5589  5589 I HardKeyTracker: HardKeyTracker.registerKeySequence():170 Register key sequence nfz{labelResId=2132020501, callback=cgp@593067f, lastModifier=2, keyCodes=[48], actions=[0]}
10-19 15:07:42.972  5589  5589 I HardKeyTracker: HardKeyTracker.unregisterKeySequence():221 Unregister key sequence nfz{labelResId=2132020501, callback=cgp@f554c5b, lastModifier=2, keyCodes=[48], actions=[0]}
10-19 15:07:42.972  5589  5589 I HardKeyTracker: HardKeyTracker.registerKeySequence():170 Register key sequence nfz{labelResId=2132020501, callback=cgp@7799711, lastModifier=2, keyCodes=[48], actions=[0]}
10-19 15:07:42.973  5589  5589 I HardKeyTracker: HardKeyTracker.unregisterKeySequence():221 Unregister key sequence nfz{labelResId=2132020497, callback=cgp@af061c2, lastModifier=2, keyCodes=[56], actions=[0]}
10-19 15:07:42.973  5589  5589 I HardKeyTracker: HardKeyTracker.unregisterKeySequence():221 Unregister key sequence nfz{labelResId=2132020497, callback=cgp@67dbe09, lastModifier=0, keyCodes=[317], actions=[0]}
10-19 15:07:42.973  5589  5589 I HardKeyTracker: HardKeyTracker.registerKeySequence():170 Register key sequence nfz{labelResId=2132020497, callback=cgp@18cd950, lastModifier=2, keyCodes=[56], actions=[0]}
10-19 15:07:42.973  5589  5589 I HardKeyTracker: HardKeyTracker.registerKeySequence():170 Register key sequence nfz{labelResId=2132020497, callback=cgp@b408d6f, lastModifier=0, keyCodes=[317], actions=[0]}
10-19 15:07:42.973  5589  5589 I HardKeyTracker: HardKeyTracker.unregisterKeySequence():221 Unregister key sequence nfz{labelResId=2132020502, callback=cgp@8be024b, lastModifier=2, keyCodes=[32], actions=[0]}
10-19 15:07:42.973  5589  5589 I HardKeyTracker: HardKeyTracker.registerKeySequence():170 Register key sequence nfz{labelResId=2132020502, callback=cgp@ba28268, lastModifier=2, keyCodes=[32], actions=[0]}
10-19 15:07:42.974  5589  5589 I HardKeyTracker: HardKeyTracker.unregisterKeySequence():221 Unregister key sequence nfz{labelResId=2132020502, callback=cgp@8953b79, lastModifier=2, keyCodes=[32], actions=[0]}
10-19 15:07:42.974  5589  5589 I HardKeyTracker: HardKeyTracker.registerKeySequence():170 Register key sequence nfz{labelResId=2132020502, callback=cgp@e789375, lastModifier=2, keyCodes=[32], actions=[0]}
10-19 15:07:42.975  5589  5589 I StylusModule: StylusModule.onUpdateToolType():800 Update tool type = 1
10-19 15:07:42.975  5589  5589 I StylusModule: StylusModule.onUpdateToolType():800 Update tool type = 1
10-19 15:07:42.977 28312 28312 D InsetsController: show(ime(), fromIme=true)
10-19 15:07:42.977 28312 28312 I ImeTracker: com.a1taxi.a1taxicustomer:4b4f7b68: onCancelled at PHASE_CLIENT_APPLY_ANIMATION
10-19 15:07:42.979 28312 28312 D InsetsController: show(ime(), fromIme=true)
10-19 15:07:42.979 28312 28312 I ImeTracker: com.a1taxi.a1taxicustomer:181c5475: onCancelled at PHASE_CLIENT_APPLY_ANIMATION
10-19 15:07:42.980  3458  3458 V InlinePresentationRendererServiceImpl: onRenderSuggestion: width=-2, height=-2
10-19 15:07:42.982  5589  5589 I KeyboardModeUtils: KeyboardModeUtils.getKeyboardBottomOffset():435 inch: 0.000000 ydpi: 387.429993 adjustKeyboardBottomByDisplaySize: false currentDensityDpi: 440 defaultDensityDpi: 440 keyboardBottomToScreenPx: 0 keyboardBottomToNavBarPx: -116 navBarHeight: 116
10-19 15:07:42.982  5589  5589 I KeyboardHeightUtil: KeyboardHeightUtil.calculateMaxKeyboardBodyHeight():50 leave 267 height for app when ime window height:2171, header height:121 and isFullscreenMode:false, so the max keyboard body height is:1783
10-19 15:07:42.982  5589  5589 I KeyboardHeightUtil: KeyboardHeightUtil.calculateMaxKeyboardBodyHeight():50 leave 267 height for app when ime window height:2171, header height:121 and isFullscreenMode:false, so the max keyboard body height is:1783
10-19 15:07:42.982  5589  5589 I AndroidIME: KeyboardViewManager.updateKeyboardBodyViewHolderPaddingBottom():472 Set finalPaddingBottom = 5 while holderPaddingBottom = 5; navigationHeight = 116
10-19 15:07:42.982  5589  5589 I WindowMetricsNotification: WindowMetricsNotification.notifyWithWindow():166 
10-19 15:07:42.982  5589  5589 I WindowMetricsNotification: WindowMetricsNotification.notify():159 pfu[bounds=Rect(0, 105 - 1080, 2392), insets=Rect(0, 0 - 0, 116), densityDpi=440, smallestScreenWidthDp=393, displayWidth=1080, displayHeight=2392, xdpi=387.43, ydpi=387.43, isTrustable=true, displayId=0]; DisplayMetrics{density=2.75, width=1080, height=2392, scaledDensity=2.75, xdpi=387.43, ydpi=387.43}
10-19 15:07:42.985  3458  3458 V InlineSuggestionRenderService: width=-2, height=-2, measuredSize=476x121
10-19 15:07:42.989  5589  5589 I StylusModule: StylusModule.onUpdateToolType():800 Update tool type = 1
10-19 15:07:42.990  5589  5589 I GoogleInputMethodService: GoogleInputMethodService$1.onKeyboardViewShown():325 onKeyboardViewShown: keyboardType=prime, keyboardViewType=HEADER keyboardView=com.google.android.libraries.inputmethod.widgets.SoftKeyboardView{fb9ff15 V.E...... ........ 0,0-1080,121}
10-19 15:07:42.990  5589  5589 I KeyboardHeightUtil: KeyboardHeightUtil.calculateMaxKeyboardBodyHeight():50 leave 267 height for app when ime window height:2171, header height:121 and isFullscreenMode:false, so the max keyboard body height is:1783
10-19 15:07:42.991  5589  5589 I GoogleInputMethodService: GoogleInputMethodService$1.onKeyboardViewShown():325 onKeyboardViewShown: keyboardType=prime, keyboardViewType=BODY keyboardView=com.google.android.libraries.inputmethod.widgets.SoftKeyboardView{7d38419 V.E...... ........ 0,0-1080,580}
10-19 15:07:42.991  5589  5589 I KeyboardHeightUtil: KeyboardHeightUtil.calculateMaxKeyboardBodyHeight():50 leave 267 height for app when ime window height:2171, header height:121 and isFullscreenMode:false, so the max keyboard body height is:1783
10-19 15:07:42.991  5589  5589 I GlobeKeyExtension: GlobeKeyExtension$1.onKeyboardViewShown():72 maybeDisableLanguageSwitchKeyPref when the keyboard is shown
10-19 15:07:42.991  5589  5589 I GlobeKeyExtension: GlobeKeyExtension.maybeDisableLanguageSwitchKeyPref():200 maybeDisableLanguageSwitchKeyPref hasGlobeKeyBeenDisabled: false, shouldDisableLanguageSwitchKey: false
10-19 15:07:42.991  5589  5589 I NewLanguagePromptExtension: NewLanguagePromptExtension$1.onKeyboardViewShown():88 Not show new language banner: not prime keyboard, or the extension not activated.
10-19 15:07:42.992  5589  5589 I KeyboardModeUtils: KeyboardModeUtils.getKeyboardBottomOffset():435 inch: 0.000000 ydpi: 387.429993 adjustKeyboardBottomByDisplaySize: false currentDensityDpi: 440 defaultDensityDpi: 440 keyboardBottomToScreenPx: 0 keyboardBottomToNavBarPx: -116 navBarHeight: 116
10-19 15:07:42.992  5589  5589 I KeyboardHeightUtil: KeyboardHeightUtil.calculateMaxKeyboardBodyHeight():50 leave 267 height for app when ime window height:2171, header height:121 and isFullscreenMode:false, so the max keyboard body height is:1783
10-19 15:07:42.992  5589  5589 I KeyboardHeightUtil: KeyboardHeightUtil.calculateMaxKeyboardBodyHeight():50 leave 267 height for app when ime window height:2171, header height:121 and isFullscreenMode:false, so the max keyboard body height is:1783
10-19 15:07:42.992  5589  5589 I AndroidIME: KeyboardViewManager.updateKeyboardBodyViewHolderPaddingBottom():472 Set finalPaddingBottom = 5 while holderPaddingBottom = 5; navigationHeight = 116
10-19 15:07:42.993 28312 28312 D InsetsController: show(ime(), fromIme=true)
10-19 15:07:42.993 28312 28312 I ImeTracker: com.a1taxi.a1taxicustomer:d42e5bc2: onCancelled at PHASE_CLIENT_APPLY_ANIMATION
10-19 15:07:42.998  3458  3458 V InlinePresentationRendererServiceImpl: onRenderSuggestion: width=-2, height=-2
10-19 15:07:43.001  3458  3458 V InlineSuggestionRenderService: width=-2, height=-2, measuredSize=472x121
10-19 15:07:43.012  3458  3458 D ViewRootImpl: AppSizeAfterRelayout, size: Point(476, 121), rotation: ROTATION_0
10-19 15:07:43.013  3458  3458 D BufferQueueConsumer: [](id:d82000001a0,api:0,p:-1,c:3458) connect: controlledByApp=false
10-19 15:07:43.013  3458  3458 D BLASTBufferQueue: [VRI[]#416](f:0,a:0) constructor()
10-19 15:07:43.013  3458  3458 D BLASTBufferQueue: [VRI[]#416](f:0,a:0) update width=476 height=121 format=-2 mTransformHint=0
10-19 15:07:43.013  1870  1976 D AutofillSession: onShown(): 2, 1
10-19 15:07:43.016  3458  3458 D ViewRootImpl: AppSizeAfterRelayout, size: Point(472, 121), rotation: ROTATION_0
10-19 15:07:43.018  3458 31463 D BLASTBufferQueue: [VRI[]#416](f:0,a:1) acquireNextBufferLocked size=476x121 mFrameNumber=1 applyTransaction=true mTimestamp=630033569307859(auto) mPendingTransactions.size=0 graphicBufferId=14851996912480 transform=0
10-19 15:07:43.019  3458  3458 D BufferQueueConsumer: [](id:d82000001a1,api:0,p:-1,c:3458) connect: controlledByApp=false
10-19 15:07:43.019  3458  3458 D BLASTBufferQueue: [VRI[]#417](f:0,a:0) constructor()
10-19 15:07:43.019  3458  3458 D BLASTBufferQueue: [VRI[]#417](f:0,a:0) update width=472 height=121 format=-2 mTransformHint=0
10-19 15:07:43.024  3458 31463 D BLASTBufferQueue: [VRI[]#417](f:0,a:1) acquireNextBufferLocked size=472x121 mFrameNumber=1 applyTransaction=true mTimestamp=630033574951628(auto) mPendingTransactions.size=0 graphicBufferId=14851996912487 transform=0
10-19 15:07:43.026  5589  5589 I ProactiveSuggestionsHolderManager: ProactiveSuggestionsHolderManager$2.display():195 Requesting to show proactive suggestions: AUTO_FILL PREEMPTIVE_WITH_SUPPRESSION
10-19 15:07:43.029  5589  5589 D BufferQueueConsumer: [](id:15d50000079c,api:0,p:-1,c:5589) connect: controlledByApp=false
10-19 15:07:43.029  5589  5589 D BLASTBufferQueue: [SurfaceView[InputMethod]#1948](f:0,a:0) constructor()
10-19 15:07:43.029  5589  5589 D BLASTBufferQueue: [SurfaceView[InputMethod]#1948](f:0,a:0) update width=770 height=121 format=-2 mTransformHint=0
10-19 15:07:43.030  1870  2894 D BatteryStatsService: noteVideoSurfaceChanged  noteWhich: 49,arg1: 770, arg2: 121, arg3: 5589, arg4: 101666, name: com.google.android.inputmethod.latin
10-19 15:07:43.031  5589  5589 I ProactiveSuggestionsHolderManager: ProactiveSuggestionsHolderManager$Holder.setSuggestionsAndShow():898 succeed to show proactive suggestions AUTO_FILL PREEMPTIVE_WITH_SUPPRESSION
10-19 15:07:43.039  5589  5589 I KeyboardModeUtils: KeyboardModeUtils.getKeyboardBottomOffset():435 inch: 0.000000 ydpi: 387.429993 adjustKeyboardBottomByDisplaySize: false currentDensityDpi: 440 defaultDensityDpi: 440 keyboardBottomToScreenPx: 0 keyboardBottomToNavBarPx: -116 navBarHeight: 116
10-19 15:07:43.039  5589  5589 I KeyboardHeightUtil: KeyboardHeightUtil.calculateMaxKeyboardBodyHeight():50 leave 267 height for app when ime window height:2171, header height:121 and isFullscreenMode:false, so the max keyboard body height is:1783
10-19 15:07:43.039  5589  5589 I KeyboardHeightUtil: KeyboardHeightUtil.calculateMaxKeyboardBodyHeight():50 leave 267 height for app when ime window height:2171, header height:121 and isFullscreenMode:false, so the max keyboard body height is:1783
10-19 15:07:43.039  5589  5589 I AndroidIME: KeyboardViewManager.updateKeyboardBodyViewHolderPaddingBottom():472 Set finalPaddingBottom = 5 while holderPaddingBottom = 5; navigationHeight = 116
10-19 15:07:43.042  5589  5589 D BufferQueueConsumer: [](id:15d50000079d,api:0,p:-1,c:5589) connect: controlledByApp=false
10-19 15:07:43.042  5589  5589 D BLASTBufferQueue: [SurfaceView[InputMethod]#1949](f:0,a:0) constructor()
10-19 15:07:43.042  5589  5589 D BLASTBufferQueue: [SurfaceView[InputMethod]#1949](f:0,a:0) update width=476 height=121 format=-2 mTransformHint=0
10-19 15:07:43.044  1870  3647 D BatteryStatsService: noteVideoSurfaceChanged  noteWhich: 49,arg1: 476, arg2: 121, arg3: 5589, arg4: 102865, name: com.google.android.inputmethod.latin
10-19 15:07:43.047  5589  5657 D BLASTBufferQueue: [SurfaceView[InputMethod]#1949](f:0,a:1) acquireNextBufferLocked size=476x121 mFrameNumber=1 applyTransaction=true mTimestamp=630033598371628(auto) mPendingTransactions.size=0 graphicBufferId=24004572224138 transform=0
10-19 15:07:43.048  5589  5589 D BufferQueueConsumer: [](id:15d50000079e,api:0,p:-1,c:5589) connect: controlledByApp=false
10-19 15:07:43.049  5589  5589 D BLASTBufferQueue: [SurfaceView[InputMethod]#1950](f:0,a:0) constructor()
10-19 15:07:43.049  5589  5589 D BLASTBufferQueue: [SurfaceView[InputMethod]#1950](f:0,a:0) update width=472 height=121 format=-2 mTransformHint=0
10-19 15:07:43.050  1870  2894 D BatteryStatsService: noteVideoSurfaceChanged  noteWhich: 49,arg1: 472, arg2: 121, arg3: 5589, arg4: 102867, name: com.google.android.inputmethod.latin
10-19 15:07:43.053  5589  5657 D BLASTBufferQueue: [SurfaceView[InputMethod]#1950](f:0,a:1) acquireNextBufferLocked size=472x121 mFrameNumber=1 applyTransaction=true mTimestamp=630033604251321(auto) mPendingTransactions.size=0 graphicBufferId=24004572224139 transform=0
10-19 15:07:43.054  1870  3647 D BatteryStatsService: noteVideoSurfaceChanged  noteWhich: 49,arg1: 238, arg2: 13, arg3: 5589, arg4: 102865, name: com.google.android.inputmethod.latin
10-19 15:07:43.055  1870  3647 D BatteryStatsService: noteVideoSurfaceChanged  noteWhich: 49,arg1: 236, arg2: 13, arg3: 5589, arg4: 102867, name: com.google.android.inputmethod.latin
10-19 15:07:43.055  1870  3647 D BatteryStatsService: noteVideoSurfaceChanged  noteWhich: 49,arg1: 770, arg2: 121, arg3: 5589, arg4: 101666, name: com.google.android.inputmethod.latin
10-19 15:07:43.059  1870  3647 D BatteryStatsService: noteVideoSurfaceChanged  noteWhich: 49,arg1: 288, arg2: 35, arg3: 5589, arg4: 102865, name: com.google.android.inputmethod.latin
10-19 15:07:43.073  1870  3647 D BatteryStatsService: noteVideoSurfaceChanged  noteWhich: 49,arg1: 332, arg2: 55, arg3: 5589, arg4: 102865, name: com.google.android.inputmethod.latin
10-19 15:07:43.090  1870  3647 D BatteryStatsService: noteVideoSurfaceChanged  noteWhich: 49,arg1: 372, arg2: 73, arg3: 5589, arg4: 102865, name: com.google.android.inputmethod.latin
10-19 15:07:43.107  1870  3647 D BatteryStatsService: noteVideoSurfaceChanged  noteWhich: 49,arg1: 402, arg2: 87, arg3: 5589, arg4: 102865, name: com.google.android.inputmethod.latin
10-19 15:07:43.108  1870  3647 D BatteryStatsService: noteVideoSurfaceChanged  noteWhich: 49,arg1: 284, arg2: 35, arg3: 5589, arg4: 102867, name: com.google.android.inputmethod.latin
10-19 15:07:43.125  1870  2894 D BatteryStatsService: noteVideoSurfaceChanged  noteWhich: 49,arg1: 430, arg2: 101, arg3: 5589, arg4: 102865, name: com.google.android.inputmethod.latin
10-19 15:07:43.125  1870  2894 D BatteryStatsService: noteVideoSurfaceChanged  noteWhich: 49,arg1: 330, arg2: 55, arg3: 5589, arg4: 102867, name: com.google.android.inputmethod.latin
10-19 15:07:43.141  1870  2894 D BatteryStatsService: noteVideoSurfaceChanged  noteWhich: 49,arg1: 450, arg2: 109, arg3: 5589, arg4: 102865, name: com.google.android.inputmethod.latin
10-19 15:07:43.142  1870  2894 D BatteryStatsService: noteVideoSurfaceChanged  noteWhich: 49,arg1: 368, arg2: 73, arg3: 5589, arg4: 102867, name: com.google.android.inputmethod.latin
10-19 15:07:43.157  1870  2894 D BatteryStatsService: noteVideoSurfaceChanged  noteWhich: 49,arg1: 464, arg2: 117, arg3: 5589, arg4: 102865, name: com.google.android.inputmethod.latin
10-19 15:07:43.158  1870  2894 D BatteryStatsService: noteVideoSurfaceChanged  noteWhich: 49,arg1: 398, arg2: 87, arg3: 5589, arg4: 102867, name: com.google.android.inputmethod.latin
10-19 15:07:43.175  1870  2894 D BatteryStatsService: noteVideoSurfaceChanged  noteWhich: 49,arg1: 474, arg2: 121, arg3: 5589, arg4: 102865, name: com.google.android.inputmethod.latin
10-19 15:07:43.176  1870  2894 D BatteryStatsService: noteVideoSurfaceChanged  noteWhich: 49,arg1: 426, arg2: 101, arg3: 5589, arg4: 102867, name: com.google.android.inputmethod.latin
10-19 15:07:43.192  1870  2894 D BatteryStatsService: noteVideoSurfaceChanged  noteWhich: 49,arg1: 476, arg2: 121, arg3: 5589, arg4: 102865, name: com.google.android.inputmethod.latin
10-19 15:07:43.193  1870  3647 D BatteryStatsService: noteVideoSurfaceChanged  noteWhich: 49,arg1: 446, arg2: 109, arg3: 5589, arg4: 102867, name: com.google.android.inputmethod.latin
10-19 15:07:43.209  1870  3647 D BatteryStatsService: noteVideoSurfaceChanged  noteWhich: 49,arg1: 460, arg2: 117, arg3: 5589, arg4: 102867, name: com.google.android.inputmethod.latin
10-19 15:07:43.225  1870  6192 D BatteryStatsService: noteVideoSurfaceChanged  noteWhich: 49,arg1: 470, arg2: 121, arg3: 5589, arg4: 102867, name: com.google.android.inputmethod.latin
10-19 15:07:43.241  1870  6192 D BatteryStatsService: noteVideoSurfaceChanged  noteWhich: 49,arg1: 472, arg2: 121, arg3: 5589, arg4: 102867, name: com.google.android.inputmethod.latin
10-19 15:07:43.808  5589  5589 W TooltipLifecycleManager: TooltipLifecycleManager.dismissTooltips():153 Tooltip with id SUGGESTION_VIEW_EDU_MINI_DIALOG not found in tooltipManager.
10-19 15:07:43.810  1870  2894 D BatteryStatsService: noteVideoSurfaceChanged  noteWhich: 49,arg1: -1, arg2: -1, arg3: 5589, arg4: 102867, name: com.google.android.inputmethod.latin
10-19 15:07:43.810  5589  5657 E BufferQueueProducer: [SurfaceView[InputMethod]#1950(BLAST Consumer)1950](id:15d50000079e,api:0,p:-1,c:5589) disconnect: not connected (req=1)
10-19 15:07:43.810  5589  5657 W libEGL  : EGLNativeWindowType 0xb4000077e0246330 disconnect failed
10-19 15:07:43.811  5589  5589 D BLASTBufferQueue: [SurfaceView[InputMethod]#1950](f:0,a:1) destructor()
10-19 15:07:43.811  5589  5589 D BufferQueueConsumer: [SurfaceView[InputMethod]#1950(BLAST Consumer)1950](id:15d50000079e,api:0,p:-1,c:5589) disconnect
10-19 15:07:43.813  1870  2894 D BatteryStatsService: noteVideoSurfaceChanged  noteWhich: 49,arg1: -1, arg2: -1, arg3: 5589, arg4: 102865, name: com.google.android.inputmethod.latin
10-19 15:07:43.814  5589  5657 E BufferQueueProducer: [SurfaceView[InputMethod]#1949(BLAST Consumer)1949](id:15d50000079d,api:0,p:-1,c:5589) disconnect: not connected (req=1)
10-19 15:07:43.814  5589  5657 W libEGL  : EGLNativeWindowType 0xb4000077e025fbf0 disconnect failed
10-19 15:07:43.814  5589  5589 D BLASTBufferQueue: [SurfaceView[InputMethod]#1949](f:0,a:1) destructor()
10-19 15:07:43.815  5589  5589 D BufferQueueConsumer: [SurfaceView[InputMethod]#1949(BLAST Consumer)1949](id:15d50000079d,api:0,p:-1,c:5589) disconnect
10-19 15:07:43.816  5589  5589 W TooltipLifecycleManager: TooltipLifecycleManager.dismissTooltips():153 Tooltip with id SUGGESTION_VIEW_EDU_MINI_DIALOG not found in tooltipManager.
10-19 15:07:43.821  5589  5589 I KeyboardModeUtils: KeyboardModeUtils.getKeyboardBottomOffset():435 inch: 0.000000 ydpi: 387.429993 adjustKeyboardBottomByDisplaySize: false currentDensityDpi: 440 defaultDensityDpi: 440 keyboardBottomToScreenPx: 0 keyboardBottomToNavBarPx: -116 navBarHeight: 116
10-19 15:07:43.822  5589  5589 I KeyboardHeightUtil: KeyboardHeightUtil.calculateMaxKeyboardBodyHeight():50 leave 267 height for app when ime window height:2171, header height:121 and isFullscreenMode:false, so the max keyboard body height is:1783
10-19 15:07:43.822  5589  5589 I KeyboardHeightUtil: KeyboardHeightUtil.calculateMaxKeyboardBodyHeight():50 leave 267 height for app when ime window height:2171, header height:121 and isFullscreenMode:false, so the max keyboard body height is:1783
10-19 15:07:43.822  5589  5589 I AndroidIME: KeyboardViewManager.updateKeyboardBodyViewHolderPaddingBottom():472 Set finalPaddingBottom = 5 while holderPaddingBottom = 5; navigationHeight = 116
10-19 15:07:43.827  5589  5589 W TooltipLifecycleManager: TooltipLifecycleManager.dismissTooltips():153 Tooltip with id SUGGESTION_VIEW_EDU_MINI_DIALOG not found in tooltipManager.
10-19 15:07:43.875  1870  2894 D BatteryStatsService: noteVideoSurfaceChanged  noteWhich: 49,arg1: -1, arg2: -1, arg3: 5589, arg4: 101666, name: com.google.android.inputmethod.latin
10-19 15:07:43.876  5589  5589 D BLASTBufferQueue: [SurfaceView[InputMethod]#1948](f:0,a:0) destructor()
10-19 15:07:43.876  5589  5589 D BufferQueueConsumer: [SurfaceView[InputMethod]#1948(BLAST Consumer)1948](id:15d50000079c,api:0,p:-1,c:5589) disconnect
10-19 15:07:43.892  5589  5589 I KeyboardModeUtils: KeyboardModeUtils.getKeyboardBottomOffset():435 inch: 0.000000 ydpi: 387.429993 adjustKeyboardBottomByDisplaySize: false currentDensityDpi: 440 defaultDensityDpi: 440 keyboardBottomToScreenPx: 0 keyboardBottomToNavBarPx: -116 navBarHeight: 116
10-19 15:07:43.893  5589  5589 I KeyboardHeightUtil: KeyboardHeightUtil.calculateMaxKeyboardBodyHeight():50 leave 267 height for app when ime window height:2171, header height:121 and isFullscreenMode:false, so the max keyboard body height is:1783
10-19 15:07:43.893  5589  5589 I KeyboardHeightUtil: KeyboardHeightUtil.calculateMaxKeyboardBodyHeight():50 leave 267 height for app when ime window height:2171, header height:121 and isFullscreenMode:false, so the max keyboard body height is:1783
10-19 15:07:43.894  5589  5589 I AndroidIME: KeyboardViewManager.updateKeyboardBodyViewHolderPaddingBottom():472 Set finalPaddingBottom = 5 while holderPaddingBottom = 5; navigationHeight = 116
10-19 15:07:43.975  5589  5589 I KeyboardModeUtils: KeyboardModeUtils.getKeyboardBottomOffset():435 inch: 0.000000 ydpi: 387.429993 adjustKeyboardBottomByDisplaySize: false currentDensityDpi: 440 defaultDensityDpi: 440 keyboardBottomToScreenPx: 0 keyboardBottomToNavBarPx: -116 navBarHeight: 116
10-19 15:07:43.976  5589  5589 I KeyboardHeightUtil: KeyboardHeightUtil.calculateMaxKeyboardBodyHeight():50 leave 267 height for app when ime window height:2171, header height:121 and isFullscreenMode:false, so the max keyboard body height is:1783
10-19 15:07:43.976  5589  5589 I KeyboardHeightUtil: KeyboardHeightUtil.calculateMaxKeyboardBodyHeight():50 leave 267 height for app when ime window height:2171, header height:121 and isFullscreenMode:false, so the max keyboard body height is:1783
10-19 15:07:43.976  5589  5589 I AndroidIME: KeyboardViewManager.updateKeyboardBodyViewHolderPaddingBottom():472 Set finalPaddingBottom = 5 while holderPaddingBottom = 5; navigationHeight = 116
10-19 15:07:44.026  3458  3458 V InlineSuggestionRenderService: Releasing inline suggestion view host
10-19 15:07:44.029  3458  3458 D BLASTBufferQueue: [VRI[]#417](f:0,a:4) destructor()
10-19 15:07:44.029  3458  3458 D BufferQueueConsumer: [VRI[]#417(BLAST Consumer)417](id:d82000001a1,api:0,p:-1,c:3458) disconnect
10-19 15:07:44.036  3458  3458 V InlineSuggestionRenderService: Removed the inline suggestion from the cache, current size=2
10-19 15:07:44.036  3458  3458 V InlineSuggestionRenderService: Releasing inline suggestion view host
10-19 15:07:44.039  3458  3458 D BLASTBufferQueue: [VRI[]#416](f:0,a:4) destructor()
10-19 15:07:44.039  3458  3458 D BufferQueueConsumer: [VRI[]#416(BLAST Consumer)416](id:d82000001a0,api:0,p:-1,c:3458) disconnect
10-19 15:07:44.043  3458  3458 V InlineSuggestionRenderService: Removed the inline suggestion from the cache, current size=1
10-19 15:07:44.060 16032 28959 E FbnsAIDLClientManager: Max Try reached for binding to FbnsAIDLService, threadId 48283
10-19 15:07:44.065 16032 28959 E FbnsAIDLClientManager: Fbns AIDL request got RemoteException
10-19 15:07:44.065 16032 28959 E FbnsAIDLClientManager: android.os.RemoteException: AIDLService is not bound
10-19 15:07:44.065 16032 28959 E FbnsAIDLClientManager: 	at X.HVM.call(:2479)
10-19 15:07:44.065 16032 28959 E FbnsAIDLClientManager: 	at java.util.concurrent.FutureTask.run(FutureTask.java:317)
10-19 15:07:44.065 16032 28959 E FbnsAIDLClientManager: 	at java.util.concurrent.ThreadPoolExecutor.runWorker(ThreadPoolExecutor.java:1156)
10-19 15:07:44.065 16032 28959 E FbnsAIDLClientManager: 	at java.util.concurrent.ThreadPoolExecutor$Worker.run(ThreadPoolExecutor.java:651)
10-19 15:07:44.065 16032 28959 E FbnsAIDLClientManager: 	at java.lang.Thread.run(Thread.java:1119)
10-19 15:07:44.085  5589  5589 W TooltipLifecycleManager: TooltipLifecycleManager.dismissTooltips():153 Tooltip with id SUGGESTION_VIEW_EDU_MINI_DIALOG not found in tooltipManager.
10-19 15:07:44.401  5589  5589 W TooltipLifecycleManager: TooltipLifecycleManager.dismissTooltips():153 Tooltip with id SUGGESTION_VIEW_EDU_MINI_DIALOG not found in tooltipManager.
10-19 15:07:44.513 21104 21188 W Settings: Setting airplane_mode_on has moved from android.provider.Settings.System to android.provider.Settings.Global, returning read-only value.
10-19 15:07:44.525 21104 29075 W SystemServiceRegistry: No service published for: wifirtt
10-19 15:07:44.662  5589  5589 W TooltipLifecycleManager: TooltipLifecycleManager.dismissTooltips():153 Tooltip with id SUGGESTION_VIEW_EDU_MINI_DIALOG not found in tooltipManager.
10-19 15:07:44.860 21104 29070 I NearbyPresence: (REDACTED) %s verified [==] new request %s equals to the old request
10-19 15:07:44.864 21104 21332 I WifiScanner: onFullResults
10-19 15:07:44.864 21104 21140 I WifiScanner: onFullResults
10-19 15:07:44.864 21104 22647 I WifiScanner: onFullResults
10-19 15:07:44.870 21104 28309 I FrewleTileCacheManagerV: (REDACTED) Fetched %d AP models from cache
10-19 15:07:44.898 21104 21184 I FusedLocation: (REDACTED) location delivery to %s blocked - too fast
10-19 15:07:44.899 21104 21184 I FusedLocation: (REDACTED) location delivery to %s blocked - too close
10-19 15:07:44.899 21104 21184 I FusedLocation: (REDACTED) location delivery to %s blocked - too fast
10-19 15:07:44.899 21104 21184 I FusedLocation: (REDACTED) location delivery to %s blocked - too fast
10-19 15:07:44.900 21104 21184 I FusedLocation: (REDACTED) location delivery to %s blocked - too fast
10-19 15:07:44.901 21104 21184 I fznc    : Received empty WiFi-RTT scan. [CONTEXT service_id=6 ]
10-19 15:07:44.915  5589  5589 W TooltipLifecycleManager: TooltipLifecycleManager.dismissTooltips():153 Tooltip with id SUGGESTION_VIEW_EDU_MINI_DIALOG not found in tooltipManager.
