10-23 18:10:12.766  5589  5589 I KeyboardManager: KeyboardManager.requestKeyboard():248 Creating keyboard prime, imeId=number, cacheKey=theme,!gsf,!pgsans,!pgsf,!use_system_font,BORDER,FLAVOR_DPI=XXHDPI,GOOGLE_ICONS,KEYBOARD_WIDTH_CATEGORY=NORMAL,KEY_BORDER_SHAPE=1,LIGHT_THEME=false,PHYSICAL_DIAGONAL=5.748144,POPUP,SCREEN_SHORTEST_WIDTH=393,SCREEN_SHORTEST_WIDTH_NO_SCALE=393,XXHDPI,bottom4dp,enable_emoji_kitchen_browse_color_v2=true,enable_google_fonts_icons=true,enable_popup_on_keypress=true,keyboard_redesign_google_sans=true,non_linear_scale,noshadow,overlay_builtin_dynamic_color_dark_base.binarypb:gm3-dark-ff131313-ffffffff-4d9204e36e3ccb6a165e3e3dbe763ce0,roundedchip,silkpopup
10-23 18:10:12.767  5589  5589 I KeyboardWrapper: KeyboardWrapper.onKeyboardReady():224 onKeyboardReady(): type=prime(prime), kb=com.google.android.apps.inputmethod.latin.keyboard.LatinNumberKeyboard@26baecd
10-23 18:10:12.767  5589  5589 I KeyboardWrapper: KeyboardWrapper.doActivateKeyboard():611 doActivateKeyboard(): prime
10-23 18:10:12.769  5589  5589 I KeyboardHeightUtil: KeyboardHeightUtil.calculateMaxKeyboardBodyHeight():50 leave 267 height for app when ime window height:2171, header height:121 and isFullscreenMode:false, so the max keyboard body height is:1783
10-23 18:10:12.769  5589  5589 W TooltipLifecycleManager: TooltipLifecycleManager.dismissTooltips():153 Tooltip with id undo_access_point_promotion_banner not found in tooltipManager.
10-23 18:10:12.769  5589  5589 I GlobeKeyExtension: GlobeKeyExtension.getKeyboardInitialStates():175 
10-23 18:10:12.770  5589  5589 W Keyboard: Keyboard.getKeyboardViewHelper():609 null helper is returned: keyboardDef=mle{processedConditions={enable_access_points_in_password_number=true, enable_correction_settings_updates=true, layout_9key_split=false, language=en-US, deprecate_long_press_space_for_ime_picker=false, show_suggestion_strip=true, device=phone, expressions=normal}, globalConditions={global_theme_key=theme,!gsf,!pgsans,!pgsf,!use_system_font,BORDER,FLAVOR_DPI=XXHDPI,GOOGLE_ICONS,KEYBOARD_WIDTH_CATEGORY=NORMAL,KEY_BORDER_SHAPE=1,LIGHT_THEME=false,PHYSICAL_DIAGONAL=5.748144,POPUP,SCREEN_SHORTEST_WIDTH=393,SCREEN_SHORTEST_WIDTH_NO_SCALE=393,XXHDPI,bottom4dp,enable_emoji_kitchen_browse_color_v2=true,enable_google_fonts_icons=true,enable_popup_on_keypress=true,keyboard_redesign_google_sans=true,non_linear_scale,noshadow,overlay_builtin_dynamic_color_dark_base.binarypb:gm3-dark-ff131313-ffffffff-4d9204e36e3ccb6a165e3e3dbe763ce0,roundedchip,silkpopup, global_locale=en_US, global_density_dpi=440, global_orientation=1}, className=.latin.keyboard.LatinNumberKeyboard, resourceIds=[#0x7f17086b], initialStates=0, keyboardViewDefs=[mls{direction=LOCALE, id=#0x7f0b0224, isScalable=false, layoutId=#0x7f0e0500, type=HEADER, touchable=true, defaultShow=true}, mls{direction=null, id=#0x7f0b0224, isScalable=true, layoutId=#0x7f0e0556, type=BODY, touchable=true, defaultShow=true}], persistentStates=0, persistentStatesPrefKey=null, popupBubbleLayoutId=#0x7f0e05f1, recentKeyLayoutId=0, recentKeyPopupLayoutId=0, recentKeyType=null, rememberRecentKey=NONE, sessionStates=0}, type=FLOATING_CANDIDATES, helpersCreated=[lxm@dec97ad, lxm@c17ae2, null, null], context.getResources().getConfiguration(): {1.0 405mcc869mnc [en_US] ldltr sw393dp w393dp h790dp 440dpi nrml long port night finger -keyb/v/h -nav/h winConfig={ mBounds=Rect(0, 0 - 1080, 2392) mAppBounds=Rect(0, 103 - 1080, 2276) mMaxBounds=Rect(0, 0 - 1080, 2392) mDisplayRotation=ROTATION_0 mWindowingMode=fullscreen mActivityType=undefined mAlwaysOnTop=undefined mRotation=ROTATION_0 isEmbedding:false} s.5420 fontWeightAdjustment=0 themeId=2 themeParameter=0 nightModeLevel = -1 typefaceChanged=0.0 ?spacesystem eaMode=1}
10-23 18:10:12.770  5589  5589 W Keyboard: Keyboard.getKeyboardViewHelper():609 null helper is returned: keyboardDef=mle{processedConditions={enable_access_points_in_password_number=true, enable_correction_settings_updates=true, layout_9key_split=false, language=en-US, deprecate_long_press_space_for_ime_picker=false, show_suggestion_strip=true, device=phone, expressions=normal}, globalConditions={global_theme_key=theme,!gsf,!pgsans,!pgsf,!use_system_font,BORDER,FLAVOR_DPI=XXHDPI,GOOGLE_ICONS,KEYBOARD_WIDTH_CATEGORY=NORMAL,KEY_BORDER_SHAPE=1,LIGHT_THEME=false,PHYSICAL_DIAGONAL=5.748144,POPUP,SCREEN_SHORTEST_WIDTH=393,SCREEN_SHORTEST_WIDTH_NO_SCALE=393,XXHDPI,bottom4dp,enable_emoji_kitchen_browse_color_v2=true,enable_google_fonts_icons=true,enable_popup_on_keypress=true,keyboard_redesign_google_sans=true,non_linear_scale,noshadow,overlay_builtin_dynamic_color_dark_base.binarypb:gm3-dark-ff131313-ffffffff-4d9204e36e3ccb6a165e3e3dbe763ce0,roundedchip,silkpopup, global_locale=en_US, global_density_dpi=440, global_orientation=1}, className=.latin.keyboard.LatinNumberKeyboard, resourceIds=[#0x7f17086b], initialStates=0, keyboardViewDefs=[mls{direction=LOCALE, id=#0x7f0b0224, isScalable=false, layoutId=#0x7f0e0500, type=HEADER, touchable=true, defaultShow=true}, mls{direction=null, id=#0x7f0b0224, isScalable=true, layoutId=#0x7f0e0556, type=BODY, touchable=true, defaultShow=true}], persistentStates=0, persistentStatesPrefKey=null, popupBubbleLayoutId=#0x7f0e05f1, recentKeyLayoutId=0, recentKeyPopupLayoutId=0, recentKeyType=null, rememberRecentKey=NONE, sessionStates=0}, type=WIDGET, helpersCreated=[lxm@dec97ad, lxm@c17ae2, null, null], context.getResources().getConfiguration(): {1.0 405mcc869mnc [en_US] ldltr sw393dp w393dp h790dp 440dpi nrml long port night finger -keyb/v/h -nav/h winConfig={ mBounds=Rect(0, 0 - 1080, 2392) mAppBounds=Rect(0, 103 - 1080, 2276) mMaxBounds=Rect(0, 0 - 1080, 2392) mDisplayRotation=ROTATION_0 mWindowingMode=fullscreen mActivityType=undefined mAlwaysOnTop=undefined mRotation=ROTATION_0 isEmbedding:false} s.5420 fontWeightAdjustment=0 themeId=2 themeParameter=0 nightModeLevel = -1 typefaceChanged=0.0 ?spacesystem eaMode=1}
10-23 18:10:12.770  5589  5589 I AndroidIME: InputBundleManager.startInput():358 startInput() with mlo[keyboardType=prime, payload=null]
10-23 18:10:12.770  5589  5589 I GlobeKeyExtension: GlobeKeyExtension.onActivate():120 
10-23 18:10:12.773  5589  5589 I LanguagePromoExtension: LanguagePromoExtension.checkDisplayPreconditions():174 Not show language promo: exceeds the max display times.
10-23 18:10:12.773  5589  5589 I NewLanguagePromptExtension: NewLanguagePromptExtension.onActivate():189 Not activated NewLanguagePromptExtension: not a normal text input box.
10-23 18:10:12.773  5589  5589 I VoiceInputManagerWrapper: VoiceInputManagerWrapper.cancelShutdown():109 cancelShutdown()
10-23 18:10:12.773  5589  5589 I VoiceInputManagerWrapper: VoiceInputManagerWrapper.syncLanguagePacks():121 syncLanguagePacks()
10-23 18:10:12.773  5589  5589 I VoiceInputManager: VoiceInputManager.onKeyboardActivated():1173 onKeyboardActivated() [UD]
10-23 18:10:12.773  5589  6558 I SpeechFactory: SpeechRecognitionFactory.maybeScheduleAutoPackDownloadForFallback():217 maybeScheduleAutoPackDownloadForFallback()
10-23 18:10:12.774  5589  5589 I PkModeUpdater: PkModeUpdater.onActivate():74 onActivate false true
10-23 18:10:12.774  5589  6558 I FallbackOnDeviceRecognitionProvider: FallbackOnDeviceRecognitionProvider.maybeScheduleAutoPackDownload():205 maybeScheduleAutoPackDownload() for language tag en-US
10-23 18:10:12.774  5589  5589 I AccessoryInputModeManager: AccessoryInputModeManager.onModeStarted():318 Accessory input mode started: null
10-23 18:10:12.774  5589  5589 W SupplementaryKeyboardsWrapper: SupplementaryKeyboardsWrapper.deactivateKeyboard():161 keyboard accessory_candidates_consumer is not activated before!
10-23 18:10:12.775  5589  5589 I KeyboardModeUtils: KeyboardModeUtils.getKeyboardBottomOffset():435 inch: 0.000000 ydpi: 387.429993 adjustKeyboardBottomByDisplaySize: false currentDensityDpi: 440 defaultDensityDpi: 440 keyboardBottomToScreenPx: 0 keyboardBottomToNavBarPx: -116 navBarHeight: 116
10-23 18:10:12.775  5589  5589 I KeyboardHeightUtil: KeyboardHeightUtil.calculateMaxKeyboardBodyHeight():50 leave 267 height for app when ime window height:2171, header height:121 and isFullscreenMode:false, so the max keyboard body height is:1783
10-23 18:10:12.775  5589  5589 I KeyboardHeightUtil: KeyboardHeightUtil.calculateMaxKeyboardBodyHeight():50 leave 267 height for app when ime window height:2171, header height:121 and isFullscreenMode:false, so the max keyboard body height is:1783
10-23 18:10:12.775  5589  5589 I AndroidIME: KeyboardViewManager.updateKeyboardBodyViewHolderPaddingBottom():472 Set finalPaddingBottom = 5 while holderPaddingBottom = 5; navigationHeight = 116
10-23 18:10:12.775  5589  5589 I KeyboardHeightUtil: KeyboardHeightUtil.calculateMaxKeyboardBodyHeight():50 leave 267 height for app when ime window height:2171, header height:121 and isFullscreenMode:false, so the max keyboard body height is:1783
10-23 18:10:12.775  5589  5589 I KeyboardHeightUtil: KeyboardHeightUtil.calculateMaxKeyboardBodyHeight():50 leave 267 height for app when ime window height:2171, header height:121 and isFullscreenMode:false, so the max keyboard body height is:1783
10-23 18:10:12.775  5589  5589 W ExtensionWrapper: ExtensionWrapper.setExtensionViewVisibility():811 interface mas is not activate
10-23 18:10:12.776  5589  5589 I Module  : DeviceLockedStatusModuleProvider$Module.updateDeviceLockedStatus():100 repeatCheckTimes = 1, locked = false
10-23 18:10:12.777  5589  5589 I StylusModule: StylusModule.onUpdateToolType():800 Update tool type = 1
10-23 18:10:12.778  5589  5589 I StylusModule: StylusModule.onUpdateToolType():800 Update tool type = 1
10-23 18:10:12.781  5589  5589 I KeyboardModeUtils: KeyboardModeUtils.getKeyboardBottomOffset():435 inch: 0.000000 ydpi: 387.429993 adjustKeyboardBottomByDisplaySize: false currentDensityDpi: 440 defaultDensityDpi: 440 keyboardBottomToScreenPx: 0 keyboardBottomToNavBarPx: -116 navBarHeight: 116
10-23 18:10:12.781  5589  5589 I KeyboardHeightUtil: KeyboardHeightUtil.calculateMaxKeyboardBodyHeight():50 leave 267 height for app when ime window height:2171, header height:121 and isFullscreenMode:false, so the max keyboard body height is:1783
10-23 18:10:12.781  5589  5589 I KeyboardHeightUtil: KeyboardHeightUtil.calculateMaxKeyboardBodyHeight():50 leave 267 height for app when ime window height:2171, header height:121 and isFullscreenMode:false, so the max keyboard body height is:1783
10-23 18:10:12.781  5589  5589 I AndroidIME: KeyboardViewManager.updateKeyboardBodyViewHolderPaddingBottom():472 Set finalPaddingBottom = 5 while holderPaddingBottom = 5; navigationHeight = 116
10-23 18:10:12.781  5589  5589 I WindowMetricsNotification: WindowMetricsNotification.notifyWithWindow():166 
10-23 18:10:12.781  5589  5589 I WindowMetricsNotification: WindowMetricsNotification.notify():159 pfu[bounds=Rect(0, 105 - 1080, 2392), insets=Rect(0, 0 - 0, 116), densityDpi=440, smallestScreenWidthDp=393, displayWidth=1080, displayHeight=2392, xdpi=387.43, ydpi=387.43, isTrustable=true, displayId=0]; DisplayMetrics{density=2.75, width=1080, height=2392, scaledDensity=2.75, xdpi=387.43, ydpi=387.43}
10-23 18:10:12.785  5589  5589 I GoogleInputMethodService: GoogleInputMethodService$1.onKeyboardViewShown():325 onKeyboardViewShown: keyboardType=prime, keyboardViewType=HEADER keyboardView=com.google.android.libraries.inputmethod.widgets.SoftKeyboardView{3421e50 V.E...... ........ 0,0-1080,121}
10-23 18:10:12.785  5589  5589 I KeyboardHeightUtil: KeyboardHeightUtil.calculateMaxKeyboardBodyHeight():50 leave 267 height for app when ime window height:2171, header height:121 and isFullscreenMode:false, so the max keyboard body height is:1783
10-23 18:10:12.785  5589  5589 I GoogleInputMethodService: GoogleInputMethodService$1.onKeyboardViewShown():325 onKeyboardViewShown: keyboardType=prime, keyboardViewType=BODY keyboardView=com.google.android.libraries.inputmethod.widgets.SoftKeyboardView{5cf1609 V.E...... ........ 0,0-1080,580}
10-23 18:10:12.785  5589  5589 I KeyboardHeightUtil: KeyboardHeightUtil.calculateMaxKeyboardBodyHeight():50 leave 267 height for app when ime window height:2171, header height:121 and isFullscreenMode:false, so the max keyboard body height is:1783
10-23 18:10:12.786  5589  5589 I GlobeKeyExtension: GlobeKeyExtension$1.onKeyboardViewShown():72 maybeDisableLanguageSwitchKeyPref when the keyboard is shown
10-23 18:10:12.786  5589  5589 I GlobeKeyExtension: GlobeKeyExtension.maybeDisableLanguageSwitchKeyPref():200 maybeDisableLanguageSwitchKeyPref hasGlobeKeyBeenDisabled: false, shouldDisableLanguageSwitchKey: false
10-23 18:10:12.786  5589  5589 I NewLanguagePromptExtension: NewLanguagePromptExtension$1.onKeyboardViewShown():88 Not show new language banner: not prime keyboard, or the extension not activated.
10-23 18:10:12.790  9275 17820 W anqe    : Failed to retrieve prediction data. [CONTEXT service_id=177 ]
10-23 18:10:12.790  9275 17820 W anqe    : java.util.concurrent.ExecutionException: fnpd: No active MDD filegroup android-autofill-infinitedata found for the table autofill-domain-predictions-prod-spanner.
10-23 18:10:12.790  9275 17820 W anqe    : 	at gpkb.j(:com.google.android.gms@254031035@25.40.31 (260400-816341114):21)
10-23 18:10:12.790  9275 17820 W anqe    : 	at gpkk.v(:com.google.android.gms@254031035@25.40.31 (260400-816341114):107)
10-23 18:10:12.790  9275 17820 W anqe    : 	at gpkb.get(:com.google.android.gms@254031035@25.40.31 (260400-816341114):2)
10-23 18:10:12.790  9275 17820 W anqe    : 	at anqe.e(:com.google.android.gms@254031035@25.40.31 (260400-816341114):81)
10-23 18:10:12.790  9275 17820 W anqe    : 	at anqe.a(:com.google.android.gms@254031035@25.40.31 (260400-816341114):124)
10-23 18:10:12.790  9275 17820 W anqe    : 	at anno.call(:com.google.android.gms@254031035@25.40.31 (260400-816341114):5)
10-23 18:10:12.790  9275 17820 W anqe    : 	at java.util.concurrent.FutureTask.run(FutureTask.java:317)
10-23 18:10:12.790  9275 17820 W anqe    : 	at bckr.c(:com.google.android.gms@254031035@25.40.31 (260400-816341114):50)
10-23 18:10:12.790  9275 17820 W anqe    : 	at bckr.run(:com.google.android.gms@254031035@25.40.31 (260400-816341114):73)
10-23 18:10:12.790  9275 17820 W anqe    : 	at java.util.concurrent.ThreadPoolExecutor.runWorker(ThreadPoolExecutor.java:1156)
10-23 18:10:12.790  9275 17820 W anqe    : 	at java.util.concurrent.ThreadPoolExecutor$Worker.run(ThreadPoolExecutor.java:651)
10-23 18:10:12.790  9275 17820 W anqe    : 	at bcqi.run(:com.google.android.gms@254031035@25.40.31 (260400-816341114):8)
10-23 18:10:12.790  9275 17820 W anqe    : 	at java.lang.Thread.run(Thread.java:1119)
10-23 18:10:12.790  9275 17820 W anqe    : Caused by: fnpd: No active MDD filegroup android-autofill-infinitedata found for the table autofill-domain-predictions-prod-spanner.
10-23 18:10:12.790  9275 17820 W anqe    : 	at fnpr.a(:com.google.android.gms@254031035@25.40.31 (260400-816341114):13)
10-23 18:10:12.790  9275 17820 W anqe    : 	at gpjr.d(:com.google.android.gms@254031035@25.40.31 (260400-816341114):3)
10-23 18:10:12.790  9275 17820 W anqe    : 	at gpjt.run(:com.google.android.gms@254031035@25.40.31 (260400-816341114):130)
10-23 18:10:12.790  9275 17820 W anqe    : 	at gpma.execute(:com.google.android.gms@254031035@25.40.31 (260400-816341114):1)
10-23 18:10:12.790  9275 17820 W anqe    : 	at gpkb.f(:com.google.android.gms@254031035@25.40.31 (260400-816341114):1)
10-23 18:10:12.790  9275 17820 W anqe    : 	at gpkb.m(:com.google.android.gms@254031035@25.40.31 (260400-816341114):99)
10-23 18:10:12.790  9275 17820 W anqe    : 	at gpkb.r(:com.google.android.gms@254031035@25.40.31 (260400-816341114):17)
10-23 18:10:12.790  9275 17820 W anqe    : 	at gpko.run(:com.google.android.gms@254031035@25.40.31 (260400-816341114):77)
10-23 18:10:12.790  9275 17820 W anqe    : 	at gpma.execute(:com.google.android.gms@254031035@25.40.31 (260400-816341114):1)
10-23 18:10:12.790  9275 17820 W anqe    : 	at gpkb.f(:com.google.android.gms@254031035@25.40.31 (260400-816341114):1)
10-23 18:10:12.790  9275 17820 W anqe    : 	at gpkb.m(:com.google.android.gms@254031035@25.40.31 (260400-816341114):99)
10-23 18:10:12.790  9275 17820 W anqe    : 	at gpkb.t(:com.google.android.gms@254031035@25.40.31 (260400-816341114):26)
10-23 18:10:12.790  9275 17820 W anqe    : 	at gpjr.e(:com.google.android.gms@254031035@25.40.31 (260400-816341114):3)
10-23 18:10:12.790  9275 17820 W anqe    : 	at gpjt.run(:com.google.android.gms@254031035@25.40.31 (260400-816341114):138)
10-23 18:10:12.790  9275 17820 W anqe    : 	at gpma.execute(:com.google.android.gms@254031035@25.40.31 (260400-816341114):1)
10-23 18:10:12.790  9275 17820 W anqe    : 	at gpkb.f(:com.google.android.gms@254031035@25.40.31 (260400-816341114):1)
10-23 18:10:12.790  9275 17820 W anqe    : 	at gpkb.m(:com.google.android.gms@254031035@25.40.31 (260400-816341114):99)
10-23 18:10:12.790  9275 17820 W anqe    : 	at gpkb.r(:com.google.android.gms@254031035@25.40.31 (260400-816341114):17)
10-23 18:10:12.790  9275 17820 W anqe    : 	at gpko.run(:com.google.android.gms@254031035@25.40.31 (260400-816341114):77)
10-23 18:10:12.790  9275 17820 W anqe    : 	at gpma.execute(:com.google.android.gms@254031035@25.40.31 (260400-816341114):1)
10-23 18:10:12.790  9275 17820 W anqe    : 	at gpkb.f(:com.google.android.gms@254031035@25.40.31 (260400-816341114):1)
10-23 18:10:12.790  9275 17820 W anqe    : 	at gpkb.m(:com.google.android.gms@254031035@25.40.31 (260400-816341114):99)
10-23 18:10:12.790  9275 17820 W anqe    : 	at gpkb.t(:com.google.android.gms@254031035@25.40.31 (260400-816341114):26)
10-23 18:10:12.790  9275 17820 W anqe    : 	at gpmx.run(:com.google.android.gms@254031035@25.40.31 (260400-816341114):5)
10-23 18:10:12.790  9275 17820 W anqe    : 	at gpma.execute(:com.google.android.gms@254031035@25.40.31 (260400-816341114):1)
10-23 18:10:12.790  9275 17820 W anqe    : 	at gpkb.f(:com.google.android.gms@254031035@25.40.31 (260400-816341114):1)
10-23 18:10:12.790  9275 17820 W anqe    : 	at gpkb.m(:com.google.android.gms@254031035@25.40.31 (260400-816341114):99)
10-23 18:10:12.790  9275 17820 W anqe    : 	at gpkb.t(:com.google.android.gms@254031035@25.40.31 (260400-816341114):26)
10-23 18:10:12.790  9275 17820 W anqe    : 	at gpkm.e(:com.google.android.gms@254031035@25.40.31 (260400-816341114):3)
10-23 18:10:12.790  9275 17820 W anqe    : 	at gpko.run(:com.google.android.gms@254031035@25.40.31 (260400-816341114):44)
10-23 18:10:12.790  9275 17820 W anqe    : 	at gpod.run(:com.google.android.gms@254031035@25.40.31 (260400-816341114):64)
10-23 18:10:12.790  9275 17820 W anqe    : 	... 6 more
10-23 18:10:12.790  9275 17820 W anqe    : Caused by: flxc: Requested group not found.
10-23 18:10:12.790  9275 17820 W anqe    : 	at flxa.a(:com.google.android.gms@254031035@25.40.31 (260400-816341114):30)
10-23 18:10:12.790  9275 17820 W anqe    : 	at fmce.a(:com.google.android.gms@254031035@25.40.31 (260400-816341114):19)
10-23 18:10:12.790  9275 17820 W anqe    : 	at ghbr.a(:com.google.android.gms@254031035@25.40.31 (260400-816341114):13)
10-23 18:10:12.790  9275 17820 W anqe    : 	at gpkm.d(:com.google.android.gms@254031035@25.40.31 (260400-816341114):3)
10-23 18:10:12.790  9275 17820 W anqe    : 	at gpko.run(:com.google.android.gms@254031035@25.40.31 (260400-816341114):38)
10-23 18:10:12.790  9275 17820 W anqe    : 	... 7 more
10-23 18:10:12.988  5589  5589 W TooltipLifecycleManager: TooltipLifecycleManager.dismissTooltips():153 Tooltip with id SUGGESTION_VIEW_EDU_MINI_DIALOG not found in tooltipManager.
10-23 18:10:13.133  1870  1870 D AutofillSession: Service did not request to wait for delayed fill response.
10-23 18:10:13.490  9275  9342 I FusedLocation: (REDACTED) location delivery to %s blocked - too close
10-23 18:10:13.490  9275  9342 I FusedLocation: (REDACTED) location delivery to %s blocked - too fast
10-23 18:10:13.491  9275  9342 I FusedLocation: (REDACTED) location delivery to %s blocked - too fast
10-23 18:10:13.492  9275  9342 I FusedLocation: (REDACTED) location delivery to %s blocked - too close
10-23 18:10:13.493  9275  9342 I FusedLocation: (REDACTED) location delivery to %s blocked - too fast
10-23 18:10:13.493  9275  9342 I FusedLocation: (REDACTED) location delivery to %s blocked - too close
10-23 18:10:13.496  9275  9342 I FusedLocation: (REDACTED) location delivery to %s blocked - too fast
10-23 18:10:14.138 28610  8978 I WM-WorkerWrapper: Worker result RETRY for Work [ id=e85d29b0-b8b8-454e-bc45-ed996650425d, tags={ com.avast.android.burger.internal.scheduling.DeviceInfoWorker } ]
10-23 18:10:15.182  9275  9345 W Settings: Setting airplane_mode_on has moved from android.provider.Settings.System to android.provider.Settings.Global, returning read-only value.
10-23 18:10:15.190  9275 15906 W SystemServiceRegistry: No service published for: wifirtt
10-23 18:10:15.210  9275  9309 I WifiScanner: onFullResults
10-23 18:10:15.210  9275  9671 I WifiScanner: onFullResults
10-23 18:10:15.210  9275  9288 I WifiScanner: onFullResults
10-23 18:10:15.220  9275 16664 I FrewleTileCacheManagerV: (REDACTED) Fetched %d AP models from cache
10-23 18:10:15.248  9275  9342 I FusedLocation: (REDACTED) location delivery to %s blocked - too close
10-23 18:10:15.249  9275  9342 I FusedLocation: (REDACTED) location delivery to %s blocked - too fast
10-23 18:10:15.249  9275  9342 I FusedLocation: (REDACTED) location delivery to %s blocked - too close
10-23 18:10:15.249  9275  9342 I FusedLocation: (REDACTED) location delivery to %s blocked - too fast
10-23 18:10:15.249  9275  9342 I FusedLocation: (REDACTED) location delivery to %s blocked - too close
10-23 18:10:15.251  9275  9342 I FusedLocation: (REDACTED) location delivery to %s blocked - too fast
10-23 18:10:15.252  9275  9342 I fznc    : Received empty WiFi-RTT scan. [CONTEXT service_id=6 ]
10-23 18:10:16.229  5589  5589 I GoogleInputMethodService: GoogleInputMethodService.onFinishInputView():1571 onFinishInputView(false)
10-23 18:10:16.229  5589  5589 I GlobeKeyExtension: GlobeKeyExtension.onDeactivate():144 
10-23 18:10:16.229  5589  5589 W TooltipLifecycleManager: TooltipLifecycleManager.dismissTooltips():153 Tooltip with id SUGGESTION_VIEW_EDU_MINI_DIALOG not found in tooltipManager.
10-23 18:10:16.230  5589  5589 I VoiceInputManagerWrapper: VoiceInputManagerWrapper.shutdown():131 shutdown()
10-23 18:10:16.231  5589  5589 W TooltipLifecycleManager: TooltipLifecycleManager.dismissTooltips():153 Tooltip with id spell_check_add_to_dictionary not found in tooltipManager.
10-23 18:10:16.233  5589  5589 W TooltipLifecycleManager: TooltipLifecycleManager.dismissTooltips():153 Tooltip with id undo_access_point_promotion_banner not found in tooltipManager.
10-23 18:10:16.247  9275 17820 I FusedOrientationManager: Registering orientation client. [CONTEXT service_id=6 ]
10-23 18:10:16.258  5589  5589 I KeyboardModeUtils: KeyboardModeUtils.getKeyboardBottomOffset():435 inch: 0.000000 ydpi: 387.429993 adjustKeyboardBottomByDisplaySize: false currentDensityDpi: 440 defaultDensityDpi: 440 keyboardBottomToScreenPx: 0 keyboardBottomToNavBarPx: -116 navBarHeight: 116
10-23 18:10:16.258  5589  5589 I KeyboardHeightUtil: KeyboardHeightUtil.calculateMaxKeyboardBodyHeight():50 leave 267 height for app when ime window height:2171, header height:121 and isFullscreenMode:false, so the max keyboard body height is:1783
10-23 18:10:16.258  5589  5589 I KeyboardHeightUtil: KeyboardHeightUtil.calculateMaxKeyboardBodyHeight():50 leave 267 height for app when ime window height:2171, header height:121 and isFullscreenMode:false, so the max keyboard body height is:1783
10-23 18:10:16.258  5589  5589 I AndroidIME: KeyboardViewManager.updateKeyboardBodyViewHolderPaddingBottom():472 Set finalPaddingBottom = 5 while holderPaddingBottom = 5; navigationHeight = 116
10-23 18:10:16.281  5589  5602 I BpBinder: onLastStrongRef automatically unlinking death recipients: 
10-23 18:10:16.281  5589  5602 I BpBinder: onLastStrongRef automatically unlinking death recipients: 
10-23 18:10:16.282  5589  5602 I BpBinder: onLastStrongRef automatically unlinking death recipients: 
10-23 18:10:16.283  9275 18318 I FusedOrientationManager: Registering orientation client. [CONTEXT service_id=6 ]
10-23 18:10:16.361 17156 17156 D ViewRootImpl: AppSizeAfterRelayout, size: Point(1202, 177), rotation: ROTATION_0
10-23 18:10:16.361 17156 17156 D BufferQueueConsumer: [](id:430400000001,api:0,p:-1,c:17156) connect: controlledByApp=false
10-23 18:10:16.362 17156 17156 D BLASTBufferQueue: [VRI[GrantPermissionsActivity]#1](f:0,a:0) constructor()
10-23 18:10:16.362 17156 17156 D BLASTBufferQueue: [VRI[GrantPermissionsActivity]#1](f:0,a:0) update width=1202 height=177 format=-2 mTransformHint=0
10-23 18:10:16.380  1870  1976 I ActivityTaskManager: Displayed com.google.android.permissioncontroller/com.android.permissioncontroller.permission.ui.GrantPermissionsActivity for user 0: +95ms
10-23 18:10:16.408 17156 17156 D ViewRootImpl: AppSizeAfterRelayout, size: Point(1202, 1037), rotation: ROTATION_0
10-23 18:10:16.408 17156 17156 D BLASTBufferQueue: [VRI[GrantPermissionsActivity]#1](f:0,a:0) update width=1202 height=1037 format=-2 mTransformHint=0
10-23 18:10:16.412 17156 17156 V ImeFocusController: onWindowFocus: com.android.internal.policy.DecorView{b89cf47 V.E...... R....... 0,0-1026,861}[GrantPermissionsActivity] softInputMode=STATE_ALWAYS_HIDDEN|ADJUST_NOTHING|IS_FORWARD_NAVIGATION
10-23 18:10:16.417  5589  5589 I GoogleInputMethodService: GoogleInputMethodService.onFinishInput():2085 
10-23 18:10:16.419  5589  5589 I Module  : DeviceLockedStatusModuleProvider$Module.updateDeviceLockedStatus():100 repeatCheckTimes = 0, locked = false
10-23 18:10:16.420  5589  5589 W TooltipLifecycleManager: TooltipLifecycleManager.dismissTooltips():153 Tooltip with id SUGGESTION_VIEW_EDU_MINI_DIALOG not found in tooltipManager.
10-23 18:10:16.421  5589  5589 I GoogleInputMethodService: GoogleInputMethodService.onStartInput():1346 onStartInput(EditorInfo{EditorInfo{packageName=com.google.android.permissioncontroller, inputType=0, inputTypeString=NULL, enableLearning=false, autoCorrection=false, autoComplete=false, imeOptions=0, privateImeOptions=null, actionName=UNSPECIFIED, actionLabel=null, initialSelStart=-1, initialSelEnd=-1, initialCapsMode=0, label=null, fieldId=0, fieldName=null, extras=null, hintText=null, hintLocales=[]}}, false)
10-23 18:10:16.421 17156 18209 D BLASTBufferQueue: [VRI[GrantPermissionsActivity]#1](f:0,a:1) producer disconnected before acquireNextBufferLocked
10-23 18:10:16.421 17156 18209 D BLASTBufferQueue: [VRI[GrantPermissionsActivity]#1](f:0,a:1) acquireNextBufferLocked size=1202x1037 mFrameNumber=1 applyTransaction=true mTimestamp=827083751124220(auto) mPendingTransactions.size=0 graphicBufferId=73684458930197 transform=0
10-23 18:10:16.424  5589  5589 I Module  : DeviceLockedStatusModuleProvider$Module.updateDeviceLockedStatus():100 repeatCheckTimes = 1, locked = false
10-23 18:10:16.424  5589  5589 I HardKeyTracker: HardKeyTracker.registerKeySequence():170 Register key sequence nfz{labelResId=0, callback=gds@6e2d796, lastModifier=0, keyCodes=[57, 57], actions=[1, 0]}
10-23 18:10:16.425  5589  5589 I HardKeyTracker: HardKeyTracker.registerKeySequence():170 Register key sequence nfz{labelResId=0, callback=gds@ff6bced, lastModifier=0, keyCodes=[58, 58], actions=[1, 0]}
10-23 18:10:16.480  9275  9342 I FusedLocation: (REDACTED) location delivery to %s blocked - too close
10-23 18:10:16.480  9275  9342 I FusedLocation: (REDACTED) location delivery to %s blocked - too fast
10-23 18:10:16.481  9275  9342 I FusedLocation: (REDACTED) location delivery to %s blocked - too fast
10-23 18:10:16.481  9275  9342 I FusedLocation: (REDACTED) location delivery to %s blocked - too close
10-23 18:10:16.481  9275  9342 I FusedLocation: (REDACTED) location delivery to %s blocked - too fast
10-23 18:10:16.482  9275  9342 I FusedLocation: (REDACTED) location delivery to %s blocked - too close
10-23 18:10:16.484  9275  9342 I FusedLocation: (REDACTED) location delivery to %s blocked - too fast
10-23 18:10:16.960  5589  5589 W TooltipLifecycleManager: TooltipLifecycleManager.dismissTooltips():153 Tooltip with id undo_access_point_promotion_banner not found in tooltipManager.
10-23 18:10:16.981  5589  5589 D ViewRootImpl: AppSizeAfterRelayout, size: Point(1080, 2287), rotation: ROTATION_0
10-23 18:10:16.983  5589  5589 D BLASTBufferQueue: [VRI[InputMethod]#4053](f:0,a:4) destructor()
10-23 18:10:16.983  5589  5589 D BufferQueueConsumer: [VRI[InputMethod]#4053(BLAST Consumer)4053](id:15d500000fd5,api:0,p:-1,c:5589) disconnect
10-23 18:10:17.292 12768 12768 I Choreographer: Skipped 59 frames!  The application may be doing too much work on its main thread.
10-23 18:10:17.379 17156 17156 I GrantPermissionsViewModel: Logged buttons presented and clicked permissionGroupName=android.permission-group.NOTIFICATIONS uid=10485 selectedPrecision=0 package=com.a1taxi.a1taxicustomer presentedButtons=9 clickedButton=1 isPermissionRationaleShown=false sessionId=-2389426610281055193 targetSdk=35
10-23 18:10:17.385 17156 17156 I GrantPermissionsViewModel: Permission grant result requestId=-2389426610281055193 callingUid=10485 callingPackage=com.a1taxi.a1taxicustomer permission=android.permission.POST_NOTIFICATIONS isImplicit=false result=4 isPermissionRationaleShown=falseisPackageRestrictedByEnhancedConfirmation=true
10-23 18:10:17.566  9275 18317 I PhenotypeResourceReader: unable to find any Phenotype resource metadata for com.a1taxi.a1taxicustomer
10-23 18:10:17.576 17156 17168 W ssioncontroller: ApkAssets: Deleting an ApkAssets object '<empty> and /data/app/~~8wfIoNRu9NBmpBsDKkfLsw==/com.a1taxi.a1taxicustomer--gzVwCD4C6ZH9AL979jk9Q==/base.apk' with 1 weak references
10-23 18:10:17.585  5589  5589 I GoogleInputMethodService: GoogleInputMethodService.onFinishInput():2085 
10-23 18:10:17.586  5589  5589 I Module  : DeviceLockedStatusModuleProvider$Module.updateDeviceLockedStatus():100 repeatCheckTimes = 0, locked = false
10-23 18:10:17.587  5589  5589 I GoogleInputMethodService: GoogleInputMethodService.onStartInput():1346 onStartInput(EditorInfo{EditorInfo{packageName=com.a1taxi.a1taxicustomer, inputType=0, inputTypeString=NULL, enableLearning=false, autoCorrection=false, autoComplete=false, imeOptions=0, privateImeOptions=null, actionName=UNSPECIFIED, actionLabel=null, initialSelStart=-1, initialSelEnd=-1, initialCapsMode=0, label=null, fieldId=0, fieldName=null, extras=null, hintText=null, hintLocales=[]}}, false)
10-23 18:10:17.588  5589  5589 I Module  : DeviceLockedStatusModuleProvider$Module.updateDeviceLockedStatus():100 repeatCheckTimes = 1, locked = false
10-23 18:10:17.590  9275 18318 W GetConfigSnapshotOp: Succeeded but not registered: com.google.android.gms.maps#com.a1taxi.a1taxicustomer [CONTEXT service_id=51 ]
10-23 18:10:17.609 17156 17156 D VRI[GrantPermissionsActivity]: visibilityChanged oldVisibility=true newVisibility=false
10-23 18:10:17.617 17156 17156 W WindowOnBackDispatcher: sendCancelIfRunning: isInProgress=false callback=android.view.ViewRootImpl$$ExternalSyntheticLambda11@a95b136
10-23 18:10:17.624 17156 18209 D BLASTBufferQueue: [VRI[GrantPermissionsActivity]#1](f:0,a:4) destructor()
10-23 18:10:17.625 17156 18209 D BufferQueueConsumer: [VRI[GrantPermissionsActivity]#1(BLAST Consumer)1](id:430400000001,api:0,p:-1,c:17156) disconnect
10-23 18:10:17.655  9275 18318 I HeterodyneSyncScheduler: (REDACTED) Scheduling Phenotype for a %s(%d, %s) one off with window [%d, %d] in seconds
10-23 18:10:17.655  9275 18317 I HeterodyneSyncScheduler: (REDACTED) Scheduling Phenotype for a %s(%d, %s) one off with window [%d, %d] in seconds
10-23 18:10:17.663  9275 18318 I PhenotypeResourceReader: unable to find any Phenotype resource metadata for com.a1taxi.a1taxicustomer
10-23 18:10:17.665  9275 18317 I PhenotypeResourceReader: unable to find any Phenotype resource metadata for com.a1taxi.a1taxicustomer
10-23 18:10:17.724  9275 18317 I FusedOrientationManager: Registering orientation client. [CONTEXT service_id=6 ]
10-23 18:10:17.753  1870  2711 D BatteryStatsService: noteVideoSurfaceChanged  noteWhich: 49,arg1: 1080, arg2: 2056, arg3: 16224, arg4: 468, name: com.a1taxi.a1taxicustomer
10-23 18:10:18.139  9275  9672 I IPCThreadState: oneway function results for code 1 on binder at 0xb4000077d00fe4d0 will be dropped but finished with status UNKNOWN_TRANSACTION and reply parcel size 80
10-23 18:10:18.497  9275  9342 I FusedLocation: (REDACTED) location delivery to %s blocked - too close
10-23 18:10:18.499  9275  9342 I FusedLocation: (REDACTED) location delivery to %s blocked - too fast
10-23 18:10:18.499  9275  9342 I FusedLocation: (REDACTED) location delivery to %s blocked - too fast
10-23 18:10:18.501  9275  9342 I FusedLocation: (REDACTED) location delivery to %s blocked - too close
10-23 18:10:18.501  9275  9342 I FusedLocation: (REDACTED) location delivery to %s blocked - too fast
10-23 18:10:18.501  9275  9342 I FusedLocation: (REDACTED) location delivery to %s blocked - too close
10-23 18:10:18.502  9275  9342 I FusedLocation: (REDACTED) location delivery to %s blocked - too close
10-23 18:10:18.505  9275  9342 I FusedLocation: (REDACTED) location delivery to %s blocked - too fast
10-23 18:10:20.144  5589  5589 I GoogleInputMethodService: GoogleInputMethodService.onFinishInput():2085 
10-23 18:10:20.146  5589  5589 I Module  : DeviceLockedStatusModuleProvider$Module.updateDeviceLockedStatus():100 repeatCheckTimes = 0, locked = false
10-23 18:10:20.148  5589  5589 I GoogleInputMethodService: GoogleInputMethodService.onStartInput():1346 onStartInput(EditorInfo{EditorInfo{packageName=com.a1taxi.a1taxicustomer, inputType=0, inputTypeString=NULL, enableLearning=false, autoCorrection=false, autoComplete=false, imeOptions=0, privateImeOptions=null, actionName=UNSPECIFIED, actionLabel=null, initialSelStart=-1, initialSelEnd=-1, initialCapsMode=0, label=null, fieldId=0, fieldName=null, extras=null, hintText=null, hintLocales=[]}}, false)
10-23 18:10:20.151  5589  5589 I Module  : DeviceLockedStatusModuleProvider$Module.updateDeviceLockedStatus():100 repeatCheckTimes = 1, locked = false
10-23 18:10:20.212  9275  9345 W Settings: Setting airplane_mode_on has moved from android.provider.Settings.System to android.provider.Settings.Global, returning read-only value.
10-23 18:10:20.217  9275 18262 W SystemServiceRegistry: No service published for: wifirtt
10-23 18:10:20.513  9275  9342 I FusedLocation: (REDACTED) location delivery to %s blocked - too close
10-23 18:10:20.516  9275  9342 I FusedLocation: (REDACTED) location delivery to %s blocked - too fast
10-23 18:10:20.519  9275  9342 I FusedLocation: (REDACTED) location delivery to %s blocked - too close
10-23 18:10:20.520  9275  9342 I FusedLocation: (REDACTED) location delivery to %s blocked - too fast
10-23 18:10:20.520  9275  9342 I FusedLocation: (REDACTED) location delivery to %s blocked - too close
10-23 18:10:20.520  9275  9342 I FusedLocation: (REDACTED) location delivery to %s blocked - too close
10-23 18:10:20.524  9275  9342 I FusedLocation: (REDACTED) location delivery to %s blocked - too fast
10-23 18:10:21.162  9275  9672 I WifiScanner: onFullResults
10-23 18:10:21.163  9275  9308 I WifiScanner: onFullResults
10-23 18:10:21.163  9275  9316 I WifiScanner: onFullResults
10-23 18:10:21.174  9275 18327 I FrewleTileCacheManagerV: (REDACTED) Fetched %d AP models from cache
10-23 18:10:21.207  9275  9342 I fznc    : Received empty WiFi-RTT scan. [CONTEXT service_id=6 ]
10-23 18:10:22.502  9275  9342 I FusedLocation: (REDACTED) location delivery to %s blocked - too close
10-23 18:10:22.502  9275  9342 I FusedLocation: (REDACTED) location delivery to %s blocked - too fast
10-23 18:10:22.503  9275  9342 I FusedLocation: (REDACTED) location delivery to %s blocked - too fast
10-23 18:10:22.506  9275  9342 I FusedLocation: (REDACTED) location delivery to %s blocked - too close
10-23 18:10:22.507  9275  9342 I FusedLocation: (REDACTED) location delivery to %s blocked - too fast
10-23 18:10:22.507  9275  9342 I FusedLocation: (REDACTED) location delivery to %s blocked - too close
10-23 18:10:22.507  9275  9342 I FusedLocation: (REDACTED) location delivery to %s blocked - too close
10-23 18:10:22.508  9275  9342 I FusedLocation: (REDACTED) location delivery to %s blocked - too fast
10-23 18:10:22.792  9275 16664 I NetworkScheduler.Stats: (REDACTED) Task %s/%s started execution. cause:%s exec_start_elapsed_seconds: %s
10-23 18:10:23.181  9275 18327 I PhenotypeResourceReader: unable to find any Phenotype resource metadata for com.google.android.onetimeinitializer
10-23 18:10:24.227  9275 18327 I PhenotypeResourceReader: unable to find any Phenotype resource metadata for com.google.android.devicelockcontroller
10-23 18:10:24.494  9275  9342 I FusedLocation: (REDACTED) location delivery to %s blocked - too close
10-23 18:10:24.495  9275  9342 I FusedLocation: (REDACTED) location delivery to %s blocked - too fast
10-23 18:10:24.495  9275  9342 I FusedLocation: (REDACTED) location delivery to %s blocked - too fast
10-23 18:10:24.497  9275  9342 I FusedLocation: (REDACTED) location delivery to %s blocked - too close
10-23 18:10:24.500  9275  9342 I FusedLocation: (REDACTED) location delivery to %s blocked - too close
10-23 18:10:24.500  9275  9342 I FusedLocation: (REDACTED) location delivery to %s blocked - too close
10-23 18:10:24.502  9275  9342 I FusedLocation: (REDACTED) location delivery to %s blocked - too fast
10-23 18:10:24.511  9275 16664 I SemanticLocation: [InfMgr] No location reports after filtering [CONTEXT service_id=173 ]
10-23 18:10:24.627  9275 18327 I PhenotypeResourceReader: unable to find any Phenotype resource metadata for com.google.android.modulemetadata
10-23 18:10:24.914  9275 18327 I PhenotypeResourceReader: unable to find any Phenotype resource metadata for com.google.android.gsf
10-23 18:10:25.140  9275 18327 I PhenotypeResourceReader: unable to find any Phenotype resource metadata for com.google.android.feedback
10-23 18:10:25.430  9275 18327 I PhenotypeResourceReader: unable to find any Phenotype resource metadata for com.google.android.gms.supervision
10-23 18:10:25.721  9275 18327 I PhenotypeResourceReader: unable to find any Phenotype resource metadata for com.google.android.gms.location.history
10-23 18:10:26.156  9275  9345 W Settings: Setting airplane_mode_on has moved from android.provider.Settings.System to android.provider.Settings.Global, returning read-only value.
10-23 18:10:26.160  9275 18326 W SystemServiceRegistry: No service published for: wifirtt
10-23 18:10:26.170  9275  9672 I WifiScanner: onFullResults
10-23 18:10:26.171  9275  9308 I WifiScanner: onFullResults
10-23 18:10:26.172  9275  9672 I WifiScanner: onFullResults
10-23 18:10:26.178  9275 18326 I FrewleTileCacheManagerV: (REDACTED) Fetched %d AP models from cache
10-23 18:10:26.205  9275  9342 I FusedLocation: (REDACTED) location delivery to %s blocked - too close
10-23 18:10:26.207  9275  9342 I FusedLocation: (REDACTED) location delivery to %s blocked - too fast
10-23 18:10:26.208  9275  9342 I FusedLocation: (REDACTED) location delivery to %s blocked - too close
10-23 18:10:26.208  9275  9342 I FusedLocation: (REDACTED) location delivery to %s blocked - too fast
10-23 18:10:26.208  9275  9342 I FusedLocation: (REDACTED) location delivery to %s blocked - too close
10-23 18:10:26.208  9275  9342 I FusedLocation: (REDACTED) location delivery to %s blocked - too close
10-23 18:10:26.209  9275  9342 I FusedLocation: (REDACTED) location delivery to %s blocked - too fast
10-23 18:10:26.210  9275  9342 I fznc    : Received empty WiFi-RTT scan. [CONTEXT service_id=6 ]
10-23 18:10:26.261  5589  6019 I ProtoXDBBufferWrapper: ProtoXDBBufferWrapper.flushToStorage():158 Flushed 6 data item(s) to storage.
10-23 18:10:26.481  9275  9342 I FusedLocation: (REDACTED) location delivery to %s blocked - too close
10-23 18:10:26.481  9275  9342 I FusedLocation: (REDACTED) location delivery to %s blocked - too fast
10-23 18:10:26.481  9275  9342 I FusedLocation: (REDACTED) location delivery to %s blocked - too fast
10-23 18:10:26.482  9275  9342 I FusedLocation: (REDACTED) location delivery to %s blocked - too fast
10-23 18:10:26.482  9275  9342 I FusedLocation: (REDACTED) location delivery to %s blocked - too close
10-23 18:10:26.482  9275  9342 I FusedLocation: (REDACTED) location delivery to %s blocked - too fast
10-23 18:10:26.482  9275  9342 I FusedLocation: (REDACTED) location delivery to %s blocked - too close
10-23 18:10:26.483  9275  9342 I FusedLocation: (REDACTED) location delivery to %s blocked - too close
10-23 18:10:26.484  9275  9342 I FusedLocation: (REDACTED) location delivery to %s blocked - too fast
10-23 18:10:26.977  9275 18327 I HeterodyneSyncer: (REDACTED) Removed %d invalid users
10-23 18:10:28.490  9275  9342 I FusedLocation: (REDACTED) location delivery to %s blocked - too close
10-23 18:10:28.491  9275  9342 I FusedLocation: (REDACTED) location delivery to %s blocked - too fast
10-23 18:10:28.491  9275  9342 I FusedLocation: (REDACTED) location delivery to %s blocked - too fast
10-23 18:10:28.494  9275  9342 I FusedLocation: (REDACTED) location delivery to %s blocked - too close
10-23 18:10:28.494  9275  9342 I FusedLocation: (REDACTED) location delivery to %s blocked - too fast
10-23 18:10:28.494  9275  9342 I FusedLocation: (REDACTED) location delivery to %s blocked - too close
10-23 18:10:28.494  9275  9342 I FusedLocation: (REDACTED) location delivery to %s blocked - too close
10-23 18:10:28.496  9275  9342 I FusedLocation: (REDACTED) location delivery to %s blocked - too fast
10-23 18:10:29.443  9275 18327 I PhSharedDirectoryWriter: Created directory [CONTEXT service_id=51 ]
10-23 18:10:29.482  9275 18327 I HeterodyneSyncer: (REDACTED) Sync completed. fetchReason: %s, fetchPackageName: %s, syncErrorType: %s, individual sync errors: %s.
10-23 18:10:29.492  9275 18327 I PhenotypeResourceReader: unable to find any Phenotype resource metadata for com.a1taxi.a1taxicustomer
10-23 18:10:29.496  9275 18327 I HeterodyneSyncer: (REDACTED) Finished notifying packages after sync. syncLatency: %d
10-23 18:10:29.507  9275 18327 I HeterodyneSyncScheduler: (REDACTED) Scheduling adaptive one off task with window [%d, %d] in seconds
10-23 18:10:29.523  9275 15906 I NetworkScheduler.Stats: (REDACTED) Task %s/%s finished executing. cause:%s result: %s elapsed_millis: %s uptime_millis: %s exec_start_elapsed_seconds: %s
10-23 18:10:29.590  9275 18327 I NetworkScheduler.Stats: (REDACTED) Task %s/%s started execution. cause:%s exec_start_elapsed_seconds: %s
10-23 18:10:29.632  9275 15906 I NetworkScheduler.Stats: (REDACTED) Task %s/%s started execution. cause:%s exec_start_elapsed_seconds: %s
10-23 18:10:29.636  9275 15906 I NetworkScheduler.Stats: (REDACTED) Task %s/%s finished executing. cause:%s result: %s elapsed_millis: %s uptime_millis: %s exec_start_elapsed_seconds: %s
10-23 18:10:29.649  9275 16664 I NetworkScheduler.Stats: (REDACTED) Task %s/%s finished executing. cause:%s result: %s elapsed_millis: %s uptime_millis: %s exec_start_elapsed_seconds: %s
10-23 18:10:30.485  9275  9342 I FusedLocation: (REDACTED) location delivery to %s blocked - too close
10-23 18:10:30.485  9275  9342 I FusedLocation: (REDACTED) location delivery to %s blocked - too fast
10-23 18:10:30.485  9275  9342 I FusedLocation: (REDACTED) location delivery to %s blocked - too fast
10-23 18:10:30.486  9275  9342 I FusedLocation: (REDACTED) location delivery to %s blocked - too close
10-23 18:10:30.487  9275  9342 I FusedLocation: (REDACTED) location delivery to %s blocked - too fast
10-23 18:10:30.487  9275  9342 I FusedLocation: (REDACTED) location delivery to %s blocked - too close
10-23 18:10:30.487  9275  9342 I FusedLocation: (REDACTED) location delivery to %s blocked - too close
10-23 18:10:30.488  9275  9342 I FusedLocation: (REDACTED) location delivery to %s blocked - too fast
10-23 18:10:31.171  9275  9345 W Settings: Setting airplane_mode_on has moved from android.provider.Settings.System to android.provider.Settings.Global, returning read-only value.
10-23 18:10:31.173  9275 16664 W SystemServiceRegistry: No service published for: wifirtt
10-23 18:10:32.102  9275  9308 I WifiScanner: onFullResults
10-23 18:10:32.103  9275  9316 I WifiScanner: onFullResults
10-23 18:10:32.103  9275  9672 I WifiScanner: onFullResults
10-23 18:10:32.114  9275 16664 I FrewleTileCacheManagerV: (REDACTED) Fetched %d AP models from cache
10-23 18:10:32.131  9275  9342 I FusedLocation: (REDACTED) location delivery to %s blocked - too close
10-23 18:10:32.132  9275  9342 I FusedLocation: (REDACTED) location delivery to %s blocked - too fast
10-23 18:10:32.132  9275  9342 I FusedLocation: (REDACTED) location delivery to %s blocked - too close
10-23 18:10:32.132  9275  9342 I FusedLocation: (REDACTED) location delivery to %s blocked - too fast
10-23 18:10:32.132  9275  9342 I FusedLocation: (REDACTED) location delivery to %s blocked - too close
10-23 18:10:32.132  9275  9342 I FusedLocation: (REDACTED) location delivery to %s blocked - too close
10-23 18:10:32.133  9275  9342 I FusedLocation: (REDACTED) location delivery to %s blocked - too fast
10-23 18:10:32.135  9275  9342 I fznc    : Received empty WiFi-RTT scan. [CONTEXT service_id=6 ]
10-23 18:10:32.491  9275  9342 I FusedLocation: (REDACTED) location delivery to %s blocked - too close
10-23 18:10:32.491  9275  9342 I FusedLocation: (REDACTED) location delivery to %s blocked - too fast
10-23 18:10:32.491  9275  9342 I FusedLocation: (REDACTED) location delivery to %s blocked - too fast
10-23 18:10:32.492  9275  9342 I FusedLocation: (REDACTED) location delivery to %s blocked - too fast
10-23 18:10:32.492  9275  9342 I FusedLocation: (REDACTED) location delivery to %s blocked - too close
10-23 18:10:32.492  9275  9342 I FusedLocation: (REDACTED) location delivery to %s blocked - too fast
10-23 18:10:32.492  9275  9342 I FusedLocation: (REDACTED) location delivery to %s blocked - too close
10-23 18:10:32.493  9275  9342 I FusedLocation: (REDACTED) location delivery to %s blocked - too close
10-23 18:10:32.500  9275  9342 I FusedLocation: (REDACTED) location delivery to %s blocked - too fast
10-23 18:10:32.664  7096  7120 I native  : I0000 00:00:1761223232.664508    7120 soda_async_impl.cc:1383] Current audio timestamp: 1761223232573800
10-23 18:10:32.680  7096  7126 W ProxyAndroidLoggerBackend: Too many Flogger logs received before configuration. Dropping old logs.
10-23 18:10:34.146  9275  9308 I IPCThreadState: oneway function results for code 2 on binder at 0xb4000077d00c9b80 will be dropped but finished with status UNKNOWN_TRANSACTION
10-23 18:10:34.156  9275  9308 I IPCThreadState: oneway function results for code 2 on binder at 0xb4000077d006be00 will be dropped but finished with status UNKNOWN_TRANSACTION
10-23 18:10:34.175 28610  8978 I WM-WorkerWrapper: Worker result FAILURE for Work [ id=e85d29b0-b8b8-454e-bc45-ed996650425d, tags={ com.avast.android.burger.internal.scheduling.DeviceInfoWorker } ]
10-23 18:10:34.177 17940 18049 I IPCThreadState: oneway function results for code 2 on binder at 0xb4000077d00714a0 will be dropped but finished with status UNKNOWN_TRANSACTION
10-23 18:10:34.478  9275  9342 I FusedLocation: (REDACTED) location delivery to %s blocked - too close
10-23 18:10:34.478  9275  9342 I FusedLocation: (REDACTED) location delivery to %s blocked - too fast
10-23 18:10:34.478  9275  9342 I FusedLocation: (REDACTED) location delivery to %s blocked - too fast
10-23 18:10:34.478  9275  9342 I FusedLocation: (REDACTED) location delivery to %s blocked - too close
10-23 18:10:34.478  9275  9342 I FusedLocation: (REDACTED) location delivery to %s blocked - too fast
10-23 18:10:34.478  9275  9342 I FusedLocation: (REDACTED) location delivery to %s blocked - too close
10-23 18:10:34.478  9275  9342 I FusedLocation: (REDACTED) location delivery to %s blocked - too close
10-23 18:10:34.481  9275  9342 I FusedLocation: (REDACTED) location delivery to %s blocked - too fast
10-23 18:10:36.234  5589  5589 I VoiceInputManagerWrapper: VoiceInputManagerWrapper.shutdownVoiceInternal():148 shutdownVoiceInternal()
10-23 18:10:36.480  9275  9342 I FusedLocation: (REDACTED) location delivery to %s blocked - too close
10-23 18:10:36.480  9275  9342 I FusedLocation: (REDACTED) location delivery to %s blocked - too fast
10-23 18:10:36.480  9275  9342 I FusedLocation: (REDACTED) location delivery to %s blocked - too fast
10-23 18:10:36.482  9275  9342 I FusedLocation: (REDACTED) location delivery to %s blocked - too close
10-23 18:10:36.482  9275  9342 I FusedLocation: (REDACTED) location delivery to %s blocked - too fast
10-23 18:10:36.482  9275  9342 I FusedLocation: (REDACTED) location delivery to %s blocked - too close
10-23 18:10:36.482  9275  9342 I FusedLocation: (REDACTED) location delivery to %s blocked - too close
10-23 18:10:36.483  9275  9342 I FusedLocation: (REDACTED) location delivery to %s blocked - too fast
10-23 18:10:37.108  9275  9345 W Settings: Setting airplane_mode_on has moved from android.provider.Settings.System to android.provider.Settings.Global, returning read-only value.
10-23 18:10:37.114  9275 16664 W SystemServiceRegistry: No service published for: wifirtt
10-23 18:10:37.131  9275  9671 I WifiScanner: onFullResults
10-23 18:10:37.132  9275  9316 I WifiScanner: onFullResults
10-23 18:10:37.134  9275  9671 I WifiScanner: onFullResults
10-23 18:10:37.141  9275 18326 I FrewleTileCacheManagerV: (REDACTED) Fetched %d AP models from cache
10-23 18:10:37.168  9275  9342 I FusedLocation: (REDACTED) location delivery to %s blocked - too close
10-23 18:10:37.168  9275  9342 I FusedLocation: (REDACTED) location delivery to %s blocked - too fast
10-23 18:10:37.169  9275  9342 I FusedLocation: (REDACTED) location delivery to %s blocked - too close
