10-19 15:33:57.028  1475  4503 I ReactNativeJS:     message: 'Your ride status has been updated to: no_drivers_available',
10-19 15:33:57.028  1475  4503 I ReactNativeJS:     data: 
10-19 15:33:57.028  1475  4503 I ReactNativeJS:      { ride_id: 'd446ed9d-884c-457d-8d48-241414a9a135',
10-19 15:33:57.028  1475  4503 I ReactNativeJS:        new_status: 'no_drivers_available',
10-19 15:33:57.028  1475  4503 I ReactNativeJS:        old_status: 'requested' },
10-19 15:33:57.028  1475  4503 I ReactNativeJS:     status: 'read',
10-19 15:33:57.028  1475  4503 I ReactNativeJS:     created_at: '2025-10-19T08:59:54.831977+00:00',
10-19 15:33:57.028  1475  4503 I ReactNativeJS:     updated_at: '2025-10-19T09:36:27.28826+00:00',
10-19 15:33:57.028  1475  4503 I ReactNativeJS:     expires_at: null },
10-19 15:33:57.028  1475  4503 I ReactNativeJS:   { id: 'b45f4d4c-3992-4a8c-8b6d-eea2867e70fc',
10-19 15:33:57.028  1475  4503 I ReactNativeJS:     user_id: 'e95a4f14-8958-49e9-8ede-d81b82a7ba12',
10-19 15:33:57.028  1475  4503 I ReactNativeJS:     type: 'ride_status_changed',
10-19 15:33:57.028  1475  4503 I ReactNativeJS:     title: 'Ride Status Updated',
10-19 15:33:57.028  1475  4503 I ReactNativeJS:     message: 'Your ride status has been updated to: cancelled',
10-19 15:33:57.028  1475  4503 I ReactNativeJS:     data: 
10-19 15:33:57.028  1475  4503 I ReactNativeJS:      { ride_id: '9f22b13e-21b6-42c0-9576-f887396fe08d',
10-19 15:33:57.028  1475  4503 I ReactNativeJS:        new_status: 'cancelled',
10-19 15:33:57.028  1475  4503 I ReactNativeJS:        old_status: 'no_drivers_available' },
10-19 15:33:57.028  1475  4503 I ReactNativeJS:     status: 'read',
10-19 15:33:57.028  1475  4503 I ReactNativeJS:     created_at: '2025-10-19T08:58:24.234352+00:00',
10-19 15:33:57.028  1475  4503 I ReactNativeJS:     updated_at: '2025-10-19T08:58:28.77142+00:00',
10-19 15:33:57.028  1475  4503 I ReactNativeJS:     expires_at: null },
10-19 15:33:57.028  1475  4503 I ReactNativeJS:   { id: 'ac5dcca7-6eb3-4468-be2d-5cd45a6a0c6a',
10-19 15:33:57.028  1475  4503 I ReactNativeJS:     user_id: 'e95a4f14-8958-49e9-8ede-d81b82a7ba12',
10-19 15:33:57.028  1475  4503 I ReactNativeJS:     type: 'ride_status_changed',
10-19 15:33:57.028  1475  4503 I ReactNativeJS:     title: 'Ride Status Updated',
10-19 15:33:57.028  1475  4503 I ReactNativeJS:     message: 'Your ride status has been updated to: no_drivers_available',
10-19 15:33:57.028  1475  4503 I ReactNativeJS:     data: 
10-19 15:33:57.028  1475  4503 I ReactNativeJS:      { ride_id: '9f22b13e-21b6-42c0-9576-f887396fe08d',
10-19 15:33:57.028  1475  4503 I ReactNativeJS:        new_status: 'no_drivers_available',
10-19 15:33:57.028  1475  4503 I ReactNativeJS:        old_status: 'requested' },
10-19 15:33:57.028  1475  4503 I ReactNativeJS:     status: 'read',
10-19 15:33:57.028  1475  4503 I ReactNativeJS:     created_at: '2025-10-19T08:58:19.703261+00:00',
10-19 15:33:57.028  1475  4503 I ReactNativeJS:     updated_at: '2025-10-19T08:59:33.469675+00:00',
10-19 15:33:57.028  1475  4503 I ReactNativeJS:     expires_at: null },
10-19 15:33:57.028  1475  4503 I ReactNativeJS:   { id: '7761c699-2290-40ce-87aa-8933593a1e46',
10-19 15:33:57.028  1475  4503 I ReactNativeJS:     user_id: 'e95a4f14-8958-49e9-8ede-d81b82a7ba12',
10-19 15:33:57.028  1475  4503 I ReactNativeJS:     type: 'ride_status_changed',
10-19 15:33:57.028  1475  4503 I ReactNativeJS:     title: 'Ride Status Updated',
10-19 15:33:57.028  1475  4503 I ReactNativeJS:     message: 'Your ride status has been updated to: in_progress',
10-19 15:33:57.028  1475  4503 I ReactNativeJS:     data: 
10-19 15:33:57.028  1475  4503 I ReactNativeJS:      { ride_id: '8fb34677-14fc-4479-b3c5-d42763361ec5',
10-19 15:33:57.028  1475  4503 I ReactNativeJS:        new_status: 'in_progress',
10-19 15:33:57.028  1475  4503 I ReactNativeJS:        old_status: 'driver_arrived' },
10-19 15:33:57.028  1475  4503 I ReactNativeJS:     status: 'read',
10-19 15:33:57.028  1475  4503 I ReactNativeJS:     created_at: '2025-10-19T08:46:19.98375+00:00',
10-19 15:33:57.028  1475  4503 I ReactNativeJS:     updated_at: '2025-10-19T08:57:47.744011+00:00',
10-19 15:33:57.028  1475  4503 I ReactNativeJS:     expires_at: null },
10-19 15:33:57.028  1475  4503 I ReactNativeJS:   { id: 'fc86abea-b92e-435a-829e-38f9ef7900e4',
10-19 15:33:57.028  1475  4503 I ReactNativeJS:     user_id: 'e95a4f14-8958-49e9-8ede-d81b82a7ba12',
10-19 15:33:57.028  1475  4503 I ReactNativeJS:     type: 'ride_status_changed',
10-19 15:33:57.028  1475  4503 I ReactNativeJS:     title: 'Ride Status Updated',
10-19 15:33:57.028  1475  4503 I ReactNativeJS:     message: 'Your ride status has been updated to: driver_arrived',
10-19 15:33:57.028  1475  4503 I ReactNativeJS:     data: 
10-19 15:33:57.028  1475  4503 I ReactNativeJS:      { ride_id: '8fb34677-14fc-4479-b3c5-d42763361ec5',
10-19 15:33:57.028  1475  4503 I ReactNativeJS:        new_status: 'driver_arrived',
10-19 15:33:57.028  1475  4503 I ReactNativeJS:        old_status: 'accepted' },
10-19 15:33:57.028  1475  4503 I ReactNativeJS:     status: 'read',
10-19 15:33:57.028  1475  4503 I ReactNativeJS:     created_at: '2025-10-19T08:45:13.865016+00:00',
10-19 15:33:57.028  1475  4503 I ReactNativeJS:     updated_at: '2025-10-19T08:45:45.021559+00:00',
10-19 15:33:57.028  1475  4503 I ReactNativeJS:     expires_at: null },
10-19 15:33:57.028  1475  4503 I ReactNativeJS:   { id: 'f48be59d-9b46-4e42-86d9-abd2672e3a28',
10-19 15:33:57.028  1475  4503 I ReactNativeJS:     user_id: 'e95a4f14-8958-49e9-8ede-d81b82a7ba12',
10-19 15:33:57.028  1475  4503 I ReactNativeJS:     type: 'ride_status_changed',
10-19 15:33:57.028  1475  4503 I ReactNativeJS:     title: 'Ride Status Updated',
10-19 15:33:57.028  1475  4503 I ReactNativeJS:     message: 'Your ride status has been updated to: accepted',
10-19 15:33:57.028  1475  4503 I ReactNativeJS:     data: 
10-19 15:33:57.028  1475  4503 I ReactNativeJS:      { ride_id: '8fb34677-14fc-4479-b3c5-d42763361ec5',
10-19 15:33:57.028  1475  4503 I ReactNativeJS:        new_status: 'accepted',
10-19 15:33:57.028  1475  4503 I ReactNativeJS:        old_status: 'requested' },
10-19 15:33:57.028  1475  4503 I ReactNativeJS:     status: 'read',
10-19 15:33:57.028  1475  4503 I ReactNativeJS:     created_at: '2025-10-18T15:15:50.284134+00:00',
10-19 15:33:57.028  1475  4503 I ReactNativeJS:     updated_at: '2025-10-19T08:45:43.187147+00:00',
10-19 15:33:57.028  1475  4503 I ReactNativeJS:     expires_at: null },
10-19 15:33:57.028  1475  4503 I ReactNativeJS:   { id: 'f7f1e040-9e2a-4984-a885-4b84cd772e90',
10-19 15:33:57.028  1475  4503 I ReactNativeJS:     user_id: 'e95a4f14-8958-49e9-8ede-d81b82a7ba12',
10-19 15:33:57.028  1475  4503 I ReactNativeJS:     type: 'ride_status_changed',
10-19 15:33:57.028  1475  4503 I ReactNativeJS:     title: 'Ride Status Updated',
10-19 15:33:57.028  1475  4503 I ReactNativeJS:     message: 'Your ride status has been updated to: no_drivers_available',
10-19 15:33:57.028  1475  4503 I ReactNativeJS:     data: 
10-19 15:33:57.028  1475  4503 I ReactNativeJS:      { ride_id: '9bad33c5-02a8-49c2-9bf6-be2ec0abc239',
10-19 15:33:57.028  1475  4503 I ReactNativeJS:        new_status: 'no_drivers_available',
10-19 15:33:57.028  1475  4503 I ReactNativeJS:        old_status: 'requested' },
10-19 15:33:57.028  1475  4503 I ReactNativeJS:     status: 'read',
10-19 15:33:57.028  1475  4503 I ReactNativeJS:     created_at: '2025-10-18T05:21:38.589702+00:00',
10-19 15:33:57.028  1475  4503 I ReactNativeJS:     updated_at: '2025-10-18T14:44:30.41981+00:00',
10-19 15:33:57.028  1475  4503 I ReactNativeJS:     expires_at: null },
10-19 15:33:57.028  1475  4503 I ReactNativeJS:   { id: '42714190-2ef0-493c-b908-bc2d69c15105',
10-19 15:33:57.028  1475  4503 I ReactNativeJS:     user_id: 'e95a4f14-8958-49e9-8ede-d81b82a7ba12',
10-19 15:33:57.028  1475  4503 I ReactNativeJS:     type: 'ride_status_changed',
10-19 15:33:57.028  1475  4503 I ReactNativeJS:     title: 'Ride Status Updated',
10-19 15:33:57.028  1475  4503 I ReactNativeJS:     message: 'Your ride status has been updated to: no_drivers_available',
10-19 15:33:57.028  1475  4503 I ReactNativeJS:     data: 
10-19 15:33:57.028  1475  4503 I ReactNativeJS:      { ride_id: '8ddb9bb2-571b-4e13-94a0-afe448d23214',
10-19 15:33:57.028  1475  4503 I ReactNativeJS:        new_status: 'no_drivers_available',
10-19 15:33:57.028  1475  4503 I ReactNativeJS:        old_status: 'requested' },
10-19 15:33:57.028  1475  4503 I ReactNativeJS:     status: 'read',
10-19 15:33:57.028  1475  4503 I ReactNativeJS:     created_at: '2025-10-18T04:18:40.565244+00:00',
10-19 15:33:57.028  1475  4503 I ReactNativeJS:     updated_at: '2025-10-18T05:21:27.842167+00:00',
10-19 15:33:57.028  1475  4503 I ReactNativeJS:     expires_at: null },
10-19 15:33:57.028  1475  4503 I ReactNativeJS:   { id: 'a8d88c20-3581-4d54-8988-419ab915822a',
10-19 15:33:57.028  1475  4503 I ReactNativeJS:     user_id: 'e95a4f14-8958-49e9-8ede-d81b82a7ba12',
10-19 15:33:57.028  1475  4503 I ReactNativeJS:     type: 'booking_completed',
10-19 15:33:57.028  1475  4503 I ReactNativeJS:     title: 'Trip Completed',
10-19 15:33:57.028  1475  4503 I ReactNativeJS:     message: 'Your scheduled trip has been completed successfully.',
10-19 15:33:57.028  1475  4503 I ReactNativeJS:     data: 
10-19 15:33:57.028  1475  4503 I ReactNativeJS:      { booking_id: 'c9b827ab-a37b-49ac-8f34-7db6a5f8f7a5',
10-19 15:33:57.028  1475  4503 I ReactNativeJS:        booking_type: 'outstation' },
10-19 15:33:57.028  1475  4503 I ReactNativeJS:     status: 'read',
10-19 15:33:57.028  1475  4503 I ReactNativeJS:     created_at: '2025-10-18T00:11:22.993077+00:00',
10-19 15:33:57.028  1475  4503 I ReactNativeJS:     updated_at: '2025-10-18T04:18:40.812694+00:00',
10-19 15:33:57.028  1475  4503 I ReactNativeJS:     expires_at: null },
10-19 15:33:57.028  1475  4503 I ReactNativeJS:   { id: '33de3d27-4c4d-4eba-86ad-eb2daec905c7',
10-19 15:33:57.028  1475  4503 I ReactNativeJS:     user_id: 'e95a4f14-8958-49e9-8ede-d81b82a7ba12',
10-19 15:33:57.028  1475  4503 I ReactNativeJS:     type: 'ride_status_changed',
10-19 15:33:57.028  1475  4503 I ReactNativeJS:     title: 'Ride Status Updated',
10-19 15:33:57.028  1475  4503 I ReactNativeJS:     message: 'Your ride status has been updated to: cancelled',
10-19 15:33:57.028  1475  4503 I ReactNativeJS:     data: 
10-19 15:33:57.028  1475  4503 I ReactNativeJS:      { ride_id: '25c9b86c-1bcc-4c83-a52a-2bf9112a1805',
10-19 15:33:57.028  1475  4503 I ReactNativeJS:        new_status: 'cancelled',
10-19 15:33:57.028  1475  4503 I ReactNativeJS:        old_status: 'no_drivers_available' },
10-19 15:33:57.028  1475  4503 I ReactNativeJS:     status: 'read',
10-19 15:33:57.028  1475  4503 I ReactNativeJS:     created_at: '2025-10-18T00:08:42.70233+00:00',
10-19 15:33:57.028  1475  4503 I ReactNativeJS:     updated_at: '2025-10-18T04:18:38.183191+00:00',
10-19 15:33:57.028  1475  4503 I ReactNativeJS:     expires_at: null },
10-19 15:33:57.028  1475  4503 I ReactNativeJS:   { id: '18198b2a-aaad-46e5-9acf-edd0f848d33f',
10-19 15:33:57.028  1475  4503 I ReactNativeJS:     user_id: 'e95a4f14-8958-49e9-8ede-d81b82a7ba12',
10-19 15:33:57.028  1475  4503 I ReactNativeJS:     type: 'ride_status_changed',
10-19 15:33:57.028  1475  4503 I ReactNativeJS:     title: 'Ride Status Updated',
10-19 15:33:57.028  1475  4503 I ReactNativeJS:     message: 'Your ride status has been updated to: no_drivers_available',
10-19 15:33:57.028  1475  4503 I ReactNativeJS:     data: 
10-19 15:33:57.028  1475  4503 I ReactNativeJS:      { ride_id: '25c9b86c-1bcc-4c83-a52a-2bf9112a1805',
10-19 15:33:57.028  1475  4503 I ReactNativeJS:        new_status: 'no_drivers_available',
10-19 15:33:57.028  1475  4503 I ReactNativeJS:        old_status: 'requested' },
10-19 15:33:57.028  1475  4503 I ReactNativeJS:     status: 'read',
10-19 15:33:57.028  1475  4503 I ReactNativeJS:     created_at: '2025-10-18T00:08:07.724066+00:00',
10-19 15:33:57.028  1475  4503 I ReactNativeJS:     updated_at: '2025-10-18T04:18:37.36325+00:00',
10-19 15:33:57.028  1475  4503 I ReactNativeJS:     expires_at: null },
10-19 15:33:57.028  1475  4503 I ReactNativeJS:   { id: '48abd4e9-4389-4046-925e-c1e07ad84e47',
10-19 15:33:57.028  1475  4503 I ReactNativeJS:     user_id: 'e95a4f14-8958-49e9-8ede-d81b82a7ba12',
10-19 15:33:57.028  1475  4503 I ReactNativeJS:     type: 'ride_status_changed',
10-19 15:33:57.028  1475  4503 I ReactNativeJS:     title: 'Ride Status Updated',
10-19 15:33:57.028  1475  4503 I ReactNativeJS:     message: 'Your ride status has been updated to: cancelled',
10-19 15:33:57.028  1475  4503 I ReactNativeJS:     data: 
10-19 15:33:57.028  1475  4503 I ReactNativeJS:      { ride_id: '62a975b5-e38c-4d14-bdb9-2804cd5efd62',
10-19 15:33:57.028  1475  4503 I ReactNativeJS:        new_status: 'cancelled',
10-19 15:33:57.028  1475  4503 I ReactNativeJS:        old_status: 'no_drivers_available' },
10-19 15:33:57.028  1475  4503 I ReactNativeJS:     status: 'read',
10-19 15:33:57.028  1475  4503 I ReactNativeJS:     created_at: '2025-10-18T00:07:59.987743+00:00',
10-19 15:33:57.028  1475  4503 I ReactNativeJS:     updated_at: '2025-10-18T04:18:37.836681+00:00',
10-19 15:33:57.028  1475  4503 I ReactNativeJS:     expires_at: null },
10-19 15:33:57.028  1475  4503 I ReactNativeJS:   { id: 'd7a9b869-37bf-4c17-9176-8951196922bd',
10-19 15:33:57.028  1475  4503 I ReactNativeJS:     user_id: 'e95a4f14-8958-49e9-8ede-d81b82a7ba12',
10-19 15:33:57.028  1475  4503 I ReactNativeJS:     type: 'ride_status_changed',
10-19 15:33:57.028  1475  4503 I ReactNativeJS:     title: 'Ride Status Updated',
10-19 15:33:57.028  1475  4503 I ReactNativeJS:     message: 'Your ride status has been updated to: no_drivers_available',
10-19 15:33:57.028  1475  4503 I ReactNativeJS:     data: 
10-19 15:33:57.028  1475  4503 I ReactNativeJS:      { ride_id: '62a975b5-e38c-4d14-bdb9-2804cd5efd62',
10-19 15:33:57.028  1475  4503 I ReactNativeJS:        new_status: 'no_drivers_available',
10-19 15:33:57.028  1475  4503 I ReactNativeJS:        old_status: 'requested' },
10-19 15:33:57.028  1475  4503 I ReactNativeJS:     status: 'read',
10-19 15:33:57.028  1475  4503 I ReactNativeJS:     created_at: '2025-10-18T00:07:27.962746+00:00',
10-19 15:33:57.028  1475  4503 I ReactNativeJS:     updated_at: '2025-10-18T04:18:38.047896+00:00',
10-19 15:33:57.028  1475  4503 I ReactNativeJS:     expires_at: null },
10-19 15:33:57.028  1475  4503 I ReactNativeJS:   { id: '820df2fd-abe3-457c-82cf-24f154dfd19b',
10-19 15:33:57.028  1475  4503 I ReactNativeJS:     user_id: 'e95a4f14-8958-49e9-8ede-d81b82a7ba12',
10-19 15:33:57.028  1475  4503 I ReactNativeJS:     type: 'ride_status_changed',
10-19 15:33:57.028  1475  4503 I ReactNativeJS:     title: [TOO BIG formatValueCalls 201 exceeded limit of 200],
10-19 15:33:57.028  1475  4503 I ReactNativeJS:     message: [TOO BIG formatValueCalls 202 exceeded limit of 200],
10-19 15:33:57.028  1475  4503 I ReactNativeJS:     data: [TOO BIG formatValueCalls 203 exceeded limit of 200],
10-19 15:33:57.028  1475  4503 I ReactNativeJS:     status: [TOO BIG formatValueCalls 204 exceeded limit of 200],
10-19 15:33:57.028  1475  4503 I ReactNativeJS:     created_at: [TOO BIG formatValueCalls 205 exceeded limit of 200],
10-19 15:33:57.028  1475  4503 I ReactNativeJS:     updated_at: [TOO BIG formatValueCalls 206 exceeded limit of 200],
10-19 15:33:57.028  1475  4503 I ReactNativeJS:     expires_at: [TOO BIG formatValueCalls 207 exceeded limit of 200] },
10-19 15:33:57.028  1475  4503 I ReactNativeJS:   [TOO BIG formatValueCalls 208 exceeded limit of 200],
10-19 15:33:57.028  1475  4503 I ReactNativeJS:   [TOO BIG formatValueCalls 209 exceeded limit of 200],
10-19 15:33:57.028  1475  4503 I ReactNativeJS:   [TOO BIG formatValueCalls 210 exceeded limit of 200],
10-19 15:33:57.028  1475  4503 I ReactNativeJS:   [TOO BIG formatValueCalls 211 exceeded limit of 200],
10-19 15:33:57.028  1475  4503 I ReactNativeJS:   [TOO BIG formatValueCalls 212 exceeded limit of 200],
10-19 15:33:57.028  1475  4503 I ReactNativeJS:   [TOO BIG formatValueCalls 213 exceeded limit of 200],
10-19 15:33:57.028  1475  4503 I ReactNativeJS:   [TOO BIG formatValueCalls 214 exceeded limit of 200],
10-19 15:33:57.028  1475  4503 I ReactNativeJS:   [TOO BIG formatValueCalls 215 exceeded limit of 200],
10-19 15:33:57.028  1475  4503 I ReactNativeJS:   [TOO BIG formatValueCalls 216 exceeded limit of 200],
10-19 15:33:57.028  1475  4503 I ReactNativeJS:   [TOO BIG formatValueCalls 217 exceeded limit of 200],
10-19 15:33:57.028  1475  4503 I ReactNativeJS:   [TOO BIG formatValueCalls 218 exceeded limit of 200],
10-19 15:33:57.028  1475  4503 I ReactNativeJS:   [TOO BIG formatValueCalls 219 exceeded limit of 200],
10-19 15:33:57.028  1475  4503 I ReactNativeJS:   [TOO BIG formatValueCalls 220 exceeded limit of 200],
10-19 15:33:57.028  1475  4503 I ReactNativeJS:   [TOO BIG formatValueCalls 221 exceeded limit of 200] ]
10-19 15:33:57.028  1475  4503 I ReactNativeJS: 'ðŸŽ¯ [TRIP_NOTIFICATION] Total notifications received:', 29
10-19 15:33:57.029  1475  4503 I ReactNativeJS: 'ðŸŽ¯ [TRIP_NOTIFICATION] Notification types:', [ 'ride_status_changed',
10-19 15:33:57.029  1475  4503 I ReactNativeJS:   'ride_status_changed',
10-19 15:33:57.029  1475  4503 I ReactNativeJS:   'ride_status_changed',
10-19 15:33:57.029  1475  4503 I ReactNativeJS:   'ride_status_changed',
10-19 15:33:57.029  1475  4503 I ReactNativeJS:   'ride_status_changed',
10-19 15:33:57.029  1475  4503 I ReactNativeJS:   'ride_status_changed',
10-19 15:33:57.029  1475  4503 I ReactNativeJS:   'ride_status_changed',
10-19 15:33:57.029  1475  4503 I ReactNativeJS:   'ride_status_changed',
10-19 15:33:57.029  1475  4503 I ReactNativeJS:   'ride_status_changed',
10-19 15:33:57.029  1475  4503 I ReactNativeJS:   'booking_completed',
10-19 15:33:57.029  1475  4503 I ReactNativeJS:   'ride_status_changed',
10-19 15:33:57.029  1475  4503 I ReactNativeJS:   'ride_status_changed',
10-19 15:33:57.029  1475  4503 I ReactNativeJS:   'ride_status_changed',
10-19 15:33:57.029  1475  4503 I ReactNativeJS:   'ride_status_changed',
10-19 15:33:57.029  1475  4503 I ReactNativeJS:   'ride_status_changed',
10-19 15:33:57.029  1475  4503 I ReactNativeJS:   'ride_status_changed',
10-19 15:33:57.029  1475  4503 I ReactNativeJS:   'ride_status_changed',
10-19 15:33:57.029  1475  4503 I ReactNativeJS:   'ride_status_changed',
10-19 15:33:57.029  1475  4503 I ReactNativeJS:   'ride_status_changed',
10-19 15:33:57.029  1475  4503 I ReactNativeJS:   'ride_status_changed',
10-19 15:33:57.029  1475  4503 I ReactNativeJS:   'ride_status_changed',
10-19 15:33:57.029  1475  4503 I ReactNativeJS:   'ride_status_changed',
10-19 15:33:57.029  1475  4503 I ReactNativeJS:   'ride_status_changed',
10-19 15:33:57.029  1475  4503 I ReactNativeJS:   'booking_completed',
10-19 15:33:57.029  1475  4503 I ReactNativeJS:   'ride_cancelled',
10-19 15:33:57.029  1475  4503 I ReactNativeJS:   'ride_status_changed',
10-19 15:33:57.029  1475  4503 I ReactNativeJS:   'ride_status_changed',
10-19 15:33:57.029  1475  4503 I ReactNativeJS:   'ride_status_changed',
10-19 15:33:57.029  1475  4503 I ReactNativeJS:   'ride_status_changed' ]
10-19 15:33:57.029  1475  4503 I ReactNativeJS: 'ðŸŽ¯ [TRIP_NOTIFICATION] ride_completed count:', 0
10-19 15:33:57.029  1475  4503 I ReactNativeJS: 'ðŸŽ¯ [TRIP_NOTIFICATION] Unread ride_completed:', 0
10-19 15:33:57.029  1475  4503 I ReactNativeJS: 'ðŸŽ¯ [TRIP_NOTIFICATION] Already shown count:', 0
10-19 15:33:57.029  1475  4503 I ReactNativeJS: 'ðŸŽ¯ [TRIP_NOTIFICATION] Currently visible:', false
10-19 15:33:57.029  1475  4503 I ReactNativeJS: 'ðŸŽ¯ [TRIP_NOTIFICATION] Filtered completion notifications:', 0
10-19 15:33:57.029  1475  4503 I ReactNativeJS: 'ðŸŽ¯ [TRIP_NOTIFICATION] Component mounted, notifications count:', 29
10-19 15:33:57.029  1475  4503 I ReactNativeJS: 'ðŸ” [TRIP_NOTIFICATION] Component render - visible:', false, 'notification:', false
10-19 15:33:57.029  1475  4503 I ReactNativeJS: âœ… [NOTIFICATIONS] ===== CHECKING FOR IMMEDIATE TRIP COMPLETION =====
10-19 15:33:57.029  1475  4503 I ReactNativeJS: âŒ [NOTIFICATIONS] No immediate trip completion notifications found
10-19 15:33:57.030  1475  4503 I ReactNativeJS: 'âŒ [NOTIFICATIONS] Available notification types:', [ 'ride_status_changed',
10-19 15:33:57.030  1475  4503 I ReactNativeJS:   'ride_status_changed',
10-19 15:33:57.030  1475  4503 I ReactNativeJS:   'ride_status_changed',
10-19 15:33:57.030  1475  4503 I ReactNativeJS:   'ride_status_changed',
10-19 15:33:57.030  1475  4503 I ReactNativeJS:   'ride_status_changed',
10-19 15:33:57.030  1475  4503 I ReactNativeJS:   'ride_status_changed',
10-19 15:33:57.030  1475  4503 I ReactNativeJS:   'ride_status_changed',
10-19 15:33:57.030  1475  4503 I ReactNativeJS:   'ride_status_changed',
10-19 15:33:57.030  1475  4503 I ReactNativeJS:   'ride_status_changed',
10-19 15:33:57.030  1475  4503 I ReactNativeJS:   'booking_completed',
10-19 15:33:57.030  1475  4503 I ReactNativeJS:   'ride_status_changed',
10-19 15:33:57.030  1475  4503 I ReactNativeJS:   'ride_status_changed',
10-19 15:33:57.030  1475  4503 I ReactNativeJS:   'ride_status_changed',
10-19 15:33:57.030  1475  4503 I ReactNativeJS:   'ride_status_changed',
10-19 15:33:57.030  1475  4503 I ReactNativeJS:   'ride_status_changed',
10-19 15:33:57.030  1475  4503 I ReactNativeJS:   'ride_status_changed',
10-19 15:33:57.030  1475  4503 I ReactNativeJS:   'ride_status_changed',
10-19 15:33:57.030  1475  4503 I ReactNativeJS:   'ride_status_changed',
10-19 15:33:57.030  1475  4503 I ReactNativeJS:   'ride_status_changed',
10-19 15:33:57.030  1475  4503 I ReactNativeJS:   'ride_status_changed',
10-19 15:33:57.030  1475  4503 I ReactNativeJS:   'ride_status_changed',
10-19 15:33:57.030  1475  4503 I ReactNativeJS:   'ride_status_changed',
10-19 15:33:57.030  1475  4503 I ReactNativeJS:   'ride_status_changed',
10-19 15:33:57.030  1475  4503 I ReactNativeJS:   'booking_completed',
10-19 15:33:57.030  1475  4503 I ReactNativeJS:   'ride_cancelled',
10-19 15:33:57.030  1475  4503 I ReactNativeJS:   'ride_status_changed',
10-19 15:33:57.030  1475  4503 I ReactNativeJS:   'ride_status_changed',
10-19 15:33:57.030  1475  4503 I ReactNativeJS:   'ride_status_changed',
10-19 15:33:57.030  1475  4503 I ReactNativeJS:   'ride_status_changed' ]
10-19 15:33:57.030  1475  4503 I ReactNativeJS: 'âŒ [NOTIFICATIONS] Trip completed notifications (all statuses):', []
10-19 15:33:57.030  1475  4503 I ReactNativeJS: 'ðŸŽ¯ [TRIP_NOTIFICATION] Component mounted, notifications count:', 29
10-19 15:33:57.030  1475  4503 I ReactNativeJS: 'ðŸ” [TRIP_NOTIFICATION] Component render - visible:', false, 'notification:', false
10-19 15:33:57.207  1475  1475 I ImeTracker: com.a1taxi.a1taxicustomer:8680651a: onRequestHide at ORIGIN_CLIENT reason HIDE_SOFT_INPUT_CLOSE_CURRENT_SESSION fromUser false
10-19 15:33:57.227 21104 21188 W Settings: Setting airplane_mode_on has moved from android.provider.Settings.System to android.provider.Settings.Global, returning read-only value.
10-19 15:33:57.237 21104   464 W SystemServiceRegistry: No service published for: wifirtt
10-19 15:33:57.252 21104 22617 I WifiScanner: onFullResults
10-19 15:33:57.257 21104 21250 I WifiScanner: onFullResults
10-19 15:33:57.258 21104 22617 I WifiScanner: onFullResults
10-19 15:33:57.278 21104  4633 I FrewleTileCacheManagerV: (REDACTED) Fetched %d AP models from cache
10-19 15:33:57.301 21104 21184 I FusedLocation: (REDACTED) location delivery to %s blocked - too fast
10-19 15:33:57.301 21104 21184 I FusedLocation: (REDACTED) location delivery to %s blocked - too close
10-19 15:33:57.301 21104 21184 I FusedLocation: (REDACTED) location delivery to %s blocked - too close
10-19 15:33:57.302 21104 21184 I FusedLocation: (REDACTED) location delivery to %s blocked - too close
10-19 15:33:57.302 21104 21184 I FusedLocation: (REDACTED) location delivery to %s blocked - too fast
10-19 15:33:57.303 21104 21184 I fznc    : Received empty WiFi-RTT scan. [CONTEXT service_id=6 ]
10-19 15:33:57.471  1475  4503 I ReactNativeJS: 'âœ… Proxy response received:', 'OK'
10-19 15:33:57.472  1475  4503 I ReactNativeJS: 'âœ… Geocoded address:', 'PRXJ+F32, Brindavan Nagar, Plot 87, NGGO\'s Colony, Anand Nagar, Hosur, Tamil Nadu 635109, India'
10-19 15:33:57.472  1475  4503 I ReactNativeJS: 'âœ… Geocoded address:', 'PRXJ+F32, Brindavan Nagar, Plot 87, NGGO\'s Colony, Anand Nagar, Hosur, Tamil Nadu 635109, India'
10-19 15:33:57.472  1475  4503 I ReactNativeJS: 'ðŸ  Enhanced Location Service: Got address:', 'PRXJ+F32, Brindavan Nagar, Plot 87, NGGO\'s Colony, Anand Nagar, Hosur, Tamil Nadu 635109, India'
10-19 15:33:57.473  1475  4503 I ReactNativeJS: 'âœ… [HOME] Location obtained:', { lat: 12.748615,
10-19 15:33:57.473  1475  4503 I ReactNativeJS:   lng: 77.8300067,
10-19 15:33:57.473  1475  4503 I ReactNativeJS:   address: 'PRXJ+F32, Brindavan Nagar, Plot 87, NGGO\'s Colony, Anand Nagar, Hosur, Tamil Nadu 635109, India' }
10-19 15:33:57.476  1475  4503 I ReactNativeJS: ðŸš— [HOME] ===== STARTING IMMEDIATE DRIVER DISPLAY =====
10-19 15:33:57.476  1475  4503 I ReactNativeJS: ðŸš— [HOME] Current location available, showing drivers immediately
10-19 15:33:57.477  1475  4503 I ReactNativeJS: 'ðŸš— [HOME] Location details:', { latitude: 12.748615,
10-19 15:33:57.477  1475  4503 I ReactNativeJS:   longitude: 77.8300067,
10-19 15:33:57.477  1475  4503 I ReactNativeJS:   accuracy: 3.6540000438690186 }
10-19 15:33:57.477  1475  4503 I ReactNativeJS: ðŸš— [HOME] Showing ALL vehicle types (no filter applied)
10-19 15:33:57.477  1475  4503 I ReactNativeJS: 'ðŸš— [HOME] Should show drivers on map:', true
10-19 15:33:57.477  1475  4503 I ReactNativeJS: 'ðŸ”„ [HOME] Starting driver location polling with:', { currentLocation: { latitude: 12.748615, longitude: 77.8300067 },
10-19 15:33:57.477  1475  4503 I ReactNativeJS:   vehicleType: 'sedan',
10-19 15:33:57.477  1475  4503 I ReactNativeJS:   radius: 10 }
10-19 15:33:57.477  1475  4503 I ReactNativeJS: ðŸ›‘ [HOME] Stopping driver location polling
10-19 15:33:57.477  1475  4503 I ReactNativeJS: 'ðŸ”„ [DRIVER-SERVICE] Starting driver location polling every', 10, 'seconds'
10-19 15:33:57.477  1475  4503 I ReactNativeJS: 'ðŸ”„ [DRIVER-SERVICE] Polling parameters:', { customerLocation: { lat: 12.748615, lng: 77.8300067 },
10-19 15:33:57.477  1475  4503 I ReactNativeJS:   vehicleType: 'all',
10-19 15:33:57.477  1475  4503 I ReactNativeJS:   interval: '10000ms' }
10-19 15:33:57.478  1475  4503 I ReactNativeJS: 'ðŸ—ºï¸ [DRIVER-SERVICE] Fetching available drivers via edge function:', { location: { lat: 12.748615, lng: 77.8300067 },
10-19 15:33:57.478  1475  4503 I ReactNativeJS:   radius: '10km',
10-19 15:33:57.478  1475  4503 I ReactNativeJS:   vehicleType: 'all',
10-19 15:33:57.478  1475  4503 I ReactNativeJS:   timestamp: '2025-10-19T10:03:57.477Z' }
10-19 15:33:57.478  1475  4503 I ReactNativeJS: 'ðŸŒ [DRIVER-SERVICE] Constructed Edge Function URL:', 'https://whubaypabojomdyfqxcf.supabase.co/functions/v1/get-drivers-with-locations?lat=12.748615&lng=77.8300067&radius=10'
10-19 15:33:57.483  1475  4503 I ReactNativeJS: ðŸš— [HOME] ===== SHOWING DRIVERS AGAIN =====
10-19 15:33:57.483  1475  4503 I ReactNativeJS: ðŸš— [HOME] Not both locations selected, showing drivers on map
10-19 15:33:57.483  1475  4503 I ReactNativeJS: 'ðŸš— [HOME] Pickup coords:', true, 'Destination coords:', false
10-19 15:33:57.484  1475  4503 I ReactNativeJS: 'ðŸ”„ [HOME] Starting driver location polling with:', { currentLocation: { latitude: 12.748615, longitude: 77.8300067 },
10-19 15:33:57.484  1475  4503 I ReactNativeJS:   vehicleType: 'sedan',
10-19 15:33:57.484  1475  4503 I ReactNativeJS:   radius: 10 }
10-19 15:33:57.484  1475  4503 I ReactNativeJS: ðŸ›‘ [HOME] Stopping driver location polling
10-19 15:33:57.484  1475  4503 I ReactNativeJS: ðŸ›‘ [DRIVER-SERVICE] Stopped driver location polling
10-19 15:33:57.485  1475  4503 I ReactNativeJS: 'ðŸ”„ [DRIVER-SERVICE] Starting driver location polling every', 10, 'seconds'
10-19 15:33:57.485  1475  4503 I ReactNativeJS: 'ðŸ”„ [DRIVER-SERVICE] Polling parameters:', { customerLocation: { lat: 12.748615, lng: 77.8300067 },
10-19 15:33:57.485  1475  4503 I ReactNativeJS:   vehicleType: 'all',
10-19 15:33:57.485  1475  4503 I ReactNativeJS:   interval: '10000ms' }
10-19 15:33:57.485  1475  4503 I ReactNativeJS: 'ðŸ—ºï¸ [DRIVER-SERVICE] Fetching available drivers via edge function:', { location: { lat: 12.748615, lng: 77.8300067 },
10-19 15:33:57.485  1475  4503 I ReactNativeJS:   radius: '10km',
10-19 15:33:57.485  1475  4503 I ReactNativeJS:   vehicleType: 'all',
10-19 15:33:57.485  1475  4503 I ReactNativeJS:   timestamp: '2025-10-19T10:03:57.485Z' }
10-19 15:33:57.486  1475  4503 I ReactNativeJS: 'ðŸŒ [DRIVER-SERVICE] Constructed Edge Function URL:', 'https://whubaypabojomdyfqxcf.supabase.co/functions/v1/get-drivers-with-locations?lat=12.748615&lng=77.8300067&radius=10'
10-19 15:33:57.488  1475  4503 I ReactNativeJS: âœ… [HOME] Location state updated successfully
10-19 15:33:57.489 21104 21184 I FusedLocation: (REDACTED) location delivery to %s blocked - too fast
10-19 15:33:57.489 21104 21184 I FusedLocation: (REDACTED) location delivery to %s blocked - too close
10-19 15:33:57.489 21104 21184 I FusedLocation: (REDACTED) location delivery to %s blocked - too fast
10-19 15:33:57.489 21104 21184 I FusedLocation: (REDACTED) location delivery to %s blocked - too close
10-19 15:33:57.490 21104 21184 I FusedLocation: (REDACTED) location delivery to %s blocked - too fast
10-19 15:33:57.490 21104 21184 I FusedLocation: (REDACTED) location delivery to %s blocked - too close
10-19 15:33:57.492 21104 21184 I FusedLocation: (REDACTED) location delivery to %s blocked - too fast
10-19 15:33:57.494  1475  4504 W unknown:ViewManagerPropertyUpdater: Could not find generated setter for class com.rnmaps.maps.SizeReportingShadowNode
10-19 15:33:57.501  1475  1475 D MapsInitializer: preferredRenderer: LATEST
10-19 15:33:57.502  1475  1475 D zzcc    : preferredRenderer: LATEST
10-19 15:33:57.502  1475  1475 I zzcc    : Making Creator dynamically
10-19 15:33:57.507  1475  4503 I ReactNativeJS: ðŸ“ [HOME] Location loading state set to false
10-19 15:33:57.507  1475  4503 I ReactNativeJS: ðŸ—ºï¸ðŸ—ºï¸ðŸ—ºï¸ [NATIVE-MAP] ===== MAP COMPONENT MOUNTED =====
10-19 15:33:57.508  1475  4503 I ReactNativeJS: 'ðŸ—ºï¸ [NATIVE-MAP] Initial Region Prop:', { latitude: 12.748615,
10-19 15:33:57.508  1475  4503 I ReactNativeJS:   longitude: 77.8300067,
10-19 15:33:57.508  1475  4503 I ReactNativeJS:   latitudeDelta: 0.05,
10-19 15:33:57.508  1475  4503 I ReactNativeJS:   longitudeDelta: 0.05 }
10-19 15:33:57.508  1475  4503 I ReactNativeJS: 'ðŸ—ºï¸ [NATIVE-MAP] Using mapRegion state:', { latitude: 12.748615,
10-19 15:33:57.508  1475  4503 I ReactNativeJS:   longitude: 77.8300067,
10-19 15:33:57.508  1475  4503 I ReactNativeJS:   latitudeDelta: 0.05,
10-19 15:33:57.508  1475  4503 I ReactNativeJS:   longitudeDelta: 0.05 }
10-19 15:33:57.508  1475  4503 I ReactNativeJS: 'ðŸ—ºï¸ [NATIVE-MAP] HOSUR_COORDINATES:', { latitude: 12.7402,
10-19 15:33:57.508  1475  4503 I ReactNativeJS:   longitude: 77.824,
10-19 15:33:57.508  1475  4503 I ReactNativeJS:   latitudeDelta: 0.05,
10-19 15:33:57.508  1475  4503 I ReactNativeJS:   longitudeDelta: 0.05 }
10-19 15:33:57.508  1475  4503 I ReactNativeJS: 'ðŸ—ºï¸ [NATIVE-MAP] Available Drivers Count:', 0
10-19 15:33:57.508  1475  4503 I ReactNativeJS: 'ðŸ—ºï¸ [MAP] Props updated:', { showRoute: true,
10-19 15:33:57.508  1475  4503 I ReactNativeJS:   showDriverToPickupRoute: false,
10-19 15:33:57.508  1475  4503 I ReactNativeJS:   hasDriverLocation: false,
10-19 15:33:57.508  1475  4503 I ReactNativeJS:   hasPickupCoords: true,
10-19 15:33:57.508  1475  4503 I ReactNativeJS:   hasDestinationCoords: false,
10-19 15:33:57.508  1475  4503 I ReactNativeJS:   driverLocation: null,
10-19 15:33:57.508  1475  4503 I ReactNativeJS:   pickupCoords: { lat: 12.748615, lng: 77.8300067 },
10-19 15:33:57.508  1475  4503 I ReactNativeJS:   destinationCoords: null }
10-19 15:33:57.508  1475  4503 I ReactNativeJS: ðŸ“ Enhanced Location Service: Starting location detection...
10-19 15:33:57.508  1475  4503 I ReactNativeJS: 'ðŸŒ Platform:', 'android'
10-19 15:33:57.514  1475  1475 W .a1taxicustomer: ClassLoaderContext classpath size mismatch. expected=1, found=0 (DLC[];PCL[base.apk*723402788]{PCL[/system/framework/org.apache.http.legacy.jar*1230680128]#PCL[/system/framework/com.android.media.remotedisplay.jar*2042759013]#PCL[/system/framework/com.android.location.provider.jar*3414091812]#PCL[/system_ext/framework/androidx.window.extensions.jar*3686172054]#PCL[/system_ext/framework/androidx.window.sidecar.jar*3225371103]} | DLC[];PCL[])
10-19 15:33:57.518  5589  5589 W TooltipLifecycleManager: TooltipLifecycleManager.dismissTooltips():153 Tooltip with id undo_access_point_promotion_banner not found in tooltipManager.
10-19 15:33:57.518  1475  1475 I DynamiteModule: Considering local module com.google.android.gms.maps_core_dynamite:0 and remote module com.google.android.gms.maps_core_dynamite:253425402
10-19 15:33:57.518  1475  1475 I DynamiteModule: Selected remote version of com.google.android.gms.maps_core_dynamite, version >= 253425402
10-19 15:33:57.518  1475  1475 V DynamiteModule: Dynamite loader version >= 2, using loadModule2NoCrashUtils
10-19 15:33:57.530  1475  1475 W System  : ClassLoader referenced unknown path: 
10-19 15:33:57.530  1475  1475 D nativeloader: Configuring clns-11 for other apk . target_sdk_version=36, uses_libraries=, library_path=/data/app/~~eCrvdpce8cKhF_o5XuPylw==/com.google.android.gms-3JM2t0qN4ruXi9hkKZ22Bw==/lib/arm64:/data/app/~~eCrvdpce8cKhF_o5XuPylw==/com.google.android.gms-3JM2t0qN4ruXi9hkKZ22Bw==/base.apk!/lib/arm64-v8a, permitted_path=/data:/mnt/expand:/data/user/0/com.google.android.gms
10-19 15:33:57.531  5589  5589 D ViewRootImpl: AppSizeAfterRelayout, size: Point(1080, 2287), rotation: ROTATION_0
10-19 15:33:57.532  5589  5589 D BLASTBufferQueue: [VRI[InputMethod]#1984](f:0,a:4) destructor()
10-19 15:33:57.532  5589  5589 D BufferQueueConsumer: [VRI[InputMethod]#1984(BLAST Consumer)1984](id:15d5000007c0,api:0,p:-1,c:5589) disconnect
10-19 15:33:57.549  1475  1475 D zzcc    : early loading native code
10-19 15:33:57.552  1475  1475 D nativeloader: Configuring clns-12 for other apk . target_sdk_version=35, uses_libraries=ALL, library_path=/data/user_de/0/com.google.android.gms/app_chimera/m/0000001d/dl-MapsCoreDynamite.integ_253425402100400.apk!/lib/arm64-v8a, permitted_path=/data:/mnt/expand
10-19 15:33:57.552  1475  1475 D nativeloader: Extending system_exposed_libraries: libapuwareapusys.mtk.so:libapuwareapusys_v2.mtk.so:libapuwarexrp.mtk.so:libapuwarexrp_v2.mtk.so:libapuwareutils.mtk.so:libapuwareutils_v2.mtk.so:libapuwarehmp.mtk.so:libneuron_graph_delegate.mtk.so:libneuronusdk_adapter.mtk.so:libtflite_mtk.mtk.so:libarmnn_ndk.mtk.so:libcmdl_ndk.mtk.so:libnir_neon_driver_ndk.mtk.so:libmvpu_runtime.mtk.so:libmvpu_runtime_pub.mtk.so:libmvpu_engine_pub.mtk.so:libmvpu_pattern_pub.mtk.so:libmvpuop_mtk_cv.mtk.so:libmvpuop_mtk_nn.mtk.so:libmvpu_runtime_25.mtk.so:libmvpu_runtime_25_pub.mtk.so:libmvpu_engine_25_pub.mtk.so:libmvpu_pattern_25_pub.mtk.so:libmvpuop25_mtk_cv.mtk.so:libmvpuop25_mtk_nn.mtk.so:libmvpu_config.mtk.so:libteeservice_client.trustonic.so:librealm-jni.vivo.so
10-19 15:33:57.553  1475  1475 D nativeloader: Load /data/user_de/0/com.google.android.gms/app_chimera/m/0000001d/dl-MapsCoreDynamite.integ_253425402100400.apk!/lib/arm64-v8a/libgmm-jni.so using isolated ns clns-12 (caller=/data/user_de/0/com.google.android.gms/app_chimera/m/0000001d/dl-MapsCoreDynamite.integ_253425402100400.apk): ok
10-19 15:33:57.554  1475  1475 I native  : I0000 00:00:1760868237.554033    1475 jni_init.cc:30] Initializing JNI...
10-19 15:33:57.554  1475  1475 I Google Android Maps SDK: Google Play services client version: 19010000
10-19 15:33:57.566  1475  1475 D bo      : SDK type: 1, version: 253425402
10-19 15:33:57.570  1475  1475 D hp      : maps_core_dynamite module version in use (0 represents standalone library): 253425402
10-19 15:33:57.571  1475  1475 D hp      : Added event: 110
10-19 15:33:57.571  1475  1475 D hp      : Added event: 112
10-19 15:33:57.571  1475  1475 D MapsInitializer: loadedRenderer: LATEST
10-19 15:33:57.571  1475  1475 D AirMapRenderer: Init with renderer: LATEST
10-19 15:33:57.577  1475  4503 I ReactNativeJS: âœ… Enhanced Location Service: Permission granted, attempting detection...
10-19 15:33:57.577  1475  4503 I ReactNativeJS: ðŸŽ¯ Enhanced Location Service: Attempting high accuracy GPS...
10-19 15:33:57.577  1475  4503 I ReactNativeJS: ðŸ“± Using Expo Location for high accuracy...
10-19 15:33:57.588 21104  4627 I PhenotypeResourceReader: unable to find any Phenotype resource metadata for com.a1taxi.a1taxicustomer
10-19 15:33:57.592 21104  4619 I FusedOrientationManager: Registering orientation client. [CONTEXT service_id=6 ]
10-19 15:33:57.597 21104  4617 W GetConfigSnapshotOp: Succeeded but not registered: com.google.android.gms.maps#com.a1taxi.a1taxicustomer [CONTEXT service_id=51 ]
10-19 15:33:57.599  1475  1475 D MapsInitializer: preferredRenderer: null
10-19 15:33:57.599  1475  1475 D zzcc    : preferredRenderer: null
10-19 15:33:57.600  1475  1475 D bo      : SDK type: 1, version: 253425402
10-19 15:33:57.600  1475  1475 I Google Android Maps SDK: Google Play services package version: 254031035
10-19 15:33:57.600  1475  1475 I Google Android Maps SDK: Google Play services maps renderer version(maps_core): 253425402
10-19 15:33:57.601  1475  1475 D bo      : SDK type: 1, version: 253425402
10-19 15:33:57.601  1475  1475 D de      : about to start loading native library asynchronously
10-19 15:33:57.606  1475  1475 D AndroidRuntime: Shutting down VM
--------- beginning of crash
10-19 15:33:57.606  1475  1475 E AndroidRuntime: FATAL EXCEPTION: main
10-19 15:33:57.606  1475  1475 E AndroidRuntime: Process: com.a1taxi.a1taxicustomer, PID: 1475
10-19 15:33:57.606  1475  1475 E AndroidRuntime: java.lang.IllegalStateException: API key not found.  Check that <meta-data android:name="com.google.android.geo.API_KEY" android:value="your API key"/> is in the <application> element of AndroidManifest.xml
10-19 15:33:57.606  1475  1475 E AndroidRuntime: 	at com.google.maps.api.android.lib6.common.g.b(:com.google.android.gms.policy_maps_core_dynamite@253425407@253425402025.797495247.797495247:117)
10-19 15:33:57.606  1475  1475 E AndroidRuntime: 	at com.google.android.gms.maps.internal.CreatorImpl.c(:com.google.android.gms.policy_maps_core_dynamite@253425407@253425402025.797495247.797495247:806)
10-19 15:33:57.606  1475  1475 E AndroidRuntime: 	at com.google.android.gms.maps.internal.CreatorImpl.newMapViewDelegate(:com.google.android.gms.policy_maps_core_dynamite@253425407@253425402025.797495247.797495247:23)
10-19 15:33:57.606  1475  1475 E AndroidRuntime: 	at com.google.android.gms.maps.internal.h.br(:com.google.android.gms.policy_maps_core_dynamite@253425407@253425402025.797495247.797495247:311)
10-19 15:33:57.606  1475  1475 E AndroidRuntime: 	at m140.bat.onTransact(:com.google.android.gms.policy_maps_core_dynamite@253425407@253425402025.797495247.797495247:21)
10-19 15:33:57.606  1475  1475 E AndroidRuntime: 	at android.os.Binder.transact(Binder.java:1406)
10-19 15:33:57.606  1475  1475 E AndroidRuntime: 	at com.google.android.gms.internal.maps.zza.zzJ(com.google.android.gms:play-services-maps@@19.1.0:2)
10-19 15:33:57.606  1475  1475 E AndroidRuntime: 	at com.google.android.gms.maps.internal.zze.zzg(com.google.android.gms:play-services-maps@@19.1.0:4)
10-19 15:33:57.606  1475  1475 E AndroidRuntime: 	at com.google.android.gms.maps.zzai.zzb(com.google.android.gms:play-services-maps@@19.1.0:4)
10-19 15:33:57.606  1475  1475 E AndroidRuntime: 	at com.google.android.gms.maps.zzai.createDelegate(com.google.android.gms:play-services-maps@@19.1.0:1)
10-19 15:33:57.606  1475  1475 E AndroidRuntime: 	at com.google.android.gms.dynamic.DeferredLifecycleHelper.zaf(com.google.android.gms:play-services-base@@18.4.0:6)
10-19 15:33:57.606  1475  1475 E AndroidRuntime: 	at com.google.android.gms.dynamic.DeferredLifecycleHelper.onCreate(com.google.android.gms:play-services-base@@18.4.0:1)
10-19 15:33:57.606  1475  1475 E AndroidRuntime: 	at com.google.android.gms.maps.MapView.onCreate(com.google.android.gms:play-services-maps@@19.1.0:4)
10-19 15:33:57.606  1475  1475 E AndroidRuntime: 	at com.rnmaps.maps.MapView.onCreate(MapView.java:204)
10-19 15:33:57.606  1475  1475 E AndroidRuntime: 	at androidx.lifecycle.DefaultLifecycleObserverAdapter.onStateChanged(DefaultLifecycleObserverAdapter.kt:24)
10-19 15:33:57.606  1475  1475 E AndroidRuntime: 	at androidx.lifecycle.LifecycleRegistry$ObserverWithState.dispatchEvent(LifecycleRegistry.kt:314)
10-19 15:33:57.606  1475  1475 E AndroidRuntime: 	at androidx.lifecycle.LifecycleRegistry.addObserver(LifecycleRegistry.kt:192)
10-19 15:33:57.606  1475  1475 E AndroidRuntime: 	at com.rnmaps.maps.MapView.attachLifecycleObserver(MapView.java:356)
10-19 15:33:57.606  1475  1475 E AndroidRuntime: 	at com.rnmaps.maps.MapView.onAttachedToWindow(MapView.java:319)
10-19 15:33:57.606  1475  1475 E AndroidRuntime: 	at android.view.View.dispatchAttachedToWindow(View.java:23443)
10-19 15:33:57.606  1475  1475 E AndroidRuntime: 	at android.view.ViewGroup.dispatchAttachedToWindow(ViewGroup.java:3573)
10-19 15:33:57.606  1475  1475 E AndroidRuntime: 	at android.view.ViewGroup.addViewInner(ViewGroup.java:5410)
10-19 15:33:57.606  1475  1475 E AndroidRuntime: 	at android.view.ViewGroup.addView(ViewGroup.java:5181)
10-19 15:33:57.606  1475  1475 E AndroidRuntime: 	at android.view.ViewGroup.addView(ViewGroup.java:5121)
10-19 15:33:57.606  1475  1475 E AndroidRuntime: 	at com.facebook.react.views.view.ReactClippingViewManager.addView(ReactClippingViewManager.kt:36)
10-19 15:33:57.606  1475  1475 E AndroidRuntime: 	at com.facebook.react.views.view.ReactClippingViewManager.addView(ReactClippingViewManager.kt:20)
10-19 15:33:57.606  1475  1475 E AndroidRuntime: 	at com.facebook.react.uimanager.NativeViewHierarchyManager.manageChildren(NativeViewHierarchyManager.java:541)
10-19 15:33:57.606  1475  1475 E AndroidRuntime: 	at com.swmansion.reanimated.layoutReanimation.ReanimatedNativeHierarchyManager.manageChildren(ReanimatedNativeHierarchyManager.java:149)
10-19 15:33:57.606  1475  1475 E AndroidRuntime: 	at com.facebook.react.uimanager.UIViewOperationQueue$ManageChildrenOperation.execute(UIViewOperationQueue.java:193)
10-19 15:33:57.606  1475  1475 E AndroidRuntime: 	at com.facebook.react.uimanager.UIViewOperationQueue$1.run(UIViewOperationQueue.java:880)
10-19 15:33:57.606  1475  1475 E AndroidRuntime: 	at com.facebook.react.uimanager.UIViewOperationQueue.flushPendingBatches(UIViewOperationQueue.java:991)
10-19 15:33:57.606  1475  1475 E AndroidRuntime: 	at com.facebook.react.uimanager.UIViewOperationQueue.-$$Nest$mflushPendingBatches(Unknown Source:0)
10-19 15:33:57.606  1475  1475 E AndroidRuntime: 	at com.facebook.react.uimanager.UIViewOperationQueue$DispatchUIFrameCallback.doFrameGuarded(UIViewOperationQueue.java:1051)
10-19 15:33:57.606  1475  1475 E AndroidRuntime: 	at com.facebook.react.uimanager.GuardedFrameCallback.doFrame(GuardedFrameCallback.kt:25)
10-19 15:33:57.606  1475  1475 E AndroidRuntime: 	at com.facebook.react.modules.core.ReactChoreographer.frameCallback$lambda$1(ReactChoreographer.kt:59)
10-19 15:33:57.606  1475  1475 E AndroidRuntime: 	at com.facebook.react.modules.core.ReactChoreographer.$r8$lambda$nSkFhrr5T7rop_XKwzlLov4NLLw(Unknown Source:0)
10-19 15:33:57.606  1475  1475 E AndroidRuntime: 	at com.facebook.react.modules.core.ReactChoreographer$$ExternalSyntheticLambda0.doFrame(D8$$SyntheticClass:0)
10-19 15:33:57.606  1475  1475 E AndroidRuntime: 	at android.view.Choreographer$CallbackRecord.run(Choreographer.java:2669)
10-19 15:33:57.606  1475  1475 E AndroidRuntime: 	at android.view.Choreographer$CallbackRecord.run(Choreographer.java:2680)
10-19 15:33:57.606  1475  1475 E AndroidRuntime: 	at android.view.Choreographer.doCallbacks(Choreographer.java:1863)
10-19 15:33:57.606  1475  1475 E AndroidRuntime: 	at android.view.Choreographer.doFrame(Choreographer.java:1592)
10-19 15:33:57.606  1475  1475 E AndroidRuntime: 	at android.view.Choreographer$FrameDisplayEventReceiver.run(Choreographer.java:2496)
10-19 15:33:57.606  1475  1475 E AndroidRuntime: 	at android.os.Handler.handleCallback(Handler.java:1014)
10-19 15:33:57.606  1475  1475 E AndroidRuntime: 	at android.os.Handler.dispatchMessage(Handler.java:102)
10-19 15:33:57.606  1475  1475 E AndroidRuntime: 	at android.os.Looper.loopOnce(Looper.java:250)
10-19 15:33:57.606  1475  1475 E AndroidRuntime: 	at android.os.Looper.loop(Looper.java:340)
10-19 15:33:57.606  1475  1475 E AndroidRuntime: 	at android.app.ActivityThread.main(ActivityThread.java:9928)
10-19 15:33:57.606  1475  1475 E AndroidRuntime: 	at java.lang.reflect.Method.invoke(Native Method)
10-19 15:33:57.606  1475  1475 E AndroidRuntime: 	at com.android.internal.os.RuntimeInit$MethodAndArgsCaller.run(RuntimeInit.java:625)
10-19 15:33:57.606  1475  1475 E AndroidRuntime: 	at com.android.internal.os.ZygoteInit.main(ZygoteInit.java:957)
10-19 15:33:57.608 21104  4618 I FusedOrientationManager: Registering orientation client. [CONTEXT service_id=6 ]
10-19 15:33:57.621  1475  4663 W x       : Suppressed StrictMode policy violation: StrictModeDiskReadViolation
10-19 15:33:57.623 21104  4627 I HeterodyneSyncScheduler: (REDACTED) Scheduling Phenotype for a %s(%d, %s) one off with window [%d, %d] in seconds
10-19 15:33:57.628  1475  1475 I Process : Sending signal. PID: 1475 SIG: 9
10-19 15:33:57.624 21104  4617 I HeterodyneSyncScheduler: (REDACTED) Scheduling Phenotype for a %s(%d, %s) one off with window [%d, %d] in seconds
10-19 15:33:57.632 21104  4627 I PhenotypeResourceReader: unable to find any Phenotype resource metadata for com.a1taxi.a1taxicustomer
10-19 15:33:57.634 21104  4617 I PhenotypeResourceReader: unable to find any Phenotype resource metadata for com.a1taxi.a1taxicustomer
10-19 15:33:57.639 14485 14485 D VRI[Launcher]: visibilityChanged oldVisibility=false newVisibility=true
10-19 15:33:57.660 14485 14485 D ViewRootImpl: AppSizeAfterRelayout, size: Point(1080, 2392), rotation: ROTATION_0
10-19 15:33:57.660 14485 14485 D BufferQueueConsumer: [](id:389500000046,api:0,p:-1,c:14485) connect: controlledByApp=false
10-19 15:33:57.661 14485 14485 D BLASTBufferQueue: [VRI[Launcher]#70](f:0,a:0) constructor()
10-19 15:33:57.661 14485 14485 D BLASTBufferQueue: [VRI[Launcher]#70](f:0,a:0) update width=1080 height=2392 format=-2 mTransformHint=0
10-19 15:33:57.672 14485 14785 D BLASTBufferQueue: [VRI[Launcher]#70](f:0,a:1) acquireNextBufferLocked size=1080x2392 mFrameNumber=1 applyTransaction=true mTimestamp=631608222798492(auto) mPendingTransactions.size=0 graphicBufferId=62212601283051 transform=0
10-19 15:33:57.679  1870  3606 D AutofillSession: handling death of Token{82970f0 ActivityRecord{3c42d16 u0 com.a1taxi.a1taxicustomer/.MainActivity t2217 d0 f}}} when saving=false
10-19 15:33:57.702 14485 14485 I bnlz    : onStart
10-19 15:33:57.705 14485 14485 I bldh    : (REDACTED) [%s] onStart()
10-19 15:33:57.705 14485 14485 I blfn    : Reloading theme data
10-19 15:33:57.706 14485 14485 I bnlz    : onResume
10-19 15:33:57.714 21163 21163 D BoundBrokerSvc: onRebind: Intent { act=com.google.android.gms.inappreach.service.START dat=chimera-action:/... cmp=com.google.android.gms/.chimera.GmsApiService }
10-19 15:33:57.770  5589  5589 I GoogleInputMethodService: GoogleInputMethodService.onFinishInput():2085 
10-19 15:33:57.771  5589  5589 I Module  : DeviceLockedStatusModuleProvider$Module.updateDeviceLockedStatus():100 repeatCheckTimes = 0, locked = false
10-19 15:33:57.772  5589  5589 W TooltipLifecycleManager: TooltipLifecycleManager.dismissTooltips():153 Tooltip with id SUGGESTION_VIEW_EDU_MINI_DIALOG not found in tooltipManager.
10-19 15:33:57.772  5589  5589 I GoogleInputMethodService: GoogleInputMethodService.onStartInput():1346 onStartInput(EditorInfo{EditorInfo{packageName=com.android.launcher3, inputType=0, inputTypeString=NULL, enableLearning=false, autoCorrection=false, autoComplete=false, imeOptions=0, privateImeOptions=null, actionName=UNSPECIFIED, actionLabel=null, initialSelStart=-1, initialSelEnd=-1, initialCapsMode=0, label=null, fieldId=0, fieldName=null, extras=null, hintText=null, hintLocales=[]}}, false)
10-19 15:33:57.772  5589  5589 I Module  : DeviceLockedStatusModuleProvider$Module.updateDeviceLockedStatus():100 repeatCheckTimes = 1, locked = false
10-19 15:33:57.773  5589  5589 I HardKeyTracker: HardKeyTracker.registerKeySequence():170 Register key sequence nfz{labelResId=0, callback=gds@2f3809f, lastModifier=0, keyCodes=[57, 57], actions=[1, 0]}
10-19 15:33:57.773  5589  5589 I HardKeyTracker: HardKeyTracker.registerKeySequence():170 Register key sequence nfz{labelResId=0, callback=gds@d45dc4a, lastModifier=0, keyCodes=[58, 58], actions=[1, 0]}
10-19 15:33:57.960 18831 18873 I Finsky  : [45996] AIM: AppInfoManager-Perf > Destroying AppInfoManager ...
10-19 15:33:58.470 21104 21184 I FusedLocation: (REDACTED) location delivery to %s blocked - too fast
10-19 15:33:58.470 21104 21184 I FusedLocation: (REDACTED) location delivery to %s blocked - too close
10-19 15:33:58.471 21104 21184 I FusedLocation: (REDACTED) location delivery to %s blocked - too close
10-19 15:33:58.471 21104 21184 I FusedLocation: (REDACTED) location delivery to %s blocked - too fast
10-19 15:33:58.471 21104 21184 I FusedLocation: (REDACTED) location delivery to %s blocked - too close
10-19 15:33:58.471 21104 21184 I FusedLocation: (REDACTED) location delivery to %s blocked - too fast
