10-22 19:37:21.769  5720 30312 D SQLiteQueryBuilder: SELECT _id, owner_package_name, is_pending, media_type, is_trashed FROM files WHERE ((volume_name IN ( 'external_primary' ))) AND ((_data=?))
10-22 19:37:21.772  5720 30312 D SQLiteQueryBuilder: SELECT rowid FROM files WHERE ((owner_package_name IN ( 'com.google.android.apps.photos' ) OR media_type=2 OR media_type=4 OR media_type=5 OR media_type=3 OR media_type=5 OR media_type=1) AND (_id='1000015295') AND (volume_name IN ( 'external_primary' )))
10-22 19:37:21.774  5720  5731 W System  : A resource failed to call CursorWindow.close. 
10-22 19:37:21.774  5720  5731 W System  : A resource failed to call AbstractCursor.close. 
10-22 19:37:21.774  5720  5731 W System  : A resource failed to call CursorWindow.close. 
10-22 19:37:21.774  5720  5731 W System  : A resource failed to call AbstractCursor.close. 
10-22 19:37:21.774  5720  5731 W System  : A resource failed to call CursorWindow.close. 
10-22 19:37:21.774  5720  5731 W System  : A resource failed to call AbstractCursor.close. 
10-22 19:37:21.774  5720  5731 W System  : A resource failed to call CursorWindow.close. 
10-22 19:37:21.774  5720  5731 W System  : A resource failed to call AbstractCursor.close. 
10-22 19:37:21.785  5720 32663 D SQLiteQueryBuilder: SELECT _id, owner_package_name, is_pending, media_type, is_trashed FROM files WHERE ((volume_name IN ( 'external_primary' ))) AND ((_data=?))
10-22 19:37:21.786  5720 32663 D SQLiteQueryBuilder: SELECT rowid FROM files WHERE ((owner_package_name IN ( 'com.google.android.apps.photos' ) OR media_type=2 OR media_type=4 OR media_type=5 OR media_type=3 OR media_type=5 OR media_type=1) AND (_id='1000015295') AND (volume_name IN ( 'external_primary' )))
10-22 19:37:21.820  5720 32662 D SQLiteQueryBuilder: SELECT _id, owner_package_name, is_pending, media_type, is_trashed FROM files WHERE ((volume_name IN ( 'external_primary' ))) AND ((_data=?))
10-22 19:37:21.822  5720 32662 D SQLiteQueryBuilder: SELECT rowid FROM files WHERE ((owner_package_name IN ( 'com.google.android.apps.photos' ) OR media_type=2 OR media_type=4 OR media_type=5 OR media_type=3 OR media_type=5 OR media_type=1) AND (_id='1000015295') AND (volume_name IN ( 'external_primary' )))
10-22 19:37:21.826  5720 32663 D SQLiteQueryBuilder: SELECT _id, owner_package_name, is_pending, media_type, is_trashed FROM files WHERE ((volume_name IN ( 'external_primary' ))) AND ((_data=?))
10-22 19:37:21.828  5720 32663 D SQLiteQueryBuilder: SELECT rowid FROM files WHERE ((owner_package_name IN ( 'com.google.android.apps.photos' ) OR media_type=2 OR media_type=4 OR media_type=5 OR media_type=3 OR media_type=5 OR media_type=1) AND (_id='1000015295') AND (volume_name IN ( 'external_primary' )))
10-22 19:37:21.838  5720 15135 D SQLiteQueryBuilder: SELECT _data, date_added, datetaken, date_modified, media_type, mime_type, _id, generation_modified, is_pending FROM files WHERE ((owner_package_name IN ( 'com.google.android.apps.photos' ) OR media_type=2 OR media_type=4 OR media_type=5 OR media_type=3 OR media_type=5 OR media_type=1) AND (((is_pending=0 AND NOT _modifier=4) OR (is_pending=1 AND lower(_data) NOT REGEXP '.*/\.pending-(\d+)-([^/]+)$' AND owner_package_name IN ( 'com.google.android.apps.photos' )))) AND (volume_name IN ( 'external_primary' ))) AND ((
10-22 19:37:21.838  5720 15135 D SQLiteQueryBuilder:       ((media_type = 1 OR media_type = 3)
10-22 19:37:21.838  5720 15135 D SQLiteQueryBuilder:           AND (bucket_id IS NOT NULL OR _data IS NOT NULL))
10-22 19:37:21.838  5720 15135 D SQLiteQueryBuilder:         AND (generation_modified > ?)
10-22 19:37:21.838  5720 15135 D SQLiteQueryBuilder:         AND (generation_modified < ?
10-22 19:37:21.838  5720 15135 D SQLiteQueryBuilder:           OR (generation_modified = ? AND _id < ?))
10-22 19:37:21.838  5720 15135 D SQLiteQueryBuilder:         AND (is_pending = 0)
10-22 19:37:21.838  5720 15135 D SQLiteQueryBuilder:     )) ORDER BY generation_modified DESC, _id DESC LIMIT 75
10-22 19:37:21.855  5720 15135 D SQLiteQueryBuilder: SELECT _data, date_added, datetaken, date_modified, media_type, mime_type, _id, generation_modified, is_pending FROM files WHERE ((owner_package_name IN ( 'com.google.android.apps.photos' ) OR media_type=2 OR media_type=4 OR media_type=5 OR media_type=3 OR media_type=5 OR media_type=1) AND (((is_pending=0 AND NOT _modifier=4) OR (is_pending=1 AND lower(_data) NOT REGEXP '.*/\.pending-(\d+)-([^/]+)$' AND owner_package_name IN ( 'com.google.android.apps.photos' )))) AND (volume_name IN ( 'external_primary' ))) AND ((((media_type = 1 OR media_type = 3) AND (bucket_id IS NOT NULL OR _data IS NOT NULL)) AND (generation_modified < ? OR generation_modified = ? AND _id < ?) AND is_pending = 0)) ORDER BY generation_modified DESC, _id DESC LIMIT 75
10-22 19:37:21.872  5720 15135 D SQLiteQueryBuilder: SELECT _data, orientation, owner_package_name, title, duration, _size, bucket_id, date_added, datetaken, date_modified, media_type, mime_type, is_trashed, width, date_expires, _id, generation_modified, is_pending, bucket_display_name, height FROM files WHERE ((owner_package_name IN ( 'com.google.android.apps.photos' ) OR media_type=2 OR media_type=4 OR media_type=5 OR media_type=3 OR media_type=5 OR media_type=1) AND (((is_pending=0 AND NOT _modifier=4) OR (is_pending=1 AND lower(_data) NOT REGEXP '.*/\.pending-(\d+)-([^/]+)$' AND owner_package_name IN ( 'com.google.android.apps.photos' )))) AND (volume_name IN ( 'external_primary' ))) AND ((
10-22 19:37:21.872  5720 15135 D SQLiteQueryBuilder:       ((media_type = 1 OR media_type = 3)
10-22 19:37:21.872  5720 15135 D SQLiteQueryBuilder:           AND (bucket_id IS NOT NULL OR _data IS NOT NULL))
10-22 19:37:21.872  5720 15135 D SQLiteQueryBuilder:         AND (generation_modified > ?)
10-22 19:37:21.872  5720 15135 D SQLiteQueryBuilder:         AND (generation_modified < ?
10-22 19:37:21.872  5720 15135 D SQLiteQueryBuilder:           OR (generation_modified = ? AND _id < ?))
10-22 19:37:21.872  5720 15135 D SQLiteQueryBuilder:         AND (is_pending = 0)
10-22 19:37:21.872  5720 15135 D SQLiteQueryBuilder:     )) ORDER BY generation_modified DESC, _id DESC LIMIT 75
10-22 19:37:22.299  5720 15135 D SQLiteQueryBuilder: SELECT _data, orientation, owner_package_name, title, duration, _size, bucket_id, date_added, datetaken, date_modified, media_type, mime_type, is_trashed, width, date_expires, _id, generation_modified, is_pending, bucket_display_name, height FROM files WHERE ((owner_package_name IN ( 'com.google.android.apps.photos' ) OR media_type=2 OR media_type=4 OR media_type=5 OR media_type=3 OR media_type=5 OR media_type=1) AND (((is_pending=0 AND NOT _modifier=4) OR (is_pending=1 AND lower(_data) NOT REGEXP '.*/\.pending-(\d+)-([^/]+)$' AND owner_package_name IN ( 'com.google.android.apps.photos' )))) AND (volume_name IN ( 'external_primary' ))) AND ((
10-22 19:37:22.299  5720 15135 D SQLiteQueryBuilder:       ((media_type = 1 OR media_type = 3)
10-22 19:37:22.299  5720 15135 D SQLiteQueryBuilder:           AND (bucket_id IS NOT NULL OR _data IS NOT NULL))
10-22 19:37:22.299  5720 15135 D SQLiteQueryBuilder:         AND (generation_modified > ?)
10-22 19:37:22.299  5720 15135 D SQLiteQueryBuilder:         AND (generation_modified < ?
10-22 19:37:22.299  5720 15135 D SQLiteQueryBuilder:           OR (generation_modified = ? AND _id < ?))
10-22 19:37:22.299  5720 15135 D SQLiteQueryBuilder:         AND (is_pending = 0)
10-22 19:37:22.299  5720 15135 D SQLiteQueryBuilder:     )) ORDER BY generation_modified DESC, _id DESC LIMIT 75
10-22 19:37:22.346  5720 15135 D SQLiteQueryBuilder: SELECT _data, orientation, owner_package_name, title, duration, _size, bucket_id, date_added, datetaken, date_modified, media_type, mime_type, is_trashed, width, date_expires, _id, generation_modified, is_pending, bucket_display_name, height FROM files WHERE ((owner_package_name IN ( 'com.google.android.apps.photos' ) OR media_type=2 OR media_type=4 OR media_type=5 OR media_type=3 OR media_type=5 OR media_type=1) AND (((is_pending=0 AND NOT _modifier=4) OR (is_pending=1 AND lower(_data) NOT REGEXP '.*/\.pending-(\d+)-([^/]+)$' AND owner_package_name IN ( 'com.google.android.apps.photos' )))) AND (volume_name IN ( 'external_primary' ))) AND ((((media_type = 1 OR media_type = 3) AND (bucket_id IS NOT NULL OR _data IS NOT NULL)) AND (generation_modified < ? OR generation_modified = ? AND _id < ?) AND is_pending = 0)) ORDER BY generation_modified DESC, _id DESC LIMIT 75
10-22 19:37:22.395  5720 15135 D SQLiteQueryBuilder: SELECT _data, orientation, owner_package_name, title, duration, _size, bucket_id, date_added, datetaken, date_modified, media_type, mime_type, is_trashed, width, date_expires, _id, generation_modified, is_pending, bucket_display_name, height FROM files WHERE ((owner_package_name IN ( 'com.google.android.apps.photos' ) OR media_type=2 OR media_type=4 OR media_type=5 OR media_type=3 OR media_type=5 OR media_type=1) AND (((is_pending=0 AND NOT _modifier=4) OR (is_pending=1 AND lower(_data) NOT REGEXP '.*/\.pending-(\d+)-([^/]+)$' AND owner_package_name IN ( 'com.google.android.apps.photos' )))) AND (is_trashed=0) AND (volume_name IN ( 'external_primary' ))) AND (((media_type = 1 OR media_type = 3) AND _id IN(?,?,?,?,?)))
10-22 19:37:22.413  5720 15135 D SQLiteQueryBuilder: SELECT _id, media_type FROM files WHERE ((owner_package_name IN ( 'com.google.android.apps.photos' ) OR media_type=2 OR media_type=4 OR media_type=5 OR media_type=3 OR media_type=5 OR media_type=1) AND (((is_pending=0 AND NOT _modifier=4) OR (is_pending=1 AND lower(_data) NOT REGEXP '.*/\.pending-(\d+)-([^/]+)$' AND owner_package_name IN ( 'com.google.android.apps.photos' )))) AND (volume_name IN ( 'external_primary' ))) AND (((media_type = 1 OR media_type = 3) AND _id < ?)) ORDER BY _id DESC LIMIT 200
10-22 19:37:22.436  5720 15135 D SQLiteQueryBuilder: SELECT _id, media_type FROM files WHERE ((owner_package_name IN ( 'com.google.android.apps.photos' ) OR media_type=2 OR media_type=4 OR media_type=5 OR media_type=3 OR media_type=5 OR media_type=1) AND (((is_pending=0 AND NOT _modifier=4) OR (is_pending=1 AND lower(_data) NOT REGEXP '.*/\.pending-(\d+)-([^/]+)$' AND owner_package_name IN ( 'com.google.android.apps.photos' )))) AND (volume_name IN ( 'external_primary' ))) AND (((media_type = 1 OR media_type = 3) AND _id < ?)) ORDER BY _id DESC LIMIT 200
10-22 19:37:22.456  5720 15135 D SQLiteQueryBuilder: SELECT _id, media_type FROM files WHERE ((owner_package_name IN ( 'com.google.android.apps.photos' ) OR media_type=2 OR media_type=4 OR media_type=5 OR media_type=3 OR media_type=5 OR media_type=1) AND (((is_pending=0 AND NOT _modifier=4) OR (is_pending=1 AND lower(_data) NOT REGEXP '.*/\.pending-(\d+)-([^/]+)$' AND owner_package_name IN ( 'com.google.android.apps.photos' )))) AND (volume_name IN ( 'external_primary' ))) AND (((media_type = 1 OR media_type = 3) AND _id < ?)) ORDER BY _id DESC LIMIT 200
10-22 19:37:22.476  5720 15135 D SQLiteQueryBuilder: SELECT _id, media_type FROM files WHERE ((owner_package_name IN ( 'com.google.android.apps.photos' ) OR media_type=2 OR media_type=4 OR media_type=5 OR media_type=3 OR media_type=5 OR media_type=1) AND (((is_pending=0 AND NOT _modifier=4) OR (is_pending=1 AND lower(_data) NOT REGEXP '.*/\.pending-(\d+)-([^/]+)$' AND owner_package_name IN ( 'com.google.android.apps.photos' )))) AND (volume_name IN ( 'external_primary' ))) AND (((media_type = 1 OR media_type = 3) AND _id < ?)) ORDER BY _id DESC LIMIT 200
10-22 19:37:22.494  5720 15135 D SQLiteQueryBuilder: SELECT _id, media_type FROM files WHERE ((owner_package_name IN ( 'com.google.android.apps.photos' ) OR media_type=2 OR media_type=4 OR media_type=5 OR media_type=3 OR media_type=5 OR media_type=1) AND (((is_pending=0 AND NOT _modifier=4) OR (is_pending=1 AND lower(_data) NOT REGEXP '.*/\.pending-(\d+)-([^/]+)$' AND owner_package_name IN ( 'com.google.android.apps.photos' )))) AND (volume_name IN ( 'external_primary' ))) AND (((media_type = 1 OR media_type = 3) AND _id < ?)) ORDER BY _id DESC LIMIT 200
10-22 19:37:22.511  5720 15135 D SQLiteQueryBuilder: SELECT _id, media_type FROM files WHERE ((owner_package_name IN ( 'com.google.android.apps.photos' ) OR media_type=2 OR media_type=4 OR media_type=5 OR media_type=3 OR media_type=5 OR media_type=1) AND (((is_pending=0 AND NOT _modifier=4) OR (is_pending=1 AND lower(_data) NOT REGEXP '.*/\.pending-(\d+)-([^/]+)$' AND owner_package_name IN ( 'com.google.android.apps.photos' )))) AND (volume_name IN ( 'external_primary' ))) AND (((media_type = 1 OR media_type = 3) AND _id < ?)) ORDER BY _id DESC LIMIT 200
10-22 19:37:22.530  5720 15135 D SQLiteQueryBuilder: SELECT _id, media_type FROM files WHERE ((owner_package_name IN ( 'com.google.android.apps.photos' ) OR media_type=2 OR media_type=4 OR media_type=5 OR media_type=3 OR media_type=5 OR media_type=1) AND (((is_pending=0 AND NOT _modifier=4) OR (is_pending=1 AND lower(_data) NOT REGEXP '.*/\.pending-(\d+)-([^/]+)$' AND owner_package_name IN ( 'com.google.android.apps.photos' )))) AND (volume_name IN ( 'external_primary' ))) AND (((media_type = 1 OR media_type = 3) AND _id < ?)) ORDER BY _id DESC LIMIT 200
10-22 19:37:22.546  5720 15135 D SQLiteQueryBuilder: SELECT _id, media_type FROM files WHERE ((owner_package_name IN ( 'com.google.android.apps.photos' ) OR media_type=2 OR media_type=4 OR media_type=5 OR media_type=3 OR media_type=5 OR media_type=1) AND (((is_pending=0 AND NOT _modifier=4) OR (is_pending=1 AND lower(_data) NOT REGEXP '.*/\.pending-(\d+)-([^/]+)$' AND owner_package_name IN ( 'com.google.android.apps.photos' )))) AND (volume_name IN ( 'external_primary' ))) AND (((media_type = 1 OR media_type = 3) AND _id < ?)) ORDER BY _id DESC LIMIT 200
10-22 19:37:22.563  5720 15135 D SQLiteQueryBuilder: SELECT _id, media_type FROM files WHERE ((owner_package_name IN ( 'com.google.android.apps.photos' ) OR media_type=2 OR media_type=4 OR media_type=5 OR media_type=3 OR media_type=5 OR media_type=1) AND (((is_pending=0 AND NOT _modifier=4) OR (is_pending=1 AND lower(_data) NOT REGEXP '.*/\.pending-(\d+)-([^/]+)$' AND owner_package_name IN ( 'com.google.android.apps.photos' )))) AND (volume_name IN ( 'external_primary' ))) AND (((media_type = 1 OR media_type = 3) AND _id < ?)) ORDER BY _id DESC LIMIT 200
10-22 19:37:22.584  5720 15135 D SQLiteQueryBuilder: SELECT _id, media_type FROM files WHERE ((owner_package_name IN ( 'com.google.android.apps.photos' ) OR media_type=2 OR media_type=4 OR media_type=5 OR media_type=3 OR media_type=5 OR media_type=1) AND (((is_pending=0 AND NOT _modifier=4) OR (is_pending=1 AND lower(_data) NOT REGEXP '.*/\.pending-(\d+)-([^/]+)$' AND owner_package_name IN ( 'com.google.android.apps.photos' )))) AND (volume_name IN ( 'external_primary' ))) AND (((media_type = 1 OR media_type = 3) AND _id < ?)) ORDER BY _id DESC LIMIT 200
10-22 19:37:22.615  5720 15135 D SQLiteQueryBuilder: SELECT _id, media_type FROM files WHERE ((owner_package_name IN ( 'com.google.android.apps.photos' ) OR media_type=2 OR media_type=4 OR media_type=5 OR media_type=3 OR media_type=5 OR media_type=1) AND (((is_pending=0 AND NOT _modifier=4) OR (is_pending=1 AND lower(_data) NOT REGEXP '.*/\.pending-(\d+)-([^/]+)$' AND owner_package_name IN ( 'com.google.android.apps.photos' )))) AND (volume_name IN ( 'external_primary' ))) AND (((media_type = 1 OR media_type = 3) AND _id < ?)) ORDER BY _id DESC LIMIT 200
10-22 19:37:22.635  5720 15135 D SQLiteQueryBuilder: SELECT _id, media_type FROM files WHERE ((owner_package_name IN ( 'com.google.android.apps.photos' ) OR media_type=2 OR media_type=4 OR media_type=5 OR media_type=3 OR media_type=5 OR media_type=1) AND (((is_pending=0 AND NOT _modifier=4) OR (is_pending=1 AND lower(_data) NOT REGEXP '.*/\.pending-(\d+)-([^/]+)$' AND owner_package_name IN ( 'com.google.android.apps.photos' )))) AND (volume_name IN ( 'external_primary' ))) AND (((media_type = 1 OR media_type = 3) AND _id < ?)) ORDER BY _id DESC LIMIT 200
10-22 19:37:22.656  5720 15135 D SQLiteQueryBuilder: SELECT _id, media_type FROM files WHERE ((owner_package_name IN ( 'com.google.android.apps.photos' ) OR media_type=2 OR media_type=4 OR media_type=5 OR media_type=3 OR media_type=5 OR media_type=1) AND (((is_pending=0 AND NOT _modifier=4) OR (is_pending=1 AND lower(_data) NOT REGEXP '.*/\.pending-(\d+)-([^/]+)$' AND owner_package_name IN ( 'com.google.android.apps.photos' )))) AND (volume_name IN ( 'external_primary' ))) AND (((media_type = 1 OR media_type = 3) AND _id < ?)) ORDER BY _id DESC LIMIT 200
10-22 19:37:22.676  5720 15135 D SQLiteQueryBuilder: SELECT _id, media_type FROM files WHERE ((owner_package_name IN ( 'com.google.android.apps.photos' ) OR media_type=2 OR media_type=4 OR media_type=5 OR media_type=3 OR media_type=5 OR media_type=1) AND (((is_pending=0 AND NOT _modifier=4) OR (is_pending=1 AND lower(_data) NOT REGEXP '.*/\.pending-(\d+)-([^/]+)$' AND owner_package_name IN ( 'com.google.android.apps.photos' )))) AND (volume_name IN ( 'external_primary' ))) AND (((media_type = 1 OR media_type = 3) AND _id < ?)) ORDER BY _id DESC LIMIT 200
10-22 19:37:22.696  5720 15135 D SQLiteQueryBuilder: SELECT _id, media_type FROM files WHERE ((owner_package_name IN ( 'com.google.android.apps.photos' ) OR media_type=2 OR media_type=4 OR media_type=5 OR media_type=3 OR media_type=5 OR media_type=1) AND (((is_pending=0 AND NOT _modifier=4) OR (is_pending=1 AND lower(_data) NOT REGEXP '.*/\.pending-(\d+)-([^/]+)$' AND owner_package_name IN ( 'com.google.android.apps.photos' )))) AND (volume_name IN ( 'external_primary' ))) AND (((media_type = 1 OR media_type = 3) AND _id < ?)) ORDER BY _id DESC LIMIT 200
10-22 19:37:22.714  5720 15135 D SQLiteQueryBuilder: SELECT _id, media_type FROM files WHERE ((owner_package_name IN ( 'com.google.android.apps.photos' ) OR media_type=2 OR media_type=4 OR media_type=5 OR media_type=3 OR media_type=5 OR media_type=1) AND (((is_pending=0 AND NOT _modifier=4) OR (is_pending=1 AND lower(_data) NOT REGEXP '.*/\.pending-(\d+)-([^/]+)$' AND owner_package_name IN ( 'com.google.android.apps.photos' )))) AND (volume_name IN ( 'external_primary' ))) AND (((media_type = 1 OR media_type = 3) AND _id < ?)) ORDER BY _id DESC LIMIT 200
10-22 19:37:22.741  5720 15135 D SQLiteQueryBuilder: SELECT _id, media_type FROM files WHERE ((owner_package_name IN ( 'com.google.android.apps.photos' ) OR media_type=2 OR media_type=4 OR media_type=5 OR media_type=3 OR media_type=5 OR media_type=1) AND (((is_pending=0 AND NOT _modifier=4) OR (is_pending=1 AND lower(_data) NOT REGEXP '.*/\.pending-(\d+)-([^/]+)$' AND owner_package_name IN ( 'com.google.android.apps.photos' )))) AND (volume_name IN ( 'external_primary' ))) AND (((media_type = 1 OR media_type = 3) AND _id < ?)) ORDER BY _id DESC LIMIT 200
10-22 19:37:22.757  5720 15135 D SQLiteQueryBuilder: SELECT _id, media_type FROM files WHERE ((owner_package_name IN ( 'com.google.android.apps.photos' ) OR media_type=2 OR media_type=4 OR media_type=5 OR media_type=3 OR media_type=5 OR media_type=1) AND (((is_pending=0 AND NOT _modifier=4) OR (is_pending=1 AND lower(_data) NOT REGEXP '.*/\.pending-(\d+)-([^/]+)$' AND owner_package_name IN ( 'com.google.android.apps.photos' )))) AND (volume_name IN ( 'external_primary' ))) AND (((media_type = 1 OR media_type = 3) AND _id < ?)) ORDER BY _id DESC LIMIT 200
10-22 19:37:22.776  5720 15135 D SQLiteQueryBuilder: SELECT _id, media_type FROM files WHERE ((owner_package_name IN ( 'com.google.android.apps.photos' ) OR media_type=2 OR media_type=4 OR media_type=5 OR media_type=3 OR media_type=5 OR media_type=1) AND (((is_pending=0 AND NOT _modifier=4) OR (is_pending=1 AND lower(_data) NOT REGEXP '.*/\.pending-(\d+)-([^/]+)$' AND owner_package_name IN ( 'com.google.android.apps.photos' )))) AND (volume_name IN ( 'external_primary' ))) AND (((media_type = 1 OR media_type = 3) AND _id < ?)) ORDER BY _id DESC LIMIT 200
10-22 19:37:22.795  5720 15135 D SQLiteQueryBuilder: SELECT _id, media_type FROM files WHERE ((owner_package_name IN ( 'com.google.android.apps.photos' ) OR media_type=2 OR media_type=4 OR media_type=5 OR media_type=3 OR media_type=5 OR media_type=1) AND (((is_pending=0 AND NOT _modifier=4) OR (is_pending=1 AND lower(_data) NOT REGEXP '.*/\.pending-(\d+)-([^/]+)$' AND owner_package_name IN ( 'com.google.android.apps.photos' )))) AND (volume_name IN ( 'external_primary' ))) AND (((media_type = 1 OR media_type = 3) AND _id < ?)) ORDER BY _id DESC LIMIT 200
10-22 19:37:22.815  5720 15135 D SQLiteQueryBuilder: SELECT _id, media_type FROM files WHERE ((owner_package_name IN ( 'com.google.android.apps.photos' ) OR media_type=2 OR media_type=4 OR media_type=5 OR media_type=3 OR media_type=5 OR media_type=1) AND (((is_pending=0 AND NOT _modifier=4) OR (is_pending=1 AND lower(_data) NOT REGEXP '.*/\.pending-(\d+)-([^/]+)$' AND owner_package_name IN ( 'com.google.android.apps.photos' )))) AND (volume_name IN ( 'external_primary' ))) AND (((media_type = 1 OR media_type = 3) AND _id < ?)) ORDER BY _id DESC LIMIT 200
10-22 19:37:22.835  5720 15135 D SQLiteQueryBuilder: SELECT _id, media_type FROM files WHERE ((owner_package_name IN ( 'com.google.android.apps.photos' ) OR media_type=2 OR media_type=4 OR media_type=5 OR media_type=3 OR media_type=5 OR media_type=1) AND (((is_pending=0 AND NOT _modifier=4) OR (is_pending=1 AND lower(_data) NOT REGEXP '.*/\.pending-(\d+)-([^/]+)$' AND owner_package_name IN ( 'com.google.android.apps.photos' )))) AND (volume_name IN ( 'external_primary' ))) AND (((media_type = 1 OR media_type = 3) AND _id < ?)) ORDER BY _id DESC LIMIT 200
10-22 19:37:22.858  5720 15135 D SQLiteQueryBuilder: SELECT _id, media_type FROM files WHERE ((owner_package_name IN ( 'com.google.android.apps.photos' ) OR media_type=2 OR media_type=4 OR media_type=5 OR media_type=3 OR media_type=5 OR media_type=1) AND (((is_pending=0 AND NOT _modifier=4) OR (is_pending=1 AND lower(_data) NOT REGEXP '.*/\.pending-(\d+)-([^/]+)$' AND owner_package_name IN ( 'com.google.android.apps.photos' )))) AND (volume_name IN ( 'external_primary' ))) AND (((media_type = 1 OR media_type = 3) AND _id < ?)) ORDER BY _id DESC LIMIT 200
10-22 19:37:22.885  5720 15135 D SQLiteQueryBuilder: SELECT _id, media_type FROM files WHERE ((owner_package_name IN ( 'com.google.android.apps.photos' ) OR media_type=2 OR media_type=4 OR media_type=5 OR media_type=3 OR media_type=5 OR media_type=1) AND (((is_pending=0 AND NOT _modifier=4) OR (is_pending=1 AND lower(_data) NOT REGEXP '.*/\.pending-(\d+)-([^/]+)$' AND owner_package_name IN ( 'com.google.android.apps.photos' )))) AND (volume_name IN ( 'external_primary' ))) AND (((media_type = 1 OR media_type = 3) AND _id < ?)) ORDER BY _id DESC LIMIT 200
10-22 19:37:22.902  5720 14147 D SQLiteQueryBuilder: SELECT sum(_size), count(_size) FROM files WHERE ((((is_pending=0 AND NOT _modifier=4) OR (is_pending=1 AND lower(_data) NOT REGEXP '.*/\.pending-(\d+)-([^/]+)$' AND owner_package_name IN ( 'com.google.android.apps.nbu.files' )))) AND (is_trashed=0) AND (volume_name IN ( 'external_primary' ))) AND (((((format IS NULL OR format != 12289) AND (_size IS NOT NULL) AND (_data IS NOT NULL) AND (LENGTH(_data) > 1)) AND  ( (_id  IN  (1761142029419,1000015295) )  AND  (_size  != 0) ) ) AND (((format IS NULL OR format != 12289) AND (_size IS NOT NULL) AND (_data IS NOT NULL) AND (LENGTH(_data) > 1)))))
10-22 19:37:22.903  5720 15135 D SQLiteQueryBuilder: SELECT _id, media_type FROM files WHERE ((owner_package_name IN ( 'com.google.android.apps.photos' ) OR media_type=2 OR media_type=4 OR media_type=5 OR media_type=3 OR media_type=5 OR media_type=1) AND (((is_pending=0 AND NOT _modifier=4) OR (is_pending=1 AND lower(_data) NOT REGEXP '.*/\.pending-(\d+)-([^/]+)$' AND owner_package_name IN ( 'com.google.android.apps.photos' )))) AND (volume_name IN ( 'external_primary' ))) AND (((media_type = 1 OR media_type = 3) AND _id < ?)) ORDER BY _id DESC LIMIT 200
10-22 19:37:22.916  5720 15135 D SQLiteQueryBuilder: SELECT _id, title, date_modified, date_added, _size, mime_type, duration, media_type, bucket_display_name, _display_name, is_drm, _data, date_expires, album, artist FROM files WHERE ((((is_pending=0 AND NOT _modifier=4) OR (is_pending=1 AND lower(_data) NOT REGEXP '.*/\.pending-(\d+)-([^/]+)$' AND owner_package_name IN ( 'com.google.android.apps.nbu.files' )))) AND (is_trashed=0) AND (volume_name IN ( 'external_primary' ))) AND (((((format IS NULL OR format != 12289) AND (_size IS NOT NULL) AND (_data IS NOT NULL) AND (LENGTH(_data) > 1)) AND  ( (_id  IN  (1761142029419,1000015295) )  AND  (_size  != 0) ) ) AND (((format IS NULL OR format != 12289) AND (_size IS NOT NULL) AND (_data IS NOT NULL) AND (LENGTH(_data) > 1))))) ORDER BY _display_name COLLATE UNICODE  ASC LIMIT 200
10-22 19:37:22.921  5720 14147 D SQLiteQueryBuilder: SELECT _id, media_type FROM files WHERE ((owner_package_name IN ( 'com.google.android.apps.photos' ) OR media_type=2 OR media_type=4 OR media_type=5 OR media_type=3 OR media_type=5 OR media_type=1) AND (((is_pending=0 AND NOT _modifier=4) OR (is_pending=1 AND lower(_data) NOT REGEXP '.*/\.pending-(\d+)-([^/]+)$' AND owner_package_name IN ( 'com.google.android.apps.photos' )))) AND (volume_name IN ( 'external_primary' ))) AND (((media_type = 1 OR media_type = 3) AND _id < ?)) ORDER BY _id DESC LIMIT 200
10-22 19:37:22.940  5720 15135 D SQLiteQueryBuilder: SELECT _id, media_type FROM files WHERE ((owner_package_name IN ( 'com.google.android.apps.photos' ) OR media_type=2 OR media_type=4 OR media_type=5 OR media_type=3 OR media_type=5 OR media_type=1) AND (((is_pending=0 AND NOT _modifier=4) OR (is_pending=1 AND lower(_data) NOT REGEXP '.*/\.pending-(\d+)-([^/]+)$' AND owner_package_name IN ( 'com.google.android.apps.photos' )))) AND (volume_name IN ( 'external_primary' ))) AND (((media_type = 1 OR media_type = 3) AND _id < ?)) ORDER BY _id DESC LIMIT 200
10-22 19:37:22.961  5720 15135 D SQLiteQueryBuilder: SELECT _id, media_type FROM files WHERE ((owner_package_name IN ( 'com.google.android.apps.photos' ) OR media_type=2 OR media_type=4 OR media_type=5 OR media_type=3 OR media_type=5 OR media_type=1) AND (((is_pending=0 AND NOT _modifier=4) OR (is_pending=1 AND lower(_data) NOT REGEXP '.*/\.pending-(\d+)-([^/]+)$' AND owner_package_name IN ( 'com.google.android.apps.photos' )))) AND (volume_name IN ( 'external_primary' ))) AND (((media_type = 1 OR media_type = 3) AND _id < ?)) ORDER BY _id DESC LIMIT 200
10-22 19:37:22.991  5720 15135 D SQLiteQueryBuilder: SELECT _id, media_type FROM files WHERE ((owner_package_name IN ( 'com.google.android.apps.photos' ) OR media_type=2 OR media_type=4 OR media_type=5 OR media_type=3 OR media_type=5 OR media_type=1) AND (((is_pending=0 AND NOT _modifier=4) OR (is_pending=1 AND lower(_data) NOT REGEXP '.*/\.pending-(\d+)-([^/]+)$' AND owner_package_name IN ( 'com.google.android.apps.photos' )))) AND (volume_name IN ( 'external_primary' ))) AND (((media_type = 1 OR media_type = 3) AND _id < ?)) ORDER BY _id DESC LIMIT 200
10-22 19:37:23.015  5720 15135 D SQLiteQueryBuilder: SELECT _id, media_type FROM files WHERE ((owner_package_name IN ( 'com.google.android.apps.photos' ) OR media_type=2 OR media_type=4 OR media_type=5 OR media_type=3 OR media_type=5 OR media_type=1) AND (((is_pending=0 AND NOT _modifier=4) OR (is_pending=1 AND lower(_data) NOT REGEXP '.*/\.pending-(\d+)-([^/]+)$' AND owner_package_name IN ( 'com.google.android.apps.photos' )))) AND (volume_name IN ( 'external_primary' ))) AND (((media_type = 1 OR media_type = 3) AND _id < ?)) ORDER BY _id DESC LIMIT 200
10-22 19:37:23.040  5720 15135 D SQLiteQueryBuilder: SELECT _id, media_type FROM files WHERE ((owner_package_name IN ( 'com.google.android.apps.photos' ) OR media_type=2 OR media_type=4 OR media_type=5 OR media_type=3 OR media_type=5 OR media_type=1) AND (((is_pending=0 AND NOT _modifier=4) OR (is_pending=1 AND lower(_data) NOT REGEXP '.*/\.pending-(\d+)-([^/]+)$' AND owner_package_name IN ( 'com.google.android.apps.photos' )))) AND (volume_name IN ( 'external_primary' ))) AND (((media_type = 1 OR media_type = 3) AND _id < ?)) ORDER BY _id DESC LIMIT 200
10-22 19:37:23.064  5720 15135 D SQLiteQueryBuilder: SELECT _id, media_type FROM files WHERE ((owner_package_name IN ( 'com.google.android.apps.photos' ) OR media_type=2 OR media_type=4 OR media_type=5 OR media_type=3 OR media_type=5 OR media_type=1) AND (((is_pending=0 AND NOT _modifier=4) OR (is_pending=1 AND lower(_data) NOT REGEXP '.*/\.pending-(\d+)-([^/]+)$' AND owner_package_name IN ( 'com.google.android.apps.photos' )))) AND (volume_name IN ( 'external_primary' ))) AND (((media_type = 1 OR media_type = 3) AND _id < ?)) ORDER BY _id DESC LIMIT 200
10-22 19:37:23.083  5720 15135 D SQLiteQueryBuilder: SELECT _id, media_type FROM files WHERE ((owner_package_name IN ( 'com.google.android.apps.photos' ) OR media_type=2 OR media_type=4 OR media_type=5 OR media_type=3 OR media_type=5 OR media_type=1) AND (((is_pending=0 AND NOT _modifier=4) OR (is_pending=1 AND lower(_data) NOT REGEXP '.*/\.pending-(\d+)-([^/]+)$' AND owner_package_name IN ( 'com.google.android.apps.photos' )))) AND (volume_name IN ( 'external_primary' ))) AND (((media_type = 1 OR media_type = 3) AND _id < ?)) ORDER BY _id DESC LIMIT 200
10-22 19:37:23.101  5720 15135 D SQLiteQueryBuilder: SELECT _id, media_type FROM files WHERE ((owner_package_name IN ( 'com.google.android.apps.photos' ) OR media_type=2 OR media_type=4 OR media_type=5 OR media_type=3 OR media_type=5 OR media_type=1) AND (((is_pending=0 AND NOT _modifier=4) OR (is_pending=1 AND lower(_data) NOT REGEXP '.*/\.pending-(\d+)-([^/]+)$' AND owner_package_name IN ( 'com.google.android.apps.photos' )))) AND (volume_name IN ( 'external_primary' ))) AND (((media_type = 1 OR media_type = 3) AND _id < ?)) ORDER BY _id DESC LIMIT 200
10-22 19:37:23.118  5720 15135 D SQLiteQueryBuilder: SELECT _id, media_type FROM files WHERE ((owner_package_name IN ( 'com.google.android.apps.photos' ) OR media_type=2 OR media_type=4 OR media_type=5 OR media_type=3 OR media_type=5 OR media_type=1) AND (((is_pending=0 AND NOT _modifier=4) OR (is_pending=1 AND lower(_data) NOT REGEXP '.*/\.pending-(\d+)-([^/]+)$' AND owner_package_name IN ( 'com.google.android.apps.photos' )))) AND (volume_name IN ( 'external_primary' ))) AND (((media_type = 1 OR media_type = 3) AND _id < ?)) ORDER BY _id DESC LIMIT 200
10-22 19:37:23.135  5720 15135 D SQLiteQueryBuilder: SELECT _id, media_type FROM files WHERE ((owner_package_name IN ( 'com.google.android.apps.photos' ) OR media_type=2 OR media_type=4 OR media_type=5 OR media_type=3 OR media_type=5 OR media_type=1) AND (((is_pending=0 AND NOT _modifier=4) OR (is_pending=1 AND lower(_data) NOT REGEXP '.*/\.pending-(\d+)-([^/]+)$' AND owner_package_name IN ( 'com.google.android.apps.photos' )))) AND (volume_name IN ( 'external_primary' ))) AND (((media_type = 1 OR media_type = 3) AND _id < ?)) ORDER BY _id DESC LIMIT 200
10-22 19:37:23.154  5720 15135 D SQLiteQueryBuilder: SELECT _id, media_type FROM files WHERE ((owner_package_name IN ( 'com.google.android.apps.photos' ) OR media_type=2 OR media_type=4 OR media_type=5 OR media_type=3 OR media_type=5 OR media_type=1) AND (((is_pending=0 AND NOT _modifier=4) OR (is_pending=1 AND lower(_data) NOT REGEXP '.*/\.pending-(\d+)-([^/]+)$' AND owner_package_name IN ( 'com.google.android.apps.photos' )))) AND (volume_name IN ( 'external_primary' ))) AND (((media_type = 1 OR media_type = 3) AND _id < ?)) ORDER BY _id DESC LIMIT 200
10-22 19:37:23.174  5720 15135 D SQLiteQueryBuilder: SELECT _id, media_type FROM files WHERE ((owner_package_name IN ( 'com.google.android.apps.photos' ) OR media_type=2 OR media_type=4 OR media_type=5 OR media_type=3 OR media_type=5 OR media_type=1) AND (((is_pending=0 AND NOT _modifier=4) OR (is_pending=1 AND lower(_data) NOT REGEXP '.*/\.pending-(\d+)-([^/]+)$' AND owner_package_name IN ( 'com.google.android.apps.photos' )))) AND (volume_name IN ( 'external_primary' ))) AND (((media_type = 1 OR media_type = 3) AND _id < ?)) ORDER BY _id DESC LIMIT 200
10-22 19:37:23.193  5720 15135 D SQLiteQueryBuilder: SELECT _id, media_type FROM files WHERE ((owner_package_name IN ( 'com.google.android.apps.photos' ) OR media_type=2 OR media_type=4 OR media_type=5 OR media_type=3 OR media_type=5 OR media_type=1) AND (((is_pending=0 AND NOT _modifier=4) OR (is_pending=1 AND lower(_data) NOT REGEXP '.*/\.pending-(\d+)-([^/]+)$' AND owner_package_name IN ( 'com.google.android.apps.photos' )))) AND (volume_name IN ( 'external_primary' ))) AND (((media_type = 1 OR media_type = 3) AND _id < ?)) ORDER BY _id DESC LIMIT 200
10-22 19:37:23.204  5720 15135 D SQLiteQueryBuilder: SELECT _id FROM files WHERE ((((is_pending=0 AND NOT _modifier=4) OR (is_pending=1 AND lower(_data) NOT REGEXP '.*/\.pending-(\d+)-([^/]+)$' AND owner_package_name IN ( 'com.google.android.apps.nbu.files' )))) AND (is_trashed=0) AND (volume_name IN ( 'external_primary' ))) AND ((_id <= ?)) ORDER BY _id ASC
10-22 19:37:23.216  5720 14147 D SQLiteQueryBuilder: SELECT _id, media_type FROM files WHERE ((owner_package_name IN ( 'com.google.android.apps.photos' ) OR media_type=2 OR media_type=4 OR media_type=5 OR media_type=3 OR media_type=5 OR media_type=1) AND (((is_pending=0 AND NOT _modifier=4) OR (is_pending=1 AND lower(_data) NOT REGEXP '.*/\.pending-(\d+)-([^/]+)$' AND owner_package_name IN ( 'com.google.android.apps.photos' )))) AND (volume_name IN ( 'external_primary' ))) AND (((media_type = 1 OR media_type = 3) AND _id < ?)) ORDER BY _id DESC LIMIT 200
10-22 19:37:23.234  5720 14147 D SQLiteQueryBuilder: SELECT _id, media_type FROM files WHERE ((owner_package_name IN ( 'com.google.android.apps.photos' ) OR media_type=2 OR media_type=4 OR media_type=5 OR media_type=3 OR media_type=5 OR media_type=1) AND (((is_pending=0 AND NOT _modifier=4) OR (is_pending=1 AND lower(_data) NOT REGEXP '.*/\.pending-(\d+)-([^/]+)$' AND owner_package_name IN ( 'com.google.android.apps.photos' )))) AND (volume_name IN ( 'external_primary' ))) AND (((media_type = 1 OR media_type = 3) AND _id < ?)) ORDER BY _id DESC LIMIT 200
10-22 19:37:23.256  5720 14147 D SQLiteQueryBuilder: SELECT _id, media_type FROM files WHERE ((owner_package_name IN ( 'com.google.android.apps.photos' ) OR media_type=2 OR media_type=4 OR media_type=5 OR media_type=3 OR media_type=5 OR media_type=1) AND (((is_pending=0 AND NOT _modifier=4) OR (is_pending=1 AND lower(_data) NOT REGEXP '.*/\.pending-(\d+)-([^/]+)$' AND owner_package_name IN ( 'com.google.android.apps.photos' )))) AND (volume_name IN ( 'external_primary' ))) AND (((media_type = 1 OR media_type = 3) AND _id < ?)) ORDER BY _id DESC LIMIT 200
10-22 19:37:23.356  5720 14147 D SQLiteQueryBuilder: SELECT _id, media_type, mime_type, date_modified, _data, datetaken, date_added, generation_modified FROM files WHERE ((owner_package_name IN ( 'com.google.android.apps.photos' ) OR media_type=2 OR media_type=4 OR media_type=5 OR media_type=3 OR media_type=5 OR media_type=1) AND (((is_pending=0 AND NOT _modifier=4) OR (is_pending=1 AND lower(_data) NOT REGEXP '.*/\.pending-(\d+)-([^/]+)$' AND owner_package_name IN ( 'com.google.android.apps.photos' )))) AND (is_trashed=0) AND (volume_name IN ( 'external_primary' ))) AND (((media_type = 1 OR media_type = 3) AND _id IN(?,?,?,?,?)))
10-22 19:37:23.383  5720 15135 D SQLiteQueryBuilder: SELECT sum(_size), count(_size) FROM files WHERE ((((is_pending=0 AND NOT _modifier=4) OR (is_pending=1 AND lower(_data) NOT REGEXP '.*/\.pending-(\d+)-([^/]+)$' AND owner_package_name IN ( 'com.google.android.apps.nbu.files' )))) AND (is_trashed=0) AND (volume_name IN ( 'external_primary' ))) AND (((((format IS NULL OR format != 12289) AND (_size IS NOT NULL) AND (_data IS NOT NULL) AND (LENGTH(_data) > 1)) AND  ( (date_modified  > 1761141886)  OR  (_id  > 1000015294) ) ) AND (((format IS NULL OR format != 12289) AND (_size IS NOT NULL) AND (_data IS NOT NULL) AND (LENGTH(_data) > 1)))))
10-22 19:37:23.391  5720 15135 D SQLiteQueryBuilder: SELECT _id, title, date_modified, date_added, _size, mime_type, duration, media_type, bucket_display_name, _display_name, is_drm, _data, date_expires, album, artist FROM files WHERE ((((is_pending=0 AND NOT _modifier=4) OR (is_pending=1 AND lower(_data) NOT REGEXP '.*/\.pending-(\d+)-([^/]+)$' AND owner_package_name IN ( 'com.google.android.apps.nbu.files' )))) AND (is_trashed=0) AND (volume_name IN ( 'external_primary' ))) AND (((((format IS NULL OR format != 12289) AND (_size IS NOT NULL) AND (_data IS NOT NULL) AND (LENGTH(_data) > 1)) AND  ( (date_modified  > 1761141886)  OR  (_id  > 1000015294) ) ) AND (((format IS NULL OR format != 12289) AND (_size IS NOT NULL) AND (_data IS NOT NULL) AND (LENGTH(_data) > 1))))) ORDER BY date_modified ASC LIMIT 50
10-22 19:37:23.460  9275  9342 I FusedLocation: (REDACTED) location delivery to %s blocked - too close
10-22 19:37:23.461  9275  9342 I FusedLocation: (REDACTED) location delivery to %s blocked - too close
10-22 19:37:23.461  9275  9342 I FusedLocation: (REDACTED) location delivery to %s blocked - too close
10-22 19:37:23.461  9275  9342 I FusedLocation: (REDACTED) location delivery to %s blocked - too fast
10-22 19:37:23.462  9275  9342 I FusedLocation: (REDACTED) location delivery to %s blocked - too fast
10-22 19:37:23.463  9275  9342 I FusedLocation: (REDACTED) location delivery to %s blocked - too fast
10-22 19:37:23.598 21016 21032 W System  : A resource failed to call CursorWindow.close. 
10-22 19:37:23.598 21016 21032 W System  : A resource failed to call AbstractCursor.close. 
10-22 19:37:23.599 21016 21032 W System  : A resource failed to call CursorWindow.close. 
10-22 19:37:23.599 21016 21032 W System  : A resource failed to call AbstractCursor.close. 
10-22 19:37:24.854  9275  9345 W Settings: Setting airplane_mode_on has moved from android.provider.Settings.System to android.provider.Settings.Global, returning read-only value.
10-22 19:37:24.855  9275  9345 W Settings: Setting airplane_mode_on has moved from android.provider.Settings.System to android.provider.Settings.Global, returning read-only value.
10-22 19:37:24.861  9275  9949 W SystemServiceRegistry: No service published for: wifirtt
10-22 19:37:25.501  9275  9342 I FusedLocation: (REDACTED) location delivery to %s blocked - too close
10-22 19:37:25.501  9275  9342 I FusedLocation: (REDACTED) location delivery to %s blocked - too fast
10-22 19:37:25.502  9275  9342 I FusedLocation: (REDACTED) location delivery to %s blocked - too close
10-22 19:37:25.503  9275  9342 I FusedLocation: (REDACTED) location delivery to %s blocked - too close
10-22 19:37:25.504  9275  9342 I FusedLocation: (REDACTED) location delivery to %s blocked - too fast
10-22 19:37:25.504  9275  9342 I FusedLocation: (REDACTED) location delivery to %s blocked - too fast
10-22 19:37:25.507  9275  9342 I FusedLocation: (REDACTED) location delivery to %s blocked - too fast
10-22 19:37:27.075  5720 15135 W MediaProvider: isAppCloneUserPair for user 0: false
10-22 19:37:27.076  5720 15135 D SQLiteQueryBuilder: INSERT INTO files (_user_id,inferred_date,format,bucket_display_name,owner_package_name,parent,volume_name,date_modified,date_expires,_modifier,_display_name,mime_type,_data,title,is_trashed,is_pending,date_added,bucket_id,media_type,relative_path,generation_added,generation_modified,_id) VALUES (?,?,?,?,?,?,?,?,?,?,?,?,?,?,?,?,?,?,?,?,(SELECT generation FROM local_metadata),(SELECT generation FROM local_metadata),_GET_ID( '/storage/emulated/0/Pictures/Screenshots/.pending-1761746847-Screenshot_20251022_193727.jpg' ))
10-22 19:37:27.092  5720 15135 D SQLiteQueryBuilder: SELECT _data, owner_package_name, is_pending FROM images WHERE ((_id='1000015296') AND (volume_name IN ( 'external_primary' )))
10-22 19:37:27.095  5720 15135 D MediaProvider: Open with FUSE. FilePath: /storage/emulated/0/Pictures/Screenshots/.pending-1761746847-Screenshot_20251022_193727.jpg. Uid: 1000. Media Capabilities Uid: 0. ShouldRedact: false. ShouldTranscode: false
10-22 19:37:27.154  5720 15135 D SQLiteQueryBuilder: SELECT _data, owner_package_name, is_pending FROM images WHERE ((_id='1000015296') AND (volume_name IN ( 'external_primary' )))
10-22 19:37:27.155  5720 15135 D MediaProvider: Open with FUSE. FilePath: /storage/emulated/0/Pictures/Screenshots/.pending-1761746847-Screenshot_20251022_193727.jpg. Uid: 1000. Media Capabilities Uid: 0. ShouldRedact: false. ShouldTranscode: false
10-22 19:37:27.163  5720 15135 D SQLiteQueryBuilder: SELECT is_pending FROM images WHERE ((_id='1000015296') AND (volume_name IN ( 'external_primary' )))
10-22 19:37:27.163  5720 15135 D SQLiteQueryBuilder: SELECT date_expires, _display_name, mime_type, _data, is_trashed, is_pending, relative_path FROM files WHERE ((_id='1000015296') AND (volume_name IN ( 'external_primary' )))
10-22 19:37:27.173  5720 15135 D MediaProvider: Moving /storage/emulated/0/Pictures/Screenshots/.pending-1761746847-Screenshot_20251022_193727.jpg to /storage/emulated/0/Pictures/Screenshots/Screenshot_20251022_193727.jpg
10-22 19:37:27.174  5720 15135 D SQLiteQueryBuilder: SELECT _id FROM files WHERE ((_id='1000015296') AND (media_type=1) AND (volume_name IN ( 'external_primary' )))
10-22 19:37:27.175  5720 15135 D SQLiteQueryBuilder: UPDATE files SET inferred_date=?,bucket_display_name=?,volume_name=?,date_modified=?,date_expires=?,_display_name=?,mime_type=?,_data=?,_size=?,is_trashed=?,is_pending=?,bucket_id=?,relative_path=?,generation_modified=(SELECT generation FROM local_metadata),_id=ifnull(_GET_ID( '/storage/emulated/0/Pictures/Screenshots/Screenshot_20251022_193727.jpg' ), _id) WHERE ((_id='1000015296') AND (media_type=1) AND (volume_name IN ( 'external_primary' )))
10-22 19:37:27.178  5720 15135 D SQLiteQueryBuilder: SELECT _data FROM files WHERE ((_id='1000015296') AND (volume_name IN ( 'external_primary' )))
10-22 19:37:27.180  5720 15135 V ModernMediaScanner: Visiting /storage/emulated/0/Pictures/Screenshots/Screenshot_20251022_193727.jpg
10-22 19:37:27.181  5720 15135 D SQLiteQueryBuilder: SELECT _id, date_modified, _size, mime_type, media_type, is_pending, _modifier FROM files WHERE ((volume_name IN ( 'external_primary' ))) AND ((_data=?))
10-22 19:37:27.181  9275  9326 I UriTaskContentObserver: (REDACTED) Throttling content uri change event for %s
10-22 19:37:27.182  5720  5837 D SQLiteQueryBuilder: SELECT _data FROM files WHERE ((_id='1000015296') AND (volume_name IN ( 'external_primary' )))
10-22 19:37:27.183  5720  5837 D SQLiteQueryBuilder: DELETE FROM deleted_media WHERE (old_id = ?)
10-22 19:37:27.183  5720 15135 D SQLiteQueryBuilder: SELECT _id FROM files WHERE ((_id='1000015296') AND (volume_name IN ( 'external_primary' )))
10-22 19:37:27.184  5720 15135 D SQLiteQueryBuilder: UPDATE files SET instance_id=?,compilation=?,disc_number=?,duration=?,album_artist=?,description=?,resolution=?,orientation=?,artist=?,author=?,inferred_date=?,height=?,is_drm=?,bucket_display_name=?,volume_name=?,date_modified=?,writer=?,date_expires=?,composer=?,_modifier=?,_display_name=?,datetaken=?,mime_type=?,bitrate=?,cd_track_number=?,xmp=?,year=?,_data=?,_size=?,album=?,genre=?,title=?,width=?,is_trashed=?,document_id=?,is_pending=?,capture_framerate=?,_special_format=?,num_tracks=?,original_document_id=?,bucket_id=?,media_type=?,relative_path=?,generation_modified=(SELECT generation FROM local_metadata),_id=ifnull(_GET_ID( '/storage/emulated/0/Pictures/Screenshots/Screenshot_20251022_193727.jpg' ), _id) WHERE ((_id='1000015296') AND (volume_name IN ( 'external_primary' )))
10-22 19:37:27.189  5720 15135 D SQLiteQueryBuilder: SELECT _id FROM audio_playlists WHERE ((((is_pending=0 AND NOT _modifier=4) OR (is_pending=1 AND lower(_data) NOT REGEXP '.*/\.pending-(\d+)-([^/]+)$' AND owner_package_name IN ( 'com.google.android.providers.media.module' )))) AND (is_trashed=0) AND (volume_name IN ( 'external_primary' ))) AND ((generation_modified > 55856))
10-22 19:37:27.189  5720  5837 V MediaProvider: Deleted backup of old file path: /storage/emulated/0/Pictures/Screenshots/.pending-1761746847-Screenshot_20251022_193727.jpg
10-22 19:37:27.190  5720 15135 D SQLiteQueryBuilder: SELECT media_type FROM files WHERE ((_id='1000015296') AND (volume_name IN ( 'external_primary' )))
10-22 19:37:27.191  5720  5837 D SQLiteQueryBuilder: SELECT _data FROM files WHERE ((_id='1000015296') AND (volume_name IN ( 'external_primary' )))
10-22 19:37:27.193  5720 15135 D SQLiteQueryBuilder: SELECT _data, owner_package_name, is_pending FROM images WHERE ((_id='1000015296') AND (volume_name IN ( 'external_primary' )))
10-22 19:37:27.193  5720 15135 D MediaProvider: Open with FUSE. FilePath: /storage/emulated/0/Pictures/Screenshots/Screenshot_20251022_193727.jpg. Uid: 1000. Media Capabilities Uid: 0. ShouldRedact: false. ShouldTranscode: false
10-22 19:37:27.196  5720  5892 D WM-SystemJobScheduler: Scheduling work ID ab64d583-8d4a-40ba-8344-81a749a23ef3Job ID 1470
10-22 19:37:27.198  5720 15135 D SQLiteQueryBuilder: SELECT _data, owner_package_name, is_pending FROM images WHERE ((_id='1000015296') AND (volume_name IN ( 'external_primary' )))
10-22 19:37:27.198  5720  5892 D WM-GreedyScheduler: Ignoring {WorkSpec: c1b319df-9471-4b35-b67a-bdf2f87ba422}. Requires device idle.
10-22 19:37:27.198  5720  5892 D WM-GreedyScheduler: Ignoring {WorkSpec: 4c086dad-667c-4079-8821-1d44c9555e6e}. Requires device idle.
10-22 19:37:27.198  5720  5892 D WM-GreedyScheduler: Ignoring {WorkSpec: 0ed31500-ca83-49e4-8809-14ec08701546}. Requires device idle.
10-22 19:37:27.198  5720 15135 D MediaProvider: Open with FUSE. FilePath: /storage/emulated/0/Pictures/Screenshots/Screenshot_20251022_193727.jpg. Uid: 1000. Media Capabilities Uid: 0. ShouldRedact: false. ShouldTranscode: false
10-22 19:37:27.205  5720  5837 V ModernMediaScanner: Visiting /storage/emulated/0/Pictures/Screenshots/Screenshot_20251022_193727.jpg
10-22 19:37:27.205  5720  5837 D SQLiteQueryBuilder: SELECT _id, date_modified, _size, mime_type, media_type, is_pending, _modifier FROM files WHERE ((volume_name IN ( 'external_primary' ))) AND ((_data=?))
10-22 19:37:27.207  5720  5837 D SQLiteQueryBuilder: SELECT _id FROM files WHERE ((_id='1000015296') AND (volume_name IN ( 'external_primary' )))
10-22 19:37:27.207  5720  5837 D SQLiteQueryBuilder: UPDATE files SET instance_id=?,compilation=?,disc_number=?,duration=?,album_artist=?,description=?,resolution=?,orientation=?,artist=?,author=?,inferred_date=?,height=?,is_drm=?,bucket_display_name=?,volume_name=?,date_modified=?,writer=?,date_expires=?,composer=?,_modifier=?,_display_name=?,datetaken=?,mime_type=?,bitrate=?,cd_track_number=?,xmp=?,year=?,_data=?,_size=?,album=?,genre=?,title=?,width=?,is_trashed=?,document_id=?,is_pending=?,capture_framerate=?,_special_format=?,num_tracks=?,original_document_id=?,bucket_id=?,media_type=?,relative_path=?,generation_modified=(SELECT generation FROM local_metadata),_id=ifnull(_GET_ID( '/storage/emulated/0/Pictures/Screenshots/Screenshot_20251022_193727.jpg' ), _id) WHERE ((_id='1000015296') AND (volume_name IN ( 'external_primary' )))
10-22 19:37:27.210  5720  5837 D SQLiteQueryBuilder: SELECT _id FROM audio_playlists WHERE ((((is_pending=0 AND NOT _modifier=4) OR (is_pending=1 AND lower(_data) NOT REGEXP '.*/\.pending-(\d+)-([^/]+)$' AND owner_package_name IN ( 'com.google.android.providers.media.module' )))) AND (is_trashed=0) AND (volume_name IN ( 'external_primary' ))) AND ((generation_modified > 55863))
10-22 19:37:27.210  5720  5837 D SQLiteQueryBuilder: SELECT media_type FROM files WHERE ((_id='1000015296') AND (volume_name IN ( 'external_primary' )))
10-22 19:37:27.213  5720  5837 D SQLiteQueryBuilder: SELECT _data FROM files WHERE ((_id='1000015296') AND (volume_name IN ( 'external_primary' )))
10-22 19:37:27.213  9275  9326 I UriTaskContentObserver: (REDACTED) Throttling content uri change event for %s
10-22 19:37:27.464  9275  9342 I FusedLocation: (REDACTED) location delivery to %s blocked - too close
10-22 19:37:27.465  9275  9342 I FusedLocation: (REDACTED) location delivery to %s blocked - too fast
10-22 19:37:27.465  9275  9342 I FusedLocation: (REDACTED) location delivery to %s blocked - too close
10-22 19:37:27.465  9275  9342 I FusedLocation: (REDACTED) location delivery to %s blocked - too close
10-22 19:37:27.465  9275  9342 I FusedLocation: (REDACTED) location delivery to %s blocked - too fast
10-22 19:37:27.466  9275  9342 I FusedLocation: (REDACTED) location delivery to %s blocked - too fast
10-22 19:37:27.468  9275  9342 I FusedLocation: (REDACTED) location delivery to %s blocked - too fast
10-22 19:37:27.739  5589  6019 I ProtoXDBBufferWrapper: ProtoXDBBufferWrapper.flushToStorage():158 Flushed 7 data item(s) to storage.
10-22 19:37:28.034  9275  9308 I WifiScanner: onFullResults
10-22 19:37:28.035  9275  9672 I WifiScanner: onFullResults
10-22 19:37:28.036  9275  9317 I WifiScanner: onFullResults
10-22 19:37:28.043  9275  9949 I FrewleTileCacheManagerV: (REDACTED) Fetched %d AP models from cache
10-22 19:37:28.061  9275  9342 I FusedLocation: (REDACTED) location delivery to %s blocked - too close
10-22 19:37:28.062  9275  9342 I FusedLocation: (REDACTED) location delivery to %s blocked - too close
10-22 19:37:28.063  9275  9342 I FusedLocation: (REDACTED) location delivery to %s blocked - too close
10-22 19:37:28.063  9275  9342 I FusedLocation: (REDACTED) location delivery to %s blocked - too fast
10-22 19:37:28.063  9275  9342 I FusedLocation: (REDACTED) location delivery to %s blocked - too fast
10-22 19:37:28.063  9275  9342 I FusedLocation: (REDACTED) location delivery to %s blocked - too fast
10-22 19:37:28.064  9275  9342 I FusedLocation: (REDACTED) location delivery to %s blocked - too fast
10-22 19:37:28.066  9275  9342 I fznc    : Received empty WiFi-RTT scan. [CONTEXT service_id=6 ]
10-22 19:37:28.649  5589  5589 I StylusModule: StylusModule.onUpdateToolType():800 Update tool type = 0
