10-19 17:19:27.776  5589  5589 I KeyboardModeUtils: KeyboardModeUtils.getKeyboardBottomOffset():435 inch: 0.000000 ydpi: 387.429993 adjustKeyboardBottomByDisplaySize: false currentDensityDpi: 440 defaultDensityDpi: 440 keyboardBottomToScreenPx: 0 keyboardBottomToNavBarPx: -116 navBarHeight: 116
10-19 17:19:27.776  5589  5589 I KeyboardHeightUtil: KeyboardHeightUtil.calculateMaxKeyboardBodyHeight():50 leave 267 height for app when ime window height:2171, header height:121 and isFullscreenMode:false, so the max keyboard body height is:1783
10-19 17:19:27.777  5589  5589 I KeyboardHeightUtil: KeyboardHeightUtil.calculateMaxKeyboardBodyHeight():50 leave 267 height for app when ime window height:2171, header height:121 and isFullscreenMode:false, so the max keyboard body height is:1783
10-19 17:19:27.777  5589  5589 I AndroidIME: KeyboardViewManager.updateKeyboardBodyViewHolderPaddingBottom():472 Set finalPaddingBottom = 5 while holderPaddingBottom = 5; navigationHeight = 116
10-19 17:19:27.781  5589  5589 W TooltipLifecycleManager: TooltipLifecycleManager.dismissTooltips():153 Tooltip with id SUGGESTION_VIEW_EDU_MINI_DIALOG not found in tooltipManager.
10-19 17:19:27.829  5589  5589 D BLASTBufferQueue: [SurfaceView[InputMethod]#2095](f:0,a:0) destructor()
10-19 17:19:27.829  1870  2929 D BatteryStatsService: noteVideoSurfaceChanged  noteWhich: 49,arg1: -1, arg2: -1, arg3: 5589, arg4: 105641, name: com.google.android.inputmethod.latin
10-19 17:19:27.829  5589  5589 D BufferQueueConsumer: [SurfaceView[InputMethod]#2095(BLAST Consumer)2095](id:15d50000082f,api:0,p:-1,c:5589) disconnect
10-19 17:19:27.842  5589  5589 I KeyboardModeUtils: KeyboardModeUtils.getKeyboardBottomOffset():435 inch: 0.000000 ydpi: 387.429993 adjustKeyboardBottomByDisplaySize: false currentDensityDpi: 440 defaultDensityDpi: 440 keyboardBottomToScreenPx: 0 keyboardBottomToNavBarPx: -116 navBarHeight: 116
10-19 17:19:27.842  5589  5589 I KeyboardHeightUtil: KeyboardHeightUtil.calculateMaxKeyboardBodyHeight():50 leave 267 height for app when ime window height:2171, header height:121 and isFullscreenMode:false, so the max keyboard body height is:1783
10-19 17:19:27.842  5589  5589 I KeyboardHeightUtil: KeyboardHeightUtil.calculateMaxKeyboardBodyHeight():50 leave 267 height for app when ime window height:2171, header height:121 and isFullscreenMode:false, so the max keyboard body height is:1783
10-19 17:19:27.843  5589  5589 I AndroidIME: KeyboardViewManager.updateKeyboardBodyViewHolderPaddingBottom():472 Set finalPaddingBottom = 5 while holderPaddingBottom = 5; navigationHeight = 116
10-19 17:19:27.927  5589  5589 I KeyboardModeUtils: KeyboardModeUtils.getKeyboardBottomOffset():435 inch: 0.000000 ydpi: 387.429993 adjustKeyboardBottomByDisplaySize: false currentDensityDpi: 440 defaultDensityDpi: 440 keyboardBottomToScreenPx: 0 keyboardBottomToNavBarPx: -116 navBarHeight: 116
10-19 17:19:27.927  5589  5589 I KeyboardHeightUtil: KeyboardHeightUtil.calculateMaxKeyboardBodyHeight():50 leave 267 height for app when ime window height:2171, header height:121 and isFullscreenMode:false, so the max keyboard body height is:1783
10-19 17:19:27.928  5589  5589 I KeyboardHeightUtil: KeyboardHeightUtil.calculateMaxKeyboardBodyHeight():50 leave 267 height for app when ime window height:2171, header height:121 and isFullscreenMode:false, so the max keyboard body height is:1783
10-19 17:19:27.928  5589  5589 I AndroidIME: KeyboardViewManager.updateKeyboardBodyViewHolderPaddingBottom():472 Set finalPaddingBottom = 5 while holderPaddingBottom = 5; navigationHeight = 116
10-19 17:19:27.981  3458  3458 V InlineSuggestionRenderService: Releasing inline suggestion view host
10-19 17:19:27.984  3458  3458 D BLASTBufferQueue: [VRI[]#475](f:0,a:4) destructor()
10-19 17:19:27.984  3458  3458 D BufferQueueConsumer: [VRI[]#475(BLAST Consumer)475](id:d82000001db,api:0,p:-1,c:3458) disconnect
10-19 17:19:27.988  3458  3458 V InlineSuggestionRenderService: Removed the inline suggestion from the cache, current size=1
10-19 17:19:27.988  3458  3458 V InlineSuggestionRenderService: Releasing inline suggestion view host
10-19 17:19:27.993  3458  3458 D BLASTBufferQueue: [VRI[]#476](f:0,a:4) destructor()
10-19 17:19:27.993  3458  3458 D BufferQueueConsumer: [VRI[]#476(BLAST Consumer)476](id:d82000001dc,api:0,p:-1,c:3458) disconnect
10-19 17:19:27.997  3458  3458 V InlineSuggestionRenderService: Removed the inline suggestion from the cache, current size=0
10-19 17:19:28.016  5589  5589 W TooltipLifecycleManager: TooltipLifecycleManager.dismissTooltips():153 Tooltip with id SUGGESTION_VIEW_EDU_MINI_DIALOG not found in tooltipManager.
10-19 17:19:28.316  5589  5589 W TooltipLifecycleManager: TooltipLifecycleManager.dismissTooltips():153 Tooltip with id SUGGESTION_VIEW_EDU_MINI_DIALOG not found in tooltipManager.
10-19 17:19:28.456 21163  9206 I Authzen : [DeviceStateSyncManager] The server is in sync with current state. Nothing to do
10-19 17:19:28.541  5589  5589 W TooltipLifecycleManager: TooltipLifecycleManager.dismissTooltips():153 Tooltip with id SUGGESTION_VIEW_EDU_MINI_DIALOG not found in tooltipManager.
10-19 17:19:28.831  5589  5589 W TooltipLifecycleManager: TooltipLifecycleManager.dismissTooltips():153 Tooltip with id SUGGESTION_VIEW_EDU_MINI_DIALOG not found in tooltipManager.
10-19 17:19:28.913 21104 21188 W Settings: Setting airplane_mode_on has moved from android.provider.Settings.System to android.provider.Settings.Global, returning read-only value.
10-19 17:19:28.918 21104  9019 W SystemServiceRegistry: No service published for: wifirtt
10-19 17:19:28.934 21104 22647 I WifiScanner: onFullResults
10-19 17:19:28.935 21104 21332 I WifiScanner: onFullResults
10-19 17:19:28.935 21104 22647 I WifiScanner: onFullResults
10-19 17:19:28.977 21104  8611 I FrewleTileCacheManagerV: (REDACTED) Fetched %d AP models from cache
10-19 17:19:28.997 21104 21184 I FusedLocation: (REDACTED) location delivery to %s blocked - too close
10-19 17:19:28.997 21104 21184 I FusedLocation: (REDACTED) location delivery to %s blocked - too fast
10-19 17:19:28.997 21104 21184 I FusedLocation: (REDACTED) location delivery to %s blocked - too close
10-19 17:19:28.998 21104 21184 I FusedLocation: (REDACTED) location delivery to %s blocked - too close
10-19 17:19:28.998 21104 21184 I FusedLocation: (REDACTED) location delivery to %s blocked - too fast
10-19 17:19:28.998 21104 21184 I FusedLocation: (REDACTED) location delivery to %s blocked - too fast
10-19 17:19:28.999 21104 21184 I fznc    : Received empty WiFi-RTT scan. [CONTEXT service_id=6 ]
10-19 17:19:29.056  5589  5589 W TooltipLifecycleManager: TooltipLifecycleManager.dismissTooltips():153 Tooltip with id SUGGESTION_VIEW_EDU_MINI_DIALOG not found in tooltipManager.
10-19 17:19:29.341  5589  5589 W TooltipLifecycleManager: TooltipLifecycleManager.dismissTooltips():153 Tooltip with id SUGGESTION_VIEW_EDU_MINI_DIALOG not found in tooltipManager.
10-19 17:19:29.559  5589  5589 W TooltipLifecycleManager: TooltipLifecycleManager.dismissTooltips():153 Tooltip with id SUGGESTION_VIEW_EDU_MINI_DIALOG not found in tooltipManager.
10-19 17:19:29.810  5589  5589 W TooltipLifecycleManager: TooltipLifecycleManager.dismissTooltips():153 Tooltip with id SUGGESTION_VIEW_EDU_MINI_DIALOG not found in tooltipManager.
10-19 17:19:29.930  5589  5589 W TooltipLifecycleManager: TooltipLifecycleManager.dismissTooltips():153 Tooltip with id SUGGESTION_VIEW_EDU_MINI_DIALOG not found in tooltipManager.
10-19 17:19:32.349  7096  7120 I native  : I0000 00:00:1760874572.349636    7120 soda_async_impl.cc:1383] Current audio timestamp: 1760874572243863
10-19 17:19:32.367  7096  7126 W ProxyAndroidLoggerBackend: Too many Flogger logs received before configuration. Dropping old logs.
10-19 17:19:32.505 21104 21184 I FusedLocation: (REDACTED) location delivery to %s blocked - too close
10-19 17:19:32.506 21104 21184 I FusedLocation: (REDACTED) location delivery to %s blocked - too fast
10-19 17:19:32.506 21104 21184 I FusedLocation: (REDACTED) location delivery to %s blocked - too close
10-19 17:19:32.508 21104 21184 I FusedLocation: (REDACTED) location delivery to %s blocked - too close
10-19 17:19:32.525 21104  9019 I SemanticLocation: [InfMgr] No location reports after filtering [CONTEXT service_id=173 ]
10-19 17:19:33.939 21104 21188 W Settings: Setting airplane_mode_on has moved from android.provider.Settings.System to android.provider.Settings.Global, returning read-only value.
10-19 17:19:33.947 21104  8610 W SystemServiceRegistry: No service published for: wifirtt
10-19 17:19:34.467 21104 21119 I WifiScanner: onFullResults
10-19 17:19:34.468 21104 21332 I WifiScanner: onFullResults
10-19 17:19:34.468 21104 22647 I WifiScanner: onFullResults
10-19 17:19:34.477 21104  8611 I FrewleTileCacheManagerV: (REDACTED) Fetched %d AP models from cache
10-19 17:19:34.504 21104 21184 I FusedLocation: (REDACTED) location delivery to %s blocked - too close
10-19 17:19:34.505 21104 21184 I FusedLocation: (REDACTED) location delivery to %s blocked - too fast
10-19 17:19:34.505 21104 21184 I FusedLocation: (REDACTED) location delivery to %s blocked - too close
10-19 17:19:34.506 21104 21184 I FusedLocation: (REDACTED) location delivery to %s blocked - too close
10-19 17:19:34.506 21104 21184 I FusedLocation: (REDACTED) location delivery to %s blocked - too fast
10-19 17:19:34.507 21104 21184 I FusedLocation: (REDACTED) location delivery to %s blocked - too fast
10-19 17:19:34.507 21104 21184 I fznc    : Received empty WiFi-RTT scan. [CONTEXT service_id=6 ]
10-19 17:19:34.900  5589  5589 I GoogleInputMethodService: GoogleInputMethodService.onFinishInputView():1571 onFinishInputView(false)
10-19 17:19:34.901  5589  5589 I GlobeKeyExtension: GlobeKeyExtension.onDeactivate():144 
10-19 17:19:34.901  5589  5589 W TooltipLifecycleManager: TooltipLifecycleManager.dismissTooltips():153 Tooltip with id SUGGESTION_VIEW_EDU_MINI_DIALOG not found in tooltipManager.
10-19 17:19:34.901  5589  5589 I VoiceInputManagerWrapper: VoiceInputManagerWrapper.shutdown():131 shutdown()
10-19 17:19:34.901  5589  5589 W TooltipLifecycleManager: TooltipLifecycleManager.dismissTooltips():153 Tooltip with id spell_check_add_to_dictionary not found in tooltipManager.
10-19 17:19:34.902  5589  5589 W TooltipLifecycleManager: TooltipLifecycleManager.dismissTooltips():153 Tooltip with id undo_access_point_promotion_banner not found in tooltipManager.
10-19 17:19:34.905  5589  5589 I GoogleInputMethodService: GoogleInputMethodService.onFinishInput():2085 
10-19 17:19:34.905  5589  5589 I Module  : DeviceLockedStatusModuleProvider$Module.updateDeviceLockedStatus():100 repeatCheckTimes = 0, locked = false
10-19 17:19:34.906  5589  5589 I GoogleInputMethodService: GoogleInputMethodService.onStartInput():1346 onStartInput(EditorInfo{EditorInfo{packageName=com.a1taxi.a1taxicustomer, inputType=0, inputTypeString=NULL, enableLearning=false, autoCorrection=false, autoComplete=false, imeOptions=0, privateImeOptions=null, actionName=UNSPECIFIED, actionLabel=null, initialSelStart=-1, initialSelEnd=-1, initialCapsMode=0, label=null, fieldId=0, fieldName=null, extras=null, hintText=null, hintLocales=[]}}, false)
10-19 17:19:34.907  5589  5589 I Module  : DeviceLockedStatusModuleProvider$Module.updateDeviceLockedStatus():100 repeatCheckTimes = 1, locked = false
10-19 17:19:34.907  5589  5589 I HardKeyTracker: HardKeyTracker.registerKeySequence():170 Register key sequence nfz{labelResId=0, callback=gds@6b580bd, lastModifier=0, keyCodes=[57, 57], actions=[1, 0]}
10-19 17:19:34.907  5589  5589 I HardKeyTracker: HardKeyTracker.registerKeySequence():170 Register key sequence nfz{labelResId=0, callback=gds@c2bf980, lastModifier=0, keyCodes=[58, 58], actions=[1, 0]}
10-19 17:19:34.916  5589  5589 I KeyboardModeUtils: KeyboardModeUtils.getKeyboardBottomOffset():435 inch: 0.000000 ydpi: 387.429993 adjustKeyboardBottomByDisplaySize: false currentDensityDpi: 440 defaultDensityDpi: 440 keyboardBottomToScreenPx: 0 keyboardBottomToNavBarPx: -116 navBarHeight: 116
10-19 17:19:34.916  5589  5589 I KeyboardHeightUtil: KeyboardHeightUtil.calculateMaxKeyboardBodyHeight():50 leave 267 height for app when ime window height:2171, header height:121 and isFullscreenMode:false, so the max keyboard body height is:1783
10-19 17:19:34.916  5589  5589 I KeyboardHeightUtil: KeyboardHeightUtil.calculateMaxKeyboardBodyHeight():50 leave 267 height for app when ime window height:2171, header height:121 and isFullscreenMode:false, so the max keyboard body height is:1783
10-19 17:19:34.917  5589  5589 I AndroidIME: KeyboardViewManager.updateKeyboardBodyViewHolderPaddingBottom():472 Set finalPaddingBottom = 5 while holderPaddingBottom = 5; navigationHeight = 116
10-19 17:19:35.304  5589 15541 I SpellCheckerSession: SpellCheckerSession.onClose():690 com.google.android.keyboard.client.delight5.LanguageIdentifier@79a7da8 is closed
10-19 17:19:35.663  5589  5589 W TooltipLifecycleManager: TooltipLifecycleManager.dismissTooltips():153 Tooltip with id undo_access_point_promotion_banner not found in tooltipManager.
10-19 17:19:35.693  5589  5589 D ViewRootImpl: AppSizeAfterRelayout, size: Point(1080, 2287), rotation: ROTATION_0
10-19 17:19:35.694  5589  5589 D BLASTBufferQueue: [VRI[InputMethod]#2092](f:0,a:4) destructor()
10-19 17:19:35.694  5589  5589 D BufferQueueConsumer: [VRI[InputMethod]#2092(BLAST Consumer)2092](id:15d50000082c,api:0,p:-1,c:5589) disconnect
10-19 17:19:35.876  5589  5589 I GoogleInputMethodService: GoogleInputMethodService.onFinishInput():2085 
10-19 17:19:35.877  5589  5589 I Module  : DeviceLockedStatusModuleProvider$Module.updateDeviceLockedStatus():100 repeatCheckTimes = 0, locked = false
10-19 17:19:35.877  5589  5589 W TooltipLifecycleManager: TooltipLifecycleManager.dismissTooltips():153 Tooltip with id SUGGESTION_VIEW_EDU_MINI_DIALOG not found in tooltipManager.
10-19 17:19:35.878  5589  5589 I GoogleInputMethodService: GoogleInputMethodService.onStartInput():1346 onStartInput(EditorInfo{EditorInfo{packageName=com.a1taxi.a1taxicustomer, inputType=4002, inputTypeString=Number, enableLearning=false, autoCorrection=false, autoComplete=false, imeOptions=6, privateImeOptions=null, actionName=DONE, actionLabel=null, initialSelStart=0, initialSelEnd=0, initialCapsMode=2000, label=null, fieldId=6395, fieldName=null, extras=Bundle[mParcelledData.dataSize=404], hintText=empty, hintLocales=[]}}, false)
10-19 17:19:35.879  5589  5589 I Module  : DeviceLockedStatusModuleProvider$Module.updateDeviceLockedStatus():100 repeatCheckTimes = 1, locked = false
10-19 17:19:35.879  5589  5589 I HardKeyTracker: HardKeyTracker.unregisterKeySequence():221 Unregister key sequence nfz{labelResId=0, callback=gds@6b580bd, lastModifier=0, keyCodes=[57, 57], actions=[1, 0]}
10-19 17:19:35.880  5589  5589 I HardKeyTracker: HardKeyTracker.unregisterKeySequence():221 Unregister key sequence nfz{labelResId=0, callback=gds@c2bf980, lastModifier=0, keyCodes=[58, 58], actions=[1, 0]}
10-19 17:19:35.881  5589  5589 I StylusModule: StylusModule.onUpdateToolType():800 Update tool type = 1
10-19 17:19:35.883  1870  2895 D AutofillSession: createPendingIntent for request 2286
10-19 17:19:35.883  5589  5589 I GoogleInputMethodService: GoogleInputMethodService.onStartInputView():1439 onStartInputView(EditorInfo{EditorInfo{packageName=com.a1taxi.a1taxicustomer, inputType=4002, inputTypeString=Number, enableLearning=false, autoCorrection=false, autoComplete=false, imeOptions=6, privateImeOptions=null, actionName=DONE, actionLabel=null, initialSelStart=0, initialSelEnd=0, initialCapsMode=2000, label=null, fieldId=6395, fieldName=null, extras=Bundle[{android.support.text.emoji.emojiCompat_metadataVersion=11, androidx.core.view.inputmethod.EditorInfoCompat.STYLUS_HANDWRITING_ENABLED=true, android.support.text.emoji.emojiCompat_replaceAll=false}], hintText=empty, hintLocales=[]}}, false)
10-19 17:19:35.884  5589  5589 I KeyboardHeightUtil: KeyboardHeightUtil.getOemKeyboardHeightRatio():108 systemKeyboardHeightRatio:1.000000.
10-19 17:19:35.885  5589  5589 I AndroidIME: InputBundleManager.loadActiveInputBundleId():528 loadActiveInputBundleId: und-Latn-x-number, number
10-19 17:19:35.885  5589  5589 I KeyboardWrapper: KeyboardWrapper.activateKeyboard():581 activateKeyboard(): type=prime, status=INACTIVE, imeDef=mkk{stringId=number, language=und-Latn-x-number, languageTag=und-Latn-x-number, processedConditions={}, className=com.google.android.libraries.inputmethod.ime.DummyIme, label=2132019216, keyEventInterpreter=null, inlineComposing=true, autoCapital=false, announceAutoSelectedCandidate=false, statusIcon=0, indicatorIcon=0, indicatorLabel=null, displayAppCompletions=false, extraValues=mkd{}, processors=mmb@7d3d911, unacceptableMetaKeys=4098, languageSpecificSettings=0, asciiCapable=false, alwaysShowSuggestions=false, useAsciiPasswordKeyboard=false, keyboardGroupDef=mlk@821ce4, phenotypeFlagId=0, localizationLanguageTag=null, supportsInlineSuggestion=false}
10-19 17:19:35.885  5589  5589 I KeyboardManager: KeyboardManager.requestKeyboard():248 Creating keyboard prime, imeId=number, cacheKey=theme,!gsf,!pgsans,!pgsf,!use_system_font,BORDER,FLAVOR_DPI=XXHDPI,GOOGLE_ICONS,KEYBOARD_WIDTH_CATEGORY=NORMAL,KEY_BORDER_SHAPE=1,LIGHT_THEME=false,PHYSICAL_DIAGONAL=5.748144,POPUP,SCREEN_SHORTEST_WIDTH=393,SCREEN_SHORTEST_WIDTH_NO_SCALE=393,XXHDPI,bottom4dp,enable_emoji_kitchen_browse_color_v2=true,enable_google_fonts_icons=true,enable_popup_on_keypress=true,keyboard_redesign_google_sans=true,non_linear_scale,noshadow,overlay_builtin_dynamic_color_dark_base.binarypb:gm3-dark-ff131313-ffffffff-4d9204e36e3ccb6a165e3e3dbe763ce0,roundedchip,silkpopup
10-19 17:19:35.885  5589  5589 I KeyboardWrapper: KeyboardWrapper.onKeyboardReady():224 onKeyboardReady(): type=prime(prime), kb=com.google.android.apps.inputmethod.latin.keyboard.LatinNumberKeyboard@508e2c3
10-19 17:19:35.885  5589  5589 I KeyboardWrapper: KeyboardWrapper.doActivateKeyboard():611 doActivateKeyboard(): prime
10-19 17:19:35.889  5589  5589 I KeyboardViewHelper: KeyboardViewHelper.getView():180 Get view with height ratio:1.000000
10-19 17:19:35.898  5589  5589 I KeyboardHeightUtil: KeyboardHeightUtil.calculateMaxKeyboardBodyHeight():50 leave 267 height for app when ime window height:2171, header height:121 and isFullscreenMode:false, so the max keyboard body height is:1783
10-19 17:19:35.898  5589  5589 I GlobeKeyExtension: GlobeKeyExtension.getKeyboardInitialStates():175 
10-19 17:19:35.898  5589  5589 W Keyboard: Keyboard.getKeyboardViewHelper():609 null helper is returned: keyboardDef=mle{processedConditions={enable_access_points_in_password_number=true, enable_correction_settings_updates=true, layout_9key_split=false, language=en-US, deprecate_long_press_space_for_ime_picker=false, show_suggestion_strip=true, device=phone, expressions=normal}, globalConditions={global_theme_key=theme,!gsf,!pgsans,!pgsf,!use_system_font,BORDER,FLAVOR_DPI=XXHDPI,GOOGLE_ICONS,KEYBOARD_WIDTH_CATEGORY=NORMAL,KEY_BORDER_SHAPE=1,LIGHT_THEME=false,PHYSICAL_DIAGONAL=5.748144,POPUP,SCREEN_SHORTEST_WIDTH=393,SCREEN_SHORTEST_WIDTH_NO_SCALE=393,XXHDPI,bottom4dp,enable_emoji_kitchen_browse_color_v2=true,enable_google_fonts_icons=true,enable_popup_on_keypress=true,keyboard_redesign_google_sans=true,non_linear_scale,noshadow,overlay_builtin_dynamic_color_dark_base.binarypb:gm3-dark-ff131313-ffffffff-4d9204e36e3ccb6a165e3e3dbe763ce0,roundedchip,silkpopup, global_locale=en_US, global_density_dpi=440, global_orientation=1}, className=.latin.keyboard.LatinNumberKeyboard, resourceIds=[#0x7f17086b], initialStates=0, keyboardViewDefs=[mls{direction=LOCALE, id=#0x7f0b0224, isScalable=false, layoutId=#0x7f0e0500, type=HEADER, touchable=true, defaultShow=true}, mls{direction=null, id=#0x7f0b0224, isScalable=true, layoutId=#0x7f0e0556, type=BODY, touchable=true, defaultShow=true}], persistentStates=0, persistentStatesPrefKey=null, popupBubbleLayoutId=#0x7f0e05f1, recentKeyLayoutId=0, recentKeyPopupLayoutId=0, recentKeyType=null, rememberRecentKey=NONE, sessionStates=0}, type=FLOATING_CANDIDATES, helpersCreated=[lxm@e7604a8, lxm@f9b5bc1, null, null], context.getResources().getConfiguration(): {1.0 405mcc869mnc [en_US] ldltr sw393dp w393dp h790dp 440dpi nrml long port night finger -keyb/v/h -nav/h winConfig={ mBounds=Rect(0, 0 - 1080, 2392) mAppBounds=Rect(0, 103 - 1080, 2276) mMaxBounds=Rect(0, 0 - 1080, 2392) mDisplayRotation=ROTATION_0 mWindowingMode=fullscreen mActivityType=undefined mAlwaysOnTop=undefined mRotation=ROTATION_0 isEmbedding:false} s.5420 fontWeightAdjustment=0 themeId=2 themeParameter=0 nightModeLevel = -1 typefaceChanged=0.0 ?spacesystem eaMode=1}
10-19 17:19:35.898  5589  5589 W Keyboard: Keyboard.getKeyboardViewHelper():609 null helper is returned: keyboardDef=mle{processedConditions={enable_access_points_in_password_number=true, enable_correction_settings_updates=true, layout_9key_split=false, language=en-US, deprecate_long_press_space_for_ime_picker=false, show_suggestion_strip=true, device=phone, expressions=normal}, globalConditions={global_theme_key=theme,!gsf,!pgsans,!pgsf,!use_system_font,BORDER,FLAVOR_DPI=XXHDPI,GOOGLE_ICONS,KEYBOARD_WIDTH_CATEGORY=NORMAL,KEY_BORDER_SHAPE=1,LIGHT_THEME=false,PHYSICAL_DIAGONAL=5.748144,POPUP,SCREEN_SHORTEST_WIDTH=393,SCREEN_SHORTEST_WIDTH_NO_SCALE=393,XXHDPI,bottom4dp,enable_emoji_kitchen_browse_color_v2=true,enable_google_fonts_icons=true,enable_popup_on_keypress=true,keyboard_redesign_google_sans=true,non_linear_scale,noshadow,overlay_builtin_dynamic_color_dark_base.binarypb:gm3-dark-ff131313-ffffffff-4d9204e36e3ccb6a165e3e3dbe763ce0,roundedchip,silkpopup, global_locale=en_US, global_density_dpi=440, global_orientation=1}, className=.latin.keyboard.LatinNumberKeyboard, resourceIds=[#0x7f17086b], initialStates=0, keyboardViewDefs=[mls{direction=LOCALE, id=#0x7f0b0224, isScalable=false, layoutId=#0x7f0e0500, type=HEADER, touchable=true, defaultShow=true}, mls{direction=null, id=#0x7f0b0224, isScalable=true, layoutId=#0x7f0e0556, type=BODY, touchable=true, defaultShow=true}], persistentStates=0, persistentStatesPrefKey=null, popupBubbleLayoutId=#0x7f0e05f1, recentKeyLayoutId=0, recentKeyPopupLayoutId=0, recentKeyType=null, rememberRecentKey=NONE, sessionStates=0}, type=WIDGET, helpersCreated=[lxm@e7604a8, lxm@f9b5bc1, null, null], context.getResources().getConfiguration(): {1.0 405mcc869mnc [en_US] ldltr sw393dp w393dp h790dp 440dpi nrml long port night finger -keyb/v/h -nav/h winConfig={ mBounds=Rect(0, 0 - 1080, 2392) mAppBounds=Rect(0, 103 - 1080, 2276) mMaxBounds=Rect(0, 0 - 1080, 2392) mDisplayRotation=ROTATION_0 mWindowingMode=fullscreen mActivityType=undefined mAlwaysOnTop=undefined mRotation=ROTATION_0 isEmbedding:false} s.5420 fontWeightAdjustment=0 themeId=2 themeParameter=0 nightModeLevel = -1 typefaceChanged=0.0 ?spacesystem eaMode=1}
10-19 17:19:35.899  5589  5589 I AndroidIME: InputBundleManager.startInput():358 startInput() with mlo[keyboardType=prime, payload=null]
10-19 17:19:35.899  5589  5589 I GlobeKeyExtension: GlobeKeyExtension.onActivate():120 
10-19 17:19:35.900  5589  5589 I LanguagePromoExtension: LanguagePromoExtension.checkDisplayPreconditions():174 Not show language promo: exceeds the max display times.
10-19 17:19:35.900  5589  5589 I NewLanguagePromptExtension: NewLanguagePromptExtension.onActivate():189 Not activated NewLanguagePromptExtension: not a normal text input box.
10-19 17:19:35.900  5589  5589 I VoiceInputManagerWrapper: VoiceInputManagerWrapper.cancelShutdown():109 cancelShutdown()
10-19 17:19:35.900  5589  5589 I VoiceInputManagerWrapper: VoiceInputManagerWrapper.syncLanguagePacks():121 syncLanguagePacks()
10-19 17:19:35.900  5589  5589 I VoiceInputManager: VoiceInputManager.onKeyboardActivated():1173 onKeyboardActivated() [UD]
10-19 17:19:35.901  5589  5589 I PkModeUpdater: PkModeUpdater.onActivate():74 onActivate false true
10-19 17:19:35.901  5589  5589 I AccessoryInputModeManager: AccessoryInputModeManager.onModeStarted():318 Accessory input mode started: null
10-19 17:19:35.901  5589  5589 W SupplementaryKeyboardsWrapper: SupplementaryKeyboardsWrapper.deactivateKeyboard():161 keyboard accessory_candidates_consumer is not activated before!
10-19 17:19:35.901  5589  6558 I SpeechFactory: SpeechRecognitionFactory.maybeScheduleAutoPackDownloadForFallback():217 maybeScheduleAutoPackDownloadForFallback()
10-19 17:19:35.901  5589  6558 I FallbackOnDeviceRecognitionProvider: FallbackOnDeviceRecognitionProvider.maybeScheduleAutoPackDownload():205 maybeScheduleAutoPackDownload() for language tag en-US
10-19 17:19:35.901  5589  5589 I KeyboardModeUtils: KeyboardModeUtils.getKeyboardBottomOffset():435 inch: 0.000000 ydpi: 387.429993 adjustKeyboardBottomByDisplaySize: false currentDensityDpi: 440 defaultDensityDpi: 440 keyboardBottomToScreenPx: 0 keyboardBottomToNavBarPx: -116 navBarHeight: 116
10-19 17:19:35.901  5589  5589 I KeyboardHeightUtil: KeyboardHeightUtil.calculateMaxKeyboardBodyHeight():50 leave 267 height for app when ime window height:2171, header height:121 and isFullscreenMode:false, so the max keyboard body height is:1783
10-19 17:19:35.901  5589  5589 I KeyboardHeightUtil: KeyboardHeightUtil.calculateMaxKeyboardBodyHeight():50 leave 267 height for app when ime window height:2171, header height:121 and isFullscreenMode:false, so the max keyboard body height is:1783
10-19 17:19:35.901  5589  5589 I AndroidIME: KeyboardViewManager.updateKeyboardBodyViewHolderPaddingBottom():472 Set finalPaddingBottom = 5 while holderPaddingBottom = 5; navigationHeight = 116
10-19 17:19:35.901  5589  5589 I KeyboardHeightUtil: KeyboardHeightUtil.calculateMaxKeyboardBodyHeight():50 leave 267 height for app when ime window height:2171, header height:121 and isFullscreenMode:false, so the max keyboard body height is:1783
10-19 17:19:35.901  5589  5589 I KeyboardHeightUtil: KeyboardHeightUtil.calculateMaxKeyboardBodyHeight():50 leave 267 height for app when ime window height:2171, header height:121 and isFullscreenMode:false, so the max keyboard body height is:1783
10-19 17:19:35.901  5589  5589 W ExtensionWrapper: ExtensionWrapper.setExtensionViewVisibility():811 interface mas is not activate
10-19 17:19:35.902  5589  5589 I Module  : DeviceLockedStatusModuleProvider$Module.updateDeviceLockedStatus():100 repeatCheckTimes = 1, locked = false
10-19 17:19:35.910  5589  5589 D ViewRootImpl: AppSizeAfterRelayout, size: Point(1080, 2287), rotation: ROTATION_0
10-19 17:19:35.911  5589  5589 D BufferQueueConsumer: [](id:15d500000832,api:0,p:-1,c:5589) connect: controlledByApp=false
10-19 17:19:35.911  5589  5589 D BLASTBufferQueue: [VRI[InputMethod]#2098](f:0,a:0) constructor()
10-19 17:19:35.911  5589  5589 D BLASTBufferQueue: [VRI[InputMethod]#2098](f:0,a:0) update width=1080 height=2287 format=-2 mTransformHint=0
10-19 17:19:35.912  5589  5589 I KeyboardModeUtils: KeyboardModeUtils.getKeyboardBottomOffset():435 inch: 0.000000 ydpi: 387.429993 adjustKeyboardBottomByDisplaySize: false currentDensityDpi: 440 defaultDensityDpi: 440 keyboardBottomToScreenPx: 0 keyboardBottomToNavBarPx: -116 navBarHeight: 116
10-19 17:19:35.913  5589  5589 I KeyboardHeightUtil: KeyboardHeightUtil.calculateMaxKeyboardBodyHeight():50 leave 267 height for app when ime window height:2171, header height:121 and isFullscreenMode:false, so the max keyboard body height is:1783
10-19 17:19:35.913  5589  5589 I KeyboardHeightUtil: KeyboardHeightUtil.calculateMaxKeyboardBodyHeight():50 leave 267 height for app when ime window height:2171, header height:121 and isFullscreenMode:false, so the max keyboard body height is:1783
10-19 17:19:35.913  5589  5589 I AndroidIME: KeyboardViewManager.updateKeyboardBodyViewHolderPaddingBottom():472 Set finalPaddingBottom = 5 while holderPaddingBottom = 5; navigationHeight = 116
10-19 17:19:35.913  5589  5589 I WindowMetricsNotification: WindowMetricsNotification.notifyWithWindow():166 
10-19 17:19:35.913  5589  5589 I WindowMetricsNotification: WindowMetricsNotification.notify():159 pfu[bounds=Rect(0, 105 - 1080, 2392), insets=Rect(0, 0 - 0, 116), densityDpi=440, smallestScreenWidthDp=393, displayWidth=1080, displayHeight=2392, xdpi=387.43, ydpi=387.43, isTrustable=true, displayId=0]; DisplayMetrics{density=2.75, width=1080, height=2392, scaledDensity=2.75, xdpi=387.43, ydpi=387.43}
10-19 17:19:35.924 21163 21163 D BoundBrokerSvc: onBind: Intent { act=com.google.android.gms.wallet.service.BIND pkg=com.google.android.gms }
10-19 17:19:35.924 21163 21163 D BoundBrokerSvc: Loading bound service for intent: Intent { act=com.google.android.gms.wallet.service.BIND pkg=com.google.android.gms }
10-19 17:19:35.924 21104  9205 W anqe    : Failed to retrieve prediction data. [CONTEXT service_id=177 ]
10-19 17:19:35.924 21104  9205 W anqe    : java.util.concurrent.ExecutionException: fnpd: No active MDD filegroup android-autofill-infinitedata found for the table autofill-domain-predictions-prod-spanner.
10-19 17:19:35.924 21104  9205 W anqe    : 	at gpkb.j(:com.google.android.gms@254031035@25.40.31 (260400-816341114):21)
10-19 17:19:35.924 21104  9205 W anqe    : 	at gpkk.v(:com.google.android.gms@254031035@25.40.31 (260400-816341114):31)
10-19 17:19:35.924 21104  9205 W anqe    : 	at gpkb.get(:com.google.android.gms@254031035@25.40.31 (260400-816341114):2)
10-19 17:19:35.924 21104  9205 W anqe    : 	at anqe.e(:com.google.android.gms@254031035@25.40.31 (260400-816341114):81)
10-19 17:19:35.924 21104  9205 W anqe    : 	at anqe.a(:com.google.android.gms@254031035@25.40.31 (260400-816341114):124)
10-19 17:19:35.924 21104  9205 W anqe    : 	at anno.call(:com.google.android.gms@254031035@25.40.31 (260400-816341114):5)
10-19 17:19:35.924 21104  9205 W anqe    : 	at java.util.concurrent.FutureTask.run(FutureTask.java:317)
10-19 17:19:35.924 21104  9205 W anqe    : 	at bckr.c(:com.google.android.gms@254031035@25.40.31 (260400-816341114):50)
10-19 17:19:35.924 21104  9205 W anqe    : 	at bckr.run(:com.google.android.gms@254031035@25.40.31 (260400-816341114):73)
10-19 17:19:35.924 21104  9205 W anqe    : 	at java.util.concurrent.ThreadPoolExecutor.runWorker(ThreadPoolExecutor.java:1156)
10-19 17:19:35.924 21104  9205 W anqe    : 	at java.util.concurrent.ThreadPoolExecutor$Worker.run(ThreadPoolExecutor.java:651)
10-19 17:19:35.924 21104  9205 W anqe    : 	at bcqi.run(:com.google.android.gms@254031035@25.40.31 (260400-816341114):8)
10-19 17:19:35.924 21104  9205 W anqe    : 	at java.lang.Thread.run(Thread.java:1119)
10-19 17:19:35.924 21104  9205 W anqe    : Caused by: fnpd: No active MDD filegroup android-autofill-infinitedata found for the table autofill-domain-predictions-prod-spanner.
10-19 17:19:35.924 21104  9205 W anqe    : 	at fnpr.a(:com.google.android.gms@254031035@25.40.31 (260400-816341114):13)
10-19 17:19:35.924 21104  9205 W anqe    : 	at gpjr.d(:com.google.android.gms@254031035@25.40.31 (260400-816341114):3)
10-19 17:19:35.924 21104  9205 W anqe    : 	at gpjt.run(:com.google.android.gms@254031035@25.40.31 (260400-816341114):130)
10-19 17:19:35.924 21104  9205 W anqe    : 	at gpma.execute(:com.google.android.gms@254031035@25.40.31 (260400-816341114):1)
10-19 17:19:35.924 21104  9205 W anqe    : 	at gpkb.f(:com.google.android.gms@254031035@25.40.31 (260400-816341114):1)
10-19 17:19:35.924 21104  9205 W anqe    : 	at gpkb.m(:com.google.android.gms@254031035@25.40.31 (260400-816341114):99)
10-19 17:19:35.924 21104  9205 W anqe    : 	at gpkb.r(:com.google.android.gms@254031035@25.40.31 (260400-816341114):17)
10-19 17:19:35.924 21104  9205 W anqe    : 	at gpko.run(:com.google.android.gms@254031035@25.40.31 (260400-816341114):77)
10-19 17:19:35.924 21104  9205 W anqe    : 	at gpma.execute(:com.google.android.gms@254031035@25.40.31 (260400-816341114):1)
10-19 17:19:35.924 21104  9205 W anqe    : 	at gpkb.f(:com.google.android.gms@254031035@25.40.31 (260400-816341114):1)
10-19 17:19:35.924 21104  9205 W anqe    : 	at gpkb.m(:com.google.android.gms@254031035@25.40.31 (260400-816341114):99)
10-19 17:19:35.924 21104  9205 W anqe    : 	at gpkb.t(:com.google.android.gms@254031035@25.40.31 (260400-816341114):26)
10-19 17:19:35.924 21104  9205 W anqe    : 	at gpjr.e(:com.google.android.gms@254031035@25.40.31 (260400-816341114):3)
10-19 17:19:35.924 21104  9205 W anqe    : 	at gpjt.run(:com.google.android.gms@254031035@25.40.31 (260400-816341114):138)
10-19 17:19:35.924 21104  9205 W anqe    : 	at gpma.execute(:com.google.android.gms@254031035@25.40.31 (260400-816341114):1)
10-19 17:19:35.924 21104  9205 W anqe    : 	at gpkb.f(:com.google.android.gms@254031035@25.40.31 (260400-816341114):1)
10-19 17:19:35.924 21104  9205 W anqe    : 	at gpkb.m(:com.google.android.gms@254031035@25.40.31 (260400-816341114):99)
10-19 17:19:35.924 21104  9205 W anqe    : 	at gpkb.r(:com.google.android.gms@254031035@25.40.31 (260400-816341114):17)
10-19 17:19:35.924 21104  9205 W anqe    : 	at gpko.run(:com.google.android.gms@254031035@25.40.31 (260400-816341114):77)
10-19 17:19:35.924 21104  9205 W anqe    : 	at gpma.execute(:com.google.android.gms@254031035@25.40.31 (260400-816341114):1)
10-19 17:19:35.924 21104  9205 W anqe    : 	at gpkb.f(:com.google.android.gms@254031035@25.40.31 (260400-816341114):1)
10-19 17:19:35.924 21104  9205 W anqe    : 	at gpkb.m(:com.google.android.gms@254031035@25.40.31 (260400-816341114):99)
10-19 17:19:35.924 21104  9205 W anqe    : 	at gpkb.t(:com.google.android.gms@254031035@25.40.31 (260400-816341114):26)
10-19 17:19:35.924 21104  9205 W anqe    : 	at gpmx.run(:com.google.android.gms@254031035@25.40.31 (260400-816341114):5)
10-19 17:19:35.924 21104  9205 W anqe    : 	at gpma.execute(:com.google.android.gms@254031035@25.40.31 (260400-816341114):1)
10-19 17:19:35.924 21104  9205 W anqe    : 	at gpkb.f(:com.google.android.gms@254031035@25.40.31 (260400-816341114):1)
10-19 17:19:35.924 21104  9205 W anqe    : 	at gpkb.m(:com.google.android.gms@254031035@25.40.31 (260400-816341114):99)
10-19 17:19:35.924 21104  9205 W anqe    : 	at gpkb.t(:com.google.android.gms@254031035@25.40.31 (260400-816341114):26)
10-19 17:19:35.924 21104  9205 W anqe    : 	at gpkm.e(:com.google.android.gms@254031035@25.40.31 (260400-816341114):3)
10-19 17:19:35.924 21104  9205 W anqe    : 	at gpko.run(:com.google.android.gms@254031035@25.40.31 (260400-816341114):44)
10-19 17:19:35.924 21104  9205 W anqe    : 	at gpod.run(:com.google.android.gms@254031035@25.40.31 (260400-816341114):64)
10-19 17:19:35.924 21104  9205 W anqe    : 	... 6 more
10-19 17:19:35.924 21104  9205 W anqe    : Caused by: flxc: Requested group not found.
10-19 17:19:35.924 21104  9205 W anqe    : 	at flxa.a(:com.google.android.gms@254031035@25.40.31 (260400-816341114):30)
10-19 17:19:35.924 21104  9205 W anqe    : 	at fmce.a(:com.google.android.gms@254031035@25.40.31 (260400-816341114):19)
10-19 17:19:35.924 21104  9205 W anqe    : 	at ghbr.a(:com.google.android.gms@254031035@25.40.31 (260400-816341114):13)
10-19 17:19:35.924 21104  9205 W anqe    : 	at gpkm.d(:com.google.android.gms@254031035@25.40.31 (260400-816341114):3)
10-19 17:19:35.924 21104  9205 W anqe    : 	at gpko.run(:com.google.android.gms@254031035@25.40.31 (260400-816341114):38)
10-19 17:19:35.924 21104  9205 W anqe    : 	... 7 more
10-19 17:19:35.934  5589  5657 D BLASTBufferQueue: [VRI[InputMethod]#2098](f:0,a:1) acquireNextBufferLocked size=1080x2287 mFrameNumber=1 applyTransaction=true mTimestamp=637946485047408(auto) mPendingTransactions.size=0 graphicBufferId=24004572224453 transform=0
10-19 17:19:35.935  5589  5589 I GoogleInputMethodService: GoogleInputMethodService$1.onKeyboardViewShown():325 onKeyboardViewShown: keyboardType=prime, keyboardViewType=HEADER keyboardView=com.google.android.libraries.inputmethod.widgets.SoftKeyboardView{9a4bdd2 V.E...... ........ 0,0-1080,121}
10-19 17:19:35.935  5589  5589 I KeyboardHeightUtil: KeyboardHeightUtil.calculateMaxKeyboardBodyHeight():50 leave 267 height for app when ime window height:2171, header height:121 and isFullscreenMode:false, so the max keyboard body height is:1783
10-19 17:19:35.935  5589  5589 I StylusModule: StylusModule.onUpdateToolType():800 Update tool type = 1
10-19 17:19:35.936  5589  5589 I GoogleInputMethodService: GoogleInputMethodService$1.onKeyboardViewShown():325 onKeyboardViewShown: keyboardType=prime, keyboardViewType=BODY keyboardView=com.google.android.libraries.inputmethod.widgets.SoftKeyboardView{84bc248 V.E...... ........ 0,0-1080,580}
10-19 17:19:35.936  5589  5589 I KeyboardHeightUtil: KeyboardHeightUtil.calculateMaxKeyboardBodyHeight():50 leave 267 height for app when ime window height:2171, header height:121 and isFullscreenMode:false, so the max keyboard body height is:1783
10-19 17:19:35.936  5589  5589 I GlobeKeyExtension: GlobeKeyExtension$1.onKeyboardViewShown():72 maybeDisableLanguageSwitchKeyPref when the keyboard is shown
10-19 17:19:35.936  5589  5589 I GlobeKeyExtension: GlobeKeyExtension.maybeDisableLanguageSwitchKeyPref():200 maybeDisableLanguageSwitchKeyPref hasGlobeKeyBeenDisabled: false, shouldDisableLanguageSwitchKey: false
10-19 17:19:35.936  5589  5589 I NewLanguagePromptExtension: NewLanguagePromptExtension$1.onKeyboardViewShown():88 Not show new language banner: not prime keyboard, or the extension not activated.
10-19 17:19:35.959 21163  8733 I SyncManager: (REDACTED) Executing sync(type=%s%s)
10-19 17:19:35.963 21163  8733 I SyncManager: (REDACTED) Executing sync(type=%s) finished in %s
10-19 17:19:35.972 21163 21212 I AutofillPreferences: The stored preference is not current autofill service. Clean permission. [CONTEXT service_id=177 ]
10-19 17:19:35.972 21163 21212 I AutofillPreferences: cleanPermission [CONTEXT service_id=177 ]
10-19 17:19:35.974 21163 21163 D BoundBrokerSvc: onBind: Intent { act=com.google.android.gms.auth.api.phone.service.InternalService.START dat=chimera-action:/... cmp=com.google.android.gms/.chimera.GmsInternalApiService }
10-19 17:19:35.974 21163 21163 D BoundBrokerSvc: Loading bound service for intent: Intent { act=com.google.android.gms.auth.api.phone.service.InternalService.START dat=chimera-action:/... cmp=com.google.android.gms/.chimera.GmsInternalApiService }
10-19 17:19:35.992 21163 21212 I AutofillPreferences: The stored preference is not current autofill service. Clean permission. [CONTEXT service_id=177 ]
10-19 17:19:35.992 21163 21212 I AutofillPreferences: cleanPermission [CONTEXT service_id=177 ]
10-19 17:19:36.310  1870  1870 D AutofillSession: Service did not request to wait for delayed fill response.
10-19 17:19:36.323  3458  3458 V InlinePresentationRendererServiceImpl: onRenderSuggestion: width=-2, height=-2
10-19 17:19:36.331  3458  3458 V InlineSuggestionRenderService: width=-2, height=-2, measuredSize=660x121
10-19 17:19:36.361  1870  1976 D AutofillSession: onShown(): 2, 1
10-19 17:19:36.367  5589  5589 I ProactiveSuggestionsHolderManager: ProactiveSuggestionsHolderManager$2.display():195 Requesting to show proactive suggestions: AUTO_FILL PREEMPTIVE_WITH_SUPPRESSION
10-19 17:19:36.367  3458  3458 D ViewRootImpl: AppSizeAfterRelayout, size: Point(660, 121), rotation: ROTATION_0
10-19 17:19:36.369  3458  3458 D BufferQueueConsumer: [](id:d82000001dd,api:0,p:-1,c:3458) connect: controlledByApp=false
10-19 17:19:36.369  3458  3458 D BLASTBufferQueue: [VRI[]#477](f:0,a:0) constructor()
10-19 17:19:36.370  3458  3458 D BLASTBufferQueue: [VRI[]#477](f:0,a:0) update width=660 height=121 format=-2 mTransformHint=0
10-19 17:19:36.376  5589  5589 D BufferQueueConsumer: [](id:15d500000833,api:0,p:-1,c:5589) connect: controlledByApp=false
10-19 17:19:36.376  5589  5589 D BLASTBufferQueue: [SurfaceView[InputMethod]#2099](f:0,a:0) constructor()
10-19 17:19:36.376  5589  5589 D BLASTBufferQueue: [SurfaceView[InputMethod]#2099](f:0,a:0) update width=770 height=121 format=-2 mTransformHint=0
10-19 17:19:36.379  3458 31463 D BLASTBufferQueue: [VRI[]#477](f:0,a:1) acquireNextBufferLocked size=660x121 mFrameNumber=1 applyTransaction=true mTimestamp=637946930664716(auto) mPendingTransactions.size=0 graphicBufferId=14851996912907 transform=0
10-19 17:19:36.380  1870  2891 D BatteryStatsService: noteVideoSurfaceChanged  noteWhich: 49,arg1: 770, arg2: 121, arg3: 5589, arg4: 105641, name: com.google.android.inputmethod.latin
10-19 17:19:36.381  5589  5589 I ProactiveSuggestionsHolderManager: ProactiveSuggestionsHolderManager$Holder.setSuggestionsAndShow():898 succeed to show proactive suggestions AUTO_FILL PREEMPTIVE_WITH_SUPPRESSION
10-19 17:19:36.385  5589  5589 I KeyboardModeUtils: KeyboardModeUtils.getKeyboardBottomOffset():435 inch: 0.000000 ydpi: 387.429993 adjustKeyboardBottomByDisplaySize: false currentDensityDpi: 440 defaultDensityDpi: 440 keyboardBottomToScreenPx: 0 keyboardBottomToNavBarPx: -116 navBarHeight: 116
10-19 17:19:36.385  5589  5589 I KeyboardHeightUtil: KeyboardHeightUtil.calculateMaxKeyboardBodyHeight():50 leave 267 height for app when ime window height:2171, header height:121 and isFullscreenMode:false, so the max keyboard body height is:1783
10-19 17:19:36.385  5589  5589 I KeyboardHeightUtil: KeyboardHeightUtil.calculateMaxKeyboardBodyHeight():50 leave 267 height for app when ime window height:2171, header height:121 and isFullscreenMode:false, so the max keyboard body height is:1783
10-19 17:19:36.385  5589  5589 I AndroidIME: KeyboardViewManager.updateKeyboardBodyViewHolderPaddingBottom():472 Set finalPaddingBottom = 5 while holderPaddingBottom = 5; navigationHeight = 116
10-19 17:19:36.390  5589  5589 D BufferQueueConsumer: [](id:15d500000834,api:0,p:-1,c:5589) connect: controlledByApp=false
10-19 17:19:36.391  5589  5589 D BLASTBufferQueue: [SurfaceView[InputMethod]#2100](f:0,a:0) constructor()
10-19 17:19:36.391  5589  5589 D BLASTBufferQueue: [SurfaceView[InputMethod]#2100](f:0,a:0) update width=660 height=121 format=-2 mTransformHint=0
10-19 17:19:36.395  1870  2891 D BatteryStatsService: noteVideoSurfaceChanged  noteWhich: 49,arg1: 660, arg2: 121, arg3: 5589, arg4: 106167, name: com.google.android.inputmethod.latin
10-19 17:19:36.399  5589  5657 D BLASTBufferQueue: [SurfaceView[InputMethod]#2100](f:0,a:1) acquireNextBufferLocked size=660x121 mFrameNumber=1 applyTransaction=true mTimestamp=637946950263408(auto) mPendingTransactions.size=0 graphicBufferId=24004572224460 transform=0
10-19 17:19:36.401  1870  2891 D BatteryStatsService: noteVideoSurfaceChanged  noteWhich: 49,arg1: 330, arg2: 13, arg3: 5589, arg4: 106167, name: com.google.android.inputmethod.latin
10-19 17:19:36.402  1870  2891 D BatteryStatsService: noteVideoSurfaceChanged  noteWhich: 49,arg1: 770, arg2: 121, arg3: 5589, arg4: 105641, name: com.google.android.inputmethod.latin
10-19 17:19:36.408  1870  2891 D BatteryStatsService: noteVideoSurfaceChanged  noteWhich: 49,arg1: 398, arg2: 35, arg3: 5589, arg4: 106167, name: com.google.android.inputmethod.latin
10-19 17:19:36.414  1870  2891 D BatteryStatsService: noteVideoSurfaceChanged  noteWhich: 49,arg1: 460, arg2: 55, arg3: 5589, arg4: 106167, name: com.google.android.inputmethod.latin
10-19 17:19:36.433  1870  3647 D BatteryStatsService: noteVideoSurfaceChanged  noteWhich: 49,arg1: 514, arg2: 73, arg3: 5589, arg4: 106167, name: com.google.android.inputmethod.latin
10-19 17:19:36.448  1870  3647 D BatteryStatsService: noteVideoSurfaceChanged  noteWhich: 49,arg1: 558, arg2: 87, arg3: 5589, arg4: 106167, name: com.google.android.inputmethod.latin
10-19 17:19:36.465  1870  3647 D BatteryStatsService: noteVideoSurfaceChanged  noteWhich: 49,arg1: 596, arg2: 101, arg3: 5589, arg4: 106167, name: com.google.android.inputmethod.latin
10-19 17:19:36.481  1870  3647 D BatteryStatsService: noteVideoSurfaceChanged  noteWhich: 49,arg1: 624, arg2: 109, arg3: 5589, arg4: 106167, name: com.google.android.inputmethod.latin
10-19 17:19:36.499  1870  2891 D BatteryStatsService: noteVideoSurfaceChanged  noteWhich: 49,arg1: 644, arg2: 117, arg3: 5589, arg4: 106167, name: com.google.android.inputmethod.latin
10-19 17:19:36.516  1870  2891 D BatteryStatsService: noteVideoSurfaceChanged  noteWhich: 49,arg1: 656, arg2: 121, arg3: 5589, arg4: 106167, name: com.google.android.inputmethod.latin
10-19 17:19:36.535  1870  2891 D BatteryStatsService: noteVideoSurfaceChanged  noteWhich: 49,arg1: 660, arg2: 121, arg3: 5589, arg4: 106167, name: com.google.android.inputmethod.latin
10-19 17:19:36.771  5589  5589 W TooltipLifecycleManager: TooltipLifecycleManager.dismissTooltips():153 Tooltip with id SUGGESTION_VIEW_EDU_MINI_DIALOG not found in tooltipManager.
10-19 17:19:36.773  1870  2891 D BatteryStatsService: noteVideoSurfaceChanged  noteWhich: 49,arg1: -1, arg2: -1, arg3: 5589, arg4: 106167, name: com.google.android.inputmethod.latin
10-19 17:19:36.774  5589  5657 E BufferQueueProducer: [SurfaceView[InputMethod]#2100(BLAST Consumer)2100](id:15d500000834,api:0,p:-1,c:5589) disconnect: not connected (req=1)
10-19 17:19:36.774  5589  5657 W libEGL  : EGLNativeWindowType 0xb4000077e01bbd20 disconnect failed
10-19 17:19:36.774  5589  5589 D BLASTBufferQueue: [SurfaceView[InputMethod]#2100](f:0,a:1) destructor()
10-19 17:19:36.774  5589  5589 D BufferQueueConsumer: [SurfaceView[InputMethod]#2100(BLAST Consumer)2100](id:15d500000834,api:0,p:-1,c:5589) disconnect
10-19 17:19:36.776  5589  5589 W TooltipLifecycleManager: TooltipLifecycleManager.dismissTooltips():153 Tooltip with id SUGGESTION_VIEW_EDU_MINI_DIALOG not found in tooltipManager.
10-19 17:19:36.780  5589  5589 I KeyboardModeUtils: KeyboardModeUtils.getKeyboardBottomOffset():435 inch: 0.000000 ydpi: 387.429993 adjustKeyboardBottomByDisplaySize: false currentDensityDpi: 440 defaultDensityDpi: 440 keyboardBottomToScreenPx: 0 keyboardBottomToNavBarPx: -116 navBarHeight: 116
10-19 17:19:36.780  5589  5589 I KeyboardHeightUtil: KeyboardHeightUtil.calculateMaxKeyboardBodyHeight():50 leave 267 height for app when ime window height:2171, header height:121 and isFullscreenMode:false, so the max keyboard body height is:1783
10-19 17:19:36.781  5589  5589 I KeyboardHeightUtil: KeyboardHeightUtil.calculateMaxKeyboardBodyHeight():50 leave 267 height for app when ime window height:2171, header height:121 and isFullscreenMode:false, so the max keyboard body height is:1783
10-19 17:19:36.781  5589  5589 I AndroidIME: KeyboardViewManager.updateKeyboardBodyViewHolderPaddingBottom():472 Set finalPaddingBottom = 5 while holderPaddingBottom = 5; navigationHeight = 116
10-19 17:19:36.784  5589  5589 W TooltipLifecycleManager: TooltipLifecycleManager.dismissTooltips():153 Tooltip with id SUGGESTION_VIEW_EDU_MINI_DIALOG not found in tooltipManager.
10-19 17:19:36.801  5589  5589 I GoogleInputMethodService: GoogleInputMethodService.onFinishInputView():1571 onFinishInputView(true)
10-19 17:19:36.801  5589  5589 I GlobeKeyExtension: GlobeKeyExtension.onDeactivate():144 
10-19 17:19:36.801  5589  5589 W TooltipLifecycleManager: TooltipLifecycleManager.dismissTooltips():153 Tooltip with id SUGGESTION_VIEW_EDU_MINI_DIALOG not found in tooltipManager.
10-19 17:19:36.802  5589  5589 I VoiceInputManagerWrapper: VoiceInputManagerWrapper.shutdown():131 shutdown()
10-19 17:19:36.802  5589  5589 W TooltipLifecycleManager: TooltipLifecycleManager.dismissTooltips():153 Tooltip with id spell_check_add_to_dictionary not found in tooltipManager.
10-19 17:19:36.803  5589  5589 I GoogleInputMethodService: GoogleInputMethodService.onFinishInput():2085 
10-19 17:19:36.804  5589  5589 I Module  : DeviceLockedStatusModuleProvider$Module.updateDeviceLockedStatus():100 repeatCheckTimes = 0, locked = false
10-19 17:19:36.805  5589  5589 I GoogleInputMethodService: GoogleInputMethodService.onStartInput():1346 onStartInput(EditorInfo{EditorInfo{packageName=com.a1taxi.a1taxicustomer, inputType=4002, inputTypeString=Number, enableLearning=false, autoCorrection=false, autoComplete=false, imeOptions=6, privateImeOptions=null, actionName=DONE, actionLabel=null, initialSelStart=0, initialSelEnd=0, initialCapsMode=2000, label=null, fieldId=6397, fieldName=null, extras=Bundle[mParcelledData.dataSize=404], hintText=empty, hintLocales=[]}}, false)
10-19 17:19:36.805  5589  5589 I Module  : DeviceLockedStatusModuleProvider$Module.updateDeviceLockedStatus():100 repeatCheckTimes = 1, locked = false
10-19 17:19:36.806  1870  3354 D AutofillSession: createPendingIntent for request 2288
10-19 17:19:36.806  5589  5589 I GoogleInputMethodService: GoogleInputMethodService.onStartInputView():1439 onStartInputView(EditorInfo{EditorInfo{packageName=com.a1taxi.a1taxicustomer, inputType=4002, inputTypeString=Number, enableLearning=false, autoCorrection=false, autoComplete=false, imeOptions=6, privateImeOptions=null, actionName=DONE, actionLabel=null, initialSelStart=0, initialSelEnd=0, initialCapsMode=2000, label=null, fieldId=6397, fieldName=null, extras=Bundle[{android.support.text.emoji.emojiCompat_metadataVersion=11, androidx.core.view.inputmethod.EditorInfoCompat.STYLUS_HANDWRITING_ENABLED=true, android.support.text.emoji.emojiCompat_replaceAll=false}], hintText=empty, hintLocales=[]}}, false)
10-19 17:19:36.807  5589  5589 I KeyboardHeightUtil: KeyboardHeightUtil.getOemKeyboardHeightRatio():108 systemKeyboardHeightRatio:1.000000.
10-19 17:19:36.807  5589  5589 I AndroidIME: InputBundleManager.loadActiveInputBundleId():528 loadActiveInputBundleId: und-Latn-x-number, number
