--------- beginning of main
10-22 19:36:27.414  9275  9345 W Settings: Setting airplane_mode_on has moved from android.provider.Settings.System to android.provider.Settings.Global, returning read-only value.
10-22 19:36:27.415  9275  9345 W Settings: Setting airplane_mode_on has moved from android.provider.Settings.System to android.provider.Settings.Global, returning read-only value.
10-22 19:36:27.420  9275  7072 W SystemServiceRegistry: No service published for: wifirtt
10-22 19:36:27.474  9275  9342 I FusedLocation: (REDACTED) location delivery to %s blocked - too fast
10-22 19:36:27.474  9275  9342 I FusedLocation: (REDACTED) location delivery to %s blocked - too close
10-22 19:36:27.475  9275  9342 I FusedLocation: (REDACTED) location delivery to %s blocked - too close
10-22 19:36:27.475  9275  9342 I FusedLocation: (REDACTED) location delivery to %s blocked - too fast
10-22 19:36:27.475  9275  9342 I FusedLocation: (REDACTED) location delivery to %s blocked - too fast
10-22 19:36:27.477  9275  9342 I FusedLocation: (REDACTED) location delivery to %s blocked - too fast
10-22 19:36:29.477  9275  9342 I FusedLocation: (REDACTED) location delivery to %s blocked - too fast
10-22 19:36:29.477  9275  9342 I FusedLocation: (REDACTED) location delivery to %s blocked - too close
10-22 19:36:29.478  9275  9342 I FusedLocation: (REDACTED) location delivery to %s blocked - too close
10-22 19:36:29.479  9275  9342 I FusedLocation: (REDACTED) location delivery to %s blocked - too fast
10-22 19:36:29.479  9275  9342 I FusedLocation: (REDACTED) location delivery to %s blocked - too fast
10-22 19:36:29.482  9275  9342 I FusedLocation: (REDACTED) location delivery to %s blocked - too fast
10-22 19:36:30.612  9275  9989 I WifiScanner: onFullResults
10-22 19:36:30.613  9275  9990 I WifiScanner: onFullResults
10-22 19:36:30.613  9275  9989 I WifiScanner: onFullResults
10-22 19:36:30.626  9275  9741 I FrewleTileCacheManagerV: (REDACTED) Fetched %d AP models from cache
10-22 19:36:30.657  9275  9342 I FusedLocation: (REDACTED) location delivery to %s blocked - too close
10-22 19:36:30.658  9275  9342 I FusedLocation: (REDACTED) location delivery to %s blocked - too close
10-22 19:36:30.658  9275  9342 I FusedLocation: (REDACTED) location delivery to %s blocked - too fast
10-22 19:36:30.659  9275  9342 I FusedLocation: (REDACTED) location delivery to %s blocked - too fast
10-22 19:36:30.660  9275  9342 I FusedLocation: (REDACTED) location delivery to %s blocked - too fast
10-22 19:36:30.661  9275  9342 I fznc    : Received empty WiFi-RTT scan. [CONTEXT service_id=6 ]
10-22 19:36:31.490  9275  9342 I FusedLocation: (REDACTED) location delivery to %s blocked - too fast
10-22 19:36:31.491  9275  9342 I FusedLocation: (REDACTED) location delivery to %s blocked - too close
10-22 19:36:31.492  9275  9342 I FusedLocation: (REDACTED) location delivery to %s blocked - too close
10-22 19:36:31.492  9275  9342 I FusedLocation: (REDACTED) location delivery to %s blocked - too fast
10-22 19:36:31.493  9275  9342 I FusedLocation: (REDACTED) location delivery to %s blocked - too fast
10-22 19:36:31.495  9275  9342 I FusedLocation: (REDACTED) location delivery to %s blocked - too fast
10-22 19:36:33.480  9275  9342 I FusedLocation: (REDACTED) location delivery to %s blocked - too fast
10-22 19:36:33.481  9275  9342 I FusedLocation: (REDACTED) location delivery to %s blocked - too close
10-22 19:36:33.482  9275  9342 I FusedLocation: (REDACTED) location delivery to %s blocked - too close
10-22 19:36:33.482  9275  9342 I FusedLocation: (REDACTED) location delivery to %s blocked - too fast
10-22 19:36:33.482  9275  9342 I FusedLocation: (REDACTED) location delivery to %s blocked - too fast
10-22 19:36:33.486  9275  9342 I FusedLocation: (REDACTED) location delivery to %s blocked - too fast
--------- beginning of system
10-22 19:36:34.623  1870  3354 D BatteryStatsService: noteVideoSurfaceChanged  noteWhich: 49,arg1: -1, arg2: -1, arg3: 8523, arg4: 390, name: com.a1taxi.a1taxicustomer
10-22 19:36:35.318  9275  9342 I FusedLocation: (REDACTED) location delivery to %s blocked - too close
10-22 19:36:35.320  9275  9342 I FusedLocation: (REDACTED) location delivery to %s blocked - too close
10-22 19:36:35.321  9275  9342 I FusedLocation: (REDACTED) location delivery to %s blocked - too fast
10-22 19:36:35.321  9275  9342 I FusedLocation: (REDACTED) location delivery to %s blocked - too fast
10-22 19:36:35.325  9275  9342 I FusedLocation: (REDACTED) location delivery to %s blocked - too fast
10-22 19:36:35.478  9275  9342 I FusedLocation: (REDACTED) location delivery to %s blocked - too fast
10-22 19:36:35.478  9275  9342 I FusedLocation: (REDACTED) location delivery to %s blocked - too close
10-22 19:36:35.479  9275  9342 I FusedLocation: (REDACTED) location delivery to %s blocked - too close
10-22 19:36:35.479  9275  9342 I FusedLocation: (REDACTED) location delivery to %s blocked - too fast
10-22 19:36:35.479  9275  9342 I FusedLocation: (REDACTED) location delivery to %s blocked - too fast
10-22 19:36:35.479  9275  9342 I FusedLocation: (REDACTED) location delivery to %s blocked - too fast
10-22 19:36:35.481  9275  9342 I FusedLocation: (REDACTED) location delivery to %s blocked - too fast
10-22 19:36:35.607  9275  9345 W Settings: Setting airplane_mode_on has moved from android.provider.Settings.System to android.provider.Settings.Global, returning read-only value.
10-22 19:36:35.607  9275  9345 W Settings: Setting airplane_mode_on has moved from android.provider.Settings.System to android.provider.Settings.Global, returning read-only value.
10-22 19:36:35.611  9275  7072 W SystemServiceRegistry: No service published for: wifirtt
10-22 19:36:35.910  5589  5589 I GoogleInputMethodService: GoogleInputMethodService.onFinishInput():2085 
10-22 19:36:35.911  5589  5589 I Module  : DeviceLockedStatusModuleProvider$Module.updateDeviceLockedStatus():100 repeatCheckTimes = 0, locked = false
10-22 19:36:35.912  5589  5589 I GoogleInputMethodService: GoogleInputMethodService.onStartInput():1346 onStartInput(EditorInfo{EditorInfo{packageName=com.a1taxi.a1taxicustomer, inputType=0, inputTypeString=NULL, enableLearning=false, autoCorrection=false, autoComplete=false, imeOptions=0, privateImeOptions=null, actionName=UNSPECIFIED, actionLabel=null, initialSelStart=-1, initialSelEnd=-1, initialCapsMode=0, label=null, fieldId=0, fieldName=null, extras=null, hintText=null, hintLocales=[]}}, false)
10-22 19:36:35.914  5589  5589 I Module  : DeviceLockedStatusModuleProvider$Module.updateDeviceLockedStatus():100 repeatCheckTimes = 1, locked = false
10-22 19:36:37.215  5589  5589 I GoogleInputMethodService: GoogleInputMethodService.onFinishInput():2085 
10-22 19:36:37.216  5589  5589 I Module  : DeviceLockedStatusModuleProvider$Module.updateDeviceLockedStatus():100 repeatCheckTimes = 0, locked = false
10-22 19:36:37.217  5589  5589 I GoogleInputMethodService: GoogleInputMethodService.onStartInput():1346 onStartInput(EditorInfo{EditorInfo{packageName=com.a1taxi.a1taxicustomer, inputType=2001, inputTypeString=Normal[CapWords], enableLearning=false, autoCorrection=true, autoComplete=true, imeOptions=8000006, privateImeOptions=null, actionName=DONE, actionLabel=null, initialSelStart=0, initialSelEnd=0, initialCapsMode=2000, label=null, fieldId=1159, fieldName=null, extras=Bundle[mParcelledData.dataSize=404], hintText=non-empty, hintLocales=[]}}, false)
10-22 19:36:37.218  5589  5589 I Module  : DeviceLockedStatusModuleProvider$Module.updateDeviceLockedStatus():100 repeatCheckTimes = 1, locked = false
10-22 19:36:37.221  1870  3343 D AutofillSession: createPendingIntent for request 3734
10-22 19:36:37.222  5589  5589 I StylusModule: StylusModule.onUpdateToolType():800 Update tool type = 1
10-22 19:36:37.224  5589  5589 I GoogleInputMethodService: GoogleInputMethodService.onStartInputView():1439 onStartInputView(EditorInfo{EditorInfo{packageName=com.a1taxi.a1taxicustomer, inputType=2001, inputTypeString=Normal[CapWords], enableLearning=false, autoCorrection=true, autoComplete=true, imeOptions=8000006, privateImeOptions=null, actionName=DONE, actionLabel=null, initialSelStart=0, initialSelEnd=0, initialCapsMode=2000, label=null, fieldId=1159, fieldName=null, extras=Bundle[{android.support.text.emoji.emojiCompat_metadataVersion=11, androidx.core.view.inputmethod.EditorInfoCompat.STYLUS_HANDWRITING_ENABLED=true, android.support.text.emoji.emojiCompat_replaceAll=false}], hintText=non-empty, hintLocales=[]}}, false)
10-22 19:36:37.225  5589  5589 I KeyboardHeightUtil: KeyboardHeightUtil.getOemKeyboardHeightRatio():108 systemKeyboardHeightRatio:1.000000.
10-22 19:36:37.226  5589  5589 I AndroidIME: InputBundleManager.loadActiveInputBundleId():528 loadActiveInputBundleId: en-US, ime_english_united_states
10-22 19:36:37.226  5589  5589 I AndroidIME: AbstractIme.onActivate():96 LatinIme.onActivate() : EditorInfo = EditorInfo{packageName=com.a1taxi.a1taxicustomer, inputType=2001, inputTypeString=Normal[CapWords], enableLearning=false, autoCorrection=true, autoComplete=true, imeOptions=8000006, privateImeOptions=null, actionName=DONE, actionLabel=null, initialSelStart=0, initialSelEnd=0, initialCapsMode=2000, label=null, fieldId=1159, fieldName=null, extras=Bundle[{android.support.text.emoji.emojiCompat_metadataVersion=11, androidx.core.view.inputmethod.EditorInfoCompat.STYLUS_HANDWRITING_ENABLED=true, android.support.text.emoji.emojiCompat_replaceAll=false}], hintText=non-empty, hintLocales=[]}, IncognitoMode = false, DeviceLocked = false
10-22 19:36:37.226  5589  5589 I InputBundle: InputBundle.consumeEvent():1032 Skip consuming an event as keyboard status is INACTIVE
10-22 19:36:37.227  5589  5589 I Delight5Facilitator: Delight5Facilitator.initializeForIme():740 initializeForIme() : Locale = [en_US], layout = qwerty
10-22 19:36:37.227  5589  5589 I LatinIme: LatinIme.updateEnableInlineSuggestionsOnDecoderSideFlags():1247 inline flag updated to:false
10-22 19:36:37.228  5589  5589 I LatinIme: LatinIme.updateEnableInlineSuggestionsOnDecoderSideFlags():1247 inline flag updated to:false
10-22 19:36:37.233  5589  5589 I InputBundle: InputBundle.consumeEvent():1032 Skip consuming an event as keyboard status is INACTIVE
10-22 19:36:37.233  5589  5589 I LatinIme: LatinIme.resetInputContext():2251 resetInputContext(): reason=1, externalEditsInfo=ExternalEditsInfo{action=0, offset=-1, text=null, originalText=null, edits=null}
10-22 19:36:37.233  5589  5589 I InputBundle: InputBundle.consumeEvent():1032 Skip consuming an event as keyboard status is INACTIVE
10-22 19:36:37.234  5589  5589 I KeyboardWrapper: KeyboardWrapper.activateKeyboard():581 activateKeyboard(): type=prime, status=INACTIVE, imeDef=mkk{stringId=ime_english_united_states, language=en-US, languageTag=en-US, processedConditions={writing_helper_enable_by_word_revert=false, true=true, enable_number_row=true, device=phone, enable_pk_simulator=false}, className=com.google.android.apps.inputmethod.libs.latin5.LatinIme, label=0, keyEventInterpreter=null, inlineComposing=true, autoCapital=true, announceAutoSelectedCandidate=true, statusIcon=0, indicatorIcon=0, indicatorLabel=US, displayAppCompletions=true, extraValues=mkd{#0x7f0b02e0=TypedValue{t=0x3/d=0x0 "com.google.android.apps.inputmethod.libs.latin5.LatinIme"}}, processors=mmb@7d3d911, unacceptableMetaKeys=4098, languageSpecificSettings=0, asciiCapable=true, alwaysShowSuggestions=false, useAsciiPasswordKeyboard=false, keyboardGroupDef=mlk@9ed8bf6, phenotypeFlagId=0, localizationLanguageTag=null, supportsInlineSuggestion=true}
10-22 19:36:37.234  5589  5589 I KeyboardManager: KeyboardManager.requestKeyboard():248 Creating keyboard prime, imeId=ime_english_united_states, cacheKey=theme,!gsf,!pgsans,!pgsf,!use_system_font,BORDER,FLAVOR_DPI=XXHDPI,GOOGLE_ICONS,KEYBOARD_WIDTH_CATEGORY=NORMAL,KEY_BORDER_SHAPE=1,LIGHT_THEME=false,PHYSICAL_DIAGONAL=5.748144,POPUP,SCREEN_SHORTEST_WIDTH=393,SCREEN_SHORTEST_WIDTH_NO_SCALE=393,XXHDPI,bottom4dp,enable_emoji_kitchen_browse_color_v2=true,enable_google_fonts_icons=true,enable_popup_on_keypress=true,keyboard_redesign_google_sans=true,non_linear_scale,noshadow,overlay_builtin_dynamic_color_dark_base.binarypb:gm3-dark-ff131313-ffffffff-4d9204e36e3ccb6a165e3e3dbe763ce0,roundedchip,silkpopup
10-22 19:36:37.235  5589  5589 I KeyboardWrapper: KeyboardWrapper.onKeyboardReady():224 onKeyboardReady(): type=prime(prime), kb=com.google.android.apps.inputmethod.latin.keyboard.LatinPrimeKeyboard@10783ff
10-22 19:36:37.235  5589  5589 I KeyboardWrapper: KeyboardWrapper.doActivateKeyboard():611 doActivateKeyboard(): prime
10-22 19:36:37.254  5589  5589 I KeyboardHeightUtil: KeyboardHeightUtil.calculateMaxKeyboardBodyHeight():50 leave 267 height for app when ime window height:2171, header height:121 and isFullscreenMode:false, so the max keyboard body height is:1783
10-22 19:36:37.255  5589  5589 W TooltipLifecycleManager: TooltipLifecycleManager.dismissTooltips():153 Tooltip with id undo_access_point_promotion_banner not found in tooltipManager.
10-22 19:36:37.255  5589  5589 I KeyboardModeUtils: KeyboardModeUtils.getKeyboardBottomOffset():435 inch: 0.000000 ydpi: 387.429993 adjustKeyboardBottomByDisplaySize: false currentDensityDpi: 440 defaultDensityDpi: 440 keyboardBottomToScreenPx: 0 keyboardBottomToNavBarPx: -116 navBarHeight: 116
10-22 19:36:37.255  5589  5589 I KeyboardHeightUtil: KeyboardHeightUtil.calculateMaxKeyboardBodyHeight():50 leave 267 height for app when ime window height:2171, header height:121 and isFullscreenMode:false, so the max keyboard body height is:1783
10-22 19:36:37.255  5589  5589 I KeyboardHeightUtil: KeyboardHeightUtil.calculateMaxKeyboardBodyHeight():50 leave 267 height for app when ime window height:2171, header height:121 and isFullscreenMode:false, so the max keyboard body height is:1783
10-22 19:36:37.255  5589  5589 I AndroidIME: KeyboardViewManager.updateKeyboardBodyViewHolderPaddingBottom():472 Set finalPaddingBottom = 5 while holderPaddingBottom = 5; navigationHeight = 116
10-22 19:36:37.255  5589  5589 I KeyboardHeightUtil: KeyboardHeightUtil.calculateMaxKeyboardBodyHeight():50 leave 267 height for app when ime window height:2171, header height:121 and isFullscreenMode:false, so the max keyboard body height is:1783
10-22 19:36:37.255  5589  5589 I KeyboardHeightUtil: KeyboardHeightUtil.calculateMaxKeyboardBodyHeight():50 leave 267 height for app when ime window height:2171, header height:121 and isFullscreenMode:false, so the max keyboard body height is:1783
10-22 19:36:37.256  5589  5589 I KeyboardModeUtils: KeyboardModeUtils.getKeyboardBottomOffset():435 inch: 0.000000 ydpi: 387.429993 adjustKeyboardBottomByDisplaySize: false currentDensityDpi: 440 defaultDensityDpi: 440 keyboardBottomToScreenPx: 0 keyboardBottomToNavBarPx: -116 navBarHeight: 116
10-22 19:36:37.256  5589  5589 I KeyboardHeightUtil: KeyboardHeightUtil.calculateMaxKeyboardBodyHeight():50 leave 267 height for app when ime window height:2171, header height:121 and isFullscreenMode:false, so the max keyboard body height is:1783
10-22 19:36:37.256  5589  5589 I KeyboardHeightUtil: KeyboardHeightUtil.calculateMaxKeyboardBodyHeight():50 leave 267 height for app when ime window height:2171, header height:121 and isFullscreenMode:false, so the max keyboard body height is:1783
10-22 19:36:37.256  5589  5589 I AndroidIME: KeyboardViewManager.updateKeyboardBodyViewHolderPaddingBottom():472 Set finalPaddingBottom = 5 while holderPaddingBottom = 5; navigationHeight = 116
10-22 19:36:37.256  5589  5589 I KeyboardHeightUtil: KeyboardHeightUtil.calculateMaxKeyboardBodyHeight():50 leave 267 height for app when ime window height:2171, header height:121 and isFullscreenMode:false, so the max keyboard body height is:1783
10-22 19:36:37.256  5589  5589 I KeyboardHeightUtil: KeyboardHeightUtil.calculateMaxKeyboardBodyHeight():50 leave 267 height for app when ime window height:2171, header height:121 and isFullscreenMode:false, so the max keyboard body height is:1783
10-22 19:36:37.256  5589  5589 I GlobeKeyExtension: GlobeKeyExtension.getKeyboardInitialStates():175 
10-22 19:36:37.257  5589  5589 W Keyboard: Keyboard.getKeyboardViewHelper():609 null helper is returned: keyboardDef=mle{processedConditions={show_comma_key=true, enable_more_candidates_view_for_multilingual=false, layout_9key_split=false, enable_secondary_symbols=false, pref_enable_flick_symbols=false, language=en-US, deprecate_long_press_space_for_ime_picker=false, expressions=normal, enable_flick_symbols=true, variant=qwerty, show_period_key=true, enable_number_row=true, device=phone, keyboard_mode=normal, show_secondary_digits=false, enable_preemptive_decode=true, enable_pk_simulator=false, bottom_period_popup_slash=false}, globalConditions={global_theme_key=theme,!gsf,!pgsans,!pgsf,!use_system_font,BORDER,FLAVOR_DPI=XXHDPI,GOOGLE_ICONS,KEYBOARD_WIDTH_CATEGORY=NORMAL,KEY_BORDER_SHAPE=1,LIGHT_THEME=false,PHYSICAL_DIAGONAL=5.748144,POPUP,SCREEN_SHORTEST_WIDTH=393,SCREEN_SHORTEST_WIDTH_NO_SCALE=393,XXHDPI,bottom4dp,enable_emoji_kitchen_browse_color_v2=true,enable_google_fonts_icons=true,enable_popup_on_keypress=true,keyboard_redesign_google_sans=true,non_linear_scale,noshadow,overlay_builtin_dynamic_color_dark_base.binarypb:gm3-dark-ff131313-ffffffff-4d9204e36e3ccb6a165e3e3dbe763ce0,roundedchip,silkpopup, global_locale=en_US, global_density_dpi=440, global_orientation=1}, className=.latin.keyboard.LatinPrimeKeyboard, resourceIds=[#0x7f1705fb, #0x7f17088d], initialStates=0, keyboardViewDefs=[mls{direction=null, id=#0x7f0b0224, isScalable=true, layoutId=#0x7f0e029f, type=BODY, touchable=true, defaultShow=true}, mls{direction=null, id=#0x7f0b0224, isScalable=false, layoutId=#0x7f0e01f9, type=FLOATING_CANDIDATES, touchable=false, defaultShow=false}, mls{direction=LOCALE, id=#0x7f0b0224, isScalable=false, layoutId=#0x7f0e0500, type=HEADER, touchable=true, defaultShow=true}], persistentStates=0, persistentStatesPrefKey=null, popupBubbleLayoutId=#0x7f0e05f1, recentKeyLayoutId=0, recentKeyPopupLayoutId=0, recentKeyType=null, rememberRecentKey=NONE, sessionStates=17592186044419}, type=WIDGET, helpersCreated=[lxm@175887b, lxm@8c2c698, lxm@5010ef1, null], context.getResources().getConfiguration(): {1.0 405mcc869mnc [en_US] ldltr sw393dp w393dp h790dp 440dpi nrml long port night finger -keyb/v/h -nav/h winConfig={ mBounds=Rect(0, 0 - 1080, 2392) mAppBounds=Rect(0, 103 - 1080, 2276) mMaxBounds=Rect(0, 0 - 1080, 2392) mDisplayRotation=ROTATION_0 mWindowingMode=fullscreen mActivityType=undefined mAlwaysOnTop=undefined mRotation=ROTATION_0 isEmbedding:false} s.5420 fontWeightAdjustment=0 themeId=2 themeParameter=0 nightModeLevel = -1 typefaceChanged=0.0 ?spacesystem eaMode=1}
10-22 19:36:37.257  5589  5589 I KeyboardHeightUtil: KeyboardHeightUtil.calculateMaxKeyboardBodyHeight():50 leave 267 height for app when ime window height:2171, header height:121 and isFullscreenMode:false, so the max keyboard body height is:1783
10-22 19:36:37.261  5589  5589 I AndroidIME: InputBundleManager.startInput():358 startInput() with mlo[keyboardType=prime, payload=null]
10-22 19:36:37.262  5589  5589 I GlobeKeyExtension: GlobeKeyExtension.onActivate():120 
10-22 19:36:37.263  5589  5589 I LanguagePromoExtension: LanguagePromoExtension.checkDisplayPreconditions():174 Not show language promo: exceeds the max display times.
10-22 19:36:37.263  5589  5589 I HardKeyTracker: HardKeyTracker.unregisterKeySequence():221 Unregister key sequence nfz{labelResId=2132020497, callback=cgp@bb5815c, lastModifier=2, keyCodes=[56], actions=[0]}
10-22 19:36:37.263  5589  5589 I HardKeyTracker: HardKeyTracker.unregisterKeySequence():221 Unregister key sequence nfz{labelResId=2132020497, callback=cgp@3442deb, lastModifier=0, keyCodes=[317], actions=[0]}
10-22 19:36:37.263  5589  5589 I HardKeyTracker: HardKeyTracker.registerKeySequence():170 Register key sequence nfz{labelResId=2132020497, callback=cgp@98bcab1, lastModifier=2, keyCodes=[56], actions=[0]}
10-22 19:36:37.263  5589  5589 I HardKeyTracker: HardKeyTracker.registerKeySequence():170 Register key sequence nfz{labelResId=2132020497, callback=cgp@8217304, lastModifier=0, keyCodes=[317], actions=[0]}
10-22 19:36:37.263  5589  5589 I VoiceInputManagerWrapper: VoiceInputManagerWrapper.cancelShutdown():109 cancelShutdown()
10-22 19:36:37.263  5589  5589 I VoiceInputManagerWrapper: VoiceInputManagerWrapper.syncLanguagePacks():121 syncLanguagePacks()
10-22 19:36:37.264  5589  5589 I VoiceInputManager: VoiceInputManager.onKeyboardActivated():1173 onKeyboardActivated() [UD]
10-22 19:36:37.264  5589  5589 I PkModeUpdater: PkModeUpdater.onActivate():74 onActivate false true
10-22 19:36:37.264  5589  5589 I AccessoryInputModeManager: AccessoryInputModeManager.onModeStarted():318 Accessory input mode started: null
10-22 19:36:37.264  5589  6558 I SpeechFactory: SpeechRecognitionFactory.maybeScheduleAutoPackDownloadForFallback():217 maybeScheduleAutoPackDownloadForFallback()
10-22 19:36:37.264  5589  5589 W SupplementaryKeyboardsWrapper: SupplementaryKeyboardsWrapper.deactivateKeyboard():161 keyboard accessory_candidates_consumer is not activated before!
10-22 19:36:37.264  5589  6558 I FallbackOnDeviceRecognitionProvider: FallbackOnDeviceRecognitionProvider.maybeScheduleAutoPackDownload():205 maybeScheduleAutoPackDownload() for language tag en-US
10-22 19:36:37.264  5589  5589 I KeyboardModeUtils: KeyboardModeUtils.getKeyboardBottomOffset():435 inch: 0.000000 ydpi: 387.429993 adjustKeyboardBottomByDisplaySize: false currentDensityDpi: 440 defaultDensityDpi: 440 keyboardBottomToScreenPx: 0 keyboardBottomToNavBarPx: -116 navBarHeight: 116
10-22 19:36:37.264  5589  5589 I KeyboardHeightUtil: KeyboardHeightUtil.calculateMaxKeyboardBodyHeight():50 leave 267 height for app when ime window height:2171, header height:121 and isFullscreenMode:false, so the max keyboard body height is:1783
10-22 19:36:37.265  5589  5589 I KeyboardHeightUtil: KeyboardHeightUtil.calculateMaxKeyboardBodyHeight():50 leave 267 height for app when ime window height:2171, header height:121 and isFullscreenMode:false, so the max keyboard body height is:1783
10-22 19:36:37.265  5589  5589 I AndroidIME: KeyboardViewManager.updateKeyboardBodyViewHolderPaddingBottom():472 Set finalPaddingBottom = 5 while holderPaddingBottom = 5; navigationHeight = 116
10-22 19:36:37.265  5589  5589 I KeyboardHeightUtil: KeyboardHeightUtil.calculateMaxKeyboardBodyHeight():50 leave 267 height for app when ime window height:2171, header height:121 and isFullscreenMode:false, so the max keyboard body height is:1783
10-22 19:36:37.265  5589  5589 I KeyboardHeightUtil: KeyboardHeightUtil.calculateMaxKeyboardBodyHeight():50 leave 267 height for app when ime window height:2171, header height:121 and isFullscreenMode:false, so the max keyboard body height is:1783
10-22 19:36:37.265  5589  5589 W ExtensionWrapper: ExtensionWrapper.setExtensionViewVisibility():811 interface mas is not activate
10-22 19:36:37.266  5589  5589 I Module  : DeviceLockedStatusModuleProvider$Module.updateDeviceLockedStatus():100 repeatCheckTimes = 1, locked = false
10-22 19:36:37.266  5589  5589 I HardKeyTracker: HardKeyTracker.unregisterKeySequence():221 Unregister key sequence nfz{labelResId=2132020501, callback=cgp@48c7992, lastModifier=2, keyCodes=[48], actions=[0]}
10-22 19:36:37.266  5589  5589 I HardKeyTracker: HardKeyTracker.registerKeySequence():170 Register key sequence nfz{labelResId=2132020501, callback=cgp@eb91afc, lastModifier=2, keyCodes=[48], actions=[0]}
10-22 19:36:37.266  5589  5589 I HardKeyTracker: HardKeyTracker.unregisterKeySequence():221 Unregister key sequence nfz{labelResId=2132020501, callback=cgp@269ebf, lastModifier=2, keyCodes=[48], actions=[0]}
10-22 19:36:37.266  5589  5589 I HardKeyTracker: HardKeyTracker.registerKeySequence():170 Register key sequence nfz{labelResId=2132020501, callback=cgp@bd8e501, lastModifier=2, keyCodes=[48], actions=[0]}
10-22 19:36:37.267  5589  5589 I HardKeyTracker: HardKeyTracker.unregisterKeySequence():221 Unregister key sequence nfz{labelResId=2132020497, callback=cgp@243a6b7, lastModifier=2, keyCodes=[56], actions=[0]}
10-22 19:36:37.267  5589  5589 I HardKeyTracker: HardKeyTracker.unregisterKeySequence():221 Unregister key sequence nfz{labelResId=2132020497, callback=cgp@6a26b42, lastModifier=0, keyCodes=[317], actions=[0]}
10-22 19:36:37.267  5589  5589 I HardKeyTracker: HardKeyTracker.registerKeySequence():170 Register key sequence nfz{labelResId=2132020497, callback=cgp@46c3339, lastModifier=2, keyCodes=[56], actions=[0]}
10-22 19:36:37.267  5589  5589 I HardKeyTracker: HardKeyTracker.registerKeySequence():170 Register key sequence nfz{labelResId=2132020497, callback=cgp@ff73b2c, lastModifier=0, keyCodes=[317], actions=[0]}
10-22 19:36:37.267  5589  5589 I HardKeyTracker: HardKeyTracker.unregisterKeySequence():221 Unregister key sequence nfz{labelResId=2132020502, callback=cgp@b0ab5af, lastModifier=2, keyCodes=[32], actions=[0]}
10-22 19:36:37.267  5589  5589 I HardKeyTracker: HardKeyTracker.registerKeySequence():170 Register key sequence nfz{labelResId=2132020502, callback=cgp@ee41071, lastModifier=2, keyCodes=[32], actions=[0]}
10-22 19:36:37.269  5589  5589 I HardKeyTracker: HardKeyTracker.unregisterKeySequence():221 Unregister key sequence nfz{labelResId=2132020502, callback=cgp@7e275c0, lastModifier=2, keyCodes=[32], actions=[0]}
10-22 19:36:37.269  5589  5589 I HardKeyTracker: HardKeyTracker.registerKeySequence():170 Register key sequence nfz{labelResId=2132020502, callback=cgp@b40222e, lastModifier=2, keyCodes=[32], actions=[0]}
10-22 19:36:37.269  5589  5589 I VoiceImeExtension: VoiceImeExtension.shouldStartVoiceInputAutomaticallyInCurrentInputBox():378 No private IME option set to start voice input.
10-22 19:36:37.286  5589  5589 D ViewRootImpl: AppSizeAfterRelayout, size: Point(1080, 2287), rotation: ROTATION_0
10-22 19:36:37.286  5589  5589 D BufferQueueConsumer: [](id:15d500000e1e,api:0,p:-1,c:5589) connect: controlledByApp=false
10-22 19:36:37.286  5589  5589 D BLASTBufferQueue: [VRI[InputMethod]#3614](f:0,a:0) constructor()
10-22 19:36:37.287  5589  5589 D BLASTBufferQueue: [VRI[InputMethod]#3614](f:0,a:0) update width=1080 height=2287 format=-2 mTransformHint=0
10-22 19:36:37.288  5589  5589 I KeyboardModeUtils: KeyboardModeUtils.getKeyboardBottomOffset():435 inch: 0.000000 ydpi: 387.429993 adjustKeyboardBottomByDisplaySize: false currentDensityDpi: 440 defaultDensityDpi: 440 keyboardBottomToScreenPx: 0 keyboardBottomToNavBarPx: -116 navBarHeight: 116
10-22 19:36:37.289  5589  5589 I KeyboardHeightUtil: KeyboardHeightUtil.calculateMaxKeyboardBodyHeight():50 leave 267 height for app when ime window height:2171, header height:121 and isFullscreenMode:false, so the max keyboard body height is:1783
10-22 19:36:37.289  5589  5589 I KeyboardHeightUtil: KeyboardHeightUtil.calculateMaxKeyboardBodyHeight():50 leave 267 height for app when ime window height:2171, header height:121 and isFullscreenMode:false, so the max keyboard body height is:1783
10-22 19:36:37.289  5589  5589 I AndroidIME: KeyboardViewManager.updateKeyboardBodyViewHolderPaddingBottom():472 Set finalPaddingBottom = 5 while holderPaddingBottom = 5; navigationHeight = 116
10-22 19:36:37.289  5589  5589 I WindowMetricsNotification: WindowMetricsNotification.notifyWithWindow():166 
10-22 19:36:37.289  5589  5589 I WindowMetricsNotification: WindowMetricsNotification.notify():159 pfu[bounds=Rect(0, 105 - 1080, 2392), insets=Rect(0, 0 - 0, 116), densityDpi=440, smallestScreenWidthDp=393, displayWidth=1080, displayHeight=2392, xdpi=387.43, ydpi=387.43, isTrustable=true, displayId=0]; DisplayMetrics{density=2.75, width=1080, height=2392, scaledDensity=2.75, xdpi=387.43, ydpi=387.43}
10-22 19:36:37.304  5589  5657 D BLASTBufferQueue: [VRI[InputMethod]#3614](f:0,a:1) acquireNextBufferLocked size=1080x2287 mFrameNumber=1 applyTransaction=true mTimestamp=788968090676871(auto) mPendingTransactions.size=0 graphicBufferId=24004572228278 transform=0
10-22 19:36:37.304  9275  8809 W anqe    : Failed to retrieve prediction data. [CONTEXT service_id=177 ]
10-22 19:36:37.304  9275  8809 W anqe    : java.util.concurrent.ExecutionException: fnpd: No active MDD filegroup android-autofill-infinitedata found for the table autofill-domain-predictions-prod-spanner.
10-22 19:36:37.304  9275  8809 W anqe    : 	at gpkb.j(:com.google.android.gms@254031035@25.40.31 (260400-816341114):21)
10-22 19:36:37.304  9275  8809 W anqe    : 	at gpkk.v(:com.google.android.gms@254031035@25.40.31 (260400-816341114):31)
10-22 19:36:37.304  9275  8809 W anqe    : 	at gpkb.get(:com.google.android.gms@254031035@25.40.31 (260400-816341114):2)
10-22 19:36:37.304  9275  8809 W anqe    : 	at anqe.e(:com.google.android.gms@254031035@25.40.31 (260400-816341114):81)
10-22 19:36:37.304  9275  8809 W anqe    : 	at anqe.a(:com.google.android.gms@254031035@25.40.31 (260400-816341114):124)
10-22 19:36:37.304  9275  8809 W anqe    : 	at anno.call(:com.google.android.gms@254031035@25.40.31 (260400-816341114):5)
10-22 19:36:37.304  9275  8809 W anqe    : 	at java.util.concurrent.FutureTask.run(FutureTask.java:317)
10-22 19:36:37.304  9275  8809 W anqe    : 	at bckr.c(:com.google.android.gms@254031035@25.40.31 (260400-816341114):50)
10-22 19:36:37.304  9275  8809 W anqe    : 	at bckr.run(:com.google.android.gms@254031035@25.40.31 (260400-816341114):73)
10-22 19:36:37.304  9275  8809 W anqe    : 	at java.util.concurrent.ThreadPoolExecutor.runWorker(ThreadPoolExecutor.java:1156)
10-22 19:36:37.304  9275  8809 W anqe    : 	at java.util.concurrent.ThreadPoolExecutor$Worker.run(ThreadPoolExecutor.java:651)
10-22 19:36:37.304  9275  8809 W anqe    : 	at bcqi.run(:com.google.android.gms@254031035@25.40.31 (260400-816341114):8)
10-22 19:36:37.304  9275  8809 W anqe    : 	at java.lang.Thread.run(Thread.java:1119)
10-22 19:36:37.304  9275  8809 W anqe    : Caused by: fnpd: No active MDD filegroup android-autofill-infinitedata found for the table autofill-domain-predictions-prod-spanner.
10-22 19:36:37.304  9275  8809 W anqe    : 	at fnpr.a(:com.google.android.gms@254031035@25.40.31 (260400-816341114):13)
10-22 19:36:37.304  9275  8809 W anqe    : 	at gpjr.d(:com.google.android.gms@254031035@25.40.31 (260400-816341114):3)
10-22 19:36:37.304  9275  8809 W anqe    : 	at gpjt.run(:com.google.android.gms@254031035@25.40.31 (260400-816341114):130)
10-22 19:36:37.304  9275  8809 W anqe    : 	at gpma.execute(:com.google.android.gms@254031035@25.40.31 (260400-816341114):1)
10-22 19:36:37.304  9275  8809 W anqe    : 	at gpkb.f(:com.google.android.gms@254031035@25.40.31 (260400-816341114):1)
10-22 19:36:37.304  9275  8809 W anqe    : 	at gpkb.m(:com.google.android.gms@254031035@25.40.31 (260400-816341114):99)
10-22 19:36:37.304  9275  8809 W anqe    : 	at gpkb.r(:com.google.android.gms@254031035@25.40.31 (260400-816341114):17)
10-22 19:36:37.304  9275  8809 W anqe    : 	at gpko.run(:com.google.android.gms@254031035@25.40.31 (260400-816341114):77)
10-22 19:36:37.304  9275  8809 W anqe    : 	at gpma.execute(:com.google.android.gms@254031035@25.40.31 (260400-816341114):1)
10-22 19:36:37.304  9275  8809 W anqe    : 	at gpkb.f(:com.google.android.gms@254031035@25.40.31 (260400-816341114):1)
10-22 19:36:37.304  9275  8809 W anqe    : 	at gpkb.m(:com.google.android.gms@254031035@25.40.31 (260400-816341114):99)
10-22 19:36:37.304  9275  8809 W anqe    : 	at gpkb.t(:com.google.android.gms@254031035@25.40.31 (260400-816341114):26)
10-22 19:36:37.304  9275  8809 W anqe    : 	at gpjr.e(:com.google.android.gms@254031035@25.40.31 (260400-816341114):3)
10-22 19:36:37.304  9275  8809 W anqe    : 	at gpjt.run(:com.google.android.gms@254031035@25.40.31 (260400-816341114):138)
10-22 19:36:37.304  9275  8809 W anqe    : 	at gpma.execute(:com.google.android.gms@254031035@25.40.31 (260400-816341114):1)
10-22 19:36:37.304  9275  8809 W anqe    : 	at gpkb.f(:com.google.android.gms@254031035@25.40.31 (260400-816341114):1)
10-22 19:36:37.304  9275  8809 W anqe    : 	at gpkb.m(:com.google.android.gms@254031035@25.40.31 (260400-816341114):99)
10-22 19:36:37.304  9275  8809 W anqe    : 	at gpkb.r(:com.google.android.gms@254031035@25.40.31 (260400-816341114):17)
10-22 19:36:37.304  9275  8809 W anqe    : 	at gpko.run(:com.google.android.gms@254031035@25.40.31 (260400-816341114):77)
10-22 19:36:37.304  9275  8809 W anqe    : 	at gpma.execute(:com.google.android.gms@254031035@25.40.31 (260400-816341114):1)
10-22 19:36:37.304  9275  8809 W anqe    : 	at gpkb.f(:com.google.android.gms@254031035@25.40.31 (260400-816341114):1)
10-22 19:36:37.304  9275  8809 W anqe    : 	at gpkb.m(:com.google.android.gms@254031035@25.40.31 (260400-816341114):99)
10-22 19:36:37.304  9275  8809 W anqe    : 	at gpkb.t(:com.google.android.gms@254031035@25.40.31 (260400-816341114):26)
10-22 19:36:37.304  9275  8809 W anqe    : 	at gpmx.run(:com.google.android.gms@254031035@25.40.31 (260400-816341114):5)
10-22 19:36:37.304  9275  8809 W anqe    : 	at gpma.execute(:com.google.android.gms@254031035@25.40.31 (260400-816341114):1)
10-22 19:36:37.304  9275  8809 W anqe    : 	at gpkb.f(:com.google.android.gms@254031035@25.40.31 (260400-816341114):1)
10-22 19:36:37.304  9275  8809 W anqe    : 	at gpkb.m(:com.google.android.gms@254031035@25.40.31 (260400-816341114):99)
10-22 19:36:37.304  9275  8809 W anqe    : 	at gpkb.t(:com.google.android.gms@254031035@25.40.31 (260400-816341114):26)
10-22 19:36:37.304  9275  8809 W anqe    : 	at gpkm.e(:com.google.android.gms@254031035@25.40.31 (260400-816341114):3)
10-22 19:36:37.304  9275  8809 W anqe    : 	at gpko.run(:com.google.android.gms@254031035@25.40.31 (260400-816341114):44)
10-22 19:36:37.304  9275  8809 W anqe    : 	at gpod.run(:com.google.android.gms@254031035@25.40.31 (260400-816341114):64)
10-22 19:36:37.304  9275  8809 W anqe    : 	... 6 more
10-22 19:36:37.304  9275  8809 W anqe    : Caused by: flxc: Requested group not found.
10-22 19:36:37.304  9275  8809 W anqe    : 	at flxa.a(:com.google.android.gms@254031035@25.40.31 (260400-816341114):30)
10-22 19:36:37.304  9275  8809 W anqe    : 	at fmce.a(:com.google.android.gms@254031035@25.40.31 (260400-816341114):19)
10-22 19:36:37.305  9275  8809 W anqe    : 	at ghbr.a(:com.google.android.gms@254031035@25.40.31 (260400-816341114):13)
10-22 19:36:37.305  9275  8809 W anqe    : 	at gpkm.d(:com.google.android.gms@254031035@25.40.31 (260400-816341114):3)
10-22 19:36:37.305  9275  8809 W anqe    : 	at gpko.run(:com.google.android.gms@254031035@25.40.31 (260400-816341114):38)
10-22 19:36:37.305  9275  8809 W anqe    : 	... 7 more
10-22 19:36:37.306  9275  9797 I anpf    : (REDACTED) Unsupported field type provided by app=%s
10-22 19:36:37.306  9275  9797 I anpf    : (REDACTED) Unsupported field type provided by app=%s
10-22 19:36:37.306  5589  5589 I StylusModule: StylusModule.onUpdateToolType():800 Update tool type = 1
10-22 19:36:37.309  5589  5589 I GoogleInputMethodService: GoogleInputMethodService$1.onKeyboardViewShown():325 onKeyboardViewShown: keyboardType=prime, keyboardViewType=HEADER keyboardView=com.google.android.libraries.inputmethod.widgets.SoftKeyboardView{606347e V.E...... ........ 0,0-1080,121}
10-22 19:36:37.310  5589  5589 I KeyboardHeightUtil: KeyboardHeightUtil.calculateMaxKeyboardBodyHeight():50 leave 267 height for app when ime window height:2171, header height:121 and isFullscreenMode:false, so the max keyboard body height is:1783
10-22 19:36:37.311  5589  5589 I GoogleInputMethodService: GoogleInputMethodService$1.onKeyboardViewShown():325 onKeyboardViewShown: keyboardType=prime, keyboardViewType=BODY keyboardView=com.google.android.libraries.inputmethod.widgets.SoftKeyboardView{28b28bb V.E...... ........ 0,0-1080,693}
10-22 19:36:37.311  5589  5589 I KeyboardHeightUtil: KeyboardHeightUtil.calculateMaxKeyboardBodyHeight():50 leave 267 height for app when ime window height:2171, header height:121 and isFullscreenMode:false, so the max keyboard body height is:1783
10-22 19:36:37.311  5589  5589 I GlobeKeyExtension: GlobeKeyExtension$1.onKeyboardViewShown():72 maybeDisableLanguageSwitchKeyPref when the keyboard is shown
10-22 19:36:37.312  5589  5589 I GlobeKeyExtension: GlobeKeyExtension.maybeDisableLanguageSwitchKeyPref():200 maybeDisableLanguageSwitchKeyPref hasGlobeKeyBeenDisabled: false, shouldDisableLanguageSwitchKey: false
10-22 19:36:37.312  5589  5589 I NewLanguagePromptExtension: NewLanguagePromptExtension$1.onKeyboardViewShown():98 Not show new language banner: no change in enabled input method entries
10-22 19:36:37.313  5589  5589 I DynamicLayoutHandler: DynamicLayoutHandler.loadDynamicKeys():83 This isn't a dynamic layout.
10-22 19:36:37.313  5589  6030 I Delight5Decoder: Delight5DecoderWrapper.setKeyboardLayout():536 setKeyboardLayout()
10-22 19:36:37.315  5589  5589 I KeyboardModeUtils: KeyboardModeUtils.getKeyboardBottomOffset():435 inch: 0.000000 ydpi: 387.429993 adjustKeyboardBottomByDisplaySize: false currentDensityDpi: 440 defaultDensityDpi: 440 keyboardBottomToScreenPx: 0 keyboardBottomToNavBarPx: -116 navBarHeight: 116
10-22 19:36:37.315  5589  5589 I KeyboardHeightUtil: KeyboardHeightUtil.calculateMaxKeyboardBodyHeight():50 leave 267 height for app when ime window height:2171, header height:121 and isFullscreenMode:false, so the max keyboard body height is:1783
10-22 19:36:37.315  5589  5589 I KeyboardHeightUtil: KeyboardHeightUtil.calculateMaxKeyboardBodyHeight():50 leave 267 height for app when ime window height:2171, header height:121 and isFullscreenMode:false, so the max keyboard body height is:1783
10-22 19:36:37.315  5589  5589 I AndroidIME: KeyboardViewManager.updateKeyboardBodyViewHolderPaddingBottom():472 Set finalPaddingBottom = 5 while holderPaddingBottom = 5; navigationHeight = 116
10-22 19:36:37.343  9275  9943 I PasswordSaveInfoFactory: Form is missing passwords. [CONTEXT service_id=177 ]
10-22 19:36:37.413  1870  1870 D AutofillSession: Service did not request to wait for delayed fill response.
10-22 19:36:37.420  3458  3458 V InlinePresentationRendererServiceImpl: onRenderSuggestion: width=-2, height=-2
10-22 19:36:37.422  3458  3458 V InlineSuggestionRenderService: width=-2, height=-2, measuredSize=496x121
10-22 19:36:37.434  5589  5589 W TooltipLifecycleManager: TooltipLifecycleManager.dismissTooltips():153 Tooltip with id spell_check_add_to_dictionary not found in tooltipManager.
10-22 19:36:37.436  1870  1976 D AutofillSession: onShown(): 2, 1
10-22 19:36:37.438  5589  5589 I ProactiveSuggestionsHolderManager: ProactiveSuggestionsHolderManager$2.display():195 Requesting to show proactive suggestions: AUTO_FILL PREEMPTIVE_WITH_SUPPRESSION
10-22 19:36:37.444  5589  5589 D BufferQueueConsumer: [](id:15d500000e1f,api:0,p:-1,c:5589) connect: controlledByApp=false
10-22 19:36:37.444  5589  5589 D BLASTBufferQueue: [SurfaceView[InputMethod]#3615](f:0,a:0) constructor()
10-22 19:36:37.445  5589  5589 D BLASTBufferQueue: [SurfaceView[InputMethod]#3615](f:0,a:0) update width=770 height=121 format=-2 mTransformHint=0
10-22 19:36:37.449  1870  3261 D BatteryStatsService: noteVideoSurfaceChanged  noteWhich: 49,arg1: 770, arg2: 121, arg3: 5589, arg4: 140568, name: com.google.android.inputmethod.latin
10-22 19:36:37.451  5589  5589 I ProactiveSuggestionsHolderManager: ProactiveSuggestionsHolderManager$Holder.setSuggestionsAndShow():898 succeed to show proactive suggestions AUTO_FILL PREEMPTIVE_WITH_SUPPRESSION
10-22 19:36:37.454  5589  5589 I KeyboardModeUtils: KeyboardModeUtils.getKeyboardBottomOffset():435 inch: 0.000000 ydpi: 387.429993 adjustKeyboardBottomByDisplaySize: false currentDensityDpi: 440 defaultDensityDpi: 440 keyboardBottomToScreenPx: 0 keyboardBottomToNavBarPx: -116 navBarHeight: 116
10-22 19:36:37.454  5589  5589 I KeyboardHeightUtil: KeyboardHeightUtil.calculateMaxKeyboardBodyHeight():50 leave 267 height for app when ime window height:2171, header height:121 and isFullscreenMode:false, so the max keyboard body height is:1783
10-22 19:36:37.454  5589  5589 I KeyboardHeightUtil: KeyboardHeightUtil.calculateMaxKeyboardBodyHeight():50 leave 267 height for app when ime window height:2171, header height:121 and isFullscreenMode:false, so the max keyboard body height is:1783
10-22 19:36:37.454  5589  5589 I AndroidIME: KeyboardViewManager.updateKeyboardBodyViewHolderPaddingBottom():472 Set finalPaddingBottom = 5 while holderPaddingBottom = 5; navigationHeight = 116
10-22 19:36:37.457  3458  3458 D ViewRootImpl: AppSizeAfterRelayout, size: Point(496, 121), rotation: ROTATION_0
10-22 19:36:37.457  3458  3458 D BufferQueueConsumer: [](id:d8200000402,api:0,p:-1,c:3458) connect: controlledByApp=false
10-22 19:36:37.457  3458  3458 D BLASTBufferQueue: [VRI[]#1026](f:0,a:0) constructor()
10-22 19:36:37.457  3458  3458 D BLASTBufferQueue: [VRI[]#1026](f:0,a:0) update width=496 height=121 format=-2 mTransformHint=0
10-22 19:36:37.458  5589  5589 D BufferQueueConsumer: [](id:15d500000e20,api:0,p:-1,c:5589) connect: controlledByApp=false
10-22 19:36:37.458  5589  5589 D BLASTBufferQueue: [SurfaceView[InputMethod]#3616](f:0,a:0) constructor()
10-22 19:36:37.458  5589  5589 D BLASTBufferQueue: [SurfaceView[InputMethod]#3616](f:0,a:0) update width=496 height=121 format=-2 mTransformHint=0
10-22 19:36:37.461  1870  1997 D BatteryStatsService: noteVideoSurfaceChanged  noteWhich: 49,arg1: 496, arg2: 121, arg3: 5589, arg4: 142805, name: com.google.android.inputmethod.latin
10-22 19:36:37.464  9275  9342 I FusedLocation: (REDACTED) location delivery to %s blocked - too fast
10-22 19:36:37.464  3458 31463 D BLASTBufferQueue: [VRI[]#1026](f:0,a:1) acquireNextBufferLocked size=496x121 mFrameNumber=1 applyTransaction=true mTimestamp=788968251629486(auto) mPendingTransactions.size=0 graphicBufferId=14851996916751 transform=0
10-22 19:36:37.465  5589  5657 D BLASTBufferQueue: [SurfaceView[InputMethod]#3616](f:0,a:1) acquireNextBufferLocked size=496x121 mFrameNumber=1 applyTransaction=true mTimestamp=788968252548332(auto) mPendingTransactions.size=0 graphicBufferId=24004572228284 transform=0
10-22 19:36:37.467  9275  9342 I FusedLocation: (REDACTED) location delivery to %s blocked - too close
10-22 19:36:37.467  1870  1997 D BatteryStatsService: noteVideoSurfaceChanged  noteWhich: 49,arg1: 248, arg2: 13, arg3: 5589, arg4: 142805, name: com.google.android.inputmethod.latin
10-22 19:36:37.468  9275  9342 I FusedLocation: (REDACTED) location delivery to %s blocked - too close
10-22 19:36:37.468  9275  9342 I FusedLocation: (REDACTED) location delivery to %s blocked - too fast
10-22 19:36:37.468  1870  1997 D BatteryStatsService: noteVideoSurfaceChanged  noteWhich: 49,arg1: 770, arg2: 121, arg3: 5589, arg4: 140568, name: com.google.android.inputmethod.latin
10-22 19:36:37.471  9275  9342 I FusedLocation: (REDACTED) location delivery to %s blocked - too fast
10-22 19:36:37.473  1870  3261 D BatteryStatsService: noteVideoSurfaceChanged  noteWhich: 49,arg1: 302, arg2: 37, arg3: 5589, arg4: 142805, name: com.google.android.inputmethod.latin
10-22 19:36:37.475  9275  9948 W Conscrypt: Could not set socket write timeout: java.net.SocketException: Socket closed
10-22 19:36:37.475  9275  9948 W Conscrypt: 	at com.google.android.gms.org.conscrypt.Platform.setSocketWriteTimeout(:com.google.android.gms@254031035@25.40.31 (260400-816341114):204)
10-22 19:36:37.475  9275  9948 W Conscrypt: 	at com.google.android.gms.org.conscrypt.ConscryptFileDescriptorSocket.setSoWriteTimeout(:com.google.android.gms@254031035@25.40.31 (260400-816341114):4)
10-22 19:36:37.477  9275  9955 I SemanticLocation: [InfMgr] No location reports after filtering [CONTEXT service_id=173 ]
10-22 19:36:37.481  1870  3776 D BatteryStatsService: noteVideoSurfaceChanged  noteWhich: 49,arg1: 348, arg2: 57, arg3: 5589, arg4: 142805, name: com.google.android.inputmethod.latin
10-22 19:36:37.500  1870  3261 D BatteryStatsService: noteVideoSurfaceChanged  noteWhich: 49,arg1: 386, arg2: 73, arg3: 5589, arg4: 142805, name: com.google.android.inputmethod.latin
10-22 19:36:37.517  1870  3776 D BatteryStatsService: noteVideoSurfaceChanged  noteWhich: 49,arg1: 422, arg2: 89, arg3: 5589, arg4: 142805, name: com.google.android.inputmethod.latin
10-22 19:36:37.533  1870  3354 D BatteryStatsService: noteVideoSurfaceChanged  noteWhich: 49,arg1: 448, arg2: 101, arg3: 5589, arg4: 142805, name: com.google.android.inputmethod.latin
10-22 19:36:37.539  9275  9948 W Conscrypt: Could not set socket write timeout: java.net.SocketException: Socket closed
10-22 19:36:37.539  9275  9948 W Conscrypt: 	at com.google.android.gms.org.conscrypt.Platform.setSocketWriteTimeout(:com.google.android.gms@254031035@25.40.31 (260400-816341114):204)
10-22 19:36:37.539  9275  9948 W Conscrypt: 	at com.google.android.gms.org.conscrypt.ConscryptFileDescriptorSocket.setSoWriteTimeout(:com.google.android.gms@254031035@25.40.31 (260400-816341114):4)
10-22 19:36:37.549  1870  3354 D BatteryStatsService: noteVideoSurfaceChanged  noteWhich: 49,arg1: 470, arg2: 111, arg3: 5589, arg4: 142805, name: com.google.android.inputmethod.latin
10-22 19:36:37.567  1870  3354 D BatteryStatsService: noteVideoSurfaceChanged  noteWhich: 49,arg1: 484, arg2: 117, arg3: 5589, arg4: 142805, name: com.google.android.inputmethod.latin
10-22 19:36:37.584  1870  3354 D BatteryStatsService: noteVideoSurfaceChanged  noteWhich: 49,arg1: 494, arg2: 121, arg3: 5589, arg4: 142805, name: com.google.android.inputmethod.latin
10-22 19:36:37.602  1870  3354 D BatteryStatsService: noteVideoSurfaceChanged  noteWhich: 49,arg1: 496, arg2: 121, arg3: 5589, arg4: 142805, name: com.google.android.inputmethod.latin
10-22 19:36:38.093  5589  5589 W TooltipLifecycleManager: TooltipLifecycleManager.dismissTooltips():153 Tooltip with id SUGGESTION_VIEW_EDU_MINI_DIALOG not found in tooltipManager.
10-22 19:36:38.095  1870  3354 D BatteryStatsService: noteVideoSurfaceChanged  noteWhich: 49,arg1: -1, arg2: -1, arg3: 5589, arg4: 142805, name: com.google.android.inputmethod.latin
10-22 19:36:38.095  5589  5657 E BufferQueueProducer: [SurfaceView[InputMethod]#3616(BLAST Consumer)3616](id:15d500000e20,api:0,p:-1,c:5589) disconnect: not connected (req=1)
10-22 19:36:38.095  5589  5657 W libEGL  : EGLNativeWindowType 0xb4000077e021fe10 disconnect failed
10-22 19:36:38.096  5589  5589 D BLASTBufferQueue: [SurfaceView[InputMethod]#3616](f:0,a:1) destructor()
10-22 19:36:38.096  5589  5589 D BufferQueueConsumer: [SurfaceView[InputMethod]#3616(BLAST Consumer)3616](id:15d500000e20,api:0,p:-1,c:5589) disconnect
10-22 19:36:38.098  5589  5589 W TooltipLifecycleManager: TooltipLifecycleManager.dismissTooltips():153 Tooltip with id SUGGESTION_VIEW_EDU_MINI_DIALOG not found in tooltipManager.
10-22 19:36:38.100  5589  5589 W LatinPrimeKeyboard: LatinPrimeKeyboard.consumeEvent():353 consumeEvent() : UPDATE_DYNAMIC_KEYS, no dynamic layout
10-22 19:36:38.113  5589 25011 I AndroidSpellCheckerService: AndroidSpellCheckerService.createSession():139 com.google.android.keyboard.client.delight5.LanguageIdentifier@d8062d8 is created
10-22 19:36:38.115  5589  5589 I KeyboardModeUtils: KeyboardModeUtils.getKeyboardBottomOffset():435 inch: 0.000000 ydpi: 387.429993 adjustKeyboardBottomByDisplaySize: false currentDensityDpi: 440 defaultDensityDpi: 440 keyboardBottomToScreenPx: 0 keyboardBottomToNavBarPx: -116 navBarHeight: 116
10-22 19:36:38.116  5589  5589 I KeyboardHeightUtil: KeyboardHeightUtil.calculateMaxKeyboardBodyHeight():50 leave 267 height for app when ime window height:2171, header height:121 and isFullscreenMode:false, so the max keyboard body height is:1783
10-22 19:36:38.116  5589  5589 I KeyboardHeightUtil: KeyboardHeightUtil.calculateMaxKeyboardBodyHeight():50 leave 267 height for app when ime window height:2171, header height:121 and isFullscreenMode:false, so the max keyboard body height is:1783
10-22 19:36:38.116  5589  5589 I AndroidIME: KeyboardViewManager.updateKeyboardBodyViewHolderPaddingBottom():472 Set finalPaddingBottom = 5 while holderPaddingBottom = 5; navigationHeight = 116
10-22 19:36:38.123  5589  5589 W TooltipLifecycleManager: TooltipLifecycleManager.dismissTooltips():153 Tooltip with id SUGGESTION_VIEW_EDU_MINI_DIALOG not found in tooltipManager.
10-22 19:36:38.147  5589  5589 I KeyboardModeUtils: KeyboardModeUtils.getKeyboardBottomOffset():435 inch: 0.000000 ydpi: 387.429993 adjustKeyboardBottomByDisplaySize: false currentDensityDpi: 440 defaultDensityDpi: 440 keyboardBottomToScreenPx: 0 keyboardBottomToNavBarPx: -116 navBarHeight: 116
10-22 19:36:38.147  5589  5589 I KeyboardHeightUtil: KeyboardHeightUtil.calculateMaxKeyboardBodyHeight():50 leave 267 height for app when ime window height:2171, header height:121 and isFullscreenMode:false, so the max keyboard body height is:1783
10-22 19:36:38.147  5589  5589 I KeyboardHeightUtil: KeyboardHeightUtil.calculateMaxKeyboardBodyHeight():50 leave 267 height for app when ime window height:2171, header height:121 and isFullscreenMode:false, so the max keyboard body height is:1783
10-22 19:36:38.147  5589  5589 I AndroidIME: KeyboardViewManager.updateKeyboardBodyViewHolderPaddingBottom():472 Set finalPaddingBottom = 5 while holderPaddingBottom = 5; navigationHeight = 116
10-22 19:36:38.169  1870  3261 D BatteryStatsService: noteVideoSurfaceChanged  noteWhich: 49,arg1: -1, arg2: -1, arg3: 5589, arg4: 140568, name: com.google.android.inputmethod.latin
10-22 19:36:38.169  5589  5589 D BLASTBufferQueue: [SurfaceView[InputMethod]#3615](f:0,a:0) destructor()
10-22 19:36:38.169  5589  5589 D BufferQueueConsumer: [SurfaceView[InputMethod]#3615(BLAST Consumer)3615](id:15d500000e1f,api:0,p:-1,c:5589) disconnect
10-22 19:36:38.181  5589  5589 I KeyboardModeUtils: KeyboardModeUtils.getKeyboardBottomOffset():435 inch: 0.000000 ydpi: 387.429993 adjustKeyboardBottomByDisplaySize: false currentDensityDpi: 440 defaultDensityDpi: 440 keyboardBottomToScreenPx: 0 keyboardBottomToNavBarPx: -116 navBarHeight: 116
