10-22 23:39:52.643  9275 19056 W anqe    : 	at fnpr.a(:com.google.android.gms@254031035@25.40.31 (260400-816341114):13)
10-22 23:39:52.643  9275 19056 W anqe    : 	at gpjr.d(:com.google.android.gms@254031035@25.40.31 (260400-816341114):3)
10-22 23:39:52.643  9275 19056 W anqe    : 	at gpjt.run(:com.google.android.gms@254031035@25.40.31 (260400-816341114):130)
10-22 23:39:52.643  9275 19056 W anqe    : 	at gpma.execute(:com.google.android.gms@254031035@25.40.31 (260400-816341114):1)
10-22 23:39:52.643  9275 19056 W anqe    : 	at gpkb.f(:com.google.android.gms@254031035@25.40.31 (260400-816341114):1)
10-22 23:39:52.643  9275 19056 W anqe    : 	at gpkb.m(:com.google.android.gms@254031035@25.40.31 (260400-816341114):99)
10-22 23:39:52.643  9275 19056 W anqe    : 	at gpkb.r(:com.google.android.gms@254031035@25.40.31 (260400-816341114):17)
10-22 23:39:52.643  9275 19056 W anqe    : 	at gpko.run(:com.google.android.gms@254031035@25.40.31 (260400-816341114):77)
10-22 23:39:52.643  9275 19056 W anqe    : 	at gpma.execute(:com.google.android.gms@254031035@25.40.31 (260400-816341114):1)
10-22 23:39:52.643  9275 19056 W anqe    : 	at gpkb.f(:com.google.android.gms@254031035@25.40.31 (260400-816341114):1)
10-22 23:39:52.643  9275 19056 W anqe    : 	at gpkb.m(:com.google.android.gms@254031035@25.40.31 (260400-816341114):99)
10-22 23:39:52.643  9275 19056 W anqe    : 	at gpkb.t(:com.google.android.gms@254031035@25.40.31 (260400-816341114):26)
10-22 23:39:52.643  9275 19056 W anqe    : 	at gpjr.e(:com.google.android.gms@254031035@25.40.31 (260400-816341114):3)
10-22 23:39:52.643  9275 19056 W anqe    : 	at gpjt.run(:com.google.android.gms@254031035@25.40.31 (260400-816341114):138)
10-22 23:39:52.643  9275 19056 W anqe    : 	at gpma.execute(:com.google.android.gms@254031035@25.40.31 (260400-816341114):1)
10-22 23:39:52.643  9275 19056 W anqe    : 	at gpkb.f(:com.google.android.gms@254031035@25.40.31 (260400-816341114):1)
10-22 23:39:52.643  9275 19056 W anqe    : 	at gpkb.m(:com.google.android.gms@254031035@25.40.31 (260400-816341114):99)
10-22 23:39:52.643  9275 19056 W anqe    : 	at gpkb.r(:com.google.android.gms@254031035@25.40.31 (260400-816341114):17)
10-22 23:39:52.643  9275 19056 W anqe    : 	at gpko.run(:com.google.android.gms@254031035@25.40.31 (260400-816341114):77)
10-22 23:39:52.643  9275 19056 W anqe    : 	at gpma.execute(:com.google.android.gms@254031035@25.40.31 (260400-816341114):1)
10-22 23:39:52.643  9275 19056 W anqe    : 	at gpkb.f(:com.google.android.gms@254031035@25.40.31 (260400-816341114):1)
10-22 23:39:52.643  9275 19056 W anqe    : 	at gpkb.m(:com.google.android.gms@254031035@25.40.31 (260400-816341114):99)
10-22 23:39:52.643  9275 19056 W anqe    : 	at gpkb.t(:com.google.android.gms@254031035@25.40.31 (260400-816341114):26)
10-22 23:39:52.643  9275 19056 W anqe    : 	at gpmx.run(:com.google.android.gms@254031035@25.40.31 (260400-816341114):5)
10-22 23:39:52.643  9275 19056 W anqe    : 	at gpma.execute(:com.google.android.gms@254031035@25.40.31 (260400-816341114):1)
10-22 23:39:52.643  9275 19056 W anqe    : 	at gpkb.f(:com.google.android.gms@254031035@25.40.31 (260400-816341114):1)
10-22 23:39:52.643  9275 19056 W anqe    : 	at gpkb.m(:com.google.android.gms@254031035@25.40.31 (260400-816341114):99)
10-22 23:39:52.643  9275 19056 W anqe    : 	at gpkb.t(:com.google.android.gms@254031035@25.40.31 (260400-816341114):26)
10-22 23:39:52.643  9275 19056 W anqe    : 	at gpkm.e(:com.google.android.gms@254031035@25.40.31 (260400-816341114):3)
10-22 23:39:52.643  9275 19056 W anqe    : 	at gpko.run(:com.google.android.gms@254031035@25.40.31 (260400-816341114):44)
10-22 23:39:52.643  9275 19056 W anqe    : 	at gpod.run(:com.google.android.gms@254031035@25.40.31 (260400-816341114):64)
10-22 23:39:52.643  9275 19056 W anqe    : 	... 6 more
10-22 23:39:52.643  9275 19056 W anqe    : Caused by: flxc: Requested group not found.
10-22 23:39:52.643  9275 19056 W anqe    : 	at flxa.a(:com.google.android.gms@254031035@25.40.31 (260400-816341114):30)
10-22 23:39:52.643  9275 19056 W anqe    : 	at fmce.a(:com.google.android.gms@254031035@25.40.31 (260400-816341114):19)
10-22 23:39:52.643  9275 19056 W anqe    : 	at ghbr.a(:com.google.android.gms@254031035@25.40.31 (260400-816341114):13)
10-22 23:39:52.643  9275 19056 W anqe    : 	at gpkm.d(:com.google.android.gms@254031035@25.40.31 (260400-816341114):3)
10-22 23:39:52.643  9275 19056 W anqe    : 	at gpko.run(:com.google.android.gms@254031035@25.40.31 (260400-816341114):38)
10-22 23:39:52.643  9275 19056 W anqe    : 	... 7 more
10-22 23:39:52.643  5589  5589 D BufferQueueConsumer: [](id:15d500000eba,api:0,p:-1,c:5589) connect: controlledByApp=false
10-22 23:39:52.643  5589  5589 D BLASTBufferQueue: [VRI[InputMethod]#3770](f:0,a:0) constructor()
10-22 23:39:52.643  9275 19402 I anpf    : (REDACTED) Unsupported field type provided by app=%s
10-22 23:39:52.643  5589  5589 D BLASTBufferQueue: [VRI[InputMethod]#3770](f:0,a:0) update width=1080 height=2287 format=-2 mTransformHint=0
10-22 23:39:52.643  9275 19402 I anpf    : (REDACTED) Unsupported field type provided by app=%s
10-22 23:39:52.646  5589  5589 I KeyboardModeUtils: KeyboardModeUtils.getKeyboardBottomOffset():435 inch: 0.000000 ydpi: 387.429993 adjustKeyboardBottomByDisplaySize: false currentDensityDpi: 440 defaultDensityDpi: 440 keyboardBottomToScreenPx: 0 keyboardBottomToNavBarPx: -116 navBarHeight: 116
10-22 23:39:52.647  5589  5589 I KeyboardHeightUtil: KeyboardHeightUtil.calculateMaxKeyboardBodyHeight():50 leave 267 height for app when ime window height:2171, header height:121 and isFullscreenMode:false, so the max keyboard body height is:1783
10-22 23:39:52.647  5589  5589 I KeyboardHeightUtil: KeyboardHeightUtil.calculateMaxKeyboardBodyHeight():50 leave 267 height for app when ime window height:2171, header height:121 and isFullscreenMode:false, so the max keyboard body height is:1783
10-22 23:39:52.647  5589  5589 I AndroidIME: KeyboardViewManager.updateKeyboardBodyViewHolderPaddingBottom():472 Set finalPaddingBottom = 5 while holderPaddingBottom = 5; navigationHeight = 116
10-22 23:39:52.647  5589  5589 I WindowMetricsNotification: WindowMetricsNotification.notifyWithWindow():166 
10-22 23:39:52.647  5589  5589 I WindowMetricsNotification: WindowMetricsNotification.notify():159 pfu[bounds=Rect(0, 105 - 1080, 2392), insets=Rect(0, 0 - 0, 116), densityDpi=440, smallestScreenWidthDp=393, displayWidth=1080, displayHeight=2392, xdpi=387.43, ydpi=387.43, isTrustable=true, displayId=0]; DisplayMetrics{density=2.75, width=1080, height=2392, scaledDensity=2.75, xdpi=387.43, ydpi=387.43}
10-22 23:39:52.660  9275 19751 I PasswordSaveInfoFactory: Form is missing passwords. [CONTEXT service_id=177 ]
10-22 23:39:52.666  5589  5657 D BLASTBufferQueue: [VRI[InputMethod]#3770](f:0,a:1) acquireNextBufferLocked size=1080x2287 mFrameNumber=1 applyTransaction=true mTimestamp=801451238482307(auto) mPendingTransactions.size=0 graphicBufferId=24004572228731 transform=0
10-22 23:39:52.669  5589  5589 I GoogleInputMethodService: GoogleInputMethodService$1.onKeyboardViewShown():325 onKeyboardViewShown: keyboardType=prime, keyboardViewType=HEADER keyboardView=com.google.android.libraries.inputmethod.widgets.SoftKeyboardView{93062a2 V.E...... ........ 0,0-1080,121}
10-22 23:39:52.670  5589  5589 I KeyboardHeightUtil: KeyboardHeightUtil.calculateMaxKeyboardBodyHeight():50 leave 267 height for app when ime window height:2171, header height:121 and isFullscreenMode:false, so the max keyboard body height is:1783
10-22 23:39:52.670  5589  5589 I GoogleInputMethodService: GoogleInputMethodService$1.onKeyboardViewShown():325 onKeyboardViewShown: keyboardType=prime, keyboardViewType=BODY keyboardView=com.google.android.libraries.inputmethod.widgets.SoftKeyboardView{c071174 V.E...... ........ 0,0-1080,693}
10-22 23:39:52.670  5589  5589 I KeyboardHeightUtil: KeyboardHeightUtil.calculateMaxKeyboardBodyHeight():50 leave 267 height for app when ime window height:2171, header height:121 and isFullscreenMode:false, so the max keyboard body height is:1783
10-22 23:39:52.671  5589  5589 I GlobeKeyExtension: GlobeKeyExtension$1.onKeyboardViewShown():72 maybeDisableLanguageSwitchKeyPref when the keyboard is shown
10-22 23:39:52.671  5589  5589 I GlobeKeyExtension: GlobeKeyExtension.maybeDisableLanguageSwitchKeyPref():200 maybeDisableLanguageSwitchKeyPref hasGlobeKeyBeenDisabled: false, shouldDisableLanguageSwitchKey: false
10-22 23:39:52.671  5589  5589 I NewLanguagePromptExtension: NewLanguagePromptExtension$1.onKeyboardViewShown():98 Not show new language banner: no change in enabled input method entries
10-22 23:39:52.671  5589  5589 I DynamicLayoutHandler: DynamicLayoutHandler.loadDynamicKeys():83 This isn't a dynamic layout.
10-22 23:39:52.672  5589  5589 I StylusModule: StylusModule.onUpdateToolType():800 Update tool type = 1
10-22 23:39:52.673  5589  6030 I Delight5Decoder: Delight5DecoderWrapper.setKeyboardLayout():536 setKeyboardLayout()
10-22 23:39:52.673  5589  5589 I KeyboardModeUtils: KeyboardModeUtils.getKeyboardBottomOffset():435 inch: 0.000000 ydpi: 387.429993 adjustKeyboardBottomByDisplaySize: false currentDensityDpi: 440 defaultDensityDpi: 440 keyboardBottomToScreenPx: 0 keyboardBottomToNavBarPx: -116 navBarHeight: 116
10-22 23:39:52.673  5589  5589 I KeyboardHeightUtil: KeyboardHeightUtil.calculateMaxKeyboardBodyHeight():50 leave 267 height for app when ime window height:2171, header height:121 and isFullscreenMode:false, so the max keyboard body height is:1783
10-22 23:39:52.673  5589  5589 I KeyboardHeightUtil: KeyboardHeightUtil.calculateMaxKeyboardBodyHeight():50 leave 267 height for app when ime window height:2171, header height:121 and isFullscreenMode:false, so the max keyboard body height is:1783
10-22 23:39:52.674  5589  5589 I AndroidIME: KeyboardViewManager.updateKeyboardBodyViewHolderPaddingBottom():472 Set finalPaddingBottom = 5 while holderPaddingBottom = 5; navigationHeight = 116
10-22 23:39:52.725  1870  1870 D AutofillSession: Service did not request to wait for delayed fill response.
10-22 23:39:52.765  3458  3458 V InlinePresentationRendererServiceImpl: onRenderSuggestion: width=-2, height=-2
10-22 23:39:52.770  3458  3458 V InlineSuggestionRenderService: width=-2, height=-2, measuredSize=496x121
10-22 23:39:52.779  9275 19547 W Conscrypt: Could not set socket write timeout: java.net.SocketException: Socket closed
10-22 23:39:52.779  9275 19547 W Conscrypt: 	at com.google.android.gms.org.conscrypt.Platform.setSocketWriteTimeout(:com.google.android.gms@254031035@25.40.31 (260400-816341114):204)
10-22 23:39:52.779  9275 19547 W Conscrypt: 	at com.google.android.gms.org.conscrypt.ConscryptFileDescriptorSocket.setSoWriteTimeout(:com.google.android.gms@254031035@25.40.31 (260400-816341114):4)
10-22 23:39:52.784  1870  1976 D AutofillSession: onShown(): 2, 1
10-22 23:39:52.786  5589  5589 I ProactiveSuggestionsHolderManager: ProactiveSuggestionsHolderManager$2.display():195 Requesting to show proactive suggestions: AUTO_FILL PREEMPTIVE_WITH_SUPPRESSION
10-22 23:39:52.789  3458  3458 D ViewRootImpl: AppSizeAfterRelayout, size: Point(496, 121), rotation: ROTATION_0
10-22 23:39:52.789  3458  3458 D BufferQueueConsumer: [](id:d8200000439,api:0,p:-1,c:3458) connect: controlledByApp=false
10-22 23:39:52.789  3458  3458 D BLASTBufferQueue: [VRI[]#1081](f:0,a:0) constructor()
10-22 23:39:52.789  3458  3458 D BLASTBufferQueue: [VRI[]#1081](f:0,a:0) update width=496 height=121 format=-2 mTransformHint=0
10-22 23:39:52.792  5589  5589 D BufferQueueConsumer: [](id:15d500000ebb,api:0,p:-1,c:5589) connect: controlledByApp=false
10-22 23:39:52.792  5589  5589 D BLASTBufferQueue: [SurfaceView[InputMethod]#3771](f:0,a:0) constructor()
10-22 23:39:52.792  5589  5589 D BLASTBufferQueue: [SurfaceView[InputMethod]#3771](f:0,a:0) update width=770 height=121 format=-2 mTransformHint=0
10-22 23:39:52.795  1870  3776 D BatteryStatsService: noteVideoSurfaceChanged  noteWhich: 49,arg1: 770, arg2: 121, arg3: 5589, arg4: 144846, name: com.google.android.inputmethod.latin
10-22 23:39:52.796  3458 31463 D BLASTBufferQueue: [VRI[]#1081](f:0,a:1) acquireNextBufferLocked size=496x121 mFrameNumber=1 applyTransaction=true mTimestamp=801451367605923(auto) mPendingTransactions.size=0 graphicBufferId=14851996917135 transform=0
10-22 23:39:52.798  5589  5589 I ProactiveSuggestionsHolderManager: ProactiveSuggestionsHolderManager$Holder.setSuggestionsAndShow():898 succeed to show proactive suggestions AUTO_FILL PREEMPTIVE_WITH_SUPPRESSION
10-22 23:39:52.800  5589  5589 I KeyboardModeUtils: KeyboardModeUtils.getKeyboardBottomOffset():435 inch: 0.000000 ydpi: 387.429993 adjustKeyboardBottomByDisplaySize: false currentDensityDpi: 440 defaultDensityDpi: 440 keyboardBottomToScreenPx: 0 keyboardBottomToNavBarPx: -116 navBarHeight: 116
10-22 23:39:52.801  5589  5589 I KeyboardHeightUtil: KeyboardHeightUtil.calculateMaxKeyboardBodyHeight():50 leave 267 height for app when ime window height:2171, header height:121 and isFullscreenMode:false, so the max keyboard body height is:1783
10-22 23:39:52.801  5589  5589 I KeyboardHeightUtil: KeyboardHeightUtil.calculateMaxKeyboardBodyHeight():50 leave 267 height for app when ime window height:2171, header height:121 and isFullscreenMode:false, so the max keyboard body height is:1783
10-22 23:39:52.801  5589  5589 I AndroidIME: KeyboardViewManager.updateKeyboardBodyViewHolderPaddingBottom():472 Set finalPaddingBottom = 5 while holderPaddingBottom = 5; navigationHeight = 116
10-22 23:39:52.805  5589  5589 D BufferQueueConsumer: [](id:15d500000ebc,api:0,p:-1,c:5589) connect: controlledByApp=false
10-22 23:39:52.805  5589  5589 D BLASTBufferQueue: [SurfaceView[InputMethod]#3772](f:0,a:0) constructor()
10-22 23:39:52.805  5589  5589 D BLASTBufferQueue: [SurfaceView[InputMethod]#3772](f:0,a:0) update width=496 height=121 format=-2 mTransformHint=0
10-22 23:39:52.807  1870  3776 D BatteryStatsService: noteVideoSurfaceChanged  noteWhich: 49,arg1: 496, arg2: 121, arg3: 5589, arg4: 147589, name: com.google.android.inputmethod.latin
10-22 23:39:52.810  5589  5657 D BLASTBufferQueue: [SurfaceView[InputMethod]#3772](f:0,a:1) acquireNextBufferLocked size=496x121 mFrameNumber=1 applyTransaction=true mTimestamp=801451382925077(auto) mPendingTransactions.size=0 graphicBufferId=24004572228738 transform=0
10-22 23:39:52.812  1870  6192 D BatteryStatsService: noteVideoSurfaceChanged  noteWhich: 49,arg1: 248, arg2: 13, arg3: 5589, arg4: 147589, name: com.google.android.inputmethod.latin
10-22 23:39:52.812  1870  3776 D BatteryStatsService: noteVideoSurfaceChanged  noteWhich: 49,arg1: 770, arg2: 121, arg3: 5589, arg4: 144846, name: com.google.android.inputmethod.latin
10-22 23:39:52.814  9275  9345 W Settings: Setting airplane_mode_on has moved from android.provider.Settings.System to android.provider.Settings.Global, returning read-only value.
10-22 23:39:52.815  5589  5589 W TooltipLifecycleManager: TooltipLifecycleManager.dismissTooltips():153 Tooltip with id spell_check_add_to_dictionary not found in tooltipManager.
10-22 23:39:52.819  1870  2960 D BatteryStatsService: noteVideoSurfaceChanged  noteWhich: 49,arg1: 302, arg2: 37, arg3: 5589, arg4: 147589, name: com.google.android.inputmethod.latin
10-22 23:39:52.821  9275 19329 W SystemServiceRegistry: No service published for: wifirtt
10-22 23:39:52.835  1870  6015 D BatteryStatsService: noteVideoSurfaceChanged  noteWhich: 49,arg1: 346, arg2: 55, arg3: 5589, arg4: 147589, name: com.google.android.inputmethod.latin
10-22 23:39:52.853  1870  3776 D BatteryStatsService: noteVideoSurfaceChanged  noteWhich: 49,arg1: 386, arg2: 73, arg3: 5589, arg4: 147589, name: com.google.android.inputmethod.latin
10-22 23:39:52.865  9275 19547 W Conscrypt: Could not set socket write timeout: java.net.SocketException: Socket closed
10-22 23:39:52.866  9275 19547 W Conscrypt: 	at com.google.android.gms.org.conscrypt.Platform.setSocketWriteTimeout(:com.google.android.gms@254031035@25.40.31 (260400-816341114):204)
10-22 23:39:52.866  9275 19547 W Conscrypt: 	at com.google.android.gms.org.conscrypt.ConscryptFileDescriptorSocket.setSoWriteTimeout(:com.google.android.gms@254031035@25.40.31 (260400-816341114):4)
10-22 23:39:52.868  1870  3776 D BatteryStatsService: noteVideoSurfaceChanged  noteWhich: 49,arg1: 422, arg2: 89, arg3: 5589, arg4: 147589, name: com.google.android.inputmethod.latin
10-22 23:39:52.887  1870  3776 D BatteryStatsService: noteVideoSurfaceChanged  noteWhich: 49,arg1: 448, arg2: 101, arg3: 5589, arg4: 147589, name: com.google.android.inputmethod.latin
10-22 23:39:52.904  1870  2960 D BatteryStatsService: noteVideoSurfaceChanged  noteWhich: 49,arg1: 470, arg2: 109, arg3: 5589, arg4: 147589, name: com.google.android.inputmethod.latin
10-22 23:39:52.920  1870  6192 D BatteryStatsService: noteVideoSurfaceChanged  noteWhich: 49,arg1: 484, arg2: 117, arg3: 5589, arg4: 147589, name: com.google.android.inputmethod.latin
10-22 23:39:52.937  1870  6192 D BatteryStatsService: noteVideoSurfaceChanged  noteWhich: 49,arg1: 494, arg2: 121, arg3: 5589, arg4: 147589, name: com.google.android.inputmethod.latin
10-22 23:39:52.955  1870  6192 D BatteryStatsService: noteVideoSurfaceChanged  noteWhich: 49,arg1: 496, arg2: 121, arg3: 5589, arg4: 147589, name: com.google.android.inputmethod.latin
10-22 23:39:53.393  9275  9748 I WifiScanner: onFullResults
10-22 23:39:53.394  9275  9317 I WifiScanner: onFullResults
10-22 23:39:53.398  9275  9288 I WifiScanner: onFullResults
10-22 23:39:53.403  9275 19547 I FrewleTileCacheManagerV: (REDACTED) Fetched %d AP models from cache
10-22 23:39:53.436  9275  9342 I FusedLocation: (REDACTED) location delivery to %s blocked - too fast
10-22 23:39:53.436  9275  9342 I FusedLocation: (REDACTED) location delivery to %s blocked - too close
10-22 23:39:53.436  9275  9342 I FusedLocation: (REDACTED) location delivery to %s blocked - too close
10-22 23:39:53.436  9275  9342 I FusedLocation: (REDACTED) location delivery to %s blocked - too close
10-22 23:39:53.436  9275  9342 I FusedLocation: (REDACTED) location delivery to %s blocked - too close
10-22 23:39:53.437  9275  9342 I FusedLocation: (REDACTED) location delivery to %s blocked - too fast
10-22 23:39:53.438  9275  9342 I FusedLocation: (REDACTED) location delivery to %s blocked - too fast
10-22 23:39:53.439  9275  9342 I fznc    : Received empty WiFi-RTT scan. [CONTEXT service_id=6 ]
10-22 23:39:53.815  9275  9342 I FusedLocation: (REDACTED) location delivery to %s blocked - too fast
10-22 23:39:53.815  9275  9342 I FusedLocation: (REDACTED) location delivery to %s blocked - too close
10-22 23:39:53.816  9275  9342 I FusedLocation: (REDACTED) location delivery to %s blocked - too fast
10-22 23:39:53.823  9275  9342 I FusedLocation: (REDACTED) location delivery to %s blocked - too fast
10-22 23:39:53.823  9275  9342 I FusedLocation: (REDACTED) location delivery to %s blocked - too fast
10-22 23:39:53.825  9275  9342 I FusedLocation: (REDACTED) location delivery to %s blocked - too fast
10-22 23:39:54.448 11251 16734 W fb4a.NoOpQuickPerformanceLogger: markerStart(int markerId, int instanceKey) has not been implemented
10-22 23:39:54.449 11251 16734 W fb4a.NoOpQuickPerformanceLogger: markerAnnotate(int markerId, int instanceKey, String annotationKey, @Nullable String annotationValue) has not been implemented
10-22 23:39:54.449 11251 16734 W fb4a.NoOpQuickPerformanceLogger: markerAnnotate(int markerId, int instanceKey, String annotationKey, @Nullable String annotationValue) has not been implemented
10-22 23:39:54.449 11251 16734 W fb4a.NoOpQuickPerformanceLogger: markerPoint(int markerId, int instanceKey, String name) has not been implemented
10-22 23:39:54.470 11251 16734 D SQLiteQueryBuilder: SELECT dedup_key FROM home_stories WHERE ((feed_type=? AND seen_state=?))
10-22 23:39:54.488 11251 16734 W fb4a.NoOpQuickPerformanceLogger: markerEnd(int markerId, int instanceKey, short action) has not been implemented
10-22 23:39:54.494 11251 16736 W fb4a.NoOpQuickPerformanceLogger: markerStart(int markerId, int instanceKey) has not been implemented
10-22 23:39:54.494 11251 16736 W fb4a.NoOpQuickPerformanceLogger: markerAnnotate(int markerId, int instanceKey, String annotationKey, @Nullable String annotationValue) has not been implemented
10-22 23:39:54.499 11251 16736 W fb4a.NoOpQuickPerformanceLogger: markerStart(int markerId, int instanceKey) has not been implemented
10-22 23:39:54.499 11251 16736 W fb4a.NoOpQuickPerformanceLogger: markerAnnotate(int markerId, int instanceKey, String annotationKey, @Nullable String annotationValue) has not been implemented
10-22 23:39:54.505 11251 16736 W fb4a.NoOpQuickPerformanceLogger: markerAnnotate(int markerId, int instanceKey, String annotationKey, @Nullable String annotationValue) has not been implemented
10-22 23:39:54.506 11251 16736 W fb4a.NoOpQuickPerformanceLogger: markerPoint(int markerId, int instanceKey, String name) has not been implemented
10-22 23:39:54.515 11251 16736 W fb4a.NoOpQuickPerformanceLogger: markerEnd(int markerId, int instanceKey, short action) has not been implemented
10-22 23:39:54.517 11251 16736 W fb4a.NoOpQuickPerformanceLogger: markerAnnotate(int markerId, int instanceKey, String annotationKey, @Nullable String annotationValue) has not been implemented
10-22 23:39:54.518 11251 16736 W fb4a.NoOpQuickPerformanceLogger: markerPoint(int markerId, int instanceKey, String name) has not been implemented
10-22 23:39:54.524 11251 16736 W fb4a.NoOpQuickPerformanceLogger: markerEnd(int markerId, int instanceKey, short action) has not been implemented
10-22 23:39:54.743 11251 19683 W fb4a.NoOpQuickPerformanceLogger: markerStart(int markerId, int instanceKey) has not been implemented
10-22 23:39:54.743 11251 19683 W fb4a.NoOpQuickPerformanceLogger: markerAnnotate(int markerId, int instanceKey, String annotationKey, @Nullable String annotationValue) has not been implemented
10-22 23:39:54.745 11251 16736 W fb4a.NoOpQuickPerformanceLogger: markerAnnotate(int markerId, int instanceKey, String annotationKey, @Nullable String annotationValue) has not been implemented
10-22 23:39:54.745 11251 16736 W fb4a.NoOpQuickPerformanceLogger: markerPoint(int markerId, int instanceKey, String name) has not been implemented
10-22 23:39:54.746 11251 16736 W fb4a.NoOpQuickPerformanceLogger: markerEnd(int markerId, int instanceKey, short action) has not been implemented
10-22 23:39:54.746 11251 19683 W fb4a.NoOpQuickPerformanceLogger: markerStart(int markerId, int instanceKey) has not been implemented
10-22 23:39:54.747 11251 19683 W fb4a.NoOpQuickPerformanceLogger: markerAnnotate(int markerId, int instanceKey, String annotationKey, @Nullable String annotationValue) has not been implemented
10-22 23:39:54.756 11251 16736 W fb4a.NoOpQuickPerformanceLogger: markerAnnotate(int markerId, int instanceKey, String annotationKey, @Nullable String annotationValue) has not been implemented
10-22 23:39:54.757 11251 16736 W fb4a.NoOpQuickPerformanceLogger: markerPoint(int markerId, int instanceKey, String name) has not been implemented
10-22 23:39:54.758 11251 16736 W fb4a.NoOpQuickPerformanceLogger: markerEnd(int markerId, int instanceKey, short action) has not been implemented
10-22 23:39:54.896 11251 11484 D BufferPoolAccessor2.0: bufferpool2 0xb4000076301b65b8 : 0(0 size) total buffers - 0(0 size) used buffers - 1523/1538 (recycle/alloc) - 15/1538 (fetch/transfer)
10-22 23:39:54.896 11251 11484 D BufferPoolAccessor2.0: evictor expired: 1, evicted: 1
10-22 23:39:54.978  5589  5589 W TooltipLifecycleManager: TooltipLifecycleManager.dismissTooltips():153 Tooltip with id SUGGESTION_VIEW_EDU_MINI_DIALOG not found in tooltipManager.
10-22 23:39:54.980  1870  2859 D BatteryStatsService: noteVideoSurfaceChanged  noteWhich: 49,arg1: -1, arg2: -1, arg3: 5589, arg4: 147589, name: com.google.android.inputmethod.latin
10-22 23:39:54.981  5589  5657 E BufferQueueProducer: [SurfaceView[InputMethod]#3772(BLAST Consumer)3772](id:15d500000ebc,api:0,p:-1,c:5589) disconnect: not connected (req=1)
10-22 23:39:54.981  5589  5657 W libEGL  : EGLNativeWindowType 0xb4000077e0288320 disconnect failed
10-22 23:39:54.981  5589  5589 D BLASTBufferQueue: [SurfaceView[InputMethod]#3772](f:0,a:1) destructor()
10-22 23:39:54.981  5589  5589 D BufferQueueConsumer: [SurfaceView[InputMethod]#3772(BLAST Consumer)3772](id:15d500000ebc,api:0,p:-1,c:5589) disconnect
10-22 23:39:54.983  5589  5589 W TooltipLifecycleManager: TooltipLifecycleManager.dismissTooltips():153 Tooltip with id SUGGESTION_VIEW_EDU_MINI_DIALOG not found in tooltipManager.
10-22 23:39:54.984  5589  5589 W LatinPrimeKeyboard: LatinPrimeKeyboard.consumeEvent():353 consumeEvent() : UPDATE_DYNAMIC_KEYS, no dynamic layout
10-22 23:39:54.990  5589  5589 I KeyboardModeUtils: KeyboardModeUtils.getKeyboardBottomOffset():435 inch: 0.000000 ydpi: 387.429993 adjustKeyboardBottomByDisplaySize: false currentDensityDpi: 440 defaultDensityDpi: 440 keyboardBottomToScreenPx: 0 keyboardBottomToNavBarPx: -116 navBarHeight: 116
10-22 23:39:54.990  5589  5589 I KeyboardHeightUtil: KeyboardHeightUtil.calculateMaxKeyboardBodyHeight():50 leave 267 height for app when ime window height:2171, header height:121 and isFullscreenMode:false, so the max keyboard body height is:1783
10-22 23:39:54.991  5589  5589 I KeyboardHeightUtil: KeyboardHeightUtil.calculateMaxKeyboardBodyHeight():50 leave 267 height for app when ime window height:2171, header height:121 and isFullscreenMode:false, so the max keyboard body height is:1783
10-22 23:39:54.991  5589  5589 I AndroidIME: KeyboardViewManager.updateKeyboardBodyViewHolderPaddingBottom():472 Set finalPaddingBottom = 5 while holderPaddingBottom = 5; navigationHeight = 116
10-22 23:39:54.992  5589 25011 I AndroidSpellCheckerService: AndroidSpellCheckerService.createSession():139 com.google.android.keyboard.client.delight5.LanguageIdentifier@400fbf2 is created
10-22 23:39:54.999  5589  5589 W TooltipLifecycleManager: TooltipLifecycleManager.dismissTooltips():153 Tooltip with id SUGGESTION_VIEW_EDU_MINI_DIALOG not found in tooltipManager.
10-22 23:39:55.019  5589  5589 I KeyboardModeUtils: KeyboardModeUtils.getKeyboardBottomOffset():435 inch: 0.000000 ydpi: 387.429993 adjustKeyboardBottomByDisplaySize: false currentDensityDpi: 440 defaultDensityDpi: 440 keyboardBottomToScreenPx: 0 keyboardBottomToNavBarPx: -116 navBarHeight: 116
10-22 23:39:55.020  5589  5589 I KeyboardHeightUtil: KeyboardHeightUtil.calculateMaxKeyboardBodyHeight():50 leave 267 height for app when ime window height:2171, header height:121 and isFullscreenMode:false, so the max keyboard body height is:1783
10-22 23:39:55.020  5589  5589 I KeyboardHeightUtil: KeyboardHeightUtil.calculateMaxKeyboardBodyHeight():50 leave 267 height for app when ime window height:2171, header height:121 and isFullscreenMode:false, so the max keyboard body height is:1783
10-22 23:39:55.020  5589  5589 I AndroidIME: KeyboardViewManager.updateKeyboardBodyViewHolderPaddingBottom():472 Set finalPaddingBottom = 5 while holderPaddingBottom = 5; navigationHeight = 116
10-22 23:39:55.046  1870  3776 D BatteryStatsService: noteVideoSurfaceChanged  noteWhich: 49,arg1: -1, arg2: -1, arg3: 5589, arg4: 144846, name: com.google.android.inputmethod.latin
10-22 23:39:55.046  5589  5589 D BLASTBufferQueue: [SurfaceView[InputMethod]#3771](f:0,a:0) destructor()
10-22 23:39:55.046  5589  5589 D BufferQueueConsumer: [SurfaceView[InputMethod]#3771(BLAST Consumer)3771](id:15d500000ebb,api:0,p:-1,c:5589) disconnect
10-22 23:39:55.054  5589  5589 I KeyboardModeUtils: KeyboardModeUtils.getKeyboardBottomOffset():435 inch: 0.000000 ydpi: 387.429993 adjustKeyboardBottomByDisplaySize: false currentDensityDpi: 440 defaultDensityDpi: 440 keyboardBottomToScreenPx: 0 keyboardBottomToNavBarPx: -116 navBarHeight: 116
10-22 23:39:55.054  5589  5589 I KeyboardHeightUtil: KeyboardHeightUtil.calculateMaxKeyboardBodyHeight():50 leave 267 height for app when ime window height:2171, header height:121 and isFullscreenMode:false, so the max keyboard body height is:1783
10-22 23:39:55.054  5589  5589 I KeyboardHeightUtil: KeyboardHeightUtil.calculateMaxKeyboardBodyHeight():50 leave 267 height for app when ime window height:2171, header height:121 and isFullscreenMode:false, so the max keyboard body height is:1783
10-22 23:39:55.055  5589  5589 I AndroidIME: KeyboardViewManager.updateKeyboardBodyViewHolderPaddingBottom():472 Set finalPaddingBottom = 5 while holderPaddingBottom = 5; navigationHeight = 116
10-22 23:39:55.129  5589  5589 I KeyboardViewController: KeyboardViewController.showSelfAndAncestors():636 current view doesn't has the priority com.google.android.libraries.inputmethod.accesspoint.widget.AccessPointsBar{ff782fe I.E...... .......D 0,0-810,121 #7f0b00a0 app:id/0_resource_name_obfuscated} to show itself, DEFAULT
10-22 23:39:55.184 11251 16736 W fb4a.NoOpQuickPerformanceLogger: markerStart(int markerId, int instanceKey) has not been implemented
10-22 23:39:55.184 11251 16736 W fb4a.NoOpQuickPerformanceLogger: markerAnnotate(int markerId, int instanceKey, String annotationKey, @Nullable String annotationValue) has not been implemented
10-22 23:39:55.184 11251 16736 W fb4a.NoOpQuickPerformanceLogger: markerAnnotate(int markerId, int instanceKey, String annotationKey, @Nullable String annotationValue) has not been implemented
10-22 23:39:55.185 11251 16736 W fb4a.NoOpQuickPerformanceLogger: markerPoint(int markerId, int instanceKey, String name) has not been implemented
10-22 23:39:55.187  5589  5589 W TooltipLifecycleManager: TooltipLifecycleManager.dismissTooltips():153 Tooltip with id SUGGESTION_VIEW_EDU_MINI_DIALOG not found in tooltipManager.
10-22 23:39:55.200  3458  3458 V InlineSuggestionRenderService: Releasing inline suggestion view host
10-22 23:39:55.211  3458  3458 D BLASTBufferQueue: [VRI[]#1081](f:0,a:4) destructor()
10-22 23:39:55.211  3458  3458 D BufferQueueConsumer: [VRI[]#1081(BLAST Consumer)1081](id:d8200000439,api:0,p:-1,c:3458) disconnect
10-22 23:39:55.217  3458  3458 V InlineSuggestionRenderService: Removed the inline suggestion from the cache, current size=0
10-22 23:39:55.218  5589  5589 I KeyboardModeUtils: KeyboardModeUtils.getKeyboardBottomOffset():435 inch: 0.000000 ydpi: 387.429993 adjustKeyboardBottomByDisplaySize: false currentDensityDpi: 440 defaultDensityDpi: 440 keyboardBottomToScreenPx: 0 keyboardBottomToNavBarPx: -116 navBarHeight: 116
10-22 23:39:55.219  5589  5589 I KeyboardHeightUtil: KeyboardHeightUtil.calculateMaxKeyboardBodyHeight():50 leave 267 height for app when ime window height:2171, header height:121 and isFullscreenMode:false, so the max keyboard body height is:1783
10-22 23:39:55.219  5589  5589 I KeyboardHeightUtil: KeyboardHeightUtil.calculateMaxKeyboardBodyHeight():50 leave 267 height for app when ime window height:2171, header height:121 and isFullscreenMode:false, so the max keyboard body height is:1783
10-22 23:39:55.219  5589  5589 I AndroidIME: KeyboardViewManager.updateKeyboardBodyViewHolderPaddingBottom():472 Set finalPaddingBottom = 5 while holderPaddingBottom = 5; navigationHeight = 116
10-22 23:39:55.224 11251 16736 D SQLiteQueryBuilder: SELECT dedup_key FROM home_stories WHERE ((feed_type=? AND seen_state=?))
10-22 23:39:55.230 11251 16736 W fb4a.NoOpQuickPerformanceLogger: markerEnd(int markerId, int instanceKey, short action) has not been implemented
10-22 23:39:55.234 11251 17892 W fb4a.NoOpQuickPerformanceLogger: markerStart(int markerId, int instanceKey) has not been implemented
10-22 23:39:55.236 11251 17892 W fb4a.NoOpQuickPerformanceLogger: markerAnnotate(int markerId, int instanceKey, String annotationKey, @Nullable String annotationValue) has not been implemented
10-22 23:39:55.248 11251  1057 W fb4a.HeroManager: mediaPreload.prefetchInternal : source: Type: DASH_VOD
10-22 23:39:55.248 11251  1057 W fb4a.HeroManager: 	Id: 1370275457961493
10-22 23:39:55.248 11251  1057 W fb4a.HeroManager: 	Uri: https://scontent.fcjb5-2.fna.fbcdn.net/o1/v/t2/f2/m412/AQPMMj_y7yFZe00O4QM2axQZT6SKwG6EwbWPmeSQuzudHyjRGf97Pa1bayzkMN58MdapiEjXgm0UHthPFS0XjoGGGaKZcujJlK5cXMAlWQ.mp4?_nc_cat=103&_nc_oc=AdkbmiqTg3bCSEtAPbSuqv6P0roU5Lr5UCI0kE4wBPS8Um6oTwuBum0Ehgl10czsZqQ&_nc_sid=8bf8fe&_nc_ht=scontent.fcjb5-2.fna.fbcdn.net&_nc_ohc=winzgjNpYjwQ7kNvwG9NJd5&efg=eyJ2ZW5jb2RlX3RhZyI6Inhwdl9wcm9ncmVzc2l2ZS5GQUNFQk9PSy4uQzMuMzYwLnN2ZV9zZCIsInhwdl9hc3NldF9pZCI6ODA3NjU4ODY1MzIxNzY3LCJ2aV91c2VjYXNlX2lkIjoxMDEwMSwiZHVyYXRpb25fcyI6MjcsInVybGdlbl9zb3VyY2UiOiJ3d3cifQ%3D%3D&ccb=17-1&_nc_zt=28&oh=00_Afc4kJ1CPltLO3JmiKoNjRddZsWG5fndAAo0OkFE_VRc2A&oe=68FF0373&bitrate=72235&tag=sve_sd
10-22 23:39:55.248 11251  1057 W fb4a.HeroManager: 	Origin: FEED
10-22 23:39:55.248 11251  1057 W fb4a.HeroManager: 	PrefetchOrigin: FEED
10-22 23:39:55.248 11251  1057 W fb4a.HeroManager: 	DashMPD: 9239
10-22 23:39:55.248 11251  1057 W fb4a.HeroManager: 	liveLatency: -1
10-22 23:39:55.248 11251  1057 W fb4a.HeroManager: 	liveLatencyTolerance: -1
10-22 23:39:55.248 11251  1057 W fb4a.HeroManager: 	isSpherical: false
10-22 23:39:55.248 11251  1057 W fb4a.HeroManager: 	isSponsored: true
10-22 23:39:55.248 11251  1057 W fb4a.HeroManager: 	isAdBreak: false
10-22 23:39:55.248 11251  1057 W fb4a.HeroManager: 	isLiveTraceEnabled: false
10-22 23:39:55.248 11251  1057 W fb4a.HeroManager: 	renderMode: AUDIO_VIDEO
10-22 23:39:55.248 11251  1057 W fb4a.HeroManager: 	isBroadcast: false
10-22 23:39:55.248 11251  1057 W fb4a.HeroManager: 	contentType: GENERAL
10-22 23:39:55.248 11251  1057 W fb4a.HeroManager: 	isAudioDataListenerEnabled: false
10-22 23:39:55.248 11251  1057 W fb4a.HeroManager: 	liveViewerCount: -1, type: DASH_VOD
10-22 23:39:55.248 11251 17892 W fb4a.NoOpQuickPerformanceLogger: markerAnnotate(int markerId, int instanceKey, String annotationKey, @Nullable String annotationValue) has not been implemented
10-22 23:39:55.248 11251 17892 W fb4a.NoOpQuickPerformanceLogger: markerPoint(int markerId, int instanceKey, String name) has not been implemented
10-22 23:39:55.256 11251 17892 W fb4a.NoOpQuickPerformanceLogger: markerEnd(int markerId, int instanceKey, short action) has not been implemented
10-22 23:39:55.281 11251 16736 W fb4a.NoOpQuickPerformanceLogger: markerStart(int markerId, int instanceKey) has not been implemented
10-22 23:39:55.281 11251 16736 W fb4a.NoOpQuickPerformanceLogger: markerAnnotate(int markerId, int instanceKey, String annotationKey, @Nullable String annotationValue) has not been implemented
10-22 23:39:55.282 11251 16192 W fb4a.NoOpQuickPerformanceLogger: markerAnnotate(int markerId, int instanceKey, String annotationKey, @Nullable String annotationValue) has not been implemented
10-22 23:39:55.282 11251 16192 W fb4a.NoOpQuickPerformanceLogger: markerPoint(int markerId, int instanceKey, String name) has not been implemented
10-22 23:39:55.283 11251 16192 W fb4a.NoOpQuickPerformanceLogger: markerEnd(int markerId, int instanceKey, short action) has not been implemented
10-22 23:39:55.301  9275  9342 I FusedLocation: (REDACTED) location delivery to %s blocked - too fast
10-22 23:39:55.302  9275  9342 I FusedLocation: (REDACTED) location delivery to %s blocked - too close
10-22 23:39:55.302  9275  9342 I FusedLocation: (REDACTED) location delivery to %s blocked - too fast
10-22 23:39:55.302  9275  9342 I FusedLocation: (REDACTED) location delivery to %s blocked - too fast
10-22 23:39:55.302  9275  9342 I FusedLocation: (REDACTED) location delivery to %s blocked - too fast
10-22 23:39:55.303  9275  9342 I FusedLocation: (REDACTED) location delivery to %s blocked - too fast
10-22 23:39:55.303  9275  9342 I FusedLocation: (REDACTED) location delivery to %s blocked - too fast
10-22 23:39:55.307  9275  9342 I FusedLocation: (REDACTED) location delivery to %s blocked - too fast
10-22 23:39:55.344  5589  5589 W TooltipLifecycleManager: TooltipLifecycleManager.dismissTooltips():153 Tooltip with id SUGGESTION_VIEW_EDU_MINI_DIALOG not found in tooltipManager.
10-22 23:39:55.369  5589  5589 I KeyboardModeUtils: KeyboardModeUtils.getKeyboardBottomOffset():435 inch: 0.000000 ydpi: 387.429993 adjustKeyboardBottomByDisplaySize: false currentDensityDpi: 440 defaultDensityDpi: 440 keyboardBottomToScreenPx: 0 keyboardBottomToNavBarPx: -116 navBarHeight: 116
10-22 23:39:55.370  5589  5589 I KeyboardHeightUtil: KeyboardHeightUtil.calculateMaxKeyboardBodyHeight():50 leave 267 height for app when ime window height:2171, header height:121 and isFullscreenMode:false, so the max keyboard body height is:1783
10-22 23:39:55.370  5589  5589 I KeyboardHeightUtil: KeyboardHeightUtil.calculateMaxKeyboardBodyHeight():50 leave 267 height for app when ime window height:2171, header height:121 and isFullscreenMode:false, so the max keyboard body height is:1783
10-22 23:39:55.370  5589  5589 I AndroidIME: KeyboardViewManager.updateKeyboardBodyViewHolderPaddingBottom():472 Set finalPaddingBottom = 5 while holderPaddingBottom = 5; navigationHeight = 116
10-22 23:39:55.759 11251 16192 W fb4a.NoOpQuickPerformanceLogger: markerStart(int markerId, int instanceKey) has not been implemented
10-22 23:39:55.759 11251 16192 W fb4a.NoOpQuickPerformanceLogger: markerAnnotate(int markerId, int instanceKey, String annotationKey, @Nullable String annotationValue) has not been implemented
10-22 23:39:55.759 11251 16192 W fb4a.NoOpQuickPerformanceLogger: markerAnnotate(int markerId, int instanceKey, String annotationKey, @Nullable String annotationValue) has not been implemented
10-22 23:39:55.759 11251 16192 W fb4a.NoOpQuickPerformanceLogger: markerPoint(int markerId, int instanceKey, String name) has not been implemented
10-22 23:39:55.782 11251 16192 D SQLiteQueryBuilder: SELECT dedup_key FROM home_stories WHERE ((feed_type=? AND seen_state=?))
10-22 23:39:55.788 11251 16192 W fb4a.NoOpQuickPerformanceLogger: markerEnd(int markerId, int instanceKey, short action) has not been implemented
10-22 23:39:55.791 11251 16192 W fb4a.NoOpQuickPerformanceLogger: markerStart(int markerId, int instanceKey) has not been implemented
10-22 23:39:55.791 11251 16192 W fb4a.NoOpQuickPerformanceLogger: markerAnnotate(int markerId, int instanceKey, String annotationKey, @Nullable String annotationValue) has not been implemented
10-22 23:39:55.793 11251 16192 W fb4a.NoOpQuickPerformanceLogger: markerStart(int markerId, int instanceKey) has not been implemented
10-22 23:39:55.793 11251 16192 W fb4a.NoOpQuickPerformanceLogger: markerAnnotate(int markerId, int instanceKey, String annotationKey, @Nullable String annotationValue) has not been implemented
10-22 23:39:55.795 11251 16192 W fb4a.NoOpQuickPerformanceLogger: markerAnnotate(int markerId, int instanceKey, String annotationKey, @Nullable String annotationValue) has not been implemented
10-22 23:39:55.795 11251 16192 W fb4a.NoOpQuickPerformanceLogger: markerPoint(int markerId, int instanceKey, String name) has not been implemented
10-22 23:39:55.805 11251 16192 W fb4a.NoOpQuickPerformanceLogger: markerEnd(int markerId, int instanceKey, short action) has not been implemented
10-22 23:39:55.806 11251 16192 W fb4a.NoOpQuickPerformanceLogger: markerAnnotate(int markerId, int instanceKey, String annotationKey, @Nullable String annotationValue) has not been implemented
10-22 23:39:55.806 11251 16192 W fb4a.NoOpQuickPerformanceLogger: markerPoint(int markerId, int instanceKey, String name) has not been implemented
10-22 23:39:55.814 11251 16192 W fb4a.NoOpQuickPerformanceLogger: markerEnd(int markerId, int instanceKey, short action) has not been implemented
10-22 23:39:55.912  1870  6015 E AutofillSession: Not starting a new partition on 1073742317@1936183034 because session 1936183034 reached maximum of 10
10-22 23:39:55.916  5589  5589 I GoogleInputMethodService: GoogleInputMethodService.onFinishInputView():1571 onFinishInputView(true)
10-22 23:39:55.916  5589  5589 I GlobeKeyExtension: GlobeKeyExtension.onDeactivate():144 
10-22 23:39:55.916  5589  5589 W TooltipLifecycleManager: TooltipLifecycleManager.dismissTooltips():153 Tooltip with id SUGGESTION_VIEW_EDU_MINI_DIALOG not found in tooltipManager.
10-22 23:39:55.916  5589  5589 I VoiceInputManagerWrapper: VoiceInputManagerWrapper.shutdown():131 shutdown()
10-22 23:39:55.917  5589  5589 W TooltipLifecycleManager: TooltipLifecycleManager.dismissTooltips():153 Tooltip with id spell_check_add_to_dictionary not found in tooltipManager.
10-22 23:39:55.917  5589  5589 I InputBundle: InputBundle.consumeEvent():1032 Skip consuming an event as keyboard status is INACTIVE
10-22 23:39:55.921  5589  5589 I AndroidIME: AbstractIme.onDeactivate():216 LatinIme.onDeactivate()
10-22 23:39:55.923  5589  5589 I GoogleInputMethodService: GoogleInputMethodService.onFinishInput():2085 
10-22 23:39:55.923  5589  5589 I Module  : DeviceLockedStatusModuleProvider$Module.updateDeviceLockedStatus():100 repeatCheckTimes = 0, locked = false
10-22 23:39:55.924  5589  5589 I GoogleInputMethodService: GoogleInputMethodService.onStartInput():1346 onStartInput(EditorInfo{EditorInfo{packageName=com.a1taxi.a1taxicustomer, inputType=4003, inputTypeString=Phone, enableLearning=false, autoCorrection=false, autoComplete=false, imeOptions=4000006, privateImeOptions=null, actionName=DONE, actionLabel=null, initialSelStart=0, initialSelEnd=0, initialCapsMode=2000, label=null, fieldId=2953, fieldName=null, extras=Bundle[mParcelledData.dataSize=404], hintText=non-empty, hintLocales=[]}}, false)
10-22 23:39:55.925  5589  5589 I Module  : DeviceLockedStatusModuleProvider$Module.updateDeviceLockedStatus():100 repeatCheckTimes = 1, locked = false
10-22 23:39:55.925  5589  5589 I HardKeyTracker: HardKeyTracker.unregisterKeySequence():221 Unregister key sequence nfz{labelResId=0, callback=gds@37cf5ab, lastModifier=0, keyCodes=[57, 57], actions=[1, 0]}
10-22 23:39:55.925  5589  5589 I HardKeyTracker: HardKeyTracker.unregisterKeySequence():221 Unregister key sequence nfz{labelResId=0, callback=gds@7466dc6, lastModifier=0, keyCodes=[58, 58], actions=[1, 0]}
10-22 23:39:55.926  5589  6019 I OnDeviceWmrCalculator: OnDeviceWmrCalculator.calculateWmr():94 WMR: 0.0000 (0 / 1)
10-22 23:39:55.926  5589  5589 I GoogleInputMethodService: GoogleInputMethodService.onStartInputView():1439 onStartInputView(EditorInfo{EditorInfo{packageName=com.a1taxi.a1taxicustomer, inputType=4003, inputTypeString=Phone, enableLearning=false, autoCorrection=false, autoComplete=false, imeOptions=4000006, privateImeOptions=null, actionName=DONE, actionLabel=null, initialSelStart=0, initialSelEnd=0, initialCapsMode=2000, label=null, fieldId=2953, fieldName=null, extras=Bundle[{android.support.text.emoji.emojiCompat_metadataVersion=11, androidx.core.view.inputmethod.EditorInfoCompat.STYLUS_HANDWRITING_ENABLED=true, android.support.text.emoji.emojiCompat_replaceAll=false}], hintText=non-empty, hintLocales=[]}}, false)
10-22 23:39:55.927  5589  5589 I KeyboardHeightUtil: KeyboardHeightUtil.getOemKeyboardHeightRatio():108 systemKeyboardHeightRatio:1.000000.
10-22 23:39:55.928  5589  5589 I AndroidIME: InputBundleManager.loadActiveInputBundleId():528 loadActiveInputBundleId: und-Latn-x-phone-number, phone_number
10-22 23:39:55.928  5589  5589 I KeyboardWrapper: KeyboardWrapper.activateKeyboard():581 activateKeyboard(): type=prime, status=INACTIVE, imeDef=mkk{stringId=phone_number, language=und-Latn-x-phone-number, languageTag=und-Latn-x-phone-number, processedConditions={}, className=com.google.android.libraries.inputmethod.ime.DummyIme, label=2132019312, keyEventInterpreter=null, inlineComposing=true, autoCapital=false, announceAutoSelectedCandidate=false, statusIcon=0, indicatorIcon=0, indicatorLabel=null, displayAppCompletions=false, extraValues=mkd{}, processors=mmb@7d3d911, unacceptableMetaKeys=4098, languageSpecificSettings=0, asciiCapable=false, alwaysShowSuggestions=false, useAsciiPasswordKeyboard=false, keyboardGroupDef=mlk@ee31802, phenotypeFlagId=0, localizationLanguageTag=null, supportsInlineSuggestion=false}
10-22 23:39:55.928  5589  5589 I KeyboardManager: KeyboardManager.requestKeyboard():248 Creating keyboard prime, imeId=phone_number, cacheKey=theme,!gsf,!pgsans,!pgsf,!use_system_font,BORDER,FLAVOR_DPI=XXHDPI,GOOGLE_ICONS,KEYBOARD_WIDTH_CATEGORY=NORMAL,KEY_BORDER_SHAPE=1,LIGHT_THEME=false,PHYSICAL_DIAGONAL=5.748144,POPUP,SCREEN_SHORTEST_WIDTH=393,SCREEN_SHORTEST_WIDTH_NO_SCALE=393,XXHDPI,bottom4dp,enable_emoji_kitchen_browse_color_v2=true,enable_google_fonts_icons=true,enable_popup_on_keypress=true,keyboard_redesign_google_sans=true,non_linear_scale,noshadow,overlay_builtin_dynamic_color_dark_base.binarypb:gm3-dark-ff131313-ffffffff-4d9204e36e3ccb6a165e3e3dbe763ce0,roundedchip,silkpopup
10-22 23:39:55.928  5589  5589 I KeyboardWrapper: KeyboardWrapper.onKeyboardReady():224 onKeyboardReady(): type=prime(prime), kb=com.google.android.apps.inputmethod.latin.keyboard.LatinDialKeyboard@c5d9bc8
10-22 23:39:55.928  5589  5589 I KeyboardWrapper: KeyboardWrapper.doActivateKeyboard():611 doActivateKeyboard(): prime
10-22 23:39:55.944  5589  5589 I KeyboardViewHelper: KeyboardViewHelper.getView():180 Get view with height ratio:1.000000
10-22 23:39:55.955  5589  5589 I KeyboardHeightUtil: KeyboardHeightUtil.calculateMaxKeyboardBodyHeight():50 leave 267 height for app when ime window height:2171, header height:121 and isFullscreenMode:false, so the max keyboard body height is:1783
10-22 23:39:55.955  5589  5589 W TooltipLifecycleManager: TooltipLifecycleManager.dismissTooltips():153 Tooltip with id undo_access_point_promotion_banner not found in tooltipManager.
10-22 23:39:55.956  5589  5589 I KeyboardModeUtils: KeyboardModeUtils.getKeyboardBottomOffset():435 inch: 0.000000 ydpi: 387.429993 adjustKeyboardBottomByDisplaySize: false currentDensityDpi: 440 defaultDensityDpi: 440 keyboardBottomToScreenPx: 0 keyboardBottomToNavBarPx: -116 navBarHeight: 116
10-22 23:39:55.956  5589  5589 I KeyboardHeightUtil: KeyboardHeightUtil.calculateMaxKeyboardBodyHeight():50 leave 267 height for app when ime window height:2171, header height:121 and isFullscreenMode:false, so the max keyboard body height is:1783
10-22 23:39:55.956  5589  5589 I KeyboardHeightUtil: KeyboardHeightUtil.calculateMaxKeyboardBodyHeight():50 leave 267 height for app when ime window height:2171, header height:121 and isFullscreenMode:false, so the max keyboard body height is:1783
10-22 23:39:55.956  5589  5589 I AndroidIME: KeyboardViewManager.updateKeyboardBodyViewHolderPaddingBottom():472 Set finalPaddingBottom = 5 while holderPaddingBottom = 5; navigationHeight = 116
10-22 23:39:55.956  5589  5589 I KeyboardHeightUtil: KeyboardHeightUtil.calculateMaxKeyboardBodyHeight():50 leave 267 height for app when ime window height:2171, header height:121 and isFullscreenMode:false, so the max keyboard body height is:1783
10-22 23:39:55.956  5589  5589 I KeyboardHeightUtil: KeyboardHeightUtil.calculateMaxKeyboardBodyHeight():50 leave 267 height for app when ime window height:2171, header height:121 and isFullscreenMode:false, so the max keyboard body height is:1783
10-22 23:39:55.956  5589  5589 I KeyboardModeUtils: KeyboardModeUtils.getKeyboardBottomOffset():435 inch: 0.000000 ydpi: 387.429993 adjustKeyboardBottomByDisplaySize: false currentDensityDpi: 440 defaultDensityDpi: 440 keyboardBottomToScreenPx: 0 keyboardBottomToNavBarPx: -116 navBarHeight: 116
10-22 23:39:55.956  5589  5589 I KeyboardHeightUtil: KeyboardHeightUtil.calculateMaxKeyboardBodyHeight():50 leave 267 height for app when ime window height:2171, header height:121 and isFullscreenMode:false, so the max keyboard body height is:1783
10-22 23:39:55.956  5589  5589 I KeyboardHeightUtil: KeyboardHeightUtil.calculateMaxKeyboardBodyHeight():50 leave 267 height for app when ime window height:2171, header height:121 and isFullscreenMode:false, so the max keyboard body height is:1783
10-22 23:39:55.956  5589  5589 I AndroidIME: KeyboardViewManager.updateKeyboardBodyViewHolderPaddingBottom():472 Set finalPaddingBottom = 5 while holderPaddingBottom = 5; navigationHeight = 116
10-22 23:39:55.956  5589  5589 I KeyboardHeightUtil: KeyboardHeightUtil.calculateMaxKeyboardBodyHeight():50 leave 267 height for app when ime window height:2171, header height:121 and isFullscreenMode:false, so the max keyboard body height is:1783
10-22 23:39:55.956  5589  5589 I KeyboardHeightUtil: KeyboardHeightUtil.calculateMaxKeyboardBodyHeight():50 leave 267 height for app when ime window height:2171, header height:121 and isFullscreenMode:false, so the max keyboard body height is:1783
10-22 23:39:55.957  5589  5589 I GlobeKeyExtension: GlobeKeyExtension.getKeyboardInitialStates():175 
