10-19 15:33:38.648  1475  1475 D BLASTBufferQueue: [VRI[MainActivity]#0](f:0,a:0) update width=1080 height=2392 format=-1 mTransformHint=0
10-19 15:33:38.780  1475  4496 I ExpoModulesCore: âœ… AppContext was initialized
10-19 15:33:38.781  1475  4496 I RNFusedLocation: RNFusedLocation initialized
10-19 15:33:38.802  1475  4504 W unknown:ViewManagerPropertyUpdater: Could not find generated setter for class com.facebook.react.views.drawer.ReactDrawerLayoutManager
10-19 15:33:38.803  1475  4504 W unknown:ViewManagerPropertyUpdater: Could not find generated setter for class com.facebook.react.uimanager.LayoutShadowNode
10-19 15:33:38.804  1475  4504 W unknown:ViewManagerPropertyUpdater: Could not find generated setter for class com.facebook.react.views.scroll.ReactHorizontalScrollViewManager
10-19 15:33:38.806  1475  4504 W unknown:ViewManagerPropertyUpdater: Could not find generated setter for class com.facebook.react.views.scroll.ReactHorizontalScrollContainerViewManager
10-19 15:33:38.807  1475  4504 W unknown:ViewManagerPropertyUpdater: Could not find generated setter for class com.facebook.react.views.progressbar.ReactProgressBarViewManager
10-19 15:33:38.808  1475  4504 W unknown:ViewManagerPropertyUpdater: Could not find generated setter for class com.facebook.react.views.progressbar.ProgressBarShadowNode
10-19 15:33:38.808  1475  4504 W unknown:ViewManagerPropertyUpdater: Could not find generated setter for class com.facebook.react.views.scroll.ReactScrollViewManager
10-19 15:33:38.809  1475  4504 W unknown:ViewManagerPropertyUpdater: Could not find generated setter for class com.facebook.react.views.switchview.ReactSwitchManager
10-19 15:33:38.810  1475  4504 W unknown:ViewManagerPropertyUpdater: Could not find generated setter for class com.facebook.react.views.switchview.ReactSwitchShadowNode
10-19 15:33:38.810  1475  4504 W unknown:ViewManagerPropertyUpdater: Could not find generated setter for class com.facebook.react.views.safeareaview.ReactSafeAreaViewManager
10-19 15:33:38.811  1475  4504 W unknown:ViewManagerPropertyUpdater: Could not find generated setter for class com.facebook.react.views.safeareaview.ReactSafeAreaViewShadowNode
10-19 15:33:38.811  1475  4504 W unknown:ViewManagerPropertyUpdater: Could not find generated setter for class com.facebook.react.views.swiperefresh.SwipeRefreshLayoutManager
10-19 15:33:38.812  1475  4504 W unknown:ViewManagerPropertyUpdater: Could not find generated setter for class com.facebook.react.views.text.frescosupport.FrescoBasedReactTextInlineImageViewManager
10-19 15:33:38.812  1475  4504 W unknown:ViewManagerPropertyUpdater: Could not find generated setter for class com.facebook.react.views.text.frescosupport.FrescoBasedReactTextInlineImageShadowNode
10-19 15:33:38.812  1475  4504 W unknown:ViewManagerPropertyUpdater: Could not find generated setter for class com.facebook.react.views.image.ReactImageManager
10-19 15:33:38.813  1475  4504 W unknown:ViewManagerPropertyUpdater: Could not find generated setter for class com.facebook.react.views.modal.ReactModalHostManager
10-19 15:33:38.814  1475  4504 W unknown:ViewManagerPropertyUpdater: Could not find generated setter for class com.facebook.react.views.text.ReactRawTextManager
10-19 15:33:38.815  1475  4504 W unknown:ViewManagerPropertyUpdater: Could not find generated setter for class com.facebook.react.views.text.ReactRawTextShadowNode
10-19 15:33:38.815  1475  4504 W unknown:ViewManagerPropertyUpdater: Could not find generated setter for class com.facebook.react.views.textinput.ReactTextInputManager
10-19 15:33:38.816  1475  4504 W unknown:ViewManagerPropertyUpdater: Could not find generated setter for class com.facebook.react.views.textinput.ReactTextInputShadowNode
10-19 15:33:38.817  1475  4504 W unknown:ViewManagerPropertyUpdater: Could not find generated setter for class com.facebook.react.views.text.ReactTextViewManager
10-19 15:33:38.817  1475  4504 W unknown:ViewManagerPropertyUpdater: Could not find generated setter for class com.facebook.react.views.text.ReactTextShadowNode
10-19 15:33:38.818  1475  4504 W unknown:ViewManagerPropertyUpdater: Could not find generated setter for class com.facebook.react.views.view.ReactViewManager
10-19 15:33:38.818  1475  4504 W unknown:ViewManagerPropertyUpdater: Could not find generated setter for class com.facebook.react.views.text.ReactVirtualTextViewManager
10-19 15:33:38.818  1475  4504 W unknown:ViewManagerPropertyUpdater: Could not find generated setter for class com.facebook.react.views.text.ReactVirtualTextShadowNode
10-19 15:33:38.819  1475  4504 W unknown:ViewManagerPropertyUpdater: Could not find generated setter for class com.facebook.react.views.unimplementedview.ReactUnimplementedViewManager
10-19 15:33:38.819  1475  4504 W unknown:ViewManagerPropertyUpdater: Could not find generated setter for class com.reactnativegooglesignin.RNGoogleSigninButtonViewManager
10-19 15:33:38.819  1475  4504 W unknown:ViewManagerPropertyUpdater: Could not find generated setter for class expo.modules.kotlin.views.GroupViewManagerWrapper
10-19 15:33:38.821  1475  4504 W unknown:ViewManagerPropertyUpdater: Could not find generated setter for class expo.modules.kotlin.views.SimpleViewManagerWrapper
10-19 15:33:38.822  1475  4504 W unknown:ViewManagerPropertyUpdater: Could not find generated setter for class com.swmansion.gesturehandler.react.RNGestureHandlerRootViewManager
10-19 15:33:38.822  1475  4504 W unknown:ViewManagerPropertyUpdater: Could not find generated setter for class com.swmansion.gesturehandler.react.RNGestureHandlerButtonViewManager
10-19 15:33:38.824  1475  4504 W unknown:ViewManagerPropertyUpdater: Could not find generated setter for class com.rnmaps.fabric.MapViewManager
10-19 15:33:38.824  1475  4504 W unknown:ViewManagerPropertyUpdater: Could not find generated setter for class com.rnmaps.fabric.MarkerManager
10-19 15:33:38.825  1475  4504 W unknown:ViewManagerPropertyUpdater: Could not find generated setter for class com.rnmaps.fabric.CalloutManager
10-19 15:33:38.825  1475  4504 W unknown:ViewManagerPropertyUpdater: Could not find generated setter for class com.rnmaps.fabric.PolygonManager
10-19 15:33:38.826  1475  4504 W unknown:ViewManagerPropertyUpdater: Could not find generated setter for class com.rnmaps.fabric.PolylineManager
10-19 15:33:38.826  1475  4504 W unknown:ViewManagerPropertyUpdater: Could not find generated setter for class com.rnmaps.fabric.CircleManager
10-19 15:33:38.827  1475  4504 W unknown:ViewManagerPropertyUpdater: Could not find generated setter for class com.rnmaps.fabric.OverlayManager
10-19 15:33:38.827  1475  4504 W unknown:ViewManagerPropertyUpdater: Could not find generated setter for class com.rnmaps.fabric.UrlTileManager
10-19 15:33:38.827  1475  4504 W unknown:ViewManagerPropertyUpdater: Could not find generated setter for class com.rnmaps.fabric.WMSTileManager
10-19 15:33:38.827  1475  4504 W unknown:ViewManagerPropertyUpdater: Could not find generated setter for class com.rnmaps.maps.MapGradientPolylineManager
10-19 15:33:38.828  1475  4504 W unknown:ViewManagerPropertyUpdater: Could not find generated setter for class com.rnmaps.maps.MapLocalTileManager
10-19 15:33:38.828  1475  4504 W unknown:ViewManagerPropertyUpdater: Could not find generated setter for class com.rnmaps.maps.MapHeatmapManager
10-19 15:33:38.829  1475  4504 W unknown:ViewManagerPropertyUpdater: Could not find generated setter for class com.th3rdwave.safeareacontext.SafeAreaProviderManager
10-19 15:33:38.829  1475  4504 W unknown:ViewManagerPropertyUpdater: Could not find generated setter for class com.th3rdwave.safeareacontext.SafeAreaViewManager
10-19 15:33:38.829  1475  4504 W unknown:ViewManagerPropertyUpdater: Could not find generated setter for class com.th3rdwave.safeareacontext.SafeAreaViewShadowNode
10-19 15:33:38.830  1475  4504 W unknown:ViewManagerPropertyUpdater: Could not find generated setter for class com.swmansion.rnscreens.ScreenContainerViewManager
10-19 15:33:38.830  1475  4504 W unknown:ViewManagerPropertyUpdater: Could not find generated setter for class com.swmansion.rnscreens.ScreenViewManager
10-19 15:33:38.831  1475  4504 W unknown:ViewManagerPropertyUpdater: Could not find generated setter for class com.swmansion.rnscreens.ModalScreenViewManager
10-19 15:33:38.832  1475  4504 W unknown:ViewManagerPropertyUpdater: Could not find generated setter for class com.swmansion.rnscreens.ScreenStackViewManager
10-19 15:33:38.832  1475  4504 W unknown:ViewManagerPropertyUpdater: Could not find generated setter for class com.swmansion.rnscreens.ScreenStackHeaderConfigViewManager
10-19 15:33:38.833  1475  4504 W unknown:ViewManagerPropertyUpdater: Could not find generated setter for class com.swmansion.rnscreens.ScreenStackHeaderSubviewManager
10-19 15:33:38.834  1475  4504 W unknown:ViewManagerPropertyUpdater: Could not find generated setter for class com.swmansion.rnscreens.SearchBarManager
10-19 15:33:38.834  1475  4504 W unknown:ViewManagerPropertyUpdater: Could not find generated setter for class com.swmansion.rnscreens.ScreenFooterManager
10-19 15:33:38.834  1475  4504 W unknown:ViewManagerPropertyUpdater: Could not find generated setter for class com.swmansion.rnscreens.ScreenContentWrapperManager
10-19 15:33:38.835  1475  4504 W unknown:ViewManagerPropertyUpdater: Could not find generated setter for class com.swmansion.rnscreens.gamma.tabs.TabsHostViewManager
10-19 15:33:38.835  1475  4504 W unknown:ViewManagerPropertyUpdater: Could not find generated setter for class com.swmansion.rnscreens.gamma.tabs.TabScreenViewManager
10-19 15:33:38.836  1475  4504 W unknown:ViewManagerPropertyUpdater: Could not find generated setter for class com.swmansion.rnscreens.safearea.SafeAreaViewManager
10-19 15:33:38.836  1475  4504 W unknown:ViewManagerPropertyUpdater: Could not find generated setter for class com.swmansion.rnscreens.safearea.paper.SafeAreaViewShadowNode
10-19 15:33:38.836  1475  4504 W unknown:ViewManagerPropertyUpdater: Could not find generated setter for class com.horcrux.svg.RenderableViewManager$DefsViewManager
10-19 15:33:38.837  1475  4504 W unknown:ViewManagerPropertyUpdater: Could not find generated setter for class com.horcrux.svg.VirtualViewManager$RenderableShadowNode
10-19 15:33:38.837  1475  4504 W unknown:ViewManagerPropertyUpdater: Could not find generated setter for class com.horcrux.svg.RenderableViewManager$FeMergeManager
10-19 15:33:38.839  1475  4504 W unknown:ViewManagerPropertyUpdater: Could not find generated setter for class com.horcrux.svg.RenderableViewManager$LinearGradientManager
10-19 15:33:38.840  1475  4504 W unknown:ViewManagerPropertyUpdater: Could not find generated setter for class com.horcrux.svg.RenderableViewManager$FeGaussianBlurManager
10-19 15:33:38.840  1475  4504 W unknown:ViewManagerPropertyUpdater: Could not find generated setter for class com.horcrux.svg.RenderableViewManager$FeColorMatrixManager
10-19 15:33:38.841  1475  4504 W unknown:ViewManagerPropertyUpdater: Could not find generated setter for class com.horcrux.svg.RenderableViewManager$ClipPathViewManager
10-19 15:33:38.842  1475  4504 W unknown:ViewManagerPropertyUpdater: Could not find generated setter for class com.horcrux.svg.RenderableViewManager$SymbolManager
10-19 15:33:38.842  1475  4504 W unknown:ViewManagerPropertyUpdater: Could not find generated setter for class com.horcrux.svg.RenderableViewManager$PatternManager
10-19 15:33:38.843  1475  4504 W unknown:ViewManagerPropertyUpdater: Could not find generated setter for class com.horcrux.svg.RenderableViewManager$FeBlendManager
10-19 15:33:38.843  1475  4504 W unknown:ViewManagerPropertyUpdater: Could not find generated setter for class com.horcrux.svg.SvgViewManager
10-19 15:33:38.844  1475  4504 W unknown:ViewManagerPropertyUpdater: Could not find generated setter for class com.horcrux.svg.RenderableViewManager$UseViewManager
10-19 15:33:38.844  1475  4504 W unknown:ViewManagerPropertyUpdater: Could not find generated setter for class com.horcrux.svg.RenderableViewManager$CircleViewManager
10-19 15:33:38.845  1475  4504 W unknown:ViewManagerPropertyUpdater: Could not find generated setter for class com.horcrux.svg.RenderableViewManager$TSpanViewManager
10-19 15:33:38.846  1475  4504 W unknown:ViewManagerPropertyUpdater: Could not find generated setter for class com.horcrux.svg.RenderableViewManager$FilterManager
10-19 15:33:38.846  1475  4504 W unknown:ViewManagerPropertyUpdater: Could not find generated setter for class com.horcrux.svg.RenderableViewManager$MarkerManager
10-19 15:33:38.847  1475  4504 W unknown:ViewManagerPropertyUpdater: Could not find generated setter for class com.horcrux.svg.RenderableViewManager$ForeignObjectManager
10-19 15:33:38.848  1475  4504 W unknown:ViewManagerPropertyUpdater: Could not find generated setter for class com.horcrux.svg.RenderableViewManager$EllipseViewManager
10-19 15:33:38.849  1475  4504 W unknown:ViewManagerPropertyUpdater: Could not find generated setter for class com.horcrux.svg.RenderableViewManager$LineViewManager
10-19 15:33:38.850  1475  4504 W unknown:ViewManagerPropertyUpdater: Could not find generated setter for class com.horcrux.svg.RenderableViewManager$FeFloodManager
10-19 15:33:38.851  1475  4504 W unknown:ViewManagerPropertyUpdater: Could not find generated setter for class com.horcrux.svg.RenderableViewManager$GroupViewManager
10-19 15:33:38.851  1475  4504 W unknown:ViewManagerPropertyUpdater: Could not find generated setter for class com.horcrux.svg.RenderableViewManager$TextViewManager
10-19 15:33:38.851  1475  4504 W unknown:ViewManagerPropertyUpdater: Could not find generated setter for class com.horcrux.svg.RenderableViewManager$ImageViewManager
10-19 15:33:38.852  1475  4504 W unknown:ViewManagerPropertyUpdater: Could not find generated setter for class com.horcrux.svg.RenderableViewManager$FeCompositeManager
10-19 15:33:38.853  1475  4504 W unknown:ViewManagerPropertyUpdater: Could not find generated setter for class com.horcrux.svg.RenderableViewManager$RadialGradientManager
10-19 15:33:38.854  1475  4504 W unknown:ViewManagerPropertyUpdater: Could not find generated setter for class com.horcrux.svg.RenderableViewManager$MaskManager
10-19 15:33:38.855  1475  4504 W unknown:ViewManagerPropertyUpdater: Could not find generated setter for class com.horcrux.svg.RenderableViewManager$RectViewManager
10-19 15:33:38.856  1475  4504 W unknown:ViewManagerPropertyUpdater: Could not find generated setter for class com.horcrux.svg.RenderableViewManager$TextPathViewManager
10-19 15:33:38.857  1475  4504 W unknown:ViewManagerPropertyUpdater: Could not find generated setter for class com.horcrux.svg.RenderableViewManager$FeOffsetManager
10-19 15:33:38.858  1475  4504 W unknown:ViewManagerPropertyUpdater: Could not find generated setter for class com.horcrux.svg.RenderableViewManager$PathViewManager
10-19 15:33:38.858  1475  4504 W unknown:ViewManagerPropertyUpdater: Could not find generated setter for class com.reactnativecommunity.webview.RNCWebViewManager
10-19 15:33:38.916  1475  4503 D nativeloader: Load /data/app/~~hhFxNh_mkcaUaBhq04_6Fw==/com.a1taxi.a1taxicustomer-dP_NhI3EFolXzgNIABuXlg==/base.apk!/lib/arm64-v8a/libexpo-modules-core.so using class loader ns clns-8 (caller=/data/app/~~hhFxNh_mkcaUaBhq04_6Fw==/com.a1taxi.a1taxicustomer-dP_NhI3EFolXzgNIABuXlg==/base.apk!classes2.dex): ok
10-19 15:33:38.921  1475  4503 I ExpoModulesCore: âœ… JSI interop was installed
10-19 15:33:38.933  1475  4503 I ExpoModulesCore: âœ… Constants were exported
10-19 15:33:38.961 14485 14485 D VRI[Launcher]: visibilityChanged oldVisibility=true newVisibility=false
10-19 15:33:38.967  1475  4503 D nativeloader: Load /data/app/~~hhFxNh_mkcaUaBhq04_6Fw==/com.a1taxi.a1taxicustomer-dP_NhI3EFolXzgNIABuXlg==/base.apk!/lib/arm64-v8a/librnscreens.so using class loader ns clns-8 (caller=/data/app/~~hhFxNh_mkcaUaBhq04_6Fw==/com.a1taxi.a1taxicustomer-dP_NhI3EFolXzgNIABuXlg==/base.apk!classes2.dex): ok
10-19 15:33:38.971  1475  4503 I ReactNativeJS: Running "main"
10-19 15:33:39.016 14485 14485 D ViewRootImpl: AppSizeAfterRelayout, size: Point(1080, 2392), rotation: ROTATION_0
10-19 15:33:39.016 14485 14485 D BLASTBufferQueue: [VRI[Launcher]#69](f:0,a:1) destructor()
10-19 15:33:39.017 14485 14485 D BufferQueueConsumer: [VRI[Launcher]#69(BLAST Consumer)69](id:389500000045,api:0,p:-1,c:14485) disconnect
10-19 15:33:39.019 14485 14485 I bnlz    : onStop
10-19 15:33:39.058  1475  1475 D nativeloader: Load /data/app/~~hhFxNh_mkcaUaBhq04_6Fw==/com.a1taxi.a1taxicustomer-dP_NhI3EFolXzgNIABuXlg==/base.apk!/lib/arm64-v8a/libworklets.so using class loader ns clns-8 (caller=/data/app/~~hhFxNh_mkcaUaBhq04_6Fw==/com.a1taxi.a1taxicustomer-dP_NhI3EFolXzgNIABuXlg==/base.apk!classes2.dex): ok
10-19 15:33:39.063  1475  4483 D MAGT_SYNC_FRAME: MAGT Sync: MAGT is not supported. Disabling Sync.
10-19 15:33:39.069  1475  4503 I ReactNativeJS: 'ðŸŽ¯ [TRIP_NOTIFICATION] Component mounted, notifications count:', 0
10-19 15:33:39.069  1475  4503 I ReactNativeJS: 'ðŸ” [TRIP_NOTIFICATION] Component render - visible:', false, 'notification:', false
10-19 15:33:39.081  1475  4483 I GrallocExtra: gralloc_extra_query:is_SW3D 0
10-19 15:33:39.081  1475  4483 D BLASTBufferQueue: [VRI[MainActivity]#0](f:0,a:1) acquireNextBufferLocked size=1080x2392 mFrameNumber=1 applyTransaction=true mTimestamp=631589632732644(auto) mPendingTransactions.size=0 graphicBufferId=6335076761606 transform=0
10-19 15:33:39.090  1475  4504 W unknown:ViewManagerPropertyUpdater: Could not find generated setter for class com.swmansion.rnscreens.ScreensShadowNode
10-19 15:33:39.092  1475  1475 D CompatChangeReporter: Compat change id reported: 63938206; UID 10390; state: ENABLED
10-19 15:33:39.109  1870  1976 I ActivityTaskManager: Displayed com.a1taxi.a1taxicustomer/.MainActivity for user 0: +738ms
10-19 15:33:39.117  1475  4503 I ReactNativeJS: ðŸ”” [BANNER_DEBUG] ===== NOTIFICATION BANNER EFFECT =====
10-19 15:33:39.117  1475  4503 I ReactNativeJS: 'ðŸ”” [BANNER_DEBUG] Banner summary:', { totalNotifications: 0,
10-19 15:33:39.117  1475  4503 I ReactNativeJS:   currentlyVisible: false,
10-19 15:33:39.117  1475  4503 I ReactNativeJS:   currentNotification: undefined,
10-19 15:33:39.117  1475  4503 I ReactNativeJS:   shownNotificationsCount: 0,
10-19 15:33:39.117  1475  4503 I ReactNativeJS:   tripCompletedNotifications: 0,
10-19 15:33:39.117  1475  4503 I ReactNativeJS:   unreadTripCompleted: 0 }
10-19 15:33:39.117  1475  4503 I ReactNativeJS: ðŸ“± [BANNER_DEBUG] ===== BANNER DISPLAY DECISION =====
10-19 15:33:39.118  1475  4503 I ReactNativeJS: ðŸŽ¯ [TRIP_NOTIFICATION] ===== useEffect TRIGGERED - CHECKING FOR COMPLETION NOTIFICATIONS =====
10-19 15:33:39.118  1475  4503 I ReactNativeJS: 'ðŸŽ¯ [TRIP_NOTIFICATION] Notifications array length:', 0
10-19 15:33:39.118  1475  4503 I ReactNativeJS: 'ðŸŽ¯ [TRIP_NOTIFICATION] Notifications array reference:', []
10-19 15:33:39.118  1475  4503 I ReactNativeJS: 'ðŸŽ¯ [TRIP_NOTIFICATION] Total notifications received:', 0
10-19 15:33:39.118  1475  4503 I ReactNativeJS: 'ðŸŽ¯ [TRIP_NOTIFICATION] Notification types:', []
10-19 15:33:39.118  1475  4503 I ReactNativeJS: 'ðŸŽ¯ [TRIP_NOTIFICATION] ride_completed count:', 0
10-19 15:33:39.118  1475  4503 I ReactNativeJS: 'ðŸŽ¯ [TRIP_NOTIFICATION] Unread ride_completed:', 0
10-19 15:33:39.118  1475  4503 I ReactNativeJS: 'ðŸŽ¯ [TRIP_NOTIFICATION] Already shown count:', 0
10-19 15:33:39.118  1475  4503 I ReactNativeJS: 'ðŸŽ¯ [TRIP_NOTIFICATION] Currently visible:', false
10-19 15:33:39.118  1475  4503 I ReactNativeJS: 'ðŸŽ¯ [TRIP_NOTIFICATION] Filtered completion notifications:', 0
10-19 15:33:39.118  1475  4503 I ReactNativeJS: ðŸ“± Requesting location permission on app start for all platforms...
10-19 15:33:39.118  1475  4503 I ReactNativeJS: 'ðŸ“± Current platform:', 'android'
10-19 15:33:39.118  1475  4503 I ReactNativeJS: 'ðŸ” Requesting location permission for platform:', 'android'
10-19 15:33:39.118  1475  4503 I ReactNativeJS: ðŸ“± Requesting Android location permissions...
10-19 15:33:39.120  1475  4503 I ReactNativeJS: ðŸ“Š Loading all vehicle configs from fare_matrix table for booking_type=regular
10-19 15:33:39.122  1475  4503 I ReactNativeJS: ðŸ—ºï¸ Fetching active zones from database...
10-19 15:33:39.122  1475  4503 I ReactNativeJS: ðŸ“Š [HOME] ===== AVAILABLE DRIVERS STATE CHANGED =====
10-19 15:33:39.123  1475  4503 I ReactNativeJS: 'ðŸ“Š [HOME] availableDrivers state update:', { count: 0,
10-19 15:33:39.123  1475  4503 I ReactNativeJS:   showDriversOnMap: true,
10-19 15:33:39.123  1475  4503 I ReactNativeJS:   driversPassedToMap: 0,
10-19 15:33:39.123  1475  4503 I ReactNativeJS:   drivers: [] }
10-19 15:33:39.123  1475  4503 I ReactNativeJS: ðŸ—ºï¸ [HOME] No drivers to pass to map (availableDrivers is empty)
10-19 15:33:39.123  1475  4504 W unknown:ViewManagerPropertyUpdater: Could not find generated setter for class com.swmansion.rnscreens.ScreenStackHeaderConfigShadowNode
10-19 15:33:39.126  1475  4503 I ReactNativeJS: â³ AuthNavigator - waiting for navigation to be ready
10-19 15:33:39.133  1475  4503 I ReactNativeJS: 'ðŸ” AuthNavigator - checking auth state:', { user: false,
10-19 15:33:39.133  1475  4503 I ReactNativeJS:   loading: true,
10-19 15:33:39.133  1475  4503 I ReactNativeJS:   segments: '(tabs)',
10-19 15:33:39.133  1475  4503 I ReactNativeJS:   userEmail: undefined,
10-19 15:33:39.133  1475  4503 I ReactNativeJS:   userRole: undefined }
10-19 15:33:39.133  1475  4503 I ReactNativeJS: 'ðŸŽ¯ [TRIP_NOTIFICATION] Component mounted, notifications count:', 0
10-19 15:33:39.133  1475  4503 I ReactNativeJS: 'ðŸ” [TRIP_NOTIFICATION] Component render - visible:', false, 'notification:', false
10-19 15:33:39.135 21104 22617 I FontLog : (REDACTED) Received query %s, URI %s
10-19 15:33:39.135 21104 22617 I FontLog : (REDACTED) Query [%s] resolved to %s
10-19 15:33:39.135  1475  4503 I ReactNativeJS: 'ðŸ” AuthNavigator - checking auth state:', { user: false,
10-19 15:33:39.135  1475  4503 I ReactNativeJS:   loading: false,
10-19 15:33:39.135  1475  4503 I ReactNativeJS:   segments: '(tabs)',
10-19 15:33:39.135  1475  4503 I ReactNativeJS:   userEmail: undefined,
10-19 15:33:39.135  1475  4503 I ReactNativeJS:   userRole: undefined }
10-19 15:33:39.135  1475  4503 I ReactNativeJS: ðŸ”„ Redirecting to login - user not authenticated
10-19 15:33:39.136  1475  1475 V ImeFocusController: onWindowFocus: com.android.internal.policy.DecorView{c1d4fea V.E...... R.....ID 0,0-1080,2392}[MainActivity] softInputMode=STATE_UNSPECIFIED|ADJUST_RESIZE|IS_FORWARD_NAVIGATION
10-19 15:33:39.141 21104 22617 I FontLog : (REDACTED) Fetch %s end status %s
10-19 15:33:39.146  5589  5589 I GoogleInputMethodService: GoogleInputMethodService.onFinishInput():2085 
10-19 15:33:39.147  5589  5589 I Module  : DeviceLockedStatusModuleProvider$Module.updateDeviceLockedStatus():100 repeatCheckTimes = 0, locked = false
10-19 15:33:39.149  5589  5589 I GoogleInputMethodService: GoogleInputMethodService.onStartInput():1346 onStartInput(EditorInfo{EditorInfo{packageName=com.a1taxi.a1taxicustomer, inputType=0, inputTypeString=NULL, enableLearning=false, autoCorrection=false, autoComplete=false, imeOptions=0, privateImeOptions=null, actionName=UNSPECIFIED, actionLabel=null, initialSelStart=-1, initialSelEnd=-1, initialCapsMode=0, label=null, fieldId=0, fieldName=null, extras=null, hintText=null, hintLocales=[]}}, false)
10-19 15:33:39.149  5589  5589 I Module  : DeviceLockedStatusModuleProvider$Module.updateDeviceLockedStatus():100 repeatCheckTimes = 1, locked = false
10-19 15:33:39.151 21104 21250 I FontLog : (REDACTED) Pulling font file for id = %d, cache size = %d
10-19 15:33:39.160  1475  1475 W [RNScreens]: topInsetEnabled prop is not available on Android
10-19 15:33:39.162 21104 21250 I FontLog : (REDACTED) Pulling font file for id = %d, cache size = %d
10-19 15:33:39.165  1475  4503 I ReactNativeJS: ðŸ›‘ [HOME] Stopping driver location polling
10-19 15:33:39.173  1475  4522 I WebViewFactory: Loading com.google.android.webview version 141.0.7390.43 (code 739004333)
10-19 15:33:39.178  1475  4522 W .a1taxicustomer: Failed to find entry 'classes.dex': Entry not found
10-19 15:33:39.181  1475  4522 D nativeloader: Configuring clns-9 for other apk /data/app/~~_E4p1LJR5JF7COZmMiDVoA==/com.google.android.trichromelibrary_739004333-IYHcrypmKBkTpfxt3UyU4A==/base.apk. target_sdk_version=36, uses_libraries=ALL, library_path=/data/app/~~0k-bhKJKWMvMm9CSFH5Hzg==/com.google.android.webview-mLV-HzOd8sNTJLZpa_7utA==/lib/arm64:/data/app/~~0k-bhKJKWMvMm9CSFH5Hzg==/com.google.android.webview-mLV-HzOd8sNTJLZpa_7utA==/base.apk!/lib/arm64-v8a:/data/app/~~_E4p1LJR5JF7COZmMiDVoA==/com.google.android.trichromelibrary_739004333-IYHcrypmKBkTpfxt3UyU4A==/base.apk!/lib/arm64-v8a, permitted_path=/data:/mnt/expand
10-19 15:33:39.186  1475  4503 I ReactNativeJS: 'ðŸ” AuthNavigator - checking auth state:', { user: false,
10-19 15:33:39.186  1475  4503 I ReactNativeJS:   loading: false,
10-19 15:33:39.186  1475  4503 I ReactNativeJS:   segments: 'auth/login',
10-19 15:33:39.186  1475  4503 I ReactNativeJS:   userEmail: undefined,
10-19 15:33:39.186  1475  4503 I ReactNativeJS:   userRole: undefined }
10-19 15:33:39.186  1475  4522 D nativeloader: Extending system_exposed_libraries: libapuwareapusys.mtk.so:libapuwareapusys_v2.mtk.so:libapuwarexrp.mtk.so:libapuwarexrp_v2.mtk.so:libapuwareutils.mtk.so:libapuwareutils_v2.mtk.so:libapuwarehmp.mtk.so:libneuron_graph_delegate.mtk.so:libneuronusdk_adapter.mtk.so:libtflite_mtk.mtk.so:libarmnn_ndk.mtk.so:libcmdl_ndk.mtk.so:libnir_neon_driver_ndk.mtk.so:libmvpu_runtime.mtk.so:libmvpu_runtime_pub.mtk.so:libmvpu_engine_pub.mtk.so:libmvpu_pattern_pub.mtk.so:libmvpuop_mtk_cv.mtk.so:libmvpuop_mtk_nn.mtk.so:libmvpu_runtime_25.mtk.so:libmvpu_runtime_25_pub.mtk.so:libmvpu_engine_25_pub.mtk.so:libmvpu_pattern_25_pub.mtk.so:libmvpuop25_mtk_cv.mtk.so:libmvpuop25_mtk_nn.mtk.so:libmvpu_config.mtk.so:libteeservice_client.trustonic.so:librealm-jni.vivo.so
10-19 15:33:39.189  1475  4522 D ApplicationLoaders: Returning zygote-cached class loader: /system_ext/framework/androidx.window.extensions.jar
10-19 15:33:39.198  1475  4522 D nativeloader: Configuring clns-10 for other apk /data/app/~~0k-bhKJKWMvMm9CSFH5Hzg==/com.google.android.webview-mLV-HzOd8sNTJLZpa_7utA==/base.apk. target_sdk_version=36, uses_libraries=, library_path=/data/app/~~0k-bhKJKWMvMm9CSFH5Hzg==/com.google.android.webview-mLV-HzOd8sNTJLZpa_7utA==/lib/arm64:/data/app/~~0k-bhKJKWMvMm9CSFH5Hzg==/com.google.android.webview-mLV-HzOd8sNTJLZpa_7utA==/base.apk!/lib/arm64-v8a:/data/app/~~_E4p1LJR5JF7COZmMiDVoA==/com.google.android.trichromelibrary_739004333-IYHcrypmKBkTpfxt3UyU4A==/base.apk!/lib/arm64-v8a, permitted_path=/data:/mnt/expand
10-19 15:33:39.207  1475  4504 D CompatChangeReporter: Compat change id reported: 303326708; UID 10390; state: ENABLED
10-19 15:33:39.230  1475  4504 W unknown:ReactNative: Tried to update size of non-existent tag: 215
10-19 15:33:39.232  1475  4504 W unknown:ReactNative: Attempt to set local data for view with unknown tag: -1
10-19 15:33:39.232  1475  4504 W unknown:ReactNative: Attempt to set local data for view with unknown tag: -1
10-19 15:33:39.232  1475  4504 W unknown:ReactNative: Attempt to set local data for view with unknown tag: -1
10-19 15:33:39.232  1475  4504 W unknown:ReactNative: Tried to update size of non-existent tag: 215
10-19 15:33:39.234  1475  4503 I ReactNativeJS: 'ðŸ“± Fine location permission result:', 'granted'
10-19 15:33:39.234  1475  4503 I ReactNativeJS: âœ… Android fine location permission granted
10-19 15:33:39.234  1475  4503 I ReactNativeJS: âœ… Location permission granted on mount
10-19 15:33:39.234  1475  4503 I ReactNativeJS: ðŸ“ [HOME] Starting location fetch...
10-19 15:33:39.234  1475  4503 I ReactNativeJS: ðŸ” Enhanced Location Service: Getting current location with address...
10-19 15:33:39.234  1475  4503 I ReactNativeJS: 'ðŸ” Platform:', 'android'
10-19 15:33:39.234  1475  4503 I ReactNativeJS: ðŸ“ Enhanced Location Service: Starting location detection...
10-19 15:33:39.234  1475  4503 I ReactNativeJS: 'ðŸŒ Platform:', 'android'
10-19 15:33:39.238  1475  4503 I ReactNativeJS: âœ… Enhanced Location Service: Permission granted, attempting detection...
10-19 15:33:39.238  1475  4503 I ReactNativeJS: ðŸŽ¯ Enhanced Location Service: Attempting high accuracy GPS...
10-19 15:33:39.239  1475  4503 I ReactNativeJS: ðŸ“± Using Expo Location for high accuracy...
10-19 15:33:39.249  1475  1475 W [RNScreens]: topInsetEnabled prop is not available on Android
10-19 15:33:39.250  1475  4504 W unknown:ReactNative: Attempt to set local data for view with unknown tag: -1
10-19 15:33:39.251  1475  4504 W unknown:ReactNative: Attempt to set local data for view with unknown tag: -1
10-19 15:33:39.251  1475  4504 W unknown:ReactNative: Attempt to set local data for view with unknown tag: -1
10-19 15:33:39.251  1475  1475 W [RNScreens]: topInsetEnabled prop is not available on Android
10-19 15:33:39.254  1475  4522 I cr_WVCFactoryProvider: version=141.0.7390.43 (739004333) minSdkVersion=29 multiprocess=true packageId=2 splits=<none>
10-19 15:33:39.260  1475  4522 D nativeloader: Load /data/app/~~_E4p1LJR5JF7COZmMiDVoA==/com.google.android.trichromelibrary_739004333-IYHcrypmKBkTpfxt3UyU4A==/base.apk!/lib/arm64-v8a/libmonochrome_64.so using class loader ns clns-10 (caller=/data/app/~~0k-bhKJKWMvMm9CSFH5Hzg==/com.google.android.webview-mLV-HzOd8sNTJLZpa_7utA==/base.apk): ok
10-19 15:33:39.267  1475  4522 D nativeloader: Load /system/lib64/libwebviewchromium_plat_support.so using class loader ns clns-10 (caller=/data/app/~~0k-bhKJKWMvMm9CSFH5Hzg==/com.google.android.webview-mLV-HzOd8sNTJLZpa_7utA==/base.apk): ok
10-19 15:33:39.278  1475  1475 W [RNScreens]: topInsetEnabled prop is not available on Android
10-19 15:33:39.279  1475  1475 W [RNScreens]: topInsetEnabled prop is not available on Android
10-19 15:33:39.286  1475  4522 I cr_LibraryLoader: Successfully loaded native library
10-19 15:33:39.287  1475  4522 I cr_CachingUmaRecorder: Flushed 15 samples from 15 histograms, 0 samples were dropped.
10-19 15:33:39.319 21104  4203 I FusedOrientationManager: Registering orientation client. [CONTEXT service_id=6 ]
10-19 15:33:39.332 21104  4199 I FusedOrientationManager: Registering orientation client. [CONTEXT service_id=6 ]
10-19 15:33:39.337  1475  4503 I ReactNativeJS: 'âœ… Enhanced Location Service: High accuracy location obtained:', { lat: 12.748615,
10-19 15:33:39.337  1475  4503 I ReactNativeJS:   lng: 77.8300067,
10-19 15:33:39.337  1475  4503 I ReactNativeJS:   accuracy: '2.2339999675750732m' }
10-19 15:33:39.338  1475  4503 I ReactNativeJS: 'ðŸ“ Enhanced Location Service: Got location:', { latitude: 12.748615,
10-19 15:33:39.338  1475  4503 I ReactNativeJS:   longitude: 77.8300067,
10-19 15:33:39.338  1475  4503 I ReactNativeJS:   accuracy: 2.2339999675750732 }
10-19 15:33:39.338  1475  4503 I ReactNativeJS: ðŸ—ºï¸ Enhanced Location Service: Starting reverse geocoding...
10-19 15:33:39.338  1475  4503 I ReactNativeJS: 'ðŸ—ºï¸ Reverse geocoding coordinates:', { latitude: 12.748615, longitude: 77.8300067 }
10-19 15:33:39.338  1475  4503 I ReactNativeJS: 'ðŸ  Reverse geocoding:', { lat: 12.748615, lng: 77.8300067 }
10-19 15:33:39.338  1475  4503 I ReactNativeJS: 'ðŸŒ Making proxy request to:', 'https://whubaypabojomdyfqxcf.supabase.co/functions/v1/places-proxy/geocode?latlng=12.748615%2C77.8300067'
10-19 15:33:39.467 21104 21184 I FusedLocation: (REDACTED) location delivery to %s blocked - too fast
10-19 15:33:39.467 21104 21184 I FusedLocation: (REDACTED) location delivery to %s blocked - too close
10-19 15:33:39.468 21104 21184 I FusedLocation: (REDACTED) location delivery to %s blocked - too close
10-19 15:33:39.468 21104 21184 I FusedLocation: (REDACTED) location delivery to %s blocked - too fast
10-19 15:33:39.468 21104 21184 I FusedLocation: (REDACTED) location delivery to %s blocked - too close
10-19 15:33:39.468 21104 21184 I FusedLocation: (REDACTED) location delivery to %s blocked - too fast
10-19 15:33:39.699  5720 14093 D SQLiteQueryBuilder: SELECT _id, _data, _size, date_modified, bucket_id, orientation, datetaken FROM images WHERE ((((is_pending=0 AND NOT _modifier=4) OR (is_pending=1 AND lower(_data) NOT REGEXP '.*/\.pending-(\d+)-([^/]+)$' AND owner_package_name IN ( 'com.vivo.widget.gallery' , 'com.vivo.gallery' )))) AND (is_trashed=0) AND (volume_name IN ( 'external_primary' ))) AND (( bucket_id IN ( -1212198981, -1695567127, -53910322, -2140495773, 606811175, 1251957395, 1115488879, 1092149518, 390907738, -1694063856, -803954635, -1690180765, -1816304744, 911081060, -1291404494, -1285319851, -651554454, 151630153, 543621159, -2002206485, 73761835, -1760112825, -71543827, -302991967, -1227671927, -156420408, -1516374533, 1829735780, -1450708494, -506316380, -1341114264, 1114833418, 1152093397, -1733679058, -2131021710, -680697881, 2084439217, -2024679488, -1447456465, 700805465, 991906690, 1345966226, 657155968, 1266435012, -1966306697, -1897284014, -1949680778, 434583847, 990381004, -1526850504, -1612742889, -1273942824, -1004938028, 331203438, 708879003, 255899559, -528275350, -602893060, -1055518229, 545491069, -1716401999, 668104411, -1118657469, 1040014575, 849662899, -174887798, -1292465169, 1101584562, -613830029, -1577375515, -1628155945, -1033534650, -328196774, -2071947861, 805181138, -1104308479, 181789691, 619245019, 616142335, -1829889111, -1578944343, -1809455754, 1690766750, -793566743, 272894235, -435605656, -1858432929, -792464988, -434569360, -1462931038, -879973635, 65759896, -924335728, -1809287853, 1755148769, -223571158, 2126348076, 48382832, 700217390, 630412299, 183872366, 1059985074, -1806957104, -1641691205, -571335571, 1519174419, 1036004452, -2031220924, -1537104433, 1829930144, -745596364, -8122821, 1366741172, 1548299660, 1674287630, -1535937100, 13148420, 1909659649, 264986155, -9482612, 13005089, -2089205090, -1022498075, -919133986, -884178250, -1422443828, -670014994, -2121027476, 2020100714, 489993, 448544941, -2101462868, -261299595, 1172023232, 1278178828, -607125002, -856420653, -1973993346, 1498690426, -1527464249, -1945110980, 395625896, 1909316592, 569711560, -1686988495, 1763470175, -1488038648, 2113906615, -550734493, 85651275, -1964037955, 428383196, -1949793892, 1136101865, 2018234913, -18391924, 1490911920, -884178653, -1170470833, -1215953411, 1077477957, -1198914825, 1461775709, -643464410, 1900774339, 1272506704, -485246563, 1960476238, -1291404897, -1950041765, 1664549270, 2070856141, 1220790880, 359301071, 278762032, 470519460, -924530092, -1382559966, 904275793, 1298630565, 1186223222, -519179321, 232691476, -1684913851, -750954006, 83641895, 1145800364, -2012790048, 1286776387, 397907126, 1330064451, -1804177550, -1809174739, 174397812, 2043613916, -675937132, 1736146008, -1702973091, -1184968074, 1502601919, 1574223589, 445258174, -1682700158, -351293385, 638217523, 2052700512, 949947357, -1318309340, 616722321, -1406249091, 656868479, -402361508, -1410236246, -1193446467, -1415689986, -1935708161, 1786892787, -2041971395, -1087402833, -1809045590, 658433208, 1208185747, 761624307, 250774884, 12344107, -1415495622, 35166595, -175675851, 912551383, -1432612566, 39258592, -131644514, -1950760957, -1022555983, -1656404229, -731336746, 1106324018, 1962141495, -643270046, 133162019, -2075879543, 945165185, -1572118126, 1746875333, -2129001792, -1739773001, -214169408, 1354535744, -1551292529, 581197485, 1732723533, 1456888538, -1448813142, 13311172, -1569520032, -1527994117, 348164313, 1631149349, -242606674, -1914187326, -1445556762, 211087524, -219150656, -1422672119, -1530754818, -1171388910, -2072752055, -1325148867, 361712075, -1730634595, -340891674, 1407102871, 53870456, -508660256, 2028258487, -815228101, -1694937425, -519178918, 1561178453, -1131671344, 1431320847, 2046578077, -781677303, 1291266200, 848578299, -1972390376, -978314959, -1319727662, 943502520, 1028125135, -175466238, 1195992005, 1920382715, 2108277051, 443703009, 675671268, 263662367, -347572232, 183545411, 1450478273, -1879659704, 1957916785, 1976953110, -1157253172, -1407948598, 
10-19 15:33:40.267  1475  4503 I ReactNativeJS: 'âœ… Fetched zones from database:', { count: 2,
10-19 15:33:40.267  1475  4503 I ReactNativeJS:   zones: 
10-19 15:33:40.267  1475  4503 I ReactNativeJS:    [ { name: 'Inner Ring', city: 'Hosur', radius: 7.74 },
10-19 15:33:40.267  1475  4503 I ReactNativeJS:      { name: 'Outer Ring', city: 'Hosur', radius: 13.16 } ] }
10-19 15:33:40.268  1475  4503 I ReactNativeJS: 'âœ… Loaded active zones:', 2
10-19 15:33:40.298  1475  4503 W ReactNativeJS: 'âŒ No fare configs found in fare_matrix table for booking_type=regular:', null
10-19 15:33:40.298  1475  4503 I ReactNativeJS: ðŸ”„ Using fallback configurations
10-19 15:33:40.298  1475  4503 I ReactNativeJS: 'âœ… Proxy response received:', 'OK'
10-19 15:33:40.298  1475  4503 I ReactNativeJS: 'âœ… Geocoded address:', 'PRXJ+F32, Brindavan Nagar, Plot 87, NGGO\'s Colony, Anand Nagar, Hosur, Tamil Nadu 635109, India'
10-19 15:33:40.298  1475  4503 I ReactNativeJS: 'âœ… Geocoded address:', 'PRXJ+F32, Brindavan Nagar, Plot 87, NGGO\'s Colony, Anand Nagar, Hosur, Tamil Nadu 635109, India'
10-19 15:33:40.298  1475  4503 I ReactNativeJS: 'ðŸ  Enhanced Location Service: Got address:', 'PRXJ+F32, Brindavan Nagar, Plot 87, NGGO\'s Colony, Anand Nagar, Hosur, Tamil Nadu 635109, India'
10-19 15:33:40.298  1475  4503 I ReactNativeJS: 'âœ… [HOME] Location obtained:', { lat: 12.748615,
10-19 15:33:40.298  1475  4503 I ReactNativeJS:   lng: 77.8300067,
10-19 15:33:40.298  1475  4503 I ReactNativeJS:   address: 'PRXJ+F32, Brindavan Nagar, Plot 87, NGGO\'s Colony, Anand Nagar, Hosur, Tamil Nadu 635109, India' }
10-19 15:33:40.298  1475  4503 I ReactNativeJS: âœ… [HOME] Location state updated successfully
10-19 15:33:40.298  1475  4503 I ReactNativeJS: ðŸ“ [HOME] Location loading state set to false
10-19 15:33:40.663  1870  3354 V AutofillSession: Primary service component name: ComponentInfo{com.google.android.gms/com.google.android.gms.autofill.service.AutofillService}, secondary service component name: ComponentInfo{com.android.credentialmanager/com.android.credentialmanager.autofill.CredentialAutofillService}
10-19 15:33:40.671  1870 23595 D AutofillSession: clearPendingIntentLocked
10-19 15:33:40.672  3458  3458 V InlineSuggestionRenderService: handleDestroySuggestionViews called for 0:1171428917
10-19 15:33:40.675  1475  1475 I ImeTracker: com.a1taxi.a1taxicustomer:5ddffac4: onRequestShow at ORIGIN_CLIENT reason SHOW_SOFT_INPUT fromUser true
10-19 15:33:40.676  5589  5589 I GoogleInputMethodService: GoogleInputMethodService.onFinishInput():2085 
10-19 15:33:40.676  5589  5589 I Module  : DeviceLockedStatusModuleProvider$Module.updateDeviceLockedStatus():100 repeatCheckTimes = 0, locked = false
10-19 15:33:40.677  5589  5589 W TooltipLifecycleManager: TooltipLifecycleManager.dismissTooltips():153 Tooltip with id SUGGESTION_VIEW_EDU_MINI_DIALOG not found in tooltipManager.
10-19 15:33:40.679  5589  5589 I GoogleInputMethodService: GoogleInputMethodService.onStartInput():1346 onStartInput(EditorInfo{EditorInfo{packageName=com.a1taxi.a1taxicustomer, inputType=2001, inputTypeString=Normal[CapWords], enableLearning=false, autoCorrection=true, autoComplete=true, imeOptions=8000006, privateImeOptions=null, actionName=DONE, actionLabel=null, initialSelStart=0, initialSelEnd=0, initialCapsMode=2000, label=null, fieldId=259, fieldName=null, extras=Bundle[mParcelledData.dataSize=404], hintText=non-empty, hintLocales=[]}}, false)
10-19 15:33:40.680  5589  5589 I Module  : DeviceLockedStatusModuleProvider$Module.updateDeviceLockedStatus():100 repeatCheckTimes = 1, locked = false
10-19 15:33:40.687  5589  5589 I StylusModule: StylusModule.onUpdateToolType():800 Update tool type = 1
10-19 15:33:40.687  1475  1475 I AssistStructure: Flattened final assist data: 2536 bytes, containing 1 windows, 16 views
10-19 15:33:40.688  1870  2718 D AutofillSession: createPendingIntent for request 2180
10-19 15:33:40.690  5589  5589 I GoogleInputMethodService: GoogleInputMethodService.onStartInputView():1439 onStartInputView(EditorInfo{EditorInfo{packageName=com.a1taxi.a1taxicustomer, inputType=2001, inputTypeString=Normal[CapWords], enableLearning=false, autoCorrection=true, autoComplete=true, imeOptions=8000006, privateImeOptions=null, actionName=DONE, actionLabel=null, initialSelStart=0, initialSelEnd=0, initialCapsMode=2000, label=null, fieldId=259, fieldName=null, extras=Bundle[{android.support.text.emoji.emojiCompat_metadataVersion=11, androidx.core.view.inputmethod.EditorInfoCompat.STYLUS_HANDWRITING_ENABLED=true, android.support.text.emoji.emojiCompat_replaceAll=false}], hintText=non-empty, hintLocales=[]}}, false)
10-19 15:33:40.691  5589  5589 I KeyboardHeightUtil: KeyboardHeightUtil.getOemKeyboardHeightRatio():108 systemKeyboardHeightRatio:1.000000.
10-19 15:33:40.692  5589  5589 I AndroidIME: InputBundleManager.loadActiveInputBundleId():528 loadActiveInputBundleId: en-US, ime_english_united_states
10-19 15:33:40.692  5589  5589 I AndroidIME: AbstractIme.onActivate():96 LatinIme.onActivate() : EditorInfo = EditorInfo{packageName=com.a1taxi.a1taxicustomer, inputType=2001, inputTypeString=Normal[CapWords], enableLearning=false, autoCorrection=true, autoComplete=true, imeOptions=8000006, privateImeOptions=null, actionName=DONE, actionLabel=null, initialSelStart=0, initialSelEnd=0, initialCapsMode=2000, label=null, fieldId=259, fieldName=null, extras=Bundle[{android.support.text.emoji.emojiCompat_metadataVersion=11, androidx.core.view.inputmethod.EditorInfoCompat.STYLUS_HANDWRITING_ENABLED=true, android.support.text.emoji.emojiCompat_replaceAll=false}], hintText=non-empty, hintLocales=[]}, IncognitoMode = false, DeviceLocked = false
10-19 15:33:40.692  5589  5589 I InputBundle: InputBundle.consumeEvent():1032 Skip consuming an event as keyboard status is INACTIVE
10-19 15:33:40.693  5589  5589 I Delight5Facilitator: Delight5Facilitator.initializeForIme():740 initializeForIme() : Locale = [en_US], layout = qwerty
10-19 15:33:40.693  5589  5589 I LatinIme: LatinIme.updateEnableInlineSuggestionsOnDecoderSideFlags():1247 inline flag updated to:false
10-19 15:33:40.694  5589  5589 I LatinIme: LatinIme.updateEnableInlineSuggestionsOnDecoderSideFlags():1247 inline flag updated to:false
10-19 15:33:40.696  1475  1475 I ImeTracker: com.a1taxi.a1taxicustomer:d1f146e: onRequestShow at ORIGIN_CLIENT reason SHOW_SOFT_INPUT fromUser false
10-19 15:33:40.696  5589  5589 I InputBundle: InputBundle.consumeEvent():1032 Skip consuming an event as keyboard status is INACTIVE
10-19 15:33:40.696  5589  5589 I LatinIme: LatinIme.resetInputContext():2251 resetInputContext(): reason=1, externalEditsInfo=ExternalEditsInfo{action=0, offset=-1, text=null, originalText=null, edits=null}
10-19 15:33:40.696  5589  5589 I InputBundle: InputBundle.consumeEvent():1032 Skip consuming an event as keyboard status is INACTIVE
10-19 15:33:40.697  5589  5589 I KeyboardWrapper: KeyboardWrapper.activateKeyboard():581 activateKeyboard(): type=prime, status=INACTIVE, imeDef=mkk{stringId=ime_english_united_states, language=en-US, languageTag=en-US, processedConditions={writing_helper_enable_by_word_revert=false, true=true, enable_number_row=true, device=phone, enable_pk_simulator=false}, className=com.google.android.apps.inputmethod.libs.latin5.LatinIme, label=0, keyEventInterpreter=null, inlineComposing=true, autoCapital=true, announceAutoSelectedCandidate=true, statusIcon=0, indicatorIcon=0, indicatorLabel=US, displayAppCompletions=true, extraValues=mkd{#0x7f0b02e0=TypedValue{t=0x3/d=0x0 "com.google.android.apps.inputmethod.libs.latin5.LatinIme"}}, processors=mmb@7d3d911, unacceptableMetaKeys=4098, languageSpecificSettings=0, asciiCapable=true, alwaysShowSuggestions=false, useAsciiPasswordKeyboard=false, keyboardGroupDef=mlk@9ed8bf6, phenotypeFlagId=0, localizationLanguageTag=null, supportsInlineSuggestion=true}
10-19 15:33:40.697  5589  5589 I KeyboardManager: KeyboardManager.requestKeyboard():248 Creating keyboard prime, imeId=ime_english_united_states, cacheKey=theme,!gsf,!pgsans,!pgsf,!use_system_font,BORDER,FLAVOR_DPI=XXHDPI,GOOGLE_ICONS,KEYBOARD_WIDTH_CATEGORY=NORMAL,KEY_BORDER_SHAPE=1,LIGHT_THEME=false,PHYSICAL_DIAGONAL=5.748144,POPUP,SCREEN_SHORTEST_WIDTH=393,SCREEN_SHORTEST_WIDTH_NO_SCALE=393,XXHDPI,bottom4dp,enable_emoji_kitchen_browse_color_v2=true,enable_google_fonts_icons=true,enable_popup_on_keypress=true,keyboard_redesign_google_sans=true,non_linear_scale,noshadow,overlay_builtin_dynamic_color_dark_base.binarypb:gm3-dark-ff131313-ffffffff-4d9204e36e3ccb6a165e3e3dbe763ce0,roundedchip,silkpopup
10-19 15:33:40.698  5589  5589 I KeyboardWrapper: KeyboardWrapper.onKeyboardReady():224 onKeyboardReady(): type=prime(prime), kb=com.google.android.apps.inputmethod.latin.keyboard.LatinPrimeKeyboard@3bf91e4
10-19 15:33:40.698  5589  5589 I KeyboardWrapper: KeyboardWrapper.doActivateKeyboard():611 doActivateKeyboard(): prime
10-19 15:33:40.713 21163 21163 D BoundBrokerSvc: onBind: Intent { act=com.google.android.mdd.service.START dat=chimera-action:/... cmp=com.google.android.gms/.chimera.GmsBoundBrokerService }
10-19 15:33:40.713 21163 21163 D BoundBrokerSvc: Loading bound service for intent: Intent { act=com.google.android.mdd.service.START dat=chimera-action:/... cmp=com.google.android.gms/.chimera.GmsBoundBrokerService }
10-19 15:33:40.716  5589  5589 I KeyboardHeightUtil: KeyboardHeightUtil.calculateMaxKeyboardBodyHeight():50 leave 267 height for app when ime window height:2171, header height:121 and isFullscreenMode:false, so the max keyboard body height is:1783
10-19 15:33:40.716  5589  5589 W TooltipLifecycleManager: TooltipLifecycleManager.dismissTooltips():153 Tooltip with id undo_access_point_promotion_banner not found in tooltipManager.
10-19 15:33:40.717  5589  5589 I KeyboardModeUtils: KeyboardModeUtils.getKeyboardBottomOffset():435 inch: 0.000000 ydpi: 387.429993 adjustKeyboardBottomByDisplaySize: false currentDensityDpi: 440 defaultDensityDpi: 440 keyboardBottomToScreenPx: 0 keyboardBottomToNavBarPx: -116 navBarHeight: 116
10-19 15:33:40.717  5589  5589 I KeyboardHeightUtil: KeyboardHeightUtil.calculateMaxKeyboardBodyHeight():50 leave 267 height for app when ime window height:2171, header height:121 and isFullscreenMode:false, so the max keyboard body height is:1783
10-19 15:33:40.717  5589  5589 I KeyboardHeightUtil: KeyboardHeightUtil.calculateMaxKeyboardBodyHeight():50 leave 267 height for app when ime window height:2171, header height:121 and isFullscreenMode:false, so the max keyboard body height is:1783
10-19 15:33:40.717  5589  5589 I AndroidIME: KeyboardViewManager.updateKeyboardBodyViewHolderPaddingBottom():472 Set finalPaddingBottom = 5 while holderPaddingBottom = 5; navigationHeight = 116
10-19 15:33:40.717  5589  5589 I KeyboardHeightUtil: KeyboardHeightUtil.calculateMaxKeyboardBodyHeight():50 leave 267 height for app when ime window height:2171, header height:121 and isFullscreenMode:false, so the max keyboard body height is:1783
10-19 15:33:40.717  5589  5589 I KeyboardHeightUtil: KeyboardHeightUtil.calculateMaxKeyboardBodyHeight():50 leave 267 height for app when ime window height:2171, header height:121 and isFullscreenMode:false, so the max keyboard body height is:1783
10-19 15:33:40.717  5589  5589 I KeyboardModeUtils: KeyboardModeUtils.getKeyboardBottomOffset():435 inch: 0.000000 ydpi: 387.429993 adjustKeyboardBottomByDisplaySize: false currentDensityDpi: 440 defaultDensityDpi: 440 keyboardBottomToScreenPx: 0 keyboardBottomToNavBarPx: -116 navBarHeight: 116
10-19 15:33:40.717  5589  5589 I KeyboardHeightUtil: KeyboardHeightUtil.calculateMaxKeyboardBodyHeight():50 leave 267 height for app when ime window height:2171, header height:121 and isFullscreenMode:false, so the max keyboard body height is:1783
10-19 15:33:40.717  5589  5589 I KeyboardHeightUtil: KeyboardHeightUtil.calculateMaxKeyboardBodyHeight():50 leave 267 height for app when ime window height:2171, header height:121 and isFullscreenMode:false, so the max keyboard body height is:1783
10-19 15:33:40.717  5589  5589 I AndroidIME: KeyboardViewManager.updateKeyboardBodyViewHolderPaddingBottom():472 Set finalPaddingBottom = 5 while holderPaddingBottom = 5; navigationHeight = 116
10-19 15:33:40.717  5589  5589 I KeyboardHeightUtil: KeyboardHeightUtil.calculateMaxKeyboardBodyHeight():50 leave 267 height for app when ime window height:2171, header height:121 and isFullscreenMode:false, so the max keyboard body height is:1783
10-19 15:33:40.717  5589  5589 I KeyboardHeightUtil: KeyboardHeightUtil.calculateMaxKeyboardBodyHeight():50 leave 267 height for app when ime window height:2171, header height:121 and isFullscreenMode:false, so the max keyboard body height is:1783
10-19 15:33:40.718  5589  5589 I GlobeKeyExtension: GlobeKeyExtension.getKeyboardInitialStates():175 
10-19 15:33:40.718 21163 21163 D BoundBrokerSvc: onBind: Intent { act=com.google.android.gms.wallet.service.BIND pkg=com.google.android.gms }
10-19 15:33:40.718 21163 21163 D BoundBrokerSvc: Loading bound service for intent: Intent { act=com.google.android.gms.wallet.service.BIND pkg=com.google.android.gms }
