10-23 19:09:48.501  9275  9342 I FusedLocation: (REDACTED) location delivery to %s blocked - too close
10-23 19:09:48.502  9275  9342 I FusedLocation: (REDACTED) location delivery to %s blocked - too close
10-23 19:09:48.502  9275  9342 I FusedLocation: (REDACTED) location delivery to %s blocked - too fast
10-23 19:09:48.686  5589  5589 W TooltipLifecycleManager: TooltipLifecycleManager.dismissTooltips():153 Tooltip with id SUGGESTION_VIEW_EDU_MINI_DIALOG not found in tooltipManager.
10-23 19:09:48.962  5589  5589 W TooltipLifecycleManager: TooltipLifecycleManager.dismissTooltips():153 Tooltip with id SUGGESTION_VIEW_EDU_MINI_DIALOG not found in tooltipManager.
10-23 19:09:49.279  5589  5589 W TooltipLifecycleManager: TooltipLifecycleManager.dismissTooltips():153 Tooltip with id SUGGESTION_VIEW_EDU_MINI_DIALOG not found in tooltipManager.
10-23 19:09:49.467  5589  5589 W TooltipLifecycleManager: TooltipLifecycleManager.dismissTooltips():153 Tooltip with id SUGGESTION_VIEW_EDU_MINI_DIALOG not found in tooltipManager.
10-23 19:09:49.711  5589  5589 W TooltipLifecycleManager: TooltipLifecycleManager.dismissTooltips():153 Tooltip with id SUGGESTION_VIEW_EDU_MINI_DIALOG not found in tooltipManager.
10-23 19:09:49.844  5589  5589 W TooltipLifecycleManager: TooltipLifecycleManager.dismissTooltips():153 Tooltip with id SUGGESTION_VIEW_EDU_MINI_DIALOG not found in tooltipManager.
10-23 19:09:50.494  9275  9342 I FusedLocation: (REDACTED) location delivery to %s blocked - too close
10-23 19:09:50.494  9275  9342 I FusedLocation: (REDACTED) location delivery to %s blocked - too fast
10-23 19:09:50.495  9275  9342 I FusedLocation: (REDACTED) location delivery to %s blocked - too close
10-23 19:09:50.498  9275  9342 I FusedLocation: (REDACTED) location delivery to %s blocked - too close
10-23 19:09:50.498  9275  9342 I FusedLocation: (REDACTED) location delivery to %s blocked - too fast
10-23 19:09:50.498  9275  9342 I FusedLocation: (REDACTED) location delivery to %s blocked - too close
10-23 19:09:50.499  9275  9342 I FusedLocation: (REDACTED) location delivery to %s blocked - too close
10-23 19:09:50.499  9275  9342 I FusedLocation: (REDACTED) location delivery to %s blocked - too fast
10-23 19:09:50.746  9275  9289 I IPCThreadState: oneway function results for code 1 on binder at 0xb4000077d0146f20 will be dropped but finished with status UNKNOWN_TRANSACTION and reply parcel size 80
10-23 19:09:52.417  9275  9345 W Settings: Setting airplane_mode_on has moved from android.provider.Settings.System to android.provider.Settings.Global, returning read-only value.
10-23 19:09:52.423  9275 11632 W SystemServiceRegistry: No service published for: wifirtt
10-23 19:09:52.488  9275  9342 I FusedLocation: (REDACTED) location delivery to %s blocked - too close
10-23 19:09:52.492  9275  9342 I FusedLocation: (REDACTED) location delivery to %s blocked - too close
10-23 19:09:52.494  9275  9342 I FusedLocation: (REDACTED) location delivery to %s blocked - too close
10-23 19:09:52.494  9275  9342 I FusedLocation: (REDACTED) location delivery to %s blocked - too fast
10-23 19:09:52.495  9275  9342 I FusedLocation: (REDACTED) location delivery to %s blocked - too close
10-23 19:09:52.497  9275  9342 I FusedLocation: (REDACTED) location delivery to %s blocked - too close
10-23 19:09:52.497  9275  9342 I FusedLocation: (REDACTED) location delivery to %s blocked - too fast
10-23 19:09:52.989  9275  9313 I WifiScanner: onFullResults
10-23 19:09:52.989  9275  9289 I WifiScanner: onFullResults
10-23 19:09:52.989  9275  9308 I WifiScanner: onFullResults
10-23 19:09:53.000  9275 11632 I FrewleTileCacheManagerV: (REDACTED) Fetched %d AP models from cache
10-23 19:09:53.040  9275  9342 I FusedLocation: (REDACTED) location delivery to %s blocked - too close
10-23 19:09:53.040  9275  9342 I FusedLocation: (REDACTED) location delivery to %s blocked - too fast
10-23 19:09:53.040  9275  9342 I FusedLocation: (REDACTED) location delivery to %s blocked - too fast
10-23 19:09:53.040  9275  9342 I FusedLocation: (REDACTED) location delivery to %s blocked - too close
10-23 19:09:53.041  9275  9342 I FusedLocation: (REDACTED) location delivery to %s blocked - too close
10-23 19:09:53.041  9275  9342 I FusedLocation: (REDACTED) location delivery to %s blocked - too fast
10-23 19:09:53.042  9275  9342 I FusedLocation: (REDACTED) location delivery to %s blocked - too close
10-23 19:09:53.042  9275  9342 I FusedLocation: (REDACTED) location delivery to %s blocked - too close
10-23 19:09:53.042  9275  9342 I FusedLocation: (REDACTED) location delivery to %s blocked - too fast
10-23 19:09:53.044  9275  9342 I fznc    : Received empty WiFi-RTT scan. [CONTEXT service_id=6 ]
10-23 19:09:53.549  5589  5589 I GoogleInputMethodService: GoogleInputMethodService.onFinishInputView():1571 onFinishInputView(false)
10-23 19:09:53.549  5589  5589 I GlobeKeyExtension: GlobeKeyExtension.onDeactivate():144 
10-23 19:09:53.549  5589  5589 W TooltipLifecycleManager: TooltipLifecycleManager.dismissTooltips():153 Tooltip with id SUGGESTION_VIEW_EDU_MINI_DIALOG not found in tooltipManager.
10-23 19:09:53.550  5589  5589 I VoiceInputManagerWrapper: VoiceInputManagerWrapper.shutdown():131 shutdown()
10-23 19:09:53.550  5589  5589 W TooltipLifecycleManager: TooltipLifecycleManager.dismissTooltips():153 Tooltip with id spell_check_add_to_dictionary not found in tooltipManager.
10-23 19:09:53.551  5589  5589 W TooltipLifecycleManager: TooltipLifecycleManager.dismissTooltips():153 Tooltip with id undo_access_point_promotion_banner not found in tooltipManager.
10-23 19:09:53.552  5589  5589 I GoogleInputMethodService: GoogleInputMethodService.onFinishInput():2085 
10-23 19:09:53.552  5589  5589 I Module  : DeviceLockedStatusModuleProvider$Module.updateDeviceLockedStatus():100 repeatCheckTimes = 0, locked = false
10-23 19:09:53.552  5589  5589 I GoogleInputMethodService: GoogleInputMethodService.onStartInput():1346 onStartInput(EditorInfo{EditorInfo{packageName=com.a1taxi.a1taxicustomer, inputType=0, inputTypeString=NULL, enableLearning=false, autoCorrection=false, autoComplete=false, imeOptions=0, privateImeOptions=null, actionName=UNSPECIFIED, actionLabel=null, initialSelStart=-1, initialSelEnd=-1, initialCapsMode=0, label=null, fieldId=0, fieldName=null, extras=null, hintText=null, hintLocales=[]}}, false)
10-23 19:09:53.553  5589  5589 I Module  : DeviceLockedStatusModuleProvider$Module.updateDeviceLockedStatus():100 repeatCheckTimes = 1, locked = false
10-23 19:09:53.553  5589  5589 I HardKeyTracker: HardKeyTracker.registerKeySequence():170 Register key sequence nfz{labelResId=0, callback=gds@caee618, lastModifier=0, keyCodes=[57, 57], actions=[1, 0]}
10-23 19:09:53.553  5589  5589 I HardKeyTracker: HardKeyTracker.registerKeySequence():170 Register key sequence nfz{labelResId=0, callback=gds@95e76d7, lastModifier=0, keyCodes=[58, 58], actions=[1, 0]}
10-23 19:09:53.565  5589  5589 I KeyboardModeUtils: KeyboardModeUtils.getKeyboardBottomOffset():435 inch: 0.000000 ydpi: 387.429993 adjustKeyboardBottomByDisplaySize: false currentDensityDpi: 440 defaultDensityDpi: 440 keyboardBottomToScreenPx: 0 keyboardBottomToNavBarPx: -116 navBarHeight: 116
10-23 19:09:53.565  5589  5589 I KeyboardHeightUtil: KeyboardHeightUtil.calculateMaxKeyboardBodyHeight():50 leave 267 height for app when ime window height:2171, header height:121 and isFullscreenMode:false, so the max keyboard body height is:1783
10-23 19:09:53.565  5589  5589 I KeyboardHeightUtil: KeyboardHeightUtil.calculateMaxKeyboardBodyHeight():50 leave 267 height for app when ime window height:2171, header height:121 and isFullscreenMode:false, so the max keyboard body height is:1783
10-23 19:09:53.565  5589  5589 I AndroidIME: KeyboardViewManager.updateKeyboardBodyViewHolderPaddingBottom():472 Set finalPaddingBottom = 5 while holderPaddingBottom = 5; navigationHeight = 116
10-23 19:09:53.956  5589  6647 I SpellCheckerSession: SpellCheckerSession.onClose():690 com.google.android.keyboard.client.delight5.LanguageIdentifier@b97521d is closed
10-23 19:09:54.312  5589  5589 W TooltipLifecycleManager: TooltipLifecycleManager.dismissTooltips():153 Tooltip with id undo_access_point_promotion_banner not found in tooltipManager.
10-23 19:09:54.325  5589  5589 D ViewRootImpl: AppSizeAfterRelayout, size: Point(1080, 2287), rotation: ROTATION_0
10-23 19:09:54.326  5589  5589 D BLASTBufferQueue: [VRI[InputMethod]#4104](f:0,a:4) destructor()
10-23 19:09:54.326  5589  5589 D BufferQueueConsumer: [VRI[InputMethod]#4104(BLAST Consumer)4104](id:15d500001008,api:0,p:-1,c:5589) disconnect
10-23 19:09:54.340  1870  2895 E AutofillSession: Not starting a new partition on 1073742165@1290064127 because session 1290064127 reached maximum of 10
10-23 19:09:54.343  5589  5589 I GoogleInputMethodService: GoogleInputMethodService.onFinishInput():2085 
10-23 19:09:54.343  5589  5589 I Module  : DeviceLockedStatusModuleProvider$Module.updateDeviceLockedStatus():100 repeatCheckTimes = 0, locked = false
10-23 19:09:54.343  5589  5589 I GoogleInputMethodService: GoogleInputMethodService.onStartInput():1346 onStartInput(EditorInfo{EditorInfo{packageName=com.a1taxi.a1taxicustomer, inputType=4002, inputTypeString=Number, enableLearning=false, autoCorrection=false, autoComplete=false, imeOptions=6, privateImeOptions=null, actionName=DONE, actionLabel=null, initialSelStart=0, initialSelEnd=0, initialCapsMode=2000, label=null, fieldId=2253, fieldName=null, extras=Bundle[mParcelledData.dataSize=404], hintText=empty, hintLocales=[]}}, false)
10-23 19:09:54.344  5589  5589 I Module  : DeviceLockedStatusModuleProvider$Module.updateDeviceLockedStatus():100 repeatCheckTimes = 1, locked = false
10-23 19:09:54.344  5589  5589 I HardKeyTracker: HardKeyTracker.unregisterKeySequence():221 Unregister key sequence nfz{labelResId=0, callback=gds@caee618, lastModifier=0, keyCodes=[57, 57], actions=[1, 0]}
10-23 19:09:54.344  5589  5589 I HardKeyTracker: HardKeyTracker.unregisterKeySequence():221 Unregister key sequence nfz{labelResId=0, callback=gds@95e76d7, lastModifier=0, keyCodes=[58, 58], actions=[1, 0]}
10-23 19:09:54.349  5589  5589 I StylusModule: StylusModule.onUpdateToolType():800 Update tool type = 1
10-23 19:09:54.350  5589  5589 I GoogleInputMethodService: GoogleInputMethodService.onStartInputView():1439 onStartInputView(EditorInfo{EditorInfo{packageName=com.a1taxi.a1taxicustomer, inputType=4002, inputTypeString=Number, enableLearning=false, autoCorrection=false, autoComplete=false, imeOptions=6, privateImeOptions=null, actionName=DONE, actionLabel=null, initialSelStart=0, initialSelEnd=0, initialCapsMode=2000, label=null, fieldId=2253, fieldName=null, extras=Bundle[{android.support.text.emoji.emojiCompat_metadataVersion=11, androidx.core.view.inputmethod.EditorInfoCompat.STYLUS_HANDWRITING_ENABLED=true, android.support.text.emoji.emojiCompat_replaceAll=false}], hintText=empty, hintLocales=[]}}, false)
10-23 19:09:54.350  5589  5589 I KeyboardHeightUtil: KeyboardHeightUtil.getOemKeyboardHeightRatio():108 systemKeyboardHeightRatio:1.000000.
10-23 19:09:54.351  5589  5589 I AndroidIME: InputBundleManager.loadActiveInputBundleId():528 loadActiveInputBundleId: und-Latn-x-number, number
10-23 19:09:54.351  5589  5589 I KeyboardWrapper: KeyboardWrapper.activateKeyboard():581 activateKeyboard(): type=prime, status=INACTIVE, imeDef=mkk{stringId=number, language=und-Latn-x-number, languageTag=und-Latn-x-number, processedConditions={}, className=com.google.android.libraries.inputmethod.ime.DummyIme, label=2132019216, keyEventInterpreter=null, inlineComposing=true, autoCapital=false, announceAutoSelectedCandidate=false, statusIcon=0, indicatorIcon=0, indicatorLabel=null, displayAppCompletions=false, extraValues=mkd{}, processors=mmb@7d3d911, unacceptableMetaKeys=4098, languageSpecificSettings=0, asciiCapable=false, alwaysShowSuggestions=false, useAsciiPasswordKeyboard=false, keyboardGroupDef=mlk@821ce4, phenotypeFlagId=0, localizationLanguageTag=null, supportsInlineSuggestion=false}
10-23 19:09:54.351  5589  5589 I KeyboardManager: KeyboardManager.requestKeyboard():248 Creating keyboard prime, imeId=number, cacheKey=theme,!gsf,!pgsans,!pgsf,!use_system_font,BORDER,FLAVOR_DPI=XXHDPI,GOOGLE_ICONS,KEYBOARD_WIDTH_CATEGORY=NORMAL,KEY_BORDER_SHAPE=1,LIGHT_THEME=false,PHYSICAL_DIAGONAL=5.748144,POPUP,SCREEN_SHORTEST_WIDTH=393,SCREEN_SHORTEST_WIDTH_NO_SCALE=393,XXHDPI,bottom4dp,enable_emoji_kitchen_browse_color_v2=true,enable_google_fonts_icons=true,enable_popup_on_keypress=true,keyboard_redesign_google_sans=true,non_linear_scale,noshadow,overlay_builtin_dynamic_color_dark_base.binarypb:gm3-dark-ff131313-ffffffff-4d9204e36e3ccb6a165e3e3dbe763ce0,roundedchip,silkpopup
10-23 19:09:54.351  5589  5589 I KeyboardWrapper: KeyboardWrapper.onKeyboardReady():224 onKeyboardReady(): type=prime(prime), kb=com.google.android.apps.inputmethod.latin.keyboard.LatinNumberKeyboard@26baecd
10-23 19:09:54.351  5589  5589 I KeyboardWrapper: KeyboardWrapper.doActivateKeyboard():611 doActivateKeyboard(): prime
10-23 19:09:54.354  5589  5589 I KeyboardViewHelper: KeyboardViewHelper.getView():180 Get view with height ratio:1.000000
10-23 19:09:54.360  5589  5589 I KeyboardHeightUtil: KeyboardHeightUtil.calculateMaxKeyboardBodyHeight():50 leave 267 height for app when ime window height:2171, header height:121 and isFullscreenMode:false, so the max keyboard body height is:1783
10-23 19:09:54.360  5589  5589 I GlobeKeyExtension: GlobeKeyExtension.getKeyboardInitialStates():175 
10-23 19:09:54.360  5589  5589 W Keyboard: Keyboard.getKeyboardViewHelper():609 null helper is returned: keyboardDef=mle{processedConditions={enable_access_points_in_password_number=true, enable_correction_settings_updates=true, layout_9key_split=false, language=en-US, deprecate_long_press_space_for_ime_picker=false, show_suggestion_strip=true, device=phone, expressions=normal}, globalConditions={global_theme_key=theme,!gsf,!pgsans,!pgsf,!use_system_font,BORDER,FLAVOR_DPI=XXHDPI,GOOGLE_ICONS,KEYBOARD_WIDTH_CATEGORY=NORMAL,KEY_BORDER_SHAPE=1,LIGHT_THEME=false,PHYSICAL_DIAGONAL=5.748144,POPUP,SCREEN_SHORTEST_WIDTH=393,SCREEN_SHORTEST_WIDTH_NO_SCALE=393,XXHDPI,bottom4dp,enable_emoji_kitchen_browse_color_v2=true,enable_google_fonts_icons=true,enable_popup_on_keypress=true,keyboard_redesign_google_sans=true,non_linear_scale,noshadow,overlay_builtin_dynamic_color_dark_base.binarypb:gm3-dark-ff131313-ffffffff-4d9204e36e3ccb6a165e3e3dbe763ce0,roundedchip,silkpopup, global_locale=en_US, global_density_dpi=440, global_orientation=1}, className=.latin.keyboard.LatinNumberKeyboard, resourceIds=[#0x7f17086b], initialStates=0, keyboardViewDefs=[mls{direction=LOCALE, id=#0x7f0b0224, isScalable=false, layoutId=#0x7f0e0500, type=HEADER, touchable=true, defaultShow=true}, mls{direction=null, id=#0x7f0b0224, isScalable=true, layoutId=#0x7f0e0556, type=BODY, touchable=true, defaultShow=true}], persistentStates=0, persistentStatesPrefKey=null, popupBubbleLayoutId=#0x7f0e05f1, recentKeyLayoutId=0, recentKeyPopupLayoutId=0, recentKeyType=null, rememberRecentKey=NONE, sessionStates=0}, type=FLOATING_CANDIDATES, helpersCreated=[lxm@dec97ad, lxm@c17ae2, null, null], context.getResources().getConfiguration(): {1.0 405mcc869mnc [en_US] ldltr sw393dp w393dp h790dp 440dpi nrml long port night finger -keyb/v/h -nav/h winConfig={ mBounds=Rect(0, 0 - 1080, 2392) mAppBounds=Rect(0, 103 - 1080, 2276) mMaxBounds=Rect(0, 0 - 1080, 2392) mDisplayRotation=ROTATION_0 mWindowingMode=fullscreen mActivityType=undefined mAlwaysOnTop=undefined mRotation=ROTATION_0 isEmbedding:false} s.5420 fontWeightAdjustment=0 themeId=2 themeParameter=0 nightModeLevel = -1 typefaceChanged=0.0 ?spacesystem eaMode=1}
10-23 19:09:54.361  5589  5589 W Keyboard: Keyboard.getKeyboardViewHelper():609 null helper is returned: keyboardDef=mle{processedConditions={enable_access_points_in_password_number=true, enable_correction_settings_updates=true, layout_9key_split=false, language=en-US, deprecate_long_press_space_for_ime_picker=false, show_suggestion_strip=true, device=phone, expressions=normal}, globalConditions={global_theme_key=theme,!gsf,!pgsans,!pgsf,!use_system_font,BORDER,FLAVOR_DPI=XXHDPI,GOOGLE_ICONS,KEYBOARD_WIDTH_CATEGORY=NORMAL,KEY_BORDER_SHAPE=1,LIGHT_THEME=false,PHYSICAL_DIAGONAL=5.748144,POPUP,SCREEN_SHORTEST_WIDTH=393,SCREEN_SHORTEST_WIDTH_NO_SCALE=393,XXHDPI,bottom4dp,enable_emoji_kitchen_browse_color_v2=true,enable_google_fonts_icons=true,enable_popup_on_keypress=true,keyboard_redesign_google_sans=true,non_linear_scale,noshadow,overlay_builtin_dynamic_color_dark_base.binarypb:gm3-dark-ff131313-ffffffff-4d9204e36e3ccb6a165e3e3dbe763ce0,roundedchip,silkpopup, global_locale=en_US, global_density_dpi=440, global_orientation=1}, className=.latin.keyboard.LatinNumberKeyboard, resourceIds=[#0x7f17086b], initialStates=0, keyboardViewDefs=[mls{direction=LOCALE, id=#0x7f0b0224, isScalable=false, layoutId=#0x7f0e0500, type=HEADER, touchable=true, defaultShow=true}, mls{direction=null, id=#0x7f0b0224, isScalable=true, layoutId=#0x7f0e0556, type=BODY, touchable=true, defaultShow=true}], persistentStates=0, persistentStatesPrefKey=null, popupBubbleLayoutId=#0x7f0e05f1, recentKeyLayoutId=0, recentKeyPopupLayoutId=0, recentKeyType=null, rememberRecentKey=NONE, sessionStates=0}, type=WIDGET, helpersCreated=[lxm@dec97ad, lxm@c17ae2, null, null], context.getResources().getConfiguration(): {1.0 405mcc869mnc [en_US] ldltr sw393dp w393dp h790dp 440dpi nrml long port night finger -keyb/v/h -nav/h winConfig={ mBounds=Rect(0, 0 - 1080, 2392) mAppBounds=Rect(0, 103 - 1080, 2276) mMaxBounds=Rect(0, 0 - 1080, 2392) mDisplayRotation=ROTATION_0 mWindowingMode=fullscreen mActivityType=undefined mAlwaysOnTop=undefined mRotation=ROTATION_0 isEmbedding:false} s.5420 fontWeightAdjustment=0 themeId=2 themeParameter=0 nightModeLevel = -1 typefaceChanged=0.0 ?spacesystem eaMode=1}
10-23 19:09:54.361  5589  5589 I AndroidIME: InputBundleManager.startInput():358 startInput() with mlo[keyboardType=prime, payload=null]
10-23 19:09:54.361  5589  5589 I GlobeKeyExtension: GlobeKeyExtension.onActivate():120 
10-23 19:09:54.363  5589  5589 I LanguagePromoExtension: LanguagePromoExtension.checkDisplayPreconditions():174 Not show language promo: exceeds the max display times.
10-23 19:09:54.363  5589  5589 I NewLanguagePromptExtension: NewLanguagePromptExtension.onActivate():189 Not activated NewLanguagePromptExtension: not a normal text input box.
10-23 19:09:54.363  5589  5589 I VoiceInputManagerWrapper: VoiceInputManagerWrapper.cancelShutdown():109 cancelShutdown()
10-23 19:09:54.363  5589  5589 I VoiceInputManagerWrapper: VoiceInputManagerWrapper.syncLanguagePacks():121 syncLanguagePacks()
10-23 19:09:54.363  5589  5589 I VoiceInputManager: VoiceInputManager.onKeyboardActivated():1173 onKeyboardActivated() [UD]
10-23 19:09:54.363  5589  6558 I SpeechFactory: SpeechRecognitionFactory.maybeScheduleAutoPackDownloadForFallback():217 maybeScheduleAutoPackDownloadForFallback()
10-23 19:09:54.363  5589  6558 I FallbackOnDeviceRecognitionProvider: FallbackOnDeviceRecognitionProvider.maybeScheduleAutoPackDownload():205 maybeScheduleAutoPackDownload() for language tag en-US
10-23 19:09:54.363  5589  5589 I PkModeUpdater: PkModeUpdater.onActivate():74 onActivate false true
10-23 19:09:54.363  5589  5589 I AccessoryInputModeManager: AccessoryInputModeManager.onModeStarted():318 Accessory input mode started: null
10-23 19:09:54.364  5589  5589 W SupplementaryKeyboardsWrapper: SupplementaryKeyboardsWrapper.deactivateKeyboard():161 keyboard accessory_candidates_consumer is not activated before!
10-23 19:09:54.364  5589  5589 I KeyboardModeUtils: KeyboardModeUtils.getKeyboardBottomOffset():435 inch: 0.000000 ydpi: 387.429993 adjustKeyboardBottomByDisplaySize: false currentDensityDpi: 440 defaultDensityDpi: 440 keyboardBottomToScreenPx: 0 keyboardBottomToNavBarPx: -116 navBarHeight: 116
10-23 19:09:54.364  5589  5589 I KeyboardHeightUtil: KeyboardHeightUtil.calculateMaxKeyboardBodyHeight():50 leave 267 height for app when ime window height:2171, header height:121 and isFullscreenMode:false, so the max keyboard body height is:1783
10-23 19:09:54.364  5589  5589 I KeyboardHeightUtil: KeyboardHeightUtil.calculateMaxKeyboardBodyHeight():50 leave 267 height for app when ime window height:2171, header height:121 and isFullscreenMode:false, so the max keyboard body height is:1783
10-23 19:09:54.364  5589  5589 I AndroidIME: KeyboardViewManager.updateKeyboardBodyViewHolderPaddingBottom():472 Set finalPaddingBottom = 5 while holderPaddingBottom = 5; navigationHeight = 116
10-23 19:09:54.364  5589  5589 I KeyboardHeightUtil: KeyboardHeightUtil.calculateMaxKeyboardBodyHeight():50 leave 267 height for app when ime window height:2171, header height:121 and isFullscreenMode:false, so the max keyboard body height is:1783
10-23 19:09:54.364  5589  5589 I KeyboardHeightUtil: KeyboardHeightUtil.calculateMaxKeyboardBodyHeight():50 leave 267 height for app when ime window height:2171, header height:121 and isFullscreenMode:false, so the max keyboard body height is:1783
10-23 19:09:54.364  5589  5589 W ExtensionWrapper: ExtensionWrapper.setExtensionViewVisibility():811 interface mas is not activate
10-23 19:09:54.365  5589  5589 I Module  : DeviceLockedStatusModuleProvider$Module.updateDeviceLockedStatus():100 repeatCheckTimes = 1, locked = false
10-23 19:09:54.376  5589  5589 D ViewRootImpl: AppSizeAfterRelayout, size: Point(1080, 2287), rotation: ROTATION_0
10-23 19:09:54.376  5589  5589 D BufferQueueConsumer: [](id:15d50000100e,api:0,p:-1,c:5589) connect: controlledByApp=false
10-23 19:09:54.377  5589  5589 D BLASTBufferQueue: [VRI[InputMethod]#4110](f:0,a:0) constructor()
10-23 19:09:54.377  5589  5589 D BLASTBufferQueue: [VRI[InputMethod]#4110](f:0,a:0) update width=1080 height=2287 format=-2 mTransformHint=0
10-23 19:09:54.377  5589  5589 I KeyboardModeUtils: KeyboardModeUtils.getKeyboardBottomOffset():435 inch: 0.000000 ydpi: 387.429993 adjustKeyboardBottomByDisplaySize: false currentDensityDpi: 440 defaultDensityDpi: 440 keyboardBottomToScreenPx: 0 keyboardBottomToNavBarPx: -116 navBarHeight: 116
10-23 19:09:54.378  5589  5589 I KeyboardHeightUtil: KeyboardHeightUtil.calculateMaxKeyboardBodyHeight():50 leave 267 height for app when ime window height:2171, header height:121 and isFullscreenMode:false, so the max keyboard body height is:1783
10-23 19:09:54.378  5589  5589 I KeyboardHeightUtil: KeyboardHeightUtil.calculateMaxKeyboardBodyHeight():50 leave 267 height for app when ime window height:2171, header height:121 and isFullscreenMode:false, so the max keyboard body height is:1783
10-23 19:09:54.378  5589  5589 I AndroidIME: KeyboardViewManager.updateKeyboardBodyViewHolderPaddingBottom():472 Set finalPaddingBottom = 5 while holderPaddingBottom = 5; navigationHeight = 116
10-23 19:09:54.378  5589  5589 I WindowMetricsNotification: WindowMetricsNotification.notifyWithWindow():166 
10-23 19:09:54.378  5589  5589 I WindowMetricsNotification: WindowMetricsNotification.notify():159 pfu[bounds=Rect(0, 105 - 1080, 2392), insets=Rect(0, 0 - 0, 116), densityDpi=440, smallestScreenWidthDp=393, displayWidth=1080, displayHeight=2392, xdpi=387.43, ydpi=387.43, isTrustable=true, displayId=0]; DisplayMetrics{density=2.75, width=1080, height=2392, scaledDensity=2.75, xdpi=387.43, ydpi=387.43}
10-23 19:09:54.388  5589  5657 D BLASTBufferQueue: [VRI[InputMethod]#4110](f:0,a:1) acquireNextBufferLocked size=1080x2287 mFrameNumber=1 applyTransaction=true mTimestamp=830661718730818(auto) mPendingTransactions.size=0 graphicBufferId=24004572229510 transform=0
10-23 19:09:54.390  5589  5589 I GoogleInputMethodService: GoogleInputMethodService$1.onKeyboardViewShown():325 onKeyboardViewShown: keyboardType=prime, keyboardViewType=HEADER keyboardView=com.google.android.libraries.inputmethod.widgets.SoftKeyboardView{3421e50 V.E...... ........ 0,0-1080,121}
10-23 19:09:54.390  5589  5589 I KeyboardHeightUtil: KeyboardHeightUtil.calculateMaxKeyboardBodyHeight():50 leave 267 height for app when ime window height:2171, header height:121 and isFullscreenMode:false, so the max keyboard body height is:1783
10-23 19:09:54.390  5589  5589 I GoogleInputMethodService: GoogleInputMethodService$1.onKeyboardViewShown():325 onKeyboardViewShown: keyboardType=prime, keyboardViewType=BODY keyboardView=com.google.android.libraries.inputmethod.widgets.SoftKeyboardView{5cf1609 V.E...... ........ 0,0-1080,580}
10-23 19:09:54.390  5589  5589 I KeyboardHeightUtil: KeyboardHeightUtil.calculateMaxKeyboardBodyHeight():50 leave 267 height for app when ime window height:2171, header height:121 and isFullscreenMode:false, so the max keyboard body height is:1783
10-23 19:09:54.390  5589  5589 I GlobeKeyExtension: GlobeKeyExtension$1.onKeyboardViewShown():72 maybeDisableLanguageSwitchKeyPref when the keyboard is shown
10-23 19:09:54.391  5589  5589 I GlobeKeyExtension: GlobeKeyExtension.maybeDisableLanguageSwitchKeyPref():200 maybeDisableLanguageSwitchKeyPref hasGlobeKeyBeenDisabled: false, shouldDisableLanguageSwitchKey: false
10-23 19:09:54.391  5589  5589 I NewLanguagePromptExtension: NewLanguagePromptExtension$1.onKeyboardViewShown():88 Not show new language banner: not prime keyboard, or the extension not activated.
10-23 19:09:54.391  5589  5589 I StylusModule: StylusModule.onUpdateToolType():800 Update tool type = 1
10-23 19:09:54.476  9275  9342 I FusedLocation: (REDACTED) location delivery to %s blocked - too close
10-23 19:09:54.476  9275  9342 I FusedLocation: (REDACTED) location delivery to %s blocked - too fast
10-23 19:09:54.477  9275  9342 I FusedLocation: (REDACTED) location delivery to %s blocked - too close
10-23 19:09:54.477  9275  9342 I FusedLocation: (REDACTED) location delivery to %s blocked - too close
10-23 19:09:54.478  9275  9342 I FusedLocation: (REDACTED) location delivery to %s blocked - too fast
10-23 19:09:54.478  9275  9342 I FusedLocation: (REDACTED) location delivery to %s blocked - too close
10-23 19:09:54.480  9275  9342 I FusedLocation: (REDACTED) location delivery to %s blocked - too close
10-23 19:09:54.480  9275  9342 I FusedLocation: (REDACTED) location delivery to %s blocked - too fast
10-23 19:09:55.084  5589  5589 W TooltipLifecycleManager: TooltipLifecycleManager.dismissTooltips():153 Tooltip with id SUGGESTION_VIEW_EDU_MINI_DIALOG not found in tooltipManager.
10-23 19:09:55.113  1870  2895 E AutofillSession: Not starting a new partition on 1073742166@1290064127 because session 1290064127 reached maximum of 10
10-23 19:09:55.117  5589  5589 I GoogleInputMethodService: GoogleInputMethodService.onFinishInputView():1571 onFinishInputView(true)
10-23 19:09:55.117  5589  5589 I GlobeKeyExtension: GlobeKeyExtension.onDeactivate():144 
10-23 19:09:55.118  5589  5589 W TooltipLifecycleManager: TooltipLifecycleManager.dismissTooltips():153 Tooltip with id SUGGESTION_VIEW_EDU_MINI_DIALOG not found in tooltipManager.
10-23 19:09:55.119  5589  5589 I VoiceInputManagerWrapper: VoiceInputManagerWrapper.shutdown():131 shutdown()
10-23 19:09:55.120  5589  5589 W TooltipLifecycleManager: TooltipLifecycleManager.dismissTooltips():153 Tooltip with id spell_check_add_to_dictionary not found in tooltipManager.
10-23 19:09:55.121  5589  5589 I GoogleInputMethodService: GoogleInputMethodService.onFinishInput():2085 
10-23 19:09:55.122  5589  5589 I Module  : DeviceLockedStatusModuleProvider$Module.updateDeviceLockedStatus():100 repeatCheckTimes = 0, locked = false
10-23 19:09:55.123  5589  5589 I GoogleInputMethodService: GoogleInputMethodService.onStartInput():1346 onStartInput(EditorInfo{EditorInfo{packageName=com.a1taxi.a1taxicustomer, inputType=4002, inputTypeString=Number, enableLearning=false, autoCorrection=false, autoComplete=false, imeOptions=6, privateImeOptions=null, actionName=DONE, actionLabel=null, initialSelStart=0, initialSelEnd=0, initialCapsMode=2000, label=null, fieldId=2255, fieldName=null, extras=Bundle[mParcelledData.dataSize=404], hintText=empty, hintLocales=[]}}, false)
10-23 19:09:55.124  5589  5589 I Module  : DeviceLockedStatusModuleProvider$Module.updateDeviceLockedStatus():100 repeatCheckTimes = 1, locked = false
10-23 19:09:55.126  5589  5589 I GoogleInputMethodService: GoogleInputMethodService.onStartInputView():1439 onStartInputView(EditorInfo{EditorInfo{packageName=com.a1taxi.a1taxicustomer, inputType=4002, inputTypeString=Number, enableLearning=false, autoCorrection=false, autoComplete=false, imeOptions=6, privateImeOptions=null, actionName=DONE, actionLabel=null, initialSelStart=0, initialSelEnd=0, initialCapsMode=2000, label=null, fieldId=2255, fieldName=null, extras=Bundle[{android.support.text.emoji.emojiCompat_metadataVersion=11, androidx.core.view.inputmethod.EditorInfoCompat.STYLUS_HANDWRITING_ENABLED=true, android.support.text.emoji.emojiCompat_replaceAll=false}], hintText=empty, hintLocales=[]}}, false)
10-23 19:09:55.126  5589  5589 I KeyboardHeightUtil: KeyboardHeightUtil.getOemKeyboardHeightRatio():108 systemKeyboardHeightRatio:1.000000.
10-23 19:09:55.127  5589  5589 I AndroidIME: InputBundleManager.loadActiveInputBundleId():528 loadActiveInputBundleId: und-Latn-x-number, number
10-23 19:09:55.127  5589  5589 I KeyboardWrapper: KeyboardWrapper.activateKeyboard():581 activateKeyboard(): type=prime, status=INACTIVE, imeDef=mkk{stringId=number, language=und-Latn-x-number, languageTag=und-Latn-x-number, processedConditions={}, className=com.google.android.libraries.inputmethod.ime.DummyIme, label=2132019216, keyEventInterpreter=null, inlineComposing=true, autoCapital=false, announceAutoSelectedCandidate=false, statusIcon=0, indicatorIcon=0, indicatorLabel=null, displayAppCompletions=false, extraValues=mkd{}, processors=mmb@7d3d911, unacceptableMetaKeys=4098, languageSpecificSettings=0, asciiCapable=false, alwaysShowSuggestions=false, useAsciiPasswordKeyboard=false, keyboardGroupDef=mlk@821ce4, phenotypeFlagId=0, localizationLanguageTag=null, supportsInlineSuggestion=false}
10-23 19:09:55.127  5589  5589 I KeyboardManager: KeyboardManager.requestKeyboard():248 Creating keyboard prime, imeId=number, cacheKey=theme,!gsf,!pgsans,!pgsf,!use_system_font,BORDER,FLAVOR_DPI=XXHDPI,GOOGLE_ICONS,KEYBOARD_WIDTH_CATEGORY=NORMAL,KEY_BORDER_SHAPE=1,LIGHT_THEME=false,PHYSICAL_DIAGONAL=5.748144,POPUP,SCREEN_SHORTEST_WIDTH=393,SCREEN_SHORTEST_WIDTH_NO_SCALE=393,XXHDPI,bottom4dp,enable_emoji_kitchen_browse_color_v2=true,enable_google_fonts_icons=true,enable_popup_on_keypress=true,keyboard_redesign_google_sans=true,non_linear_scale,noshadow,overlay_builtin_dynamic_color_dark_base.binarypb:gm3-dark-ff131313-ffffffff-4d9204e36e3ccb6a165e3e3dbe763ce0,roundedchip,silkpopup
10-23 19:09:55.128  5589  5589 I KeyboardWrapper: KeyboardWrapper.onKeyboardReady():224 onKeyboardReady(): type=prime(prime), kb=com.google.android.apps.inputmethod.latin.keyboard.LatinNumberKeyboard@26baecd
10-23 19:09:55.128  5589  5589 I KeyboardWrapper: KeyboardWrapper.doActivateKeyboard():611 doActivateKeyboard(): prime
10-23 19:09:55.130  5589  5589 I KeyboardHeightUtil: KeyboardHeightUtil.calculateMaxKeyboardBodyHeight():50 leave 267 height for app when ime window height:2171, header height:121 and isFullscreenMode:false, so the max keyboard body height is:1783
10-23 19:09:55.130  5589  5589 W TooltipLifecycleManager: TooltipLifecycleManager.dismissTooltips():153 Tooltip with id undo_access_point_promotion_banner not found in tooltipManager.
10-23 19:09:55.130  5589  5589 I GlobeKeyExtension: GlobeKeyExtension.getKeyboardInitialStates():175 
10-23 19:09:55.131  5589  5589 W Keyboard: Keyboard.getKeyboardViewHelper():609 null helper is returned: keyboardDef=mle{processedConditions={enable_access_points_in_password_number=true, enable_correction_settings_updates=true, layout_9key_split=false, language=en-US, deprecate_long_press_space_for_ime_picker=false, show_suggestion_strip=true, device=phone, expressions=normal}, globalConditions={global_theme_key=theme,!gsf,!pgsans,!pgsf,!use_system_font,BORDER,FLAVOR_DPI=XXHDPI,GOOGLE_ICONS,KEYBOARD_WIDTH_CATEGORY=NORMAL,KEY_BORDER_SHAPE=1,LIGHT_THEME=false,PHYSICAL_DIAGONAL=5.748144,POPUP,SCREEN_SHORTEST_WIDTH=393,SCREEN_SHORTEST_WIDTH_NO_SCALE=393,XXHDPI,bottom4dp,enable_emoji_kitchen_browse_color_v2=true,enable_google_fonts_icons=true,enable_popup_on_keypress=true,keyboard_redesign_google_sans=true,non_linear_scale,noshadow,overlay_builtin_dynamic_color_dark_base.binarypb:gm3-dark-ff131313-ffffffff-4d9204e36e3ccb6a165e3e3dbe763ce0,roundedchip,silkpopup, global_locale=en_US, global_density_dpi=440, global_orientation=1}, className=.latin.keyboard.LatinNumberKeyboard, resourceIds=[#0x7f17086b], initialStates=0, keyboardViewDefs=[mls{direction=LOCALE, id=#0x7f0b0224, isScalable=false, layoutId=#0x7f0e0500, type=HEADER, touchable=true, defaultShow=true}, mls{direction=null, id=#0x7f0b0224, isScalable=true, layoutId=#0x7f0e0556, type=BODY, touchable=true, defaultShow=true}], persistentStates=0, persistentStatesPrefKey=null, popupBubbleLayoutId=#0x7f0e05f1, recentKeyLayoutId=0, recentKeyPopupLayoutId=0, recentKeyType=null, rememberRecentKey=NONE, sessionStates=0}, type=FLOATING_CANDIDATES, helpersCreated=[lxm@dec97ad, lxm@c17ae2, null, null], context.getResources().getConfiguration(): {1.0 405mcc869mnc [en_US] ldltr sw393dp w393dp h790dp 440dpi nrml long port night finger -keyb/v/h -nav/h winConfig={ mBounds=Rect(0, 0 - 1080, 2392) mAppBounds=Rect(0, 103 - 1080, 2276) mMaxBounds=Rect(0, 0 - 1080, 2392) mDisplayRotation=ROTATION_0 mWindowingMode=fullscreen mActivityType=undefined mAlwaysOnTop=undefined mRotation=ROTATION_0 isEmbedding:false} s.5420 fontWeightAdjustment=0 themeId=2 themeParameter=0 nightModeLevel = -1 typefaceChanged=0.0 ?spacesystem eaMode=1}
10-23 19:09:55.131  5589  5589 W Keyboard: Keyboard.getKeyboardViewHelper():609 null helper is returned: keyboardDef=mle{processedConditions={enable_access_points_in_password_number=true, enable_correction_settings_updates=true, layout_9key_split=false, language=en-US, deprecate_long_press_space_for_ime_picker=false, show_suggestion_strip=true, device=phone, expressions=normal}, globalConditions={global_theme_key=theme,!gsf,!pgsans,!pgsf,!use_system_font,BORDER,FLAVOR_DPI=XXHDPI,GOOGLE_ICONS,KEYBOARD_WIDTH_CATEGORY=NORMAL,KEY_BORDER_SHAPE=1,LIGHT_THEME=false,PHYSICAL_DIAGONAL=5.748144,POPUP,SCREEN_SHORTEST_WIDTH=393,SCREEN_SHORTEST_WIDTH_NO_SCALE=393,XXHDPI,bottom4dp,enable_emoji_kitchen_browse_color_v2=true,enable_google_fonts_icons=true,enable_popup_on_keypress=true,keyboard_redesign_google_sans=true,non_linear_scale,noshadow,overlay_builtin_dynamic_color_dark_base.binarypb:gm3-dark-ff131313-ffffffff-4d9204e36e3ccb6a165e3e3dbe763ce0,roundedchip,silkpopup, global_locale=en_US, global_density_dpi=440, global_orientation=1}, className=.latin.keyboard.LatinNumberKeyboard, resourceIds=[#0x7f17086b], initialStates=0, keyboardViewDefs=[mls{direction=LOCALE, id=#0x7f0b0224, isScalable=false, layoutId=#0x7f0e0500, type=HEADER, touchable=true, defaultShow=true}, mls{direction=null, id=#0x7f0b0224, isScalable=true, layoutId=#0x7f0e0556, type=BODY, touchable=true, defaultShow=true}], persistentStates=0, persistentStatesPrefKey=null, popupBubbleLayoutId=#0x7f0e05f1, recentKeyLayoutId=0, recentKeyPopupLayoutId=0, recentKeyType=null, rememberRecentKey=NONE, sessionStates=0}, type=WIDGET, helpersCreated=[lxm@dec97ad, lxm@c17ae2, null, null], context.getResources().getConfiguration(): {1.0 405mcc869mnc [en_US] ldltr sw393dp w393dp h790dp 440dpi nrml long port night finger -keyb/v/h -nav/h winConfig={ mBounds=Rect(0, 0 - 1080, 2392) mAppBounds=Rect(0, 103 - 1080, 2276) mMaxBounds=Rect(0, 0 - 1080, 2392) mDisplayRotation=ROTATION_0 mWindowingMode=fullscreen mActivityType=undefined mAlwaysOnTop=undefined mRotation=ROTATION_0 isEmbedding:false} s.5420 fontWeightAdjustment=0 themeId=2 themeParameter=0 nightModeLevel = -1 typefaceChanged=0.0 ?spacesystem eaMode=1}
10-23 19:09:55.131  5589  5589 I AndroidIME: InputBundleManager.startInput():358 startInput() with mlo[keyboardType=prime, payload=null]
10-23 19:09:55.132  5589  5589 I GlobeKeyExtension: GlobeKeyExtension.onActivate():120 
10-23 19:09:55.134  5589  5589 I LanguagePromoExtension: LanguagePromoExtension.checkDisplayPreconditions():174 Not show language promo: exceeds the max display times.
10-23 19:09:55.134  5589  5589 I NewLanguagePromptExtension: NewLanguagePromptExtension.onActivate():189 Not activated NewLanguagePromptExtension: not a normal text input box.
10-23 19:09:55.134  5589  5589 I VoiceInputManagerWrapper: VoiceInputManagerWrapper.cancelShutdown():109 cancelShutdown()
10-23 19:09:55.134  5589  5589 I VoiceInputManagerWrapper: VoiceInputManagerWrapper.syncLanguagePacks():121 syncLanguagePacks()
10-23 19:09:55.134  5589  5589 I VoiceInputManager: VoiceInputManager.onKeyboardActivated():1173 onKeyboardActivated() [UD]
10-23 19:09:55.134  5589  6558 I SpeechFactory: SpeechRecognitionFactory.maybeScheduleAutoPackDownloadForFallback():217 maybeScheduleAutoPackDownloadForFallback()
10-23 19:09:55.134  5589  5589 I PkModeUpdater: PkModeUpdater.onActivate():74 onActivate false true
10-23 19:09:55.134  5589  6558 I FallbackOnDeviceRecognitionProvider: FallbackOnDeviceRecognitionProvider.maybeScheduleAutoPackDownload():205 maybeScheduleAutoPackDownload() for language tag en-US
10-23 19:09:55.134  5589  5589 I AccessoryInputModeManager: AccessoryInputModeManager.onModeStarted():318 Accessory input mode started: null
10-23 19:09:55.135  5589  5589 W SupplementaryKeyboardsWrapper: SupplementaryKeyboardsWrapper.deactivateKeyboard():161 keyboard accessory_candidates_consumer is not activated before!
10-23 19:09:55.135  5589  5589 I KeyboardModeUtils: KeyboardModeUtils.getKeyboardBottomOffset():435 inch: 0.000000 ydpi: 387.429993 adjustKeyboardBottomByDisplaySize: false currentDensityDpi: 440 defaultDensityDpi: 440 keyboardBottomToScreenPx: 0 keyboardBottomToNavBarPx: -116 navBarHeight: 116
10-23 19:09:55.135  5589  5589 I KeyboardHeightUtil: KeyboardHeightUtil.calculateMaxKeyboardBodyHeight():50 leave 267 height for app when ime window height:2171, header height:121 and isFullscreenMode:false, so the max keyboard body height is:1783
10-23 19:09:55.135  5589  5589 I KeyboardHeightUtil: KeyboardHeightUtil.calculateMaxKeyboardBodyHeight():50 leave 267 height for app when ime window height:2171, header height:121 and isFullscreenMode:false, so the max keyboard body height is:1783
10-23 19:09:55.135  5589  5589 I AndroidIME: KeyboardViewManager.updateKeyboardBodyViewHolderPaddingBottom():472 Set finalPaddingBottom = 5 while holderPaddingBottom = 5; navigationHeight = 116
10-23 19:09:55.135  5589  5589 I KeyboardHeightUtil: KeyboardHeightUtil.calculateMaxKeyboardBodyHeight():50 leave 267 height for app when ime window height:2171, header height:121 and isFullscreenMode:false, so the max keyboard body height is:1783
10-23 19:09:55.135  5589  5589 I KeyboardHeightUtil: KeyboardHeightUtil.calculateMaxKeyboardBodyHeight():50 leave 267 height for app when ime window height:2171, header height:121 and isFullscreenMode:false, so the max keyboard body height is:1783
10-23 19:09:55.135  5589  5589 W ExtensionWrapper: ExtensionWrapper.setExtensionViewVisibility():811 interface mas is not activate
10-23 19:09:55.137  5589  5589 I Module  : DeviceLockedStatusModuleProvider$Module.updateDeviceLockedStatus():100 repeatCheckTimes = 1, locked = false
10-23 19:09:55.137  5589  5589 I StylusModule: StylusModule.onUpdateToolType():800 Update tool type = 1
10-23 19:09:55.138  5589  5589 I StylusModule: StylusModule.onUpdateToolType():800 Update tool type = 1
10-23 19:09:55.141  5589  5589 I KeyboardModeUtils: KeyboardModeUtils.getKeyboardBottomOffset():435 inch: 0.000000 ydpi: 387.429993 adjustKeyboardBottomByDisplaySize: false currentDensityDpi: 440 defaultDensityDpi: 440 keyboardBottomToScreenPx: 0 keyboardBottomToNavBarPx: -116 navBarHeight: 116
10-23 19:09:55.141  5589  5589 I KeyboardHeightUtil: KeyboardHeightUtil.calculateMaxKeyboardBodyHeight():50 leave 267 height for app when ime window height:2171, header height:121 and isFullscreenMode:false, so the max keyboard body height is:1783
10-23 19:09:55.141  5589  5589 I KeyboardHeightUtil: KeyboardHeightUtil.calculateMaxKeyboardBodyHeight():50 leave 267 height for app when ime window height:2171, header height:121 and isFullscreenMode:false, so the max keyboard body height is:1783
10-23 19:09:55.141  5589  5589 I AndroidIME: KeyboardViewManager.updateKeyboardBodyViewHolderPaddingBottom():472 Set finalPaddingBottom = 5 while holderPaddingBottom = 5; navigationHeight = 116
10-23 19:09:55.141  5589  5589 I WindowMetricsNotification: WindowMetricsNotification.notifyWithWindow():166 
10-23 19:09:55.141  5589  5589 I WindowMetricsNotification: WindowMetricsNotification.notify():159 pfu[bounds=Rect(0, 105 - 1080, 2392), insets=Rect(0, 0 - 0, 116), densityDpi=440, smallestScreenWidthDp=393, displayWidth=1080, displayHeight=2392, xdpi=387.43, ydpi=387.43, isTrustable=true, displayId=0]; DisplayMetrics{density=2.75, width=1080, height=2392, scaledDensity=2.75, xdpi=387.43, ydpi=387.43}
10-23 19:09:55.146  5589  5589 I GoogleInputMethodService: GoogleInputMethodService$1.onKeyboardViewShown():325 onKeyboardViewShown: keyboardType=prime, keyboardViewType=HEADER keyboardView=com.google.android.libraries.inputmethod.widgets.SoftKeyboardView{3421e50 V.E...... ........ 0,0-1080,121}
10-23 19:09:55.146  5589  5589 I KeyboardHeightUtil: KeyboardHeightUtil.calculateMaxKeyboardBodyHeight():50 leave 267 height for app when ime window height:2171, header height:121 and isFullscreenMode:false, so the max keyboard body height is:1783
10-23 19:09:55.146  5589  5589 I GoogleInputMethodService: GoogleInputMethodService$1.onKeyboardViewShown():325 onKeyboardViewShown: keyboardType=prime, keyboardViewType=BODY keyboardView=com.google.android.libraries.inputmethod.widgets.SoftKeyboardView{5cf1609 V.E...... ........ 0,0-1080,580}
10-23 19:09:55.148  5589  5589 I KeyboardHeightUtil: KeyboardHeightUtil.calculateMaxKeyboardBodyHeight():50 leave 267 height for app when ime window height:2171, header height:121 and isFullscreenMode:false, so the max keyboard body height is:1783
10-23 19:09:55.148  5589  5589 I GlobeKeyExtension: GlobeKeyExtension$1.onKeyboardViewShown():72 maybeDisableLanguageSwitchKeyPref when the keyboard is shown
10-23 19:09:55.148  5589  5589 I GlobeKeyExtension: GlobeKeyExtension.maybeDisableLanguageSwitchKeyPref():200 maybeDisableLanguageSwitchKeyPref hasGlobeKeyBeenDisabled: false, shouldDisableLanguageSwitchKey: false
10-23 19:09:55.148  5589  5589 I NewLanguagePromptExtension: NewLanguagePromptExtension$1.onKeyboardViewShown():88 Not show new language banner: not prime keyboard, or the extension not activated.
10-23 19:09:55.176  5589  5602 I BpBinder: onLastStrongRef automatically unlinking death recipients: 
10-23 19:09:55.176  5589  5602 I BpBinder: onLastStrongRef automatically unlinking death recipients: 
10-23 19:09:55.179  5589  5602 I BpBinder: onLastStrongRef automatically unlinking death recipients: 
10-23 19:09:55.445  5589  5589 W TooltipLifecycleManager: TooltipLifecycleManager.dismissTooltips():153 Tooltip with id SUGGESTION_VIEW_EDU_MINI_DIALOG not found in tooltipManager.
10-23 19:09:55.481  1870  2895 E AutofillSession: Not starting a new partition on 1073742167@1290064127 because session 1290064127 reached maximum of 10
10-23 19:09:55.485  5589  5589 I GoogleInputMethodService: GoogleInputMethodService.onFinishInputView():1571 onFinishInputView(true)
10-23 19:09:55.486  5589  5589 I GlobeKeyExtension: GlobeKeyExtension.onDeactivate():144 
10-23 19:09:55.486  5589  5589 W TooltipLifecycleManager: TooltipLifecycleManager.dismissTooltips():153 Tooltip with id SUGGESTION_VIEW_EDU_MINI_DIALOG not found in tooltipManager.
10-23 19:09:55.486  5589  5589 I VoiceInputManagerWrapper: VoiceInputManagerWrapper.shutdown():131 shutdown()
10-23 19:09:55.488  5589  5589 W TooltipLifecycleManager: TooltipLifecycleManager.dismissTooltips():153 Tooltip with id spell_check_add_to_dictionary not found in tooltipManager.
10-23 19:09:55.489  5589  5589 I GoogleInputMethodService: GoogleInputMethodService.onFinishInput():2085 
10-23 19:09:55.490  5589  5589 I Module  : DeviceLockedStatusModuleProvider$Module.updateDeviceLockedStatus():100 repeatCheckTimes = 0, locked = false
10-23 19:09:55.490  5589  5589 I GoogleInputMethodService: GoogleInputMethodService.onStartInput():1346 onStartInput(EditorInfo{EditorInfo{packageName=com.a1taxi.a1taxicustomer, inputType=4002, inputTypeString=Number, enableLearning=false, autoCorrection=false, autoComplete=false, imeOptions=6, privateImeOptions=null, actionName=DONE, actionLabel=null, initialSelStart=0, initialSelEnd=0, initialCapsMode=2000, label=null, fieldId=2257, fieldName=null, extras=Bundle[mParcelledData.dataSize=404], hintText=empty, hintLocales=[]}}, false)
10-23 19:09:55.491  5589  5589 I Module  : DeviceLockedStatusModuleProvider$Module.updateDeviceLockedStatus():100 repeatCheckTimes = 1, locked = false
10-23 19:09:55.492  5589  5589 I GoogleInputMethodService: GoogleInputMethodService.onStartInputView():1439 onStartInputView(EditorInfo{EditorInfo{packageName=com.a1taxi.a1taxicustomer, inputType=4002, inputTypeString=Number, enableLearning=false, autoCorrection=false, autoComplete=false, imeOptions=6, privateImeOptions=null, actionName=DONE, actionLabel=null, initialSelStart=0, initialSelEnd=0, initialCapsMode=2000, label=null, fieldId=2257, fieldName=null, extras=Bundle[{android.support.text.emoji.emojiCompat_metadataVersion=11, androidx.core.view.inputmethod.EditorInfoCompat.STYLUS_HANDWRITING_ENABLED=true, android.support.text.emoji.emojiCompat_replaceAll=false}], hintText=empty, hintLocales=[]}}, false)
10-23 19:09:55.493  5589  5589 I KeyboardHeightUtil: KeyboardHeightUtil.getOemKeyboardHeightRatio():108 systemKeyboardHeightRatio:1.000000.
10-23 19:09:55.493  5589  5589 I AndroidIME: InputBundleManager.loadActiveInputBundleId():528 loadActiveInputBundleId: und-Latn-x-number, number
10-23 19:09:55.494  5589  5589 I KeyboardWrapper: KeyboardWrapper.activateKeyboard():581 activateKeyboard(): type=prime, status=INACTIVE, imeDef=mkk{stringId=number, language=und-Latn-x-number, languageTag=und-Latn-x-number, processedConditions={}, className=com.google.android.libraries.inputmethod.ime.DummyIme, label=2132019216, keyEventInterpreter=null, inlineComposing=true, autoCapital=false, announceAutoSelectedCandidate=false, statusIcon=0, indicatorIcon=0, indicatorLabel=null, displayAppCompletions=false, extraValues=mkd{}, processors=mmb@7d3d911, unacceptableMetaKeys=4098, languageSpecificSettings=0, asciiCapable=false, alwaysShowSuggestions=false, useAsciiPasswordKeyboard=false, keyboardGroupDef=mlk@821ce4, phenotypeFlagId=0, localizationLanguageTag=null, supportsInlineSuggestion=false}
10-23 19:09:55.494  5589  5589 I KeyboardManager: KeyboardManager.requestKeyboard():248 Creating keyboard prime, imeId=number, cacheKey=theme,!gsf,!pgsans,!pgsf,!use_system_font,BORDER,FLAVOR_DPI=XXHDPI,GOOGLE_ICONS,KEYBOARD_WIDTH_CATEGORY=NORMAL,KEY_BORDER_SHAPE=1,LIGHT_THEME=false,PHYSICAL_DIAGONAL=5.748144,POPUP,SCREEN_SHORTEST_WIDTH=393,SCREEN_SHORTEST_WIDTH_NO_SCALE=393,XXHDPI,bottom4dp,enable_emoji_kitchen_browse_color_v2=true,enable_google_fonts_icons=true,enable_popup_on_keypress=true,keyboard_redesign_google_sans=true,non_linear_scale,noshadow,overlay_builtin_dynamic_color_dark_base.binarypb:gm3-dark-ff131313-ffffffff-4d9204e36e3ccb6a165e3e3dbe763ce0,roundedchip,silkpopup
10-23 19:09:55.494  5589  5589 I KeyboardWrapper: KeyboardWrapper.onKeyboardReady():224 onKeyboardReady(): type=prime(prime), kb=com.google.android.apps.inputmethod.latin.keyboard.LatinNumberKeyboard@26baecd
10-23 19:09:55.494  5589  5589 I KeyboardWrapper: KeyboardWrapper.doActivateKeyboard():611 doActivateKeyboard(): prime
10-23 19:09:55.499  5589  5589 I KeyboardHeightUtil: KeyboardHeightUtil.calculateMaxKeyboardBodyHeight():50 leave 267 height for app when ime window height:2171, header height:121 and isFullscreenMode:false, so the max keyboard body height is:1783
10-23 19:09:55.500  5589  5589 W TooltipLifecycleManager: TooltipLifecycleManager.dismissTooltips():153 Tooltip with id undo_access_point_promotion_banner not found in tooltipManager.
10-23 19:09:55.500  5589  5589 I GlobeKeyExtension: GlobeKeyExtension.getKeyboardInitialStates():175 
