10-19 17:19:40.468  5589  5589 I VoiceInputManagerWrapper: VoiceInputManagerWrapper.shutdown():131 shutdown()
10-19 17:19:40.470  5589  5589 W TooltipLifecycleManager: TooltipLifecycleManager.dismissTooltips():153 Tooltip with id spell_check_add_to_dictionary not found in tooltipManager.
10-19 17:19:40.471  5589  5589 I GoogleInputMethodService: GoogleInputMethodService.onFinishInput():2085 
10-19 17:19:40.472  5589  5589 I Module  : DeviceLockedStatusModuleProvider$Module.updateDeviceLockedStatus():100 repeatCheckTimes = 0, locked = false
10-19 17:19:40.473  5589  5589 W TooltipLifecycleManager: TooltipLifecycleManager.dismissTooltips():153 Tooltip with id SUGGESTION_VIEW_EDU_MINI_DIALOG not found in tooltipManager.
10-19 17:19:40.474  5589  5589 I GoogleInputMethodService: GoogleInputMethodService.onStartInput():1346 onStartInput(EditorInfo{EditorInfo{packageName=com.a1taxi.a1taxicustomer, inputType=4002, inputTypeString=Number, enableLearning=false, autoCorrection=false, autoComplete=false, imeOptions=6, privateImeOptions=null, actionName=DONE, actionLabel=null, initialSelStart=0, initialSelEnd=0, initialCapsMode=2000, label=null, fieldId=6407, fieldName=null, extras=Bundle[mParcelledData.dataSize=404], hintText=empty, hintLocales=[]}}, false)
10-19 17:19:40.474  1870  2929 D AutofillSession: createPendingIntent for request 2296
10-19 17:19:40.475  5589  5589 I Module  : DeviceLockedStatusModuleProvider$Module.updateDeviceLockedStatus():100 repeatCheckTimes = 1, locked = false
10-19 17:19:40.476  5589  5589 I GoogleInputMethodService: GoogleInputMethodService.onStartInputView():1439 onStartInputView(EditorInfo{EditorInfo{packageName=com.a1taxi.a1taxicustomer, inputType=4002, inputTypeString=Number, enableLearning=false, autoCorrection=false, autoComplete=false, imeOptions=6, privateImeOptions=null, actionName=DONE, actionLabel=null, initialSelStart=0, initialSelEnd=0, initialCapsMode=2000, label=null, fieldId=6407, fieldName=null, extras=Bundle[{android.support.text.emoji.emojiCompat_metadataVersion=11, androidx.core.view.inputmethod.EditorInfoCompat.STYLUS_HANDWRITING_ENABLED=true, android.support.text.emoji.emojiCompat_replaceAll=false}], hintText=empty, hintLocales=[]}}, false)
10-19 17:19:40.477  5589  5589 I KeyboardHeightUtil: KeyboardHeightUtil.getOemKeyboardHeightRatio():108 systemKeyboardHeightRatio:1.000000.
10-19 17:19:40.477  5589  5589 I AndroidIME: InputBundleManager.loadActiveInputBundleId():528 loadActiveInputBundleId: und-Latn-x-number, number
10-19 17:19:40.478  5589  5589 I KeyboardWrapper: KeyboardWrapper.activateKeyboard():581 activateKeyboard(): type=prime, status=INACTIVE, imeDef=mkk{stringId=number, language=und-Latn-x-number, languageTag=und-Latn-x-number, processedConditions={}, className=com.google.android.libraries.inputmethod.ime.DummyIme, label=2132019216, keyEventInterpreter=null, inlineComposing=true, autoCapital=false, announceAutoSelectedCandidate=false, statusIcon=0, indicatorIcon=0, indicatorLabel=null, displayAppCompletions=false, extraValues=mkd{}, processors=mmb@7d3d911, unacceptableMetaKeys=4098, languageSpecificSettings=0, asciiCapable=false, alwaysShowSuggestions=false, useAsciiPasswordKeyboard=false, keyboardGroupDef=mlk@821ce4, phenotypeFlagId=0, localizationLanguageTag=null, supportsInlineSuggestion=false}
10-19 17:19:40.478  5589  5589 I KeyboardManager: KeyboardManager.requestKeyboard():248 Creating keyboard prime, imeId=number, cacheKey=theme,!gsf,!pgsans,!pgsf,!use_system_font,BORDER,FLAVOR_DPI=XXHDPI,GOOGLE_ICONS,KEYBOARD_WIDTH_CATEGORY=NORMAL,KEY_BORDER_SHAPE=1,LIGHT_THEME=false,PHYSICAL_DIAGONAL=5.748144,POPUP,SCREEN_SHORTEST_WIDTH=393,SCREEN_SHORTEST_WIDTH_NO_SCALE=393,XXHDPI,bottom4dp,enable_emoji_kitchen_browse_color_v2=true,enable_google_fonts_icons=true,enable_popup_on_keypress=true,keyboard_redesign_google_sans=true,non_linear_scale,noshadow,overlay_builtin_dynamic_color_dark_base.binarypb:gm3-dark-ff131313-ffffffff-4d9204e36e3ccb6a165e3e3dbe763ce0,roundedchip,silkpopup
10-19 17:19:40.479  5589  5589 I KeyboardWrapper: KeyboardWrapper.onKeyboardReady():224 onKeyboardReady(): type=prime(prime), kb=com.google.android.apps.inputmethod.latin.keyboard.LatinNumberKeyboard@508e2c3
10-19 17:19:40.479  5589  5589 I KeyboardWrapper: KeyboardWrapper.doActivateKeyboard():611 doActivateKeyboard(): prime
10-19 17:19:40.480  5589  5589 I KeyboardHeightUtil: KeyboardHeightUtil.calculateMaxKeyboardBodyHeight():50 leave 267 height for app when ime window height:2171, header height:121 and isFullscreenMode:false, so the max keyboard body height is:1783
10-19 17:19:40.480  5589  5589 W TooltipLifecycleManager: TooltipLifecycleManager.dismissTooltips():153 Tooltip with id undo_access_point_promotion_banner not found in tooltipManager.
10-19 17:19:40.481  5589  5589 I GlobeKeyExtension: GlobeKeyExtension.getKeyboardInitialStates():175 
10-19 17:19:40.481  5589  5589 W Keyboard: Keyboard.getKeyboardViewHelper():609 null helper is returned: keyboardDef=mle{processedConditions={enable_access_points_in_password_number=true, enable_correction_settings_updates=true, layout_9key_split=false, language=en-US, deprecate_long_press_space_for_ime_picker=false, show_suggestion_strip=true, device=phone, expressions=normal}, globalConditions={global_theme_key=theme,!gsf,!pgsans,!pgsf,!use_system_font,BORDER,FLAVOR_DPI=XXHDPI,GOOGLE_ICONS,KEYBOARD_WIDTH_CATEGORY=NORMAL,KEY_BORDER_SHAPE=1,LIGHT_THEME=false,PHYSICAL_DIAGONAL=5.748144,POPUP,SCREEN_SHORTEST_WIDTH=393,SCREEN_SHORTEST_WIDTH_NO_SCALE=393,XXHDPI,bottom4dp,enable_emoji_kitchen_browse_color_v2=true,enable_google_fonts_icons=true,enable_popup_on_keypress=true,keyboard_redesign_google_sans=true,non_linear_scale,noshadow,overlay_builtin_dynamic_color_dark_base.binarypb:gm3-dark-ff131313-ffffffff-4d9204e36e3ccb6a165e3e3dbe763ce0,roundedchip,silkpopup, global_locale=en_US, global_density_dpi=440, global_orientation=1}, className=.latin.keyboard.LatinNumberKeyboard, resourceIds=[#0x7f17086b], initialStates=0, keyboardViewDefs=[mls{direction=LOCALE, id=#0x7f0b0224, isScalable=false, layoutId=#0x7f0e0500, type=HEADER, touchable=true, defaultShow=true}, mls{direction=null, id=#0x7f0b0224, isScalable=true, layoutId=#0x7f0e0556, type=BODY, touchable=true, defaultShow=true}], persistentStates=0, persistentStatesPrefKey=null, popupBubbleLayoutId=#0x7f0e05f1, recentKeyLayoutId=0, recentKeyPopupLayoutId=0, recentKeyType=null, rememberRecentKey=NONE, sessionStates=0}, type=FLOATING_CANDIDATES, helpersCreated=[lxm@e7604a8, lxm@f9b5bc1, null, null], context.getResources().getConfiguration(): {1.0 405mcc869mnc [en_US] ldltr sw393dp w393dp h790dp 440dpi nrml long port night finger -keyb/v/h -nav/h winConfig={ mBounds=Rect(0, 0 - 1080, 2392) mAppBounds=Rect(0, 103 - 1080, 2276) mMaxBounds=Rect(0, 0 - 1080, 2392) mDisplayRotation=ROTATION_0 mWindowingMode=fullscreen mActivityType=undefined mAlwaysOnTop=undefined mRotation=ROTATION_0 isEmbedding:false} s.5420 fontWeightAdjustment=0 themeId=2 themeParameter=0 nightModeLevel = -1 typefaceChanged=0.0 ?spacesystem eaMode=1}
10-19 17:19:40.481  5589  5589 W Keyboard: Keyboard.getKeyboardViewHelper():609 null helper is returned: keyboardDef=mle{processedConditions={enable_access_points_in_password_number=true, enable_correction_settings_updates=true, layout_9key_split=false, language=en-US, deprecate_long_press_space_for_ime_picker=false, show_suggestion_strip=true, device=phone, expressions=normal}, globalConditions={global_theme_key=theme,!gsf,!pgsans,!pgsf,!use_system_font,BORDER,FLAVOR_DPI=XXHDPI,GOOGLE_ICONS,KEYBOARD_WIDTH_CATEGORY=NORMAL,KEY_BORDER_SHAPE=1,LIGHT_THEME=false,PHYSICAL_DIAGONAL=5.748144,POPUP,SCREEN_SHORTEST_WIDTH=393,SCREEN_SHORTEST_WIDTH_NO_SCALE=393,XXHDPI,bottom4dp,enable_emoji_kitchen_browse_color_v2=true,enable_google_fonts_icons=true,enable_popup_on_keypress=true,keyboard_redesign_google_sans=true,non_linear_scale,noshadow,overlay_builtin_dynamic_color_dark_base.binarypb:gm3-dark-ff131313-ffffffff-4d9204e36e3ccb6a165e3e3dbe763ce0,roundedchip,silkpopup, global_locale=en_US, global_density_dpi=440, global_orientation=1}, className=.latin.keyboard.LatinNumberKeyboard, resourceIds=[#0x7f17086b], initialStates=0, keyboardViewDefs=[mls{direction=LOCALE, id=#0x7f0b0224, isScalable=false, layoutId=#0x7f0e0500, type=HEADER, touchable=true, defaultShow=true}, mls{direction=null, id=#0x7f0b0224, isScalable=true, layoutId=#0x7f0e0556, type=BODY, touchable=true, defaultShow=true}], persistentStates=0, persistentStatesPrefKey=null, popupBubbleLayoutId=#0x7f0e05f1, recentKeyLayoutId=0, recentKeyPopupLayoutId=0, recentKeyType=null, rememberRecentKey=NONE, sessionStates=0}, type=WIDGET, helpersCreated=[lxm@e7604a8, lxm@f9b5bc1, null, null], context.getResources().getConfiguration(): {1.0 405mcc869mnc [en_US] ldltr sw393dp w393dp h790dp 440dpi nrml long port night finger -keyb/v/h -nav/h winConfig={ mBounds=Rect(0, 0 - 1080, 2392) mAppBounds=Rect(0, 103 - 1080, 2276) mMaxBounds=Rect(0, 0 - 1080, 2392) mDisplayRotation=ROTATION_0 mWindowingMode=fullscreen mActivityType=undefined mAlwaysOnTop=undefined mRotation=ROTATION_0 isEmbedding:false} s.5420 fontWeightAdjustment=0 themeId=2 themeParameter=0 nightModeLevel = -1 typefaceChanged=0.0 ?spacesystem eaMode=1}
10-19 17:19:40.481  5589  5589 I AndroidIME: InputBundleManager.startInput():358 startInput() with mlo[keyboardType=prime, payload=null]
10-19 17:19:40.482  5589  5589 I GlobeKeyExtension: GlobeKeyExtension.onActivate():120 
10-19 17:19:40.484  5589  5589 I LanguagePromoExtension: LanguagePromoExtension.checkDisplayPreconditions():174 Not show language promo: exceeds the max display times.
10-19 17:19:40.484  5589  5589 I NewLanguagePromptExtension: NewLanguagePromptExtension.onActivate():189 Not activated NewLanguagePromptExtension: not a normal text input box.
10-19 17:19:40.484  5589  5589 I VoiceInputManagerWrapper: VoiceInputManagerWrapper.cancelShutdown():109 cancelShutdown()
10-19 17:19:40.484  5589  5589 I VoiceInputManagerWrapper: VoiceInputManagerWrapper.syncLanguagePacks():121 syncLanguagePacks()
10-19 17:19:40.484  5589  5589 I VoiceInputManager: VoiceInputManager.onKeyboardActivated():1173 onKeyboardActivated() [UD]
10-19 17:19:40.485  5589  6558 I SpeechFactory: SpeechRecognitionFactory.maybeScheduleAutoPackDownloadForFallback():217 maybeScheduleAutoPackDownloadForFallback()
10-19 17:19:40.485  5589  5589 I PkModeUpdater: PkModeUpdater.onActivate():74 onActivate false true
10-19 17:19:40.485  5589  5589 I AccessoryInputModeManager: AccessoryInputModeManager.onModeStarted():318 Accessory input mode started: null
10-19 17:19:40.485  5589  6558 I FallbackOnDeviceRecognitionProvider: FallbackOnDeviceRecognitionProvider.maybeScheduleAutoPackDownload():205 maybeScheduleAutoPackDownload() for language tag en-US
10-19 17:19:40.485  5589  5589 W SupplementaryKeyboardsWrapper: SupplementaryKeyboardsWrapper.deactivateKeyboard():161 keyboard accessory_candidates_consumer is not activated before!
10-19 17:19:40.485  5589  5589 I KeyboardModeUtils: KeyboardModeUtils.getKeyboardBottomOffset():435 inch: 0.000000 ydpi: 387.429993 adjustKeyboardBottomByDisplaySize: false currentDensityDpi: 440 defaultDensityDpi: 440 keyboardBottomToScreenPx: 0 keyboardBottomToNavBarPx: -116 navBarHeight: 116
10-19 17:19:40.486  5589  5589 I KeyboardHeightUtil: KeyboardHeightUtil.calculateMaxKeyboardBodyHeight():50 leave 267 height for app when ime window height:2171, header height:121 and isFullscreenMode:false, so the max keyboard body height is:1783
10-19 17:19:40.486  5589  5589 I KeyboardHeightUtil: KeyboardHeightUtil.calculateMaxKeyboardBodyHeight():50 leave 267 height for app when ime window height:2171, header height:121 and isFullscreenMode:false, so the max keyboard body height is:1783
10-19 17:19:40.486  5589  5589 I AndroidIME: KeyboardViewManager.updateKeyboardBodyViewHolderPaddingBottom():472 Set finalPaddingBottom = 5 while holderPaddingBottom = 5; navigationHeight = 116
10-19 17:19:40.486  5589  5589 I KeyboardHeightUtil: KeyboardHeightUtil.calculateMaxKeyboardBodyHeight():50 leave 267 height for app when ime window height:2171, header height:121 and isFullscreenMode:false, so the max keyboard body height is:1783
10-19 17:19:40.486  5589  5589 I KeyboardHeightUtil: KeyboardHeightUtil.calculateMaxKeyboardBodyHeight():50 leave 267 height for app when ime window height:2171, header height:121 and isFullscreenMode:false, so the max keyboard body height is:1783
10-19 17:19:40.486  5589  5589 W ExtensionWrapper: ExtensionWrapper.setExtensionViewVisibility():811 interface mas is not activate
10-19 17:19:40.487  5589  5589 I Module  : DeviceLockedStatusModuleProvider$Module.updateDeviceLockedStatus():100 repeatCheckTimes = 1, locked = false
10-19 17:19:40.488  5589  5589 I StylusModule: StylusModule.onUpdateToolType():800 Update tool type = 1
10-19 17:19:40.489  5589  5589 I StylusModule: StylusModule.onUpdateToolType():800 Update tool type = 1
10-19 17:19:40.491  5589  5589 I KeyboardModeUtils: KeyboardModeUtils.getKeyboardBottomOffset():435 inch: 0.000000 ydpi: 387.429993 adjustKeyboardBottomByDisplaySize: false currentDensityDpi: 440 defaultDensityDpi: 440 keyboardBottomToScreenPx: 0 keyboardBottomToNavBarPx: -116 navBarHeight: 116
10-19 17:19:40.491  5589  5589 I KeyboardHeightUtil: KeyboardHeightUtil.calculateMaxKeyboardBodyHeight():50 leave 267 height for app when ime window height:2171, header height:121 and isFullscreenMode:false, so the max keyboard body height is:1783
10-19 17:19:40.491  5589  5589 I KeyboardHeightUtil: KeyboardHeightUtil.calculateMaxKeyboardBodyHeight():50 leave 267 height for app when ime window height:2171, header height:121 and isFullscreenMode:false, so the max keyboard body height is:1783
10-19 17:19:40.491  5589  5589 I AndroidIME: KeyboardViewManager.updateKeyboardBodyViewHolderPaddingBottom():472 Set finalPaddingBottom = 5 while holderPaddingBottom = 5; navigationHeight = 116
10-19 17:19:40.491  5589  5589 I WindowMetricsNotification: WindowMetricsNotification.notifyWithWindow():166 
10-19 17:19:40.491  5589  5589 I WindowMetricsNotification: WindowMetricsNotification.notify():159 pfu[bounds=Rect(0, 105 - 1080, 2392), insets=Rect(0, 0 - 0, 116), densityDpi=440, smallestScreenWidthDp=393, displayWidth=1080, displayHeight=2392, xdpi=387.43, ydpi=387.43, isTrustable=true, displayId=0]; DisplayMetrics{density=2.75, width=1080, height=2392, scaledDensity=2.75, xdpi=387.43, ydpi=387.43}
10-19 17:19:40.494  5589  5589 I GoogleInputMethodService: GoogleInputMethodService$1.onKeyboardViewShown():325 onKeyboardViewShown: keyboardType=prime, keyboardViewType=HEADER keyboardView=com.google.android.libraries.inputmethod.widgets.SoftKeyboardView{9a4bdd2 V.E...... ........ 0,0-1080,121}
10-19 17:19:40.494  5589  5589 I KeyboardHeightUtil: KeyboardHeightUtil.calculateMaxKeyboardBodyHeight():50 leave 267 height for app when ime window height:2171, header height:121 and isFullscreenMode:false, so the max keyboard body height is:1783
10-19 17:19:40.494  5589  5589 I GoogleInputMethodService: GoogleInputMethodService$1.onKeyboardViewShown():325 onKeyboardViewShown: keyboardType=prime, keyboardViewType=BODY keyboardView=com.google.android.libraries.inputmethod.widgets.SoftKeyboardView{84bc248 V.E...... ........ 0,0-1080,580}
10-19 17:19:40.494  5589  5589 I KeyboardHeightUtil: KeyboardHeightUtil.calculateMaxKeyboardBodyHeight():50 leave 267 height for app when ime window height:2171, header height:121 and isFullscreenMode:false, so the max keyboard body height is:1783
10-19 17:19:40.494  5589  5589 I GlobeKeyExtension: GlobeKeyExtension$1.onKeyboardViewShown():72 maybeDisableLanguageSwitchKeyPref when the keyboard is shown
10-19 17:19:40.494  5589  5589 I GlobeKeyExtension: GlobeKeyExtension.maybeDisableLanguageSwitchKeyPref():200 maybeDisableLanguageSwitchKeyPref hasGlobeKeyBeenDisabled: false, shouldDisableLanguageSwitchKey: false
10-19 17:19:40.494  5589  5589 I NewLanguagePromptExtension: NewLanguagePromptExtension$1.onKeyboardViewShown():88 Not show new language banner: not prime keyboard, or the extension not activated.
10-19 17:19:40.503 21104  9219 W anqe    : Failed to retrieve prediction data. [CONTEXT service_id=177 ]
10-19 17:19:40.503 21104  9219 W anqe    : java.util.concurrent.ExecutionException: fnpd: No active MDD filegroup android-autofill-infinitedata found for the table autofill-domain-predictions-prod-spanner.
10-19 17:19:40.503 21104  9219 W anqe    : 	at gpkb.j(:com.google.android.gms@254031035@25.40.31 (260400-816341114):21)
10-19 17:19:40.503 21104  9219 W anqe    : 	at gpkk.v(:com.google.android.gms@254031035@25.40.31 (260400-816341114):31)
10-19 17:19:40.503 21104  9219 W anqe    : 	at gpkb.get(:com.google.android.gms@254031035@25.40.31 (260400-816341114):2)
10-19 17:19:40.503 21104  9219 W anqe    : 	at anqe.e(:com.google.android.gms@254031035@25.40.31 (260400-816341114):81)
10-19 17:19:40.503 21104  9219 W anqe    : 	at anqe.a(:com.google.android.gms@254031035@25.40.31 (260400-816341114):124)
10-19 17:19:40.503 21104  9219 W anqe    : 	at anno.call(:com.google.android.gms@254031035@25.40.31 (260400-816341114):5)
10-19 17:19:40.503 21104  9219 W anqe    : 	at java.util.concurrent.FutureTask.run(FutureTask.java:317)
10-19 17:19:40.503 21104  9219 W anqe    : 	at bckr.c(:com.google.android.gms@254031035@25.40.31 (260400-816341114):50)
10-19 17:19:40.503 21104  9219 W anqe    : 	at bckr.run(:com.google.android.gms@254031035@25.40.31 (260400-816341114):73)
10-19 17:19:40.503 21104  9219 W anqe    : 	at java.util.concurrent.ThreadPoolExecutor.runWorker(ThreadPoolExecutor.java:1156)
10-19 17:19:40.503 21104  9219 W anqe    : 	at java.util.concurrent.ThreadPoolExecutor$Worker.run(ThreadPoolExecutor.java:651)
10-19 17:19:40.503 21104  9219 W anqe    : 	at bcqi.run(:com.google.android.gms@254031035@25.40.31 (260400-816341114):8)
10-19 17:19:40.503 21104  9219 W anqe    : 	at java.lang.Thread.run(Thread.java:1119)
10-19 17:19:40.503 21104  9219 W anqe    : Caused by: fnpd: No active MDD filegroup android-autofill-infinitedata found for the table autofill-domain-predictions-prod-spanner.
10-19 17:19:40.503 21104  9219 W anqe    : 	at fnpr.a(:com.google.android.gms@254031035@25.40.31 (260400-816341114):13)
10-19 17:19:40.503 21104  9219 W anqe    : 	at gpjr.d(:com.google.android.gms@254031035@25.40.31 (260400-816341114):3)
10-19 17:19:40.503 21104  9219 W anqe    : 	at gpjt.run(:com.google.android.gms@254031035@25.40.31 (260400-816341114):130)
10-19 17:19:40.503 21104  9219 W anqe    : 	at gpma.execute(:com.google.android.gms@254031035@25.40.31 (260400-816341114):1)
10-19 17:19:40.503 21104  9219 W anqe    : 	at gpkb.f(:com.google.android.gms@254031035@25.40.31 (260400-816341114):1)
10-19 17:19:40.503 21104  9219 W anqe    : 	at gpkb.m(:com.google.android.gms@254031035@25.40.31 (260400-816341114):99)
10-19 17:19:40.503 21104  9219 W anqe    : 	at gpkb.r(:com.google.android.gms@254031035@25.40.31 (260400-816341114):17)
10-19 17:19:40.503 21104  9219 W anqe    : 	at gpko.run(:com.google.android.gms@254031035@25.40.31 (260400-816341114):77)
10-19 17:19:40.503 21104  9219 W anqe    : 	at gpma.execute(:com.google.android.gms@254031035@25.40.31 (260400-816341114):1)
10-19 17:19:40.503 21104  9219 W anqe    : 	at gpkb.f(:com.google.android.gms@254031035@25.40.31 (260400-816341114):1)
10-19 17:19:40.503 21104  9219 W anqe    : 	at gpkb.m(:com.google.android.gms@254031035@25.40.31 (260400-816341114):99)
10-19 17:19:40.503 21104  9219 W anqe    : 	at gpkb.t(:com.google.android.gms@254031035@25.40.31 (260400-816341114):26)
10-19 17:19:40.503 21104  9219 W anqe    : 	at gpjr.e(:com.google.android.gms@254031035@25.40.31 (260400-816341114):3)
10-19 17:19:40.503 21104  9219 W anqe    : 	at gpjt.run(:com.google.android.gms@254031035@25.40.31 (260400-816341114):138)
10-19 17:19:40.503 21104  9219 W anqe    : 	at gpma.execute(:com.google.android.gms@254031035@25.40.31 (260400-816341114):1)
10-19 17:19:40.503 21104  9219 W anqe    : 	at gpkb.f(:com.google.android.gms@254031035@25.40.31 (260400-816341114):1)
10-19 17:19:40.503 21104  9219 W anqe    : 	at gpkb.m(:com.google.android.gms@254031035@25.40.31 (260400-816341114):99)
10-19 17:19:40.503 21104  9219 W anqe    : 	at gpkb.r(:com.google.android.gms@254031035@25.40.31 (260400-816341114):17)
10-19 17:19:40.503 21104  9219 W anqe    : 	at gpko.run(:com.google.android.gms@254031035@25.40.31 (260400-816341114):77)
10-19 17:19:40.503 21104  9219 W anqe    : 	at gpma.execute(:com.google.android.gms@254031035@25.40.31 (260400-816341114):1)
10-19 17:19:40.503 21104  9219 W anqe    : 	at gpkb.f(:com.google.android.gms@254031035@25.40.31 (260400-816341114):1)
10-19 17:19:40.503 21104  9219 W anqe    : 	at gpkb.m(:com.google.android.gms@254031035@25.40.31 (260400-816341114):99)
10-19 17:19:40.503 21104  9219 W anqe    : 	at gpkb.t(:com.google.android.gms@254031035@25.40.31 (260400-816341114):26)
10-19 17:19:40.503 21104  9219 W anqe    : 	at gpmx.run(:com.google.android.gms@254031035@25.40.31 (260400-816341114):5)
10-19 17:19:40.503 21104  9219 W anqe    : 	at gpma.execute(:com.google.android.gms@254031035@25.40.31 (260400-816341114):1)
10-19 17:19:40.503 21104  9219 W anqe    : 	at gpkb.f(:com.google.android.gms@254031035@25.40.31 (260400-816341114):1)
10-19 17:19:40.503 21104  9219 W anqe    : 	at gpkb.m(:com.google.android.gms@254031035@25.40.31 (260400-816341114):99)
10-19 17:19:40.503 21104  9219 W anqe    : 	at gpkb.t(:com.google.android.gms@254031035@25.40.31 (260400-816341114):26)
10-19 17:19:40.503 21104  9219 W anqe    : 	at gpkm.e(:com.google.android.gms@254031035@25.40.31 (260400-816341114):3)
10-19 17:19:40.503 21104  9219 W anqe    : 	at gpko.run(:com.google.android.gms@254031035@25.40.31 (260400-816341114):44)
10-19 17:19:40.503 21104  9219 W anqe    : 	at gpod.run(:com.google.android.gms@254031035@25.40.31 (260400-816341114):64)
10-19 17:19:40.503 21104  9219 W anqe    : 	... 6 more
10-19 17:19:40.503 21104  9219 W anqe    : Caused by: flxc: Requested group not found.
10-19 17:19:40.503 21104  9219 W anqe    : 	at flxa.a(:com.google.android.gms@254031035@25.40.31 (260400-816341114):30)
10-19 17:19:40.503 21104  9219 W anqe    : 	at fmce.a(:com.google.android.gms@254031035@25.40.31 (260400-816341114):19)
10-19 17:19:40.503 21104  9219 W anqe    : 	at ghbr.a(:com.google.android.gms@254031035@25.40.31 (260400-816341114):13)
10-19 17:19:40.503 21104  9219 W anqe    : 	at gpkm.d(:com.google.android.gms@254031035@25.40.31 (260400-816341114):3)
10-19 17:19:40.503 21104  9219 W anqe    : 	at gpko.run(:com.google.android.gms@254031035@25.40.31 (260400-816341114):38)
10-19 17:19:40.503 21104  9219 W anqe    : 	... 7 more
10-19 17:19:40.507 21163  8733 I SyncManager: (REDACTED) Executing sync(type=%s%s)
10-19 17:19:40.512 21163  8733 I SyncManager: (REDACTED) Executing sync(type=%s) finished in %s
10-19 17:19:40.527 21163 21212 I AutofillPreferences: The stored preference is not current autofill service. Clean permission. [CONTEXT service_id=177 ]
10-19 17:19:40.527 21163 21212 I AutofillPreferences: cleanPermission [CONTEXT service_id=177 ]
10-19 17:19:40.565 21163 21212 I AutofillPreferences: The stored preference is not current autofill service. Clean permission. [CONTEXT service_id=177 ]
10-19 17:19:40.565 21163 21212 I AutofillPreferences: cleanPermission [CONTEXT service_id=177 ]
10-19 17:19:40.864  1870  1870 D AutofillSession: Service did not request to wait for delayed fill response.
10-19 17:19:40.956  5589  5589 W TooltipLifecycleManager: TooltipLifecycleManager.dismissTooltips():153 Tooltip with id SUGGESTION_VIEW_EDU_MINI_DIALOG not found in tooltipManager.
10-19 17:19:42.508 21104 21184 I FusedLocation: (REDACTED) location delivery to %s blocked - too close
10-19 17:19:42.509 21104 21184 I FusedLocation: (REDACTED) location delivery to %s blocked - too fast
10-19 17:19:42.509 21104 21184 I FusedLocation: (REDACTED) location delivery to %s blocked - too close
10-19 17:19:42.511 21104 21184 I FusedLocation: (REDACTED) location delivery to %s blocked - too close
10-19 17:19:42.513 21104 21184 I FusedLocation: (REDACTED) location delivery to %s blocked - too fast
10-19 17:19:44.155  5589  5589 I GoogleInputMethodService: GoogleInputMethodService.onFinishInputView():1571 onFinishInputView(false)
10-19 17:19:44.155  5589  5589 I GlobeKeyExtension: GlobeKeyExtension.onDeactivate():144 
10-19 17:19:44.155  5589  5589 W TooltipLifecycleManager: TooltipLifecycleManager.dismissTooltips():153 Tooltip with id SUGGESTION_VIEW_EDU_MINI_DIALOG not found in tooltipManager.
10-19 17:19:44.156  5589  5589 I VoiceInputManagerWrapper: VoiceInputManagerWrapper.shutdown():131 shutdown()
10-19 17:19:44.157  5589  5589 W TooltipLifecycleManager: TooltipLifecycleManager.dismissTooltips():153 Tooltip with id spell_check_add_to_dictionary not found in tooltipManager.
10-19 17:19:44.159  5589  5589 W TooltipLifecycleManager: TooltipLifecycleManager.dismissTooltips():153 Tooltip with id undo_access_point_promotion_banner not found in tooltipManager.
10-19 17:19:44.174  5589  5589 I KeyboardModeUtils: KeyboardModeUtils.getKeyboardBottomOffset():435 inch: 0.000000 ydpi: 387.429993 adjustKeyboardBottomByDisplaySize: false currentDensityDpi: 440 defaultDensityDpi: 440 keyboardBottomToScreenPx: 0 keyboardBottomToNavBarPx: -116 navBarHeight: 116
10-19 17:19:44.174  5589  5589 I KeyboardHeightUtil: KeyboardHeightUtil.calculateMaxKeyboardBodyHeight():50 leave 267 height for app when ime window height:2171, header height:121 and isFullscreenMode:false, so the max keyboard body height is:1783
10-19 17:19:44.175  5589  5589 I KeyboardHeightUtil: KeyboardHeightUtil.calculateMaxKeyboardBodyHeight():50 leave 267 height for app when ime window height:2171, header height:121 and isFullscreenMode:false, so the max keyboard body height is:1783
10-19 17:19:44.175  5589  5589 I AndroidIME: KeyboardViewManager.updateKeyboardBodyViewHolderPaddingBottom():472 Set finalPaddingBottom = 5 while holderPaddingBottom = 5; navigationHeight = 116
10-19 17:19:44.204 21104  9220 I FusedOrientationManager: Registering orientation client. [CONTEXT service_id=6 ]
10-19 17:19:44.214 21104  9220 I FusedOrientationManager: Registering orientation client. [CONTEXT service_id=6 ]
10-19 17:19:44.476 21104 21184 I FusedLocation: (REDACTED) location delivery to %s blocked - too close
10-19 17:19:44.476 21104 21184 I FusedLocation: (REDACTED) location delivery to %s blocked - too fast
10-19 17:19:44.477 21104 21184 I FusedLocation: (REDACTED) location delivery to %s blocked - too close
10-19 17:19:44.478 21104 21184 I FusedLocation: (REDACTED) location delivery to %s blocked - too close
10-19 17:19:44.479 21104 21184 I FusedLocation: (REDACTED) location delivery to %s blocked - too fast
10-19 17:19:44.479 21104 21184 I FusedLocation: (REDACTED) location delivery to %s blocked - too fast
10-19 17:19:44.497 21104 21188 W Settings: Setting airplane_mode_on has moved from android.provider.Settings.System to android.provider.Settings.Global, returning read-only value.
10-19 17:19:44.502 21104  9228 W SystemServiceRegistry: No service published for: wifirtt
10-19 17:19:44.510  5589  5589 I GoogleInputMethodService: GoogleInputMethodService.onFinishInput():2085 
10-19 17:19:44.511  5589  5589 I Module  : DeviceLockedStatusModuleProvider$Module.updateDeviceLockedStatus():100 repeatCheckTimes = 0, locked = false
10-19 17:19:44.512  5589  5589 W TooltipLifecycleManager: TooltipLifecycleManager.dismissTooltips():153 Tooltip with id SUGGESTION_VIEW_EDU_MINI_DIALOG not found in tooltipManager.
10-19 17:19:44.512  5589  5589 I GoogleInputMethodService: GoogleInputMethodService.onStartInput():1346 onStartInput(EditorInfo{EditorInfo{packageName=com.a1taxi.a1taxicustomer, inputType=0, inputTypeString=NULL, enableLearning=false, autoCorrection=false, autoComplete=false, imeOptions=0, privateImeOptions=null, actionName=UNSPECIFIED, actionLabel=null, initialSelStart=-1, initialSelEnd=-1, initialCapsMode=0, label=null, fieldId=0, fieldName=null, extras=null, hintText=null, hintLocales=[]}}, false)
10-19 17:19:44.512  5589  5589 I Module  : DeviceLockedStatusModuleProvider$Module.updateDeviceLockedStatus():100 repeatCheckTimes = 1, locked = false
10-19 17:19:44.512  5589  5589 I HardKeyTracker: HardKeyTracker.registerKeySequence():170 Register key sequence nfz{labelResId=0, callback=gds@7146fc6, lastModifier=0, keyCodes=[57, 57], actions=[1, 0]}
10-19 17:19:44.512  5589  5589 I HardKeyTracker: HardKeyTracker.registerKeySequence():170 Register key sequence nfz{labelResId=0, callback=gds@e3a96dd, lastModifier=0, keyCodes=[58, 58], actions=[1, 0]}
10-19 17:19:44.872 21104  9225 I FusedOrientationManager: Registering orientation client. [CONTEXT service_id=6 ]
10-19 17:19:44.892 21104  8606 I FusedOrientationManager: Registering orientation client. [CONTEXT service_id=6 ]
10-19 17:19:44.909 21104  9225 I PhenotypeResourceReader: unable to find any Phenotype resource metadata for com.a1taxi.a1taxicustomer
10-19 17:19:44.916  5589  5589 W TooltipLifecycleManager: TooltipLifecycleManager.dismissTooltips():153 Tooltip with id undo_access_point_promotion_banner not found in tooltipManager.
10-19 17:19:44.928  5589  5589 D ViewRootImpl: AppSizeAfterRelayout, size: Point(1080, 2287), rotation: ROTATION_0
10-19 17:19:44.929  5589  5589 D BLASTBufferQueue: [VRI[InputMethod]#2098](f:0,a:4) destructor()
10-19 17:19:44.929  5589  5589 D BufferQueueConsumer: [VRI[InputMethod]#2098(BLAST Consumer)2098](id:15d500000832,api:0,p:-1,c:5589) disconnect
10-19 17:19:44.936  1870  3776 D BatteryStatsService: noteVideoSurfaceChanged  noteWhich: 49,arg1: 1080, arg2: 2056, arg3: 30055, arg4: 2959, name: com.a1taxi.a1taxicustomer
10-19 17:19:45.239 21104 21119 I WifiScanner: onFullResults
10-19 17:19:45.239 21104 22647 I WifiScanner: onFullResults
10-19 17:19:45.240 21104 21332 I WifiScanner: onFullResults
10-19 17:19:45.248 21104  8845 I FrewleTileCacheManagerV: (REDACTED) Fetched %d AP models from cache
10-19 17:19:45.270 21104 21184 I FusedLocation: (REDACTED) location delivery to %s blocked - too close
10-19 17:19:45.271 21104 21184 I FusedLocation: (REDACTED) location delivery to %s blocked - too fast
10-19 17:19:45.271 21104 21184 I FusedLocation: (REDACTED) location delivery to %s blocked - too close
10-19 17:19:45.271 21104 21184 I FusedLocation: (REDACTED) location delivery to %s blocked - too close
10-19 17:19:45.272 21104 21184 I FusedLocation: (REDACTED) location delivery to %s blocked - too fast
10-19 17:19:45.272 21104 21184 I FusedLocation: (REDACTED) location delivery to %s blocked - too fast
10-19 17:19:45.273 21104 21184 I fznc    : Received empty WiFi-RTT scan. [CONTEXT service_id=6 ]
10-19 17:19:45.508 21104 21184 I FusedLocation: (REDACTED) location delivery to %s blocked - too close
10-19 17:19:45.509 21104 21184 I FusedLocation: (REDACTED) location delivery to %s blocked - too fast
10-19 17:19:45.509 21104 21184 I FusedLocation: (REDACTED) location delivery to %s blocked - too close
10-19 17:19:45.509 21104 21184 I FusedLocation: (REDACTED) location delivery to %s blocked - too fast
10-19 17:19:45.509 21104 21184 I FusedLocation: (REDACTED) location delivery to %s blocked - too close
10-19 17:19:45.510 21104 21184 I FusedLocation: (REDACTED) location delivery to %s blocked - too fast
10-19 17:19:45.510 21104 21184 I FusedLocation: (REDACTED) location delivery to %s blocked - too fast
10-19 17:19:45.874 21104 22647 I IPCThreadState: oneway function results for code 1 on binder at 0xb4000077d00a54c0 will be dropped but finished with status UNKNOWN_TRANSACTION and reply parcel size 80
10-19 17:19:50.236 21104 21188 W Settings: Setting airplane_mode_on has moved from android.provider.Settings.System to android.provider.Settings.Global, returning read-only value.
10-19 17:19:50.240 21104  8611 W SystemServiceRegistry: No service published for: wifirtt
10-19 17:19:50.250 21104 22647 I WifiScanner: onFullResults
10-19 17:19:50.250 21104 21332 I WifiScanner: onFullResults
10-19 17:19:50.250 21104 22647 I WifiScanner: onFullResults
10-19 17:19:50.303 21104  8770 I FrewleTileCacheManagerV: (REDACTED) Fetched %d AP models from cache
10-19 17:19:50.331 21104 21184 I FusedLocation: (REDACTED) location delivery to %s blocked - too close
10-19 17:19:50.331 21104 21184 I FusedLocation: (REDACTED) location delivery to %s blocked - too fast
10-19 17:19:50.332 21104 21184 I FusedLocation: (REDACTED) location delivery to %s blocked - too close
10-19 17:19:50.332 21104 21184 I FusedLocation: (REDACTED) location delivery to %s blocked - too close
10-19 17:19:50.334 21104 21184 I fznc    : Received empty WiFi-RTT scan. [CONTEXT service_id=6 ]
10-19 17:19:50.394 21104  8611 I TFLite-in-PlayServices: Created interpreter.
10-19 17:19:50.423 21104  8611 I TFLite-in-PlayServices: Created interpreter.
10-19 17:19:50.452 21104  8611 I SemanticLocation: (REDACTED) [Inferrer] %s%s
10-19 17:19:50.484 21104 21184 I FusedLocation: (REDACTED) location delivery to %s blocked - too close
10-19 17:19:50.484 21104 21184 I FusedLocation: (REDACTED) location delivery to %s blocked - too fast
10-19 17:19:50.484 21104 21184 I FusedLocation: (REDACTED) location delivery to %s blocked - too close
10-19 17:19:50.484 21104 21184 I FusedLocation: (REDACTED) location delivery to %s blocked - too fast
10-19 17:19:50.485 21104 21184 I FusedLocation: (REDACTED) location delivery to %s blocked - too close
10-19 17:19:50.487 21104 21184 I FusedLocation: (REDACTED) location delivery to %s blocked - too fast
10-19 17:19:50.488 21104 21184 I FusedLocation: (REDACTED) location delivery to %s blocked - too fast
10-19 17:19:50.618  5589  5589 I GoogleInputMethodService: GoogleInputMethodService.onFinishInput():2085 
10-19 17:19:50.620  5589  5589 I Module  : DeviceLockedStatusModuleProvider$Module.updateDeviceLockedStatus():100 repeatCheckTimes = 0, locked = false
10-19 17:19:50.621  5589  5589 I GoogleInputMethodService: GoogleInputMethodService.onStartInput():1346 onStartInput(EditorInfo{EditorInfo{packageName=com.a1taxi.a1taxicustomer, inputType=0, inputTypeString=NULL, enableLearning=false, autoCorrection=false, autoComplete=false, imeOptions=0, privateImeOptions=null, actionName=UNSPECIFIED, actionLabel=null, initialSelStart=-1, initialSelEnd=-1, initialCapsMode=0, label=null, fieldId=0, fieldName=null, extras=null, hintText=null, hintLocales=[]}}, false)
10-19 17:19:50.626  5589  5589 I Module  : DeviceLockedStatusModuleProvider$Module.updateDeviceLockedStatus():100 repeatCheckTimes = 1, locked = false
10-19 17:19:50.956 21163 21163 D BoundBrokerSvc: onUnbind: Intent { act=com.google.android.gms.wallet.service.BIND pkg=com.google.android.gms }
10-19 17:19:54.217  5589  6019 I ProtoXDBBufferWrapper: ProtoXDBBufferWrapper.flushToStorage():158 Flushed 6 data item(s) to storage.
10-19 17:19:55.255 21104 21188 W Settings: Setting airplane_mode_on has moved from android.provider.Settings.System to android.provider.Settings.Global, returning read-only value.
10-19 17:19:55.263 21104  8845 W SystemServiceRegistry: No service published for: wifirtt
10-19 17:19:55.446 30930 30930 I TaskService: Handling intent with task name 'background-location-task' and app scoping identifier 'com.a1taxi.driverpro'.
10-19 17:19:55.450 30930 30930 W JobInfo : Job 'com.a1taxi.driverpro/expo.modules.taskManager.TaskJobService#0' has a deadline with no functional constraints. The deadline won't improve job execution latency. Consider removing the deadline.
10-19 17:19:55.454 30930 30930 I TaskService: Handling job with task name 'background-location-task' for app with scoping identifier 'com.a1taxi.driverpro'.
10-19 17:19:55.457 30930  2759 I ReactNativeJS: ' Background location update:', [ { timestamp: 1760874590430,
10-19 17:19:55.457 30930  2759 I ReactNativeJS:     mocked: false,
10-19 17:19:55.457 30930  2759 I ReactNativeJS:     coords: 
10-19 17:19:55.457 30930  2759 I ReactNativeJS:      { altitude: 772.5999755859375,
10-19 17:19:55.457 30930  2759 I ReactNativeJS:        heading: 0,
10-19 17:19:55.457 30930  2759 I ReactNativeJS:        altitudeAccuracy: 1.208667278289795,
10-19 17:19:55.457 30930  2759 I ReactNativeJS:        latitude: 12.7486633,
10-19 17:19:55.457 30930  2759 I ReactNativeJS:        speed: 4.052138747281927e-20,
10-19 17:19:55.457 30930  2759 I ReactNativeJS:        longitude: 77.8300083,
10-19 17:19:55.457 30930  2759 I ReactNativeJS:        accuracy: 4.4039998054504395 } } ]
10-19 17:19:55.463 30930  2759 I ReactNativeJS:  Background location update via RPC...
10-19 17:19:55.463 30930  2759 E ReactNativeJS:  Supabase credentials not configured
10-19 17:19:55.466 30930  2748 I TaskService: Finished task 'background-location-task' with eventId 'ed835c1a-2f96-4efa-9061-f68d29f02c38'.
10-19 17:19:55.472 30930  2760 E unknown:ReactNative: console.error:  Supabase credentials not configured, js engine: hermes, stack:
10-19 17:19:55.472 30930  2760 E unknown:ReactNative: _construct@1:117842
10-19 17:19:55.472 30930  2760 E unknown:ReactNative: Wrapper@1:117496
10-19 17:19:55.472 30930  2760 E unknown:ReactNative: _callSuper@1:115478
10-19 17:19:55.472 30930  2760 E unknown:ReactNative: SyntheticError@1:116983
10-19 17:19:55.472 30930  2760 E unknown:ReactNative: reactConsoleErrorHandler@1:116629
10-19 17:19:55.472 30930  2760 E unknown:ReactNative: ?anon_0_@1:1972213
10-19 17:19:55.472 30930  2760 E unknown:ReactNative: asyncGeneratorStep@1:573272
10-19 17:19:55.472 30930  2760 E unknown:ReactNative: _next@1:573529
10-19 17:19:55.472 30930  2760 E unknown:ReactNative: anonymous@1:136226
10-19 17:19:55.472 30930  2760 E unknown:ReactNative: _callTimer@1:135225
10-19 17:19:55.472 30930  2760 E unknown:ReactNative: _callReactNativeMicrotasksPass@1:135369
10-19 17:19:55.472 30930  2760 E unknown:ReactNative: callReactNativeMicrotasks@1:137289
10-19 17:19:55.472 30930  2760 E unknown:ReactNative: __callReactNativeMicrotasks@1:101038
10-19 17:19:55.472 30930  2760 E unknown:ReactNative: anonymous@1:100174
10-19 17:19:55.472 30930  2760 E unknown:ReactNative: __guard@1:100912
10-19 17:19:55.472 30930  2760 E unknown:ReactNative: flushedQueue@1:100085
10-19 17:19:55.472 30930  2760 E unknown:ReactNative: invokeCallbackAndReturnFlushedQueue@1:100028
10-19 17:19:55.503 21104 21184 I FusedLocation: (REDACTED) location delivery to %s blocked - too close
10-19 17:19:55.505 21104 21184 I FusedLocation: (REDACTED) location delivery to %s blocked - too fast
10-19 17:19:55.506 21104 21184 I FusedLocation: (REDACTED) location delivery to %s blocked - too close
10-19 17:19:55.508 21104 21184 I FusedLocation: (REDACTED) location delivery to %s blocked - too close
10-19 17:19:55.512 21104 21184 I FusedLocation: (REDACTED) location delivery to %s blocked - too fast
10-19 17:19:55.512 30930 30930 I TaskService: Handling intent with task name 'background-location-task' and app scoping identifier 'com.a1taxi.driverpro'.
10-19 17:19:55.516 30930 30930 W JobInfo : Job 'com.a1taxi.driverpro/expo.modules.taskManager.TaskJobService#0' has a deadline with no functional constraints. The deadline won't improve job execution latency. Consider removing the deadline.
10-19 17:19:55.529 30930 30930 I TaskService: Handling job with task name 'background-location-task' for app with scoping identifier 'com.a1taxi.driverpro'.
10-19 17:19:55.531 30930  2759 I ReactNativeJS: ' Background location update:', [ { timestamp: 1760874595443,
10-19 17:19:55.531 30930  2759 I ReactNativeJS:     mocked: false,
10-19 17:19:55.531 30930  2759 I ReactNativeJS:     coords: 
10-19 17:19:55.531 30930  2759 I ReactNativeJS:      { altitude: 772.5999755859375,
10-19 17:19:55.531 30930  2759 I ReactNativeJS:        heading: 0,
10-19 17:19:55.531 30930  2759 I ReactNativeJS:        altitudeAccuracy: 1.2587982416152954,
10-19 17:19:55.531 30930  2759 I ReactNativeJS:        latitude: 12.7486633,
10-19 17:19:55.531 30930  2759 I ReactNativeJS:        speed: 1.400759641245234e-23,
10-19 17:19:55.531 30930  2759 I ReactNativeJS:        longitude: 77.8300083,
10-19 17:19:55.531 30930  2759 I ReactNativeJS:        accuracy: 2.0999999046325684 } } ]
10-19 17:19:55.537 30930  2759 I ReactNativeJS:  Background location update via RPC...
10-19 17:19:55.537 30930  2759 E ReactNativeJS:  Supabase credentials not configured
10-19 17:19:55.539 30930  2748 I TaskService: Finished task 'background-location-task' with eventId 'ae32a969-43b9-49f8-8849-7b486bd4e526'.
10-19 17:19:55.542 30930  2760 E unknown:ReactNative: console.error:  Supabase credentials not configured, js engine: hermes, stack:
10-19 17:19:55.542 30930  2760 E unknown:ReactNative: _construct@1:117842
10-19 17:19:55.542 30930  2760 E unknown:ReactNative: Wrapper@1:117496
10-19 17:19:55.542 30930  2760 E unknown:ReactNative: _callSuper@1:115478
10-19 17:19:55.542 30930  2760 E unknown:ReactNative: SyntheticError@1:116983
10-19 17:19:55.542 30930  2760 E unknown:ReactNative: reactConsoleErrorHandler@1:116629
10-19 17:19:55.542 30930  2760 E unknown:ReactNative: ?anon_0_@1:1972213
10-19 17:19:55.542 30930  2760 E unknown:ReactNative: asyncGeneratorStep@1:573272
10-19 17:19:55.542 30930  2760 E unknown:ReactNative: _next@1:573529
10-19 17:19:55.542 30930  2760 E unknown:ReactNative: anonymous@1:136226
10-19 17:19:55.542 30930  2760 E unknown:ReactNative: _callTimer@1:135225
10-19 17:19:55.542 30930  2760 E unknown:ReactNative: _callReactNativeMicrotasksPass@1:135369
10-19 17:19:55.542 30930  2760 E unknown:ReactNative: callReactNativeMicrotasks@1:137289
10-19 17:19:55.542 30930  2760 E unknown:ReactNative: __callReactNativeMicrotasks@1:101038
10-19 17:19:55.542 30930  2760 E unknown:ReactNative: anonymous@1:100174
10-19 17:19:55.542 30930  2760 E unknown:ReactNative: __guard@1:100912
10-19 17:19:55.542 30930  2760 E unknown:ReactNative: flushedQueue@1:100085
10-19 17:19:55.542 30930  2760 E unknown:ReactNative: invokeCallbackAndReturnFlushedQueue@1:100028
10-19 17:19:55.615 21163 21163 D BoundBrokerSvc: onUnbind: Intent { act=com.google.android.gms.auth.api.phone.service.InternalService.START dat=chimera-action:/... cmp=com.google.android.gms/.chimera.GmsInternalApiService }
10-19 17:19:55.777 21104 21119 I WifiScanner: onFullResults
10-19 17:19:55.778 21104 21332 I WifiScanner: onFullResults
10-19 17:19:55.779 21104 22647 I WifiScanner: onFullResults
10-19 17:19:55.795 21104  8845 I FrewleTileCacheManagerV: (REDACTED) Fetched %d AP models from cache
10-19 17:19:55.825 21104 21184 I FusedLocation: (REDACTED) location delivery to %s blocked - too close
10-19 17:19:55.826 21104 21184 I FusedLocation: (REDACTED) location delivery to %s blocked - too fast
10-19 17:19:55.826 21104 21184 I FusedLocation: (REDACTED) location delivery to %s blocked - too close
10-19 17:19:55.826 21104 21184 I FusedLocation: (REDACTED) location delivery to %s blocked - too fast
10-19 17:19:55.826 21104 21184 I FusedLocation: (REDACTED) location delivery to %s blocked - too close
10-19 17:19:55.827 21104 21184 I FusedLocation: (REDACTED) location delivery to %s blocked - too fast
10-19 17:19:55.827 21104 21184 I FusedLocation: (REDACTED) location delivery to %s blocked - too fast
10-19 17:19:55.829 21104 21184 I fznc    : Received empty WiFi-RTT scan. [CONTEXT service_id=6 ]
10-19 17:19:56.190 30930 30930 I TaskService: Handling intent with task name 'background-fetch-task' and app scoping identifier 'com.a1taxi.driverpro'.
10-19 17:19:56.192 30930 30930 W JobInfo : Job 'com.a1taxi.driverpro/expo.modules.taskManager.TaskJobService#0' has a deadline with no functional constraints. The deadline won't improve job execution latency. Consider removing the deadline.
10-19 17:19:56.209 30930 30930 I TaskService: Handling job with task name 'background-fetch-task' for app with scoping identifier 'com.a1taxi.driverpro'.
10-19 17:19:56.210 30930  2759 I ReactNativeJS:  Background fetch triggered for location update
10-19 17:19:56.248 30930  2759 I ReactNativeJS:  Background location update via RPC...
10-19 17:19:56.248 30930  2759 E ReactNativeJS:  Supabase credentials not configured
10-19 17:19:56.249 30930  2759 I ReactNativeJS:  Background location update successful
10-19 17:19:56.251 30930  2748 I TaskService: Finished task 'background-fetch-task' with eventId '181c4fca-00cf-48c6-80e3-4f187e7bfa18'.
10-19 17:19:56.254 30930  2760 E unknown:ReactNative: console.error:  Supabase credentials not configured, js engine: hermes, stack:
10-19 17:19:56.254 30930  2760 E unknown:ReactNative: _construct@1:117842
10-19 17:19:56.254 30930  2760 E unknown:ReactNative: Wrapper@1:117496
10-19 17:19:56.254 30930  2760 E unknown:ReactNative: _callSuper@1:115478
10-19 17:19:56.254 30930  2760 E unknown:ReactNative: SyntheticError@1:116983
10-19 17:19:56.254 30930  2760 E unknown:ReactNative: reactConsoleErrorHandler@1:116629
10-19 17:19:56.254 30930  2760 E unknown:ReactNative: ?anon_0_@1:1972213
10-19 17:19:56.254 30930  2760 E unknown:ReactNative: asyncGeneratorStep@1:573272
10-19 17:19:56.254 30930  2760 E unknown:ReactNative: _next@1:573529
10-19 17:19:56.254 30930  2760 E unknown:ReactNative: anonymous@1:136226
10-19 17:19:56.254 30930  2760 E unknown:ReactNative: _callTimer@1:135225
10-19 17:19:56.254 30930  2760 E unknown:ReactNative: _callReactNativeMicrotasksPass@1:135369
10-19 17:19:56.254 30930  2760 E unknown:ReactNative: callReactNativeMicrotasks@1:137289
10-19 17:19:56.254 30930  2760 E unknown:ReactNative: __callReactNativeMicrotasks@1:101038
10-19 17:19:56.254 30930  2760 E unknown:ReactNative: anonymous@1:100174
10-19 17:19:56.254 30930  2760 E unknown:ReactNative: __guard@1:100912
10-19 17:19:56.254 30930  2760 E unknown:ReactNative: flushedQueue@1:100085
10-19 17:19:56.254 30930  2760 E unknown:ReactNative: invokeCallbackAndReturnFlushedQueue@1:100028
10-19 17:19:56.514 21104 21184 I FusedLocation: (REDACTED) location delivery to %s blocked - too close
10-19 17:19:56.515 21104 21184 I FusedLocation: (REDACTED) location delivery to %s blocked - too fast
10-19 17:19:56.515 21104 21184 I FusedLocation: (REDACTED) location delivery to %s blocked - too close
10-19 17:19:56.516 21104 21184 I FusedLocation: (REDACTED) location delivery to %s blocked - too close
10-19 17:19:56.518 21104 21184 I FusedLocation: (REDACTED) location delivery to %s blocked - too fast
10-19 17:19:56.518 21104 21184 I FusedLocation: (REDACTED) location delivery to %s blocked - too fast
10-19 17:20:00.775 21104 21188 W Settings: Setting airplane_mode_on has moved from android.provider.Settings.System to android.provider.Settings.Global, returning read-only value.
10-19 17:20:00.779 21104  9228 W SystemServiceRegistry: No service published for: wifirtt
10-19 17:20:00.787 21104 22647 I WifiScanner: onFullResults
10-19 17:20:00.787 21104 21199 I WifiScanner: onFullResults
10-19 17:20:00.787 21104 21142 I WifiScanner: onFullResults
10-19 17:20:00.826 21104  9287 I FrewleTileCacheManagerV: (REDACTED) Fetched %d AP models from cache
10-19 17:20:00.832  1870  6192 D BatteryStatsService: noteVideoSurfaceChanged  noteWhich: 49,arg1: -1, arg2: -1, arg3: 30055, arg4: 2959, name: com.a1taxi.a1taxicustomer
10-19 17:20:00.842 21104 21184 I FusedLocation: (REDACTED) location delivery to %s blocked - too close
10-19 17:20:00.842 21104 21184 I FusedLocation: (REDACTED) location delivery to %s blocked - too fast
10-19 17:20:00.842 21104 21184 I FusedLocation: (REDACTED) location delivery to %s blocked - too close
10-19 17:20:00.846 21104 21184 I FusedLocation: (REDACTED) location delivery to %s blocked - too close
10-19 17:20:00.847 21104 21184 I FusedLocation: (REDACTED) location delivery to %s blocked - too fast
10-19 17:20:00.848 21104 21184 I fznc    : Received empty WiFi-RTT scan. [CONTEXT service_id=6 ]
10-19 17:20:01.482 21104 21184 I FusedLocation: (REDACTED) location delivery to %s blocked - too close
10-19 17:20:01.482 21104 21184 I FusedLocation: (REDACTED) location delivery to %s blocked - too fast
10-19 17:20:01.482 21104 21184 I FusedLocation: (REDACTED) location delivery to %s blocked - too close
10-19 17:20:01.483 21104 21184 I FusedLocation: (REDACTED) location delivery to %s blocked - too fast
10-19 17:20:01.483 21104 21184 I FusedLocation: (REDACTED) location delivery to %s blocked - too close
10-19 17:20:01.484 21104 21184 I FusedLocation: (REDACTED) location delivery to %s blocked - too fast
10-19 17:20:01.484 21104 21184 I FusedLocation: (REDACTED) location delivery to %s blocked - too fast
10-19 17:20:02.298  5589  5589 I GoogleInputMethodService: GoogleInputMethodService.onFinishInput():2085 
10-19 17:20:02.300  5589  5589 I Module  : DeviceLockedStatusModuleProvider$Module.updateDeviceLockedStatus():100 repeatCheckTimes = 0, locked = false
10-19 17:20:02.301  5589  5589 I GoogleInputMethodService: GoogleInputMethodService.onStartInput():1346 onStartInput(EditorInfo{EditorInfo{packageName=com.a1taxi.a1taxicustomer, inputType=0, inputTypeString=NULL, enableLearning=false, autoCorrection=false, autoComplete=false, imeOptions=0, privateImeOptions=null, actionName=UNSPECIFIED, actionLabel=null, initialSelStart=-1, initialSelEnd=-1, initialCapsMode=0, label=null, fieldId=0, fieldName=null, extras=null, hintText=null, hintLocales=[]}}, false)
10-19 17:20:02.303  5589  5589 I Module  : DeviceLockedStatusModuleProvider$Module.updateDeviceLockedStatus():100 repeatCheckTimes = 1, locked = false
10-19 17:20:02.354  7096  7120 I native  : I0000 00:00:1760874602.352869    7120 soda_async_impl.cc:1383] Current audio timestamp: 1760874602243863
10-19 17:20:02.368  7096  7126 W ProxyAndroidLoggerBackend: Too many Flogger logs received before configuration. Dropping old logs.
10-19 17:20:04.159  5589  5589 I VoiceInputManagerWrapper: VoiceInputManagerWrapper.shutdownVoiceInternal():148 shutdownVoiceInternal()
10-19 17:20:04.159  5589  5589 W NotificationCenter: NotificationCenter.unregisterListener():480 Listener hxw@a3594cd was not registered for notification class nhu
