10-22 23:40:09.405  9275  9989 I WifiScanner: onFullResults
10-22 23:40:09.454  9275 19332 I FrewleTileCacheManagerV: (REDACTED) Fetched %d AP models from cache
10-22 23:40:09.490  9275  9342 I FusedLocation: (REDACTED) location delivery to %s blocked - too fast
10-22 23:40:09.491  9275  9342 I FusedLocation: (REDACTED) location delivery to %s blocked - too close
10-22 23:40:09.492  9275  9342 I FusedLocation: (REDACTED) location delivery to %s blocked - too close
10-22 23:40:09.492  9275  9342 I FusedLocation: (REDACTED) location delivery to %s blocked - too close
10-22 23:40:09.492  9275  9342 I FusedLocation: (REDACTED) location delivery to %s blocked - too close
10-22 23:40:09.492  9275  9342 I FusedLocation: (REDACTED) location delivery to %s blocked - too fast
10-22 23:40:09.494  9275  9342 I FusedLocation: (REDACTED) location delivery to %s blocked - too fast
10-22 23:40:09.497  9275  9342 I FusedLocation: (REDACTED) location delivery to %s blocked - too fast
10-22 23:40:09.497  9275  9342 I FusedLocation: (REDACTED) location delivery to %s blocked - too close
10-22 23:40:09.497  9275  9342 I FusedLocation: (REDACTED) location delivery to %s blocked - too fast
10-22 23:40:09.501  9275  9342 I FusedLocation: (REDACTED) location delivery to %s blocked - too fast
10-22 23:40:09.501  9275  9342 I FusedLocation: (REDACTED) location delivery to %s blocked - too fast
10-22 23:40:09.502  9275  9342 I FusedLocation: (REDACTED) location delivery to %s blocked - too fast
10-22 23:40:09.503  9275  9342 I fznc    : Received empty WiFi-RTT scan. [CONTEXT service_id=6 ]
10-22 23:40:11.430  5589  5589 I GoogleInputMethodService: GoogleInputMethodService.onFinishInputView():1571 onFinishInputView(false)
10-22 23:40:11.430  5589  5589 I GlobeKeyExtension: GlobeKeyExtension.onDeactivate():144 
10-22 23:40:11.431  5589  5589 W TooltipLifecycleManager: TooltipLifecycleManager.dismissTooltips():153 Tooltip with id SUGGESTION_VIEW_EDU_MINI_DIALOG not found in tooltipManager.
10-22 23:40:11.431  5589  5589 I VoiceInputManagerWrapper: VoiceInputManagerWrapper.shutdown():131 shutdown()
10-22 23:40:11.433  5589  5589 W TooltipLifecycleManager: TooltipLifecycleManager.dismissTooltips():153 Tooltip with id spell_check_add_to_dictionary not found in tooltipManager.
10-22 23:40:11.435  5589  5589 W TooltipLifecycleManager: TooltipLifecycleManager.dismissTooltips():153 Tooltip with id undo_access_point_promotion_banner not found in tooltipManager.
10-22 23:40:11.445  5589  5589 I KeyboardModeUtils: KeyboardModeUtils.getKeyboardBottomOffset():435 inch: 0.000000 ydpi: 387.429993 adjustKeyboardBottomByDisplaySize: false currentDensityDpi: 440 defaultDensityDpi: 440 keyboardBottomToScreenPx: 0 keyboardBottomToNavBarPx: -116 navBarHeight: 116
10-22 23:40:11.446  5589  5589 I KeyboardHeightUtil: KeyboardHeightUtil.calculateMaxKeyboardBodyHeight():50 leave 267 height for app when ime window height:2171, header height:121 and isFullscreenMode:false, so the max keyboard body height is:1783
10-22 23:40:11.446  5589  5589 I KeyboardHeightUtil: KeyboardHeightUtil.calculateMaxKeyboardBodyHeight():50 leave 267 height for app when ime window height:2171, header height:121 and isFullscreenMode:false, so the max keyboard body height is:1783
10-22 23:40:11.446  5589  5589 I AndroidIME: KeyboardViewManager.updateKeyboardBodyViewHolderPaddingBottom():472 Set finalPaddingBottom = 5 while holderPaddingBottom = 5; navigationHeight = 116
10-22 23:40:11.481  9275  9342 I FusedLocation: (REDACTED) location delivery to %s blocked - too fast
10-22 23:40:11.482  9275  9342 I FusedLocation: (REDACTED) location delivery to %s blocked - too close
10-22 23:40:11.483  9275  9342 I FusedLocation: (REDACTED) location delivery to %s blocked - too fast
10-22 23:40:11.483  9275  9342 I FusedLocation: (REDACTED) location delivery to %s blocked - too close
10-22 23:40:11.483  9275  9342 I FusedLocation: (REDACTED) location delivery to %s blocked - too close
10-22 23:40:11.483  9275  9342 I FusedLocation: (REDACTED) location delivery to %s blocked - too close
10-22 23:40:11.483  9275  9342 I FusedLocation: (REDACTED) location delivery to %s blocked - too fast
10-22 23:40:11.484  9275  9342 I FusedLocation: (REDACTED) location delivery to %s blocked - too fast
10-22 23:40:12.210  5589  5589 W TooltipLifecycleManager: TooltipLifecycleManager.dismissTooltips():153 Tooltip with id undo_access_point_promotion_banner not found in tooltipManager.
10-22 23:40:12.225  5589  5589 D ViewRootImpl: AppSizeAfterRelayout, size: Point(1080, 2287), rotation: ROTATION_0
10-22 23:40:12.225  5589  5589 D BLASTBufferQueue: [VRI[InputMethod]#3776](f:0,a:4) destructor()
10-22 23:40:12.225  5589  5589 D BufferQueueConsumer: [VRI[InputMethod]#3776(BLAST Consumer)3776](id:15d500000ec0,api:0,p:-1,c:5589) disconnect
10-22 23:40:12.238  9275 19751 I PhenotypeResourceReader: unable to find any Phenotype resource metadata for com.a1taxi.a1taxicustomer
10-22 23:40:12.261  1870  2610 D BatteryStatsService: noteVideoSurfaceChanged  noteWhich: 49,arg1: 1080, arg2: 2056, arg3: 4663, arg4: 1765, name: com.a1taxi.a1taxicustomer
10-22 23:40:13.505  9275  9342 I FusedLocation: (REDACTED) location delivery to %s blocked - too fast
10-22 23:40:13.505  9275  9342 I FusedLocation: (REDACTED) location delivery to %s blocked - too close
10-22 23:40:13.505  9275  9342 I FusedLocation: (REDACTED) location delivery to %s blocked - too fast
10-22 23:40:13.505  9275  9342 I FusedLocation: (REDACTED) location delivery to %s blocked - too close
10-22 23:40:13.505  9275  9342 I FusedLocation: (REDACTED) location delivery to %s blocked - too close
10-22 23:40:13.506  9275  9342 I FusedLocation: (REDACTED) location delivery to %s blocked - too close
10-22 23:40:13.506  9275  9342 I FusedLocation: (REDACTED) location delivery to %s blocked - too fast
10-22 23:40:13.507  9275  9342 I FusedLocation: (REDACTED) location delivery to %s blocked - too close
10-22 23:40:13.509  9275  9342 I FusedLocation: (REDACTED) location delivery to %s blocked - too fast
10-22 23:40:14.406  9275  9345 W Settings: Setting airplane_mode_on has moved from android.provider.Settings.System to android.provider.Settings.Global, returning read-only value.
10-22 23:40:14.413  9275 19545 W SystemServiceRegistry: No service published for: wifirtt
10-22 23:40:14.994  9275  9309 I WifiScanner: onFullResults
10-22 23:40:14.995  9275  9308 I WifiScanner: onFullResults
10-22 23:40:14.995  9275  9989 I WifiScanner: onFullResults
10-22 23:40:15.008  9275 19545 I FrewleTileCacheManagerV: (REDACTED) Fetched %d AP models from cache
10-22 23:40:15.049  9275  9342 I FusedLocation: (REDACTED) location delivery to %s blocked - too fast
10-22 23:40:15.049  9275  9342 I FusedLocation: (REDACTED) location delivery to %s blocked - too close
10-22 23:40:15.050  9275  9342 I FusedLocation: (REDACTED) location delivery to %s blocked - too close
10-22 23:40:15.050  9275  9342 I FusedLocation: (REDACTED) location delivery to %s blocked - too close
10-22 23:40:15.050  9275  9342 I FusedLocation: (REDACTED) location delivery to %s blocked - too close
10-22 23:40:15.051  9275  9342 I FusedLocation: (REDACTED) location delivery to %s blocked - too fast
10-22 23:40:15.052  9275  9342 I FusedLocation: (REDACTED) location delivery to %s blocked - too close
10-22 23:40:15.053  9275  9342 I FusedLocation: (REDACTED) location delivery to %s blocked - too fast
10-22 23:40:15.054  9275  9342 I fznc    : Received empty WiFi-RTT scan. [CONTEXT service_id=6 ]
10-22 23:40:15.503  9275  9342 I FusedLocation: (REDACTED) location delivery to %s blocked - too fast
10-22 23:40:15.503  9275  9342 I FusedLocation: (REDACTED) location delivery to %s blocked - too close
10-22 23:40:15.504  9275  9342 I FusedLocation: (REDACTED) location delivery to %s blocked - too fast
10-22 23:40:15.504  9275  9342 I FusedLocation: (REDACTED) location delivery to %s blocked - too close
10-22 23:40:15.504  9275  9342 I FusedLocation: (REDACTED) location delivery to %s blocked - too close
10-22 23:40:15.504  9275  9342 I FusedLocation: (REDACTED) location delivery to %s blocked - too close
10-22 23:40:15.505  9275  9342 I FusedLocation: (REDACTED) location delivery to %s blocked - too fast
10-22 23:40:15.505  9275  9342 I FusedLocation: (REDACTED) location delivery to %s blocked - too fast
10-22 23:40:15.505  9275  9342 I FusedLocation: (REDACTED) location delivery to %s blocked - too close
10-22 23:40:15.508  9275  9342 I FusedLocation: (REDACTED) location delivery to %s blocked - too fast
10-22 23:40:17.488  9275  9342 I FusedLocation: (REDACTED) location delivery to %s blocked - too fast
10-22 23:40:17.488  9275  9342 I FusedLocation: (REDACTED) location delivery to %s blocked - too close
10-22 23:40:17.488  9275  9342 I FusedLocation: (REDACTED) location delivery to %s blocked - too fast
10-22 23:40:17.489  9275  9342 I FusedLocation: (REDACTED) location delivery to %s blocked - too close
10-22 23:40:17.489  9275  9342 I FusedLocation: (REDACTED) location delivery to %s blocked - too close
10-22 23:40:17.489  9275  9342 I FusedLocation: (REDACTED) location delivery to %s blocked - too close
10-22 23:40:17.491  9275  9342 I FusedLocation: (REDACTED) location delivery to %s blocked - too close
10-22 23:40:17.493  9275  9342 I FusedLocation: (REDACTED) location delivery to %s blocked - too fast
10-22 23:40:17.504  9275 19332 I SemanticLocation: [InfMgr] No location reports after filtering [CONTEXT service_id=173 ]
10-22 23:40:19.514  9275  9342 I FusedLocation: (REDACTED) location delivery to %s blocked - too fast
10-22 23:40:19.515  9275  9342 I FusedLocation: (REDACTED) location delivery to %s blocked - too close
10-22 23:40:19.515  9275  9342 I FusedLocation: (REDACTED) location delivery to %s blocked - too fast
10-22 23:40:19.516  9275  9342 I FusedLocation: (REDACTED) location delivery to %s blocked - too close
10-22 23:40:19.516  9275  9342 I FusedLocation: (REDACTED) location delivery to %s blocked - too close
10-22 23:40:19.516  9275  9342 I FusedLocation: (REDACTED) location delivery to %s blocked - too close
10-22 23:40:19.516  9275  9342 I FusedLocation: (REDACTED) location delivery to %s blocked - too fast
10-22 23:40:19.518  9275  9342 I FusedLocation: (REDACTED) location delivery to %s blocked - too close
10-22 23:40:19.522  9275  9342 I FusedLocation: (REDACTED) location delivery to %s blocked - too fast
10-22 23:40:19.817  7096  7120 I native  : I0000 00:00:1761156619.817381    7120 soda_async_impl.cc:1383] Current audio timestamp: 1761156619712413
10-22 23:40:19.834  7096  7126 W ProxyAndroidLoggerBackend: Too many Flogger logs received before configuration. Dropping old logs.
10-22 23:40:19.994  9275  9345 W Settings: Setting airplane_mode_on has moved from android.provider.Settings.System to android.provider.Settings.Global, returning read-only value.
10-22 23:40:20.003  9275 19545 W SystemServiceRegistry: No service published for: wifirtt
10-22 23:40:20.032  9275  9989 I WifiScanner: onFullResults
10-22 23:40:20.034  9275  9309 I WifiScanner: onFullResults
10-22 23:40:20.041  9275  9308 I WifiScanner: onFullResults
10-22 23:40:20.083  9275 19329 I FrewleTileCacheManagerV: (REDACTED) Fetched %d AP models from cache
10-22 23:40:20.114  9275  9342 I FusedLocation: (REDACTED) location delivery to %s blocked - too fast
10-22 23:40:20.115  9275  9342 I FusedLocation: (REDACTED) location delivery to %s blocked - too close
10-22 23:40:20.115  9275  9342 I FusedLocation: (REDACTED) location delivery to %s blocked - too close
10-22 23:40:20.115  9275  9342 I FusedLocation: (REDACTED) location delivery to %s blocked - too close
10-22 23:40:20.115  9275  9342 I FusedLocation: (REDACTED) location delivery to %s blocked - too close
10-22 23:40:20.115  9275  9342 I FusedLocation: (REDACTED) location delivery to %s blocked - too fast
10-22 23:40:20.115  9275  9342 I FusedLocation: (REDACTED) location delivery to %s blocked - too fast
10-22 23:40:20.115  9275  9342 I FusedLocation: (REDACTED) location delivery to %s blocked - too close
10-22 23:40:20.116  9275  9342 I FusedLocation: (REDACTED) location delivery to %s blocked - too fast
10-22 23:40:20.117  9275  9342 I fznc    : Received empty WiFi-RTT scan. [CONTEXT service_id=6 ]
10-22 23:40:21.463  5589  6019 I ProtoXDBBufferWrapper: ProtoXDBBufferWrapper.flushToStorage():158 Flushed 6 data item(s) to storage.
10-22 23:40:21.511  9275  9342 I FusedLocation: (REDACTED) location delivery to %s blocked - too fast
10-22 23:40:21.511  9275  9342 I FusedLocation: (REDACTED) location delivery to %s blocked - too close
10-22 23:40:21.511  9275  9342 I FusedLocation: (REDACTED) location delivery to %s blocked - too fast
10-22 23:40:21.512  9275  9342 I FusedLocation: (REDACTED) location delivery to %s blocked - too close
10-22 23:40:21.512  9275  9342 I FusedLocation: (REDACTED) location delivery to %s blocked - too close
10-22 23:40:21.512  9275  9342 I FusedLocation: (REDACTED) location delivery to %s blocked - too close
10-22 23:40:21.512  9275  9342 I FusedLocation: (REDACTED) location delivery to %s blocked - too fast
10-22 23:40:21.514  9275  9342 I FusedLocation: (REDACTED) location delivery to %s blocked - too close
10-22 23:40:21.516  9275  9342 I FusedLocation: (REDACTED) location delivery to %s blocked - too fast
10-22 23:40:23.513  9275  9342 I FusedLocation: (REDACTED) location delivery to %s blocked - too fast
10-22 23:40:23.513  9275  9342 I FusedLocation: (REDACTED) location delivery to %s blocked - too close
10-22 23:40:23.513  9275  9342 I FusedLocation: (REDACTED) location delivery to %s blocked - too fast
10-22 23:40:23.513  9275  9342 I FusedLocation: (REDACTED) location delivery to %s blocked - too close
10-22 23:40:23.513  9275  9342 I FusedLocation: (REDACTED) location delivery to %s blocked - too close
10-22 23:40:23.513  9275  9342 I FusedLocation: (REDACTED) location delivery to %s blocked - too close
10-22 23:40:23.513  9275  9342 I FusedLocation: (REDACTED) location delivery to %s blocked - too fast
10-22 23:40:23.514  9275  9342 I FusedLocation: (REDACTED) location delivery to %s blocked - too close
10-22 23:40:23.515  9275  9342 I FusedLocation: (REDACTED) location delivery to %s blocked - too fast
10-22 23:40:25.028  9275  9345 W Settings: Setting airplane_mode_on has moved from android.provider.Settings.System to android.provider.Settings.Global, returning read-only value.
10-22 23:40:25.035  9275 19329 W SystemServiceRegistry: No service published for: wifirtt
10-22 23:40:25.511  9275  9342 I FusedLocation: (REDACTED) location delivery to %s blocked - too fast
10-22 23:40:25.511  9275  9342 I FusedLocation: (REDACTED) location delivery to %s blocked - too close
10-22 23:40:25.513  9275  9342 I FusedLocation: (REDACTED) location delivery to %s blocked - too close
10-22 23:40:25.513  9275  9342 I FusedLocation: (REDACTED) location delivery to %s blocked - too close
10-22 23:40:25.513  9275  9342 I FusedLocation: (REDACTED) location delivery to %s blocked - too close
10-22 23:40:25.514  9275  9342 I FusedLocation: (REDACTED) location delivery to %s blocked - too fast
10-22 23:40:25.516  9275  9342 I FusedLocation: (REDACTED) location delivery to %s blocked - too close
10-22 23:40:25.519  9275  9342 I FusedLocation: (REDACTED) location delivery to %s blocked - too fast
10-22 23:40:25.592  9275  9989 I WifiScanner: onFullResults
10-22 23:40:25.592  9275  9308 I WifiScanner: onFullResults
10-22 23:40:25.594  9275 10160 I WifiScanner: onFullResults
10-22 23:40:25.605  9275 19332 I FrewleTileCacheManagerV: (REDACTED) Fetched %d AP models from cache
10-22 23:40:25.635  9275  9342 I FusedLocation: (REDACTED) location delivery to %s blocked - too fast
10-22 23:40:25.635  9275  9342 I FusedLocation: (REDACTED) location delivery to %s blocked - too close
10-22 23:40:25.636  9275  9342 I FusedLocation: (REDACTED) location delivery to %s blocked - too fast
10-22 23:40:25.636  9275  9342 I FusedLocation: (REDACTED) location delivery to %s blocked - too close
10-22 23:40:25.636  9275  9342 I FusedLocation: (REDACTED) location delivery to %s blocked - too close
10-22 23:40:25.636  9275  9342 I FusedLocation: (REDACTED) location delivery to %s blocked - too close
10-22 23:40:25.636  9275  9342 I FusedLocation: (REDACTED) location delivery to %s blocked - too fast
10-22 23:40:25.636  9275  9342 I FusedLocation: (REDACTED) location delivery to %s blocked - too fast
10-22 23:40:25.636  9275  9342 I FusedLocation: (REDACTED) location delivery to %s blocked - too close
10-22 23:40:25.637  9275  9342 I FusedLocation: (REDACTED) location delivery to %s blocked - too fast
10-22 23:40:25.638  9275  9342 I fznc    : Received empty WiFi-RTT scan. [CONTEXT service_id=6 ]
10-22 23:40:27.507  9275  9342 I FusedLocation: (REDACTED) location delivery to %s blocked - too fast
10-22 23:40:27.507  9275  9342 I FusedLocation: (REDACTED) location delivery to %s blocked - too close
10-22 23:40:27.508  9275  9342 I FusedLocation: (REDACTED) location delivery to %s blocked - too fast
10-22 23:40:27.508  9275  9342 I FusedLocation: (REDACTED) location delivery to %s blocked - too close
10-22 23:40:27.508  9275  9342 I FusedLocation: (REDACTED) location delivery to %s blocked - too close
10-22 23:40:27.508  9275  9342 I FusedLocation: (REDACTED) location delivery to %s blocked - too close
10-22 23:40:27.509  9275  9342 I FusedLocation: (REDACTED) location delivery to %s blocked - too fast
10-22 23:40:27.510  9275  9342 I FusedLocation: (REDACTED) location delivery to %s blocked - too close
10-22 23:40:27.513  9275  9342 I FusedLocation: (REDACTED) location delivery to %s blocked - too fast
10-22 23:40:29.520  9275  9342 I FusedLocation: (REDACTED) location delivery to %s blocked - too fast
10-22 23:40:29.521  9275  9342 I FusedLocation: (REDACTED) location delivery to %s blocked - too close
10-22 23:40:29.521  9275  9342 I FusedLocation: (REDACTED) location delivery to %s blocked - too fast
10-22 23:40:29.521  9275  9342 I FusedLocation: (REDACTED) location delivery to %s blocked - too close
10-22 23:40:29.522  9275  9342 I FusedLocation: (REDACTED) location delivery to %s blocked - too close
10-22 23:40:29.522  9275  9342 I FusedLocation: (REDACTED) location delivery to %s blocked - too close
10-22 23:40:29.522  9275  9342 I FusedLocation: (REDACTED) location delivery to %s blocked - too fast
10-22 23:40:29.523  9275  9342 I FusedLocation: (REDACTED) location delivery to %s blocked - too close
10-22 23:40:29.525  9275  9342 I FusedLocation: (REDACTED) location delivery to %s blocked - too fast
10-22 23:40:30.587  9275  9345 W Settings: Setting airplane_mode_on has moved from android.provider.Settings.System to android.provider.Settings.Global, returning read-only value.
10-22 23:40:30.597  9275 19547 W SystemServiceRegistry: No service published for: wifirtt
10-22 23:40:30.619  9275 10160 I WifiScanner: onFullResults
10-22 23:40:30.620  9275  9989 I WifiScanner: onFullResults
10-22 23:40:30.622  9275 10160 I WifiScanner: onFullResults
10-22 23:40:30.682  9275 19332 I FrewleTileCacheManagerV: (REDACTED) Fetched %d AP models from cache
10-22 23:40:30.729  9275  9342 I FusedLocation: (REDACTED) location delivery to %s blocked - too fast
10-22 23:40:30.729  9275  9342 I FusedLocation: (REDACTED) location delivery to %s blocked - too close
10-22 23:40:30.730  9275  9342 I FusedLocation: (REDACTED) location delivery to %s blocked - too close
10-22 23:40:30.730  9275  9342 I FusedLocation: (REDACTED) location delivery to %s blocked - too close
10-22 23:40:30.730  9275  9342 I FusedLocation: (REDACTED) location delivery to %s blocked - too close
10-22 23:40:30.730  9275  9342 I FusedLocation: (REDACTED) location delivery to %s blocked - too fast
10-22 23:40:30.731  9275  9342 I FusedLocation: (REDACTED) location delivery to %s blocked - too close
10-22 23:40:30.732  9275  9342 I FusedLocation: (REDACTED) location delivery to %s blocked - too fast
10-22 23:40:30.733  9275  9342 I fznc    : Received empty WiFi-RTT scan. [CONTEXT service_id=6 ]
10-22 23:40:31.435  5589  5589 I VoiceInputManagerWrapper: VoiceInputManagerWrapper.shutdownVoiceInternal():148 shutdownVoiceInternal()
10-22 23:40:31.436  5589  5589 W NotificationCenter: NotificationCenter.unregisterListener():480 Listener hxw@7b2729e was not registered for notification class nhu
10-22 23:40:31.504  9275  9342 I FusedLocation: (REDACTED) location delivery to %s blocked - too fast
10-22 23:40:31.505  9275  9342 I FusedLocation: (REDACTED) location delivery to %s blocked - too close
10-22 23:40:31.505  9275  9342 I FusedLocation: (REDACTED) location delivery to %s blocked - too fast
10-22 23:40:31.505  9275  9342 I FusedLocation: (REDACTED) location delivery to %s blocked - too close
10-22 23:40:31.505  9275  9342 I FusedLocation: (REDACTED) location delivery to %s blocked - too close
10-22 23:40:31.506  9275  9342 I FusedLocation: (REDACTED) location delivery to %s blocked - too close
10-22 23:40:31.508  9275  9342 I FusedLocation: (REDACTED) location delivery to %s blocked - too close
10-22 23:40:31.512  9275  9342 I FusedLocation: (REDACTED) location delivery to %s blocked - too fast
10-22 23:40:31.523  9275 19332 I SemanticLocation: [InfMgr] No location reports after filtering [CONTEXT service_id=173 ]
10-22 23:40:33.511  9275  9342 I FusedLocation: (REDACTED) location delivery to %s blocked - too fast
10-22 23:40:33.511  9275  9342 I FusedLocation: (REDACTED) location delivery to %s blocked - too close
10-22 23:40:33.512  9275  9342 I FusedLocation: (REDACTED) location delivery to %s blocked - too fast
10-22 23:40:33.512  9275  9342 I FusedLocation: (REDACTED) location delivery to %s blocked - too close
10-22 23:40:33.512  9275  9342 I FusedLocation: (REDACTED) location delivery to %s blocked - too close
10-22 23:40:33.512  9275  9342 I FusedLocation: (REDACTED) location delivery to %s blocked - too close
10-22 23:40:33.513  9275  9342 I FusedLocation: (REDACTED) location delivery to %s blocked - too fast
10-22 23:40:33.514  9275  9342 I FusedLocation: (REDACTED) location delivery to %s blocked - too close
10-22 23:40:33.517  9275  9342 I FusedLocation: (REDACTED) location delivery to %s blocked - too fast
10-22 23:40:35.501  9275  9342 I FusedLocation: (REDACTED) location delivery to %s blocked - too fast
10-22 23:40:35.502  9275  9342 I FusedLocation: (REDACTED) location delivery to %s blocked - too close
10-22 23:40:35.503  9275  9342 I FusedLocation: (REDACTED) location delivery to %s blocked - too close
10-22 23:40:35.503  9275  9342 I FusedLocation: (REDACTED) location delivery to %s blocked - too close
10-22 23:40:35.503  9275  9342 I FusedLocation: (REDACTED) location delivery to %s blocked - too close
10-22 23:40:35.504  9275  9342 I FusedLocation: (REDACTED) location delivery to %s blocked - too fast
10-22 23:40:35.505  9275  9342 I FusedLocation: (REDACTED) location delivery to %s blocked - too close
10-22 23:40:35.507  9275  9342 I FusedLocation: (REDACTED) location delivery to %s blocked - too fast
10-22 23:40:35.619  9275  9345 W Settings: Setting airplane_mode_on has moved from android.provider.Settings.System to android.provider.Settings.Global, returning read-only value.
10-22 23:40:35.626  9275 19547 W SystemServiceRegistry: No service published for: wifirtt
10-22 23:40:36.195  9275 10160 I WifiScanner: onFullResults
10-22 23:40:36.197  9275 10160 I WifiScanner: onFullResults
10-22 23:40:36.199  9275  9309 I WifiScanner: onFullResults
10-22 23:40:36.204  9275 19547 I FrewleTileCacheManagerV: (REDACTED) Fetched %d AP models from cache
10-22 23:40:36.246  9275  9342 I FusedLocation: (REDACTED) location delivery to %s blocked - too fast
10-22 23:40:36.246  9275  9342 I FusedLocation: (REDACTED) location delivery to %s blocked - too close
10-22 23:40:36.246  9275  9342 I FusedLocation: (REDACTED) location delivery to %s blocked - too fast
10-22 23:40:36.247  9275  9342 I FusedLocation: (REDACTED) location delivery to %s blocked - too close
10-22 23:40:36.247  9275  9342 I FusedLocation: (REDACTED) location delivery to %s blocked - too close
10-22 23:40:36.247  9275  9342 I FusedLocation: (REDACTED) location delivery to %s blocked - too close
10-22 23:40:36.247  9275  9342 I FusedLocation: (REDACTED) location delivery to %s blocked - too fast
10-22 23:40:36.248  9275  9342 I FusedLocation: (REDACTED) location delivery to %s blocked - too close
10-22 23:40:36.250  9275  9342 I FusedLocation: (REDACTED) location delivery to %s blocked - too fast
10-22 23:40:36.252  9275  9342 I fznc    : Received empty WiFi-RTT scan. [CONTEXT service_id=6 ]
10-22 23:40:37.514  9275  9342 I FusedLocation: (REDACTED) location delivery to %s blocked - too fast
10-22 23:40:37.515  9275  9342 I FusedLocation: (REDACTED) location delivery to %s blocked - too close
10-22 23:40:37.515  9275  9342 I FusedLocation: (REDACTED) location delivery to %s blocked - too fast
10-22 23:40:37.515  9275  9342 I FusedLocation: (REDACTED) location delivery to %s blocked - too close
10-22 23:40:37.516  9275  9342 I FusedLocation: (REDACTED) location delivery to %s blocked - too close
10-22 23:40:37.516  9275  9342 I FusedLocation: (REDACTED) location delivery to %s blocked - too close
10-22 23:40:37.516  9275  9342 I FusedLocation: (REDACTED) location delivery to %s blocked - too fast
10-22 23:40:37.518  9275  9342 I FusedLocation: (REDACTED) location delivery to %s blocked - too close
10-22 23:40:37.521  9275  9342 I FusedLocation: (REDACTED) location delivery to %s blocked - too fast
10-22 23:40:39.509  9275  9342 I FusedLocation: (REDACTED) location delivery to %s blocked - too fast
10-22 23:40:39.509  9275  9342 I FusedLocation: (REDACTED) location delivery to %s blocked - too close
10-22 23:40:39.510  9275  9342 I FusedLocation: (REDACTED) location delivery to %s blocked - too fast
10-22 23:40:39.511  9275  9342 I FusedLocation: (REDACTED) location delivery to %s blocked - too close
10-22 23:40:39.511  9275  9342 I FusedLocation: (REDACTED) location delivery to %s blocked - too close
10-22 23:40:39.511  9275  9342 I FusedLocation: (REDACTED) location delivery to %s blocked - too close
10-22 23:40:39.513  9275  9342 I FusedLocation: (REDACTED) location delivery to %s blocked - too fast
10-22 23:40:39.515  9275  9342 I FusedLocation: (REDACTED) location delivery to %s blocked - too close
10-22 23:40:39.517  9275  9342 I FusedLocation: (REDACTED) location delivery to %s blocked - too fast
10-22 23:40:41.191  9275  9345 W Settings: Setting airplane_mode_on has moved from android.provider.Settings.System to android.provider.Settings.Global, returning read-only value.
10-22 23:40:41.198  9275 19329 W SystemServiceRegistry: No service published for: wifirtt
10-22 23:40:41.225  9275  9288 I WifiScanner: onFullResults
10-22 23:40:41.225  9275 10160 I WifiScanner: onFullResults
10-22 23:40:41.226  9275  9309 I WifiScanner: onFullResults
10-22 23:40:41.282  9275 19849 I FrewleTileCacheManagerV: (REDACTED) Fetched %d AP models from cache
10-22 23:40:41.326  9275  9342 I FusedLocation: (REDACTED) location delivery to %s blocked - too fast
10-22 23:40:41.326  9275  9342 I FusedLocation: (REDACTED) location delivery to %s blocked - too close
10-22 23:40:41.328  9275  9342 I FusedLocation: (REDACTED) location delivery to %s blocked - too close
10-22 23:40:41.328  9275  9342 I FusedLocation: (REDACTED) location delivery to %s blocked - too close
10-22 23:40:41.329  9275  9342 I FusedLocation: (REDACTED) location delivery to %s blocked - too close
10-22 23:40:41.329  9275  9342 I FusedLocation: (REDACTED) location delivery to %s blocked - too fast
10-22 23:40:41.330  9275  9342 I FusedLocation: (REDACTED) location delivery to %s blocked - too close
10-22 23:40:41.332  9275  9342 I FusedLocation: (REDACTED) location delivery to %s blocked - too fast
10-22 23:40:41.336  9275  9342 I fznc    : Received empty WiFi-RTT scan. [CONTEXT service_id=6 ]
10-22 23:40:41.504  9275  9342 I FusedLocation: (REDACTED) location delivery to %s blocked - too fast
10-22 23:40:41.504  9275  9342 I FusedLocation: (REDACTED) location delivery to %s blocked - too close
10-22 23:40:41.505  9275  9342 I FusedLocation: (REDACTED) location delivery to %s blocked - too fast
10-22 23:40:41.505  9275  9342 I FusedLocation: (REDACTED) location delivery to %s blocked - too close
10-22 23:40:41.505  9275  9342 I FusedLocation: (REDACTED) location delivery to %s blocked - too close
10-22 23:40:41.505  9275  9342 I FusedLocation: (REDACTED) location delivery to %s blocked - too close
10-22 23:40:41.506  9275  9342 I FusedLocation: (REDACTED) location delivery to %s blocked - too fast
10-22 23:40:41.506  9275  9342 I FusedLocation: (REDACTED) location delivery to %s blocked - too fast
10-22 23:40:41.506  9275  9342 I FusedLocation: (REDACTED) location delivery to %s blocked - too close
10-22 23:40:41.510  9275  9342 I FusedLocation: (REDACTED) location delivery to %s blocked - too fast
10-22 23:40:43.497  9275  9342 I FusedLocation: (REDACTED) location delivery to %s blocked - too fast
10-22 23:40:43.498  9275  9342 I FusedLocation: (REDACTED) location delivery to %s blocked - too close
10-22 23:40:43.498  9275  9342 I FusedLocation: (REDACTED) location delivery to %s blocked - too fast
10-22 23:40:43.498  9275  9342 I FusedLocation: (REDACTED) location delivery to %s blocked - too close
10-22 23:40:43.499  9275  9342 I FusedLocation: (REDACTED) location delivery to %s blocked - too close
10-22 23:40:43.499  9275  9342 I FusedLocation: (REDACTED) location delivery to %s blocked - too close
10-22 23:40:43.499  9275  9342 I FusedLocation: (REDACTED) location delivery to %s blocked - too fast
10-22 23:40:43.500  9275  9342 I FusedLocation: (REDACTED) location delivery to %s blocked - too close
10-22 23:40:43.503  9275  9342 I FusedLocation: (REDACTED) location delivery to %s blocked - too fast
10-22 23:40:45.515  9275  9342 I FusedLocation: (REDACTED) location delivery to %s blocked - too fast
10-22 23:40:45.516  9275  9342 I FusedLocation: (REDACTED) location delivery to %s blocked - too close
10-22 23:40:45.516  9275  9342 I FusedLocation: (REDACTED) location delivery to %s blocked - too fast
10-22 23:40:45.517  9275  9342 I FusedLocation: (REDACTED) location delivery to %s blocked - too close
10-22 23:40:45.517  9275  9342 I FusedLocation: (REDACTED) location delivery to %s blocked - too close
10-22 23:40:45.517  9275  9342 I FusedLocation: (REDACTED) location delivery to %s blocked - too close
10-22 23:40:45.519  9275  9342 I FusedLocation: (REDACTED) location delivery to %s blocked - too close
10-22 23:40:45.521  9275  9342 I FusedLocation: (REDACTED) location delivery to %s blocked - too fast
10-22 23:40:45.582  9275 19332 I TFLite-in-PlayServices: Created interpreter.
10-22 23:40:45.605  9275 19332 I TFLite-in-PlayServices: Created interpreter.
10-22 23:40:45.636  9275 19332 I SemanticLocation: (REDACTED) [Inferrer] %s%s
10-22 23:40:46.228  9275  9345 W Settings: Setting airplane_mode_on has moved from android.provider.Settings.System to android.provider.Settings.Global, returning read-only value.
10-22 23:40:46.237  9275 19849 W SystemServiceRegistry: No service published for: wifirtt
10-22 23:40:46.791  9275  9309 I WifiScanner: onFullResults
10-22 23:40:46.791  9275  9288 I WifiScanner: onFullResults
10-22 23:40:46.791  9275  9308 I WifiScanner: onFullResults
10-22 23:40:46.799  9275 19849 I FrewleTileCacheManagerV: (REDACTED) Fetched %d AP models from cache
10-22 23:40:46.830  9275  9342 I FusedLocation: (REDACTED) location delivery to %s blocked - too fast
10-22 23:40:46.830  9275  9342 I FusedLocation: (REDACTED) location delivery to %s blocked - too close
10-22 23:40:46.831  9275  9342 I FusedLocation: (REDACTED) location delivery to %s blocked - too close
10-22 23:40:46.831  9275  9342 I FusedLocation: (REDACTED) location delivery to %s blocked - too close
10-22 23:40:46.832  9275  9342 I FusedLocation: (REDACTED) location delivery to %s blocked - too close
10-22 23:40:46.832  9275  9342 I FusedLocation: (REDACTED) location delivery to %s blocked - too fast
10-22 23:40:46.833  9275  9342 I FusedLocation: (REDACTED) location delivery to %s blocked - too close
10-22 23:40:46.835  9275  9342 I FusedLocation: (REDACTED) location delivery to %s blocked - too fast
10-22 23:40:46.848  9275  9342 I fznc    : Received empty WiFi-RTT scan. [CONTEXT service_id=6 ]
10-22 23:40:47.494  9275  9342 I FusedLocation: (REDACTED) location delivery to %s blocked - too fast
10-22 23:40:47.494  9275  9342 I FusedLocation: (REDACTED) location delivery to %s blocked - too close
10-22 23:40:47.495  9275  9342 I FusedLocation: (REDACTED) location delivery to %s blocked - too fast
10-22 23:40:47.495  9275  9342 I FusedLocation: (REDACTED) location delivery to %s blocked - too close
10-22 23:40:47.495  9275  9342 I FusedLocation: (REDACTED) location delivery to %s blocked - too close
10-22 23:40:47.495  9275  9342 I FusedLocation: (REDACTED) location delivery to %s blocked - too close
10-22 23:40:47.496  9275  9342 I FusedLocation: (REDACTED) location delivery to %s blocked - too fast
10-22 23:40:47.497  9275  9342 I FusedLocation: (REDACTED) location delivery to %s blocked - too close
10-22 23:40:47.499  9275  9342 I FusedLocation: (REDACTED) location delivery to %s blocked - too fast
10-22 23:40:48.037  5589  5589 I GoogleInputMethodService: GoogleInputMethodService.onFinishInput():2085 
10-22 23:40:48.039  5589  5589 I Module  : DeviceLockedStatusModuleProvider$Module.updateDeviceLockedStatus():100 repeatCheckTimes = 0, locked = false
10-22 23:40:48.136  9275 19401 I FusedLocation: (REDACTED) stationary throttling engaged @%s
10-22 23:40:48.185  9275 19402 I FusedOrientationManager: Unregistering orientation client. [CONTEXT service_id=6 ]
10-22 23:40:48.199  5589  5589 I PkDeviceHelper: PkDeviceHelper.refreshDevices():93 refreshing devices
10-22 23:40:48.200  5589  5589 I PkDeviceHelper: PkDeviceHelper.refreshDevices():93 refreshing devices
10-22 23:40:48.201  5589  5589 I PkDeviceHelper: PkDeviceHelper.refreshDevices():93 refreshing devices
10-22 23:40:48.290  9275 19401 I NearbySharing: Screen is locked
10-22 23:40:48.290  9275 19401 I NearbySharing: Stopping scanning because the screen is locked.
10-22 23:40:48.291  9275 19401 I NearbySharing: Stopping Fast Init advertisement because Bluetooth is off.
10-22 23:40:48.292  9275 19401 I NearbySharing: Stopping advertising because Bluetooth is disabled.
10-22 23:40:48.292  9275 19401 I NearbySharing: Stopping FastInitiation scanning because the screen is locked.
10-22 23:40:48.292  9275 19401 I NearbySharing: Fast Initiation Scanning has stopped
10-22 23:40:48.293  9275 19401 I NearbySharing: Dismissing HUN as there's no device nearby.
10-22 23:40:48.426 19241 19241 W fbservices-stub:InitStatus: Not blocking Service (123757959)
10-22 23:40:48.426 19241 19241 W fbservices-stub:InitStatus: Not blocking Service (123757959)
10-22 23:40:48.667  5589 19906 I DeviceStatusMonitor: DeviceStatusMonitor.handleBroadcast():123 onReceive() : Action = android.intent.action.SCREEN_OFF
10-22 23:40:48.667  5589 19906 I DeviceStatusMonitor: DeviceStatusMonitor.updateCountryInfo():139 updateCountryInfo(), notifyAnyway = false
10-22 23:40:48.668  5589  5589 I Module  : DeviceLockedStatusModuleProvider$Module.updateDeviceLockedStatus():100 repeatCheckTimes = 0, locked = false
10-22 23:40:48.668  5589  5589 I InputBundle: InputBundle.consumeEvent():1028 Skip consuming an event as imeStatus is INACTIVE
10-22 23:40:48.696  7096 30461 W ProxyAndroidLoggerBackend: Too many Flogger logs received before configuration. Dropping old logs.
10-22 23:40:48.696  7096  7120 I native  : I0000 00:00:1761156648.696564    7120 soda_async_impl.cc:1016] SODA stopped processing audio, mics audio processed in millis: 58860, loopback audio processed in millis: 0
10-22 23:40:48.696  7096  7120 I native  : I0000 00:00:1761156648.696818    7120 soda_async_impl.cc:1028] Audio readers are stopped.
10-22 23:40:48.697  7096  7120 I native  : I0000 00:00:1761156648.697220    7120 soda_async_impl.cc:1091] SODA session stopped due to: STOP_CALLED
10-22 23:40:48.697  7096  7121 W ProxyAndroidLoggerBackend: Too many Flogger logs received before configuration. Dropping old logs.
10-22 23:40:48.697  7096 30461 W ProxyAndroidLoggerBackend: Too many Flogger logs received before configuration. Dropping old logs.
10-22 23:40:48.773  7096  7130 W ProxyAndroidLoggerBackend: Too many Flogger logs received before configuration. Dropping old logs.
10-22 23:40:48.773  7096  7130 W ProxyAndroidLoggerBackend: Too many Flogger logs received before configuration. Dropping old logs.
10-22 23:40:48.773  7096 30461 W ProxyAndroidLoggerBackend: Too many Flogger logs received before configuration. Dropping old logs.
10-22 23:40:48.773  7096 30461 W ProxyAndroidLoggerBackend: Too many Flogger logs received before configuration. Dropping old logs.
10-22 23:40:48.774  7096 30461 E VivoAudioPolicyProxyNative: VivoAudioPolicyProxy getInstanceInter: binding to vivoaudiopolicy service failed, service up?
10-22 23:40:49.121  7096 30461 W mediametrics::Item: selfrecord: failed to record: {audiorecord, (01-01 05:30:00.000), (, -1, -1), (android.media.audiorecord.attributes={ Content type: AUDIO_CONTENT_TYPE_UNKNOWN Usage: AUDIO_USAGE_UNKNOWN Source: AUDIO_SOURCE_HOTWORD Flags: 0x800 Tags:  }, android.media.audiorecord.channelMask=16, android.media.audiorecord.channels=1, android.media.audiorecord.durationMs=5.936864e+04, android.media.audiorecord.encoding=AUDIO_FORMAT_PCM_16_BIT, android.media.audiorecord.frameCount=128000, android.media.audiorecord.latency=8000, android.media.audiorecord.logSessionId=, android.media.audiorecord.portId=30482, android.media.audiorecord.samplerate=16000, android.media.audiorecord.source=AUDIO_SOURCE_HOTWORD, android.media.audiorecord.startCount=1)}
10-22 23:40:49.121  7096 30461 W ProxyAndroidLoggerBackend: Too many Flogger logs received before configuration. Dropping old logs.
10-22 23:40:49.122  7096  7126 W ProxyAndroidLoggerBackend: Too many Flogger logs received before configuration. Dropping old logs.
10-22 23:40:56.422  5589  5589 I PkDeviceHelper: PkDeviceHelper.refreshDevices():93 refreshing devices
10-22 23:40:56.458  5589  5589 I PkDeviceHelper: PkDeviceHelper.refreshDevices():93 refreshing devices
10-22 23:40:56.460  5589  5589 I PkDeviceHelper: PkDeviceHelper.refreshDevices():93 refreshing devices
10-22 23:40:56.604  5589 20011 I DeviceStatusMonitor: DeviceStatusMonitor.handleBroadcast():123 onReceive() : Action = android.intent.action.SCREEN_ON
10-22 23:40:56.605  5589 20011 I DeviceStatusMonitor: DeviceStatusMonitor.updateCountryInfo():139 updateCountryInfo(), notifyAnyway = false
10-22 23:40:56.816  9275  9289 I NullBinder: NullBinder for android.net.action.RECOMMEND_NETWORKS triggering remote TransactionTooLargeException due to Service without Chimera impl, calling uid: 1000, calling pid: 0
10-22 23:40:56.816  9275  9289 W .gms.persistent: Large reply transaction of 1056768 bytes, interface descriptor , code 1
10-22 23:40:56.817  9275  9289 I NullBinder: NullBinder for android.net.action.RECOMMEND_NETWORKS triggering remote TransactionTooLargeException due to Service without Chimera impl, calling uid: 1000, calling pid: 0
10-22 23:40:56.817  9275  9289 W .gms.persistent: Large reply transaction of 1056768 bytes, interface descriptor , code 1
10-22 23:40:56.818  9275  9289 I NullBinder: NullBinder for android.net.action.RECOMMEND_NETWORKS triggering remote TransactionTooLargeException due to Service without Chimera impl, calling uid: 1000, calling pid: 0
10-22 23:40:56.818  9275  9289 W .gms.persistent: Large reply transaction of 1056768 bytes, interface descriptor , code 1
10-22 23:40:56.887  1870  2896 D BatteryStatsService: noteVideoSurfaceChanged  noteWhich: 49,arg1: -1, arg2: -1, arg3: 3218, arg4: 10384, name: com.vivo.fingerprintui
10-22 23:40:56.888  9275 19849 W DatabaseProcessor: processLocalDevices: failed to get the network info with non-null networkId.
10-22 23:40:56.889  9275  9275 I CastMediaRouteProvider: Published 0 routes
10-22 23:40:56.917  9275  9296 I MdnsServiceBrowser: (REDACTED) registering %s
10-22 23:40:57.309  9275 19751 I NearbySharing: Network state changed: NetworkState(isRestricted=false, isOnline=true, isCongested=false, isMetered=false, isWifiConnected=true)
10-22 23:40:57.655  9275  9989 I FusedLocation: (REDACTED) location delivery to %s blocked - too close
10-22 23:40:57.659  9275  9989 I FusedLocation: (REDACTED) location delivery to %s blocked - too close
10-22 23:40:57.660  9275  9989 I FusedLocation: (REDACTED) location delivery to %s blocked - too close
10-22 23:40:57.660  9275  9989 I FusedLocation: (REDACTED) location delivery to %s blocked - too close
10-22 23:40:57.672  9275 19851 I FusedLocation: stationary throttling disengaged [CONTEXT service_id=6 ]
10-22 23:40:57.685  1870  3603 D BatteryStatsService: noteVideoSurfaceChanged  noteWhich: 49,arg1: 1080, arg2: 2056, arg3: 4663, arg4: 1765, name: com.a1taxi.a1taxicustomer
10-22 23:40:57.707  1870  2891 D BatteryStatsService: noteVideoSurfaceChanged  noteWhich: 49,arg1: -1, arg2: -1, arg3: 2704, arg4: 394, name: com.vivo.systemuiplugin
10-22 23:40:57.737  1870  3261 D BatteryStatsService: noteVideoSurfaceChanged  noteWhich: 49,arg1: -2, arg2: -1, arg3: 2704, arg4: 230, name: com.android.systemui
10-22 23:40:57.737  1870  3261 D BatteryStatsService: noteVideoSurfaceChanged  noteWhich: 49,arg1: -2, arg2: -1, arg3: 2704, arg4: 236, name: com.android.systemui
10-22 23:40:57.742  1870  1928 D BatteryStatsService: noteVideoSurfaceChanged  noteWhich: 49,arg1: 1080, arg2: 2056, arg3: 4663, arg4: 1765, name: com.a1taxi.a1taxicustomer
10-22 23:40:57.860  9275 19401 I FusedOrientationManager: Registering orientation client. [CONTEXT service_id=6 ]
10-22 23:40:57.888 19241 19241 W fbservices-stub:InitStatus: Not blocking Service (123757959)
10-22 23:40:57.888 19241 19241 W fbservices-stub:InitStatus: Not blocking Service (123757959)
10-22 23:40:57.893  9275  9342 W inertial-anchor: Triggering reinit due to mag declination change
10-22 23:40:57.893  9275  9342 W Looper  : Looper already prepared for this thread with a different value for the LOOPER_PREPARE_ALLOW_NON_CALLBACKS option.
10-22 23:40:57.904  9275 20051 I NearbySharing: Screen is unlocked
10-22 23:40:57.904  9275 20051 I NearbySharing: Uwb feature is off.
10-22 23:40:57.904  9275 20051 I NearbySharing: Uwb feature is off.
10-22 23:40:57.904  9275 20051 I NearbySharing: Stopping scanning because Bluetooth is disabled.
10-22 23:40:57.905  9275 20051 I NearbySharing: Stopping Fast Init advertisement because Bluetooth is off.
10-22 23:40:57.905  9275 20051 I NearbySharing: Stopping advertising because Bluetooth is disabled.
10-22 23:40:57.918  5589  5589 I GoogleInputMethodService: GoogleInputMethodService.onStartInput():1346 onStartInput(EditorInfo{EditorInfo{packageName=com.a1taxi.a1taxicustomer, inputType=0, inputTypeString=NULL, enableLearning=false, autoCorrection=false, autoComplete=false, imeOptions=0, privateImeOptions=null, actionName=UNSPECIFIED, actionLabel=null, initialSelStart=-1, initialSelEnd=-1, initialCapsMode=0, label=null, fieldId=0, fieldName=null, extras=null, hintText=null, hintLocales=[]}}, false)
10-22 23:40:57.920  5589  5589 I Module  : DeviceLockedStatusModuleProvider$Module.updateDeviceLockedStatus():100 repeatCheckTimes = 1, locked = false
10-22 23:40:57.920  5589  5589 I HardKeyTracker: HardKeyTracker.registerKeySequence():170 Register key sequence nfz{labelResId=0, callback=gds@ef6430b, lastModifier=0, keyCodes=[57, 57], actions=[1, 0]}
10-22 23:40:57.920  5589  5589 I HardKeyTracker: HardKeyTracker.registerKeySequence():170 Register key sequence nfz{labelResId=0, callback=gds@bca2a6, lastModifier=0, keyCodes=[58, 58], actions=[1, 0]}
10-22 23:40:57.930  9275 20051 I NearbySharing: Starting scanning for Fast Initiation.
10-22 23:40:57.931  9275 20051 I NearbySharing: Failed to scan for FastInitiation. Scanning is not supported on this device.
10-22 23:40:57.933  9275 20051 I NearbySharing: Dismissing HUN as there's no device nearby.
10-22 23:40:57.944  7096 30461 W ProxyAndroidLoggerBackend: Too many Flogger logs received before configuration. Dropping old logs.
10-22 23:40:57.944  7096 30461 W ProxyAndroidLoggerBackend: Too many Flogger logs received before configuration. Dropping old logs.
10-22 23:40:57.944  7096 30461 W ProxyAndroidLoggerBackend: Too many Flogger logs received before configuration. Dropping old logs.
10-22 23:40:57.944  7096 30461 W ProxyAndroidLoggerBackend: Too many Flogger logs received before configuration. Dropping old logs.
10-22 23:40:57.944  7096 30461 W ProxyAndroidLoggerBackend: Too many Flogger logs received before configuration. Dropping old logs.
10-22 23:40:57.953  9275  9345 W Settings: Setting airplane_mode_on has moved from android.provider.Settings.System to android.provider.Settings.Global, returning read-only value.
10-22 23:40:57.966  7096 30461 E VivoAudioPolicyProxyNative: VivoAudioPolicyProxy getInstanceInter: binding to vivoaudiopolicy service failed, service up?
10-22 23:40:57.966  7096 30461 D AudioRecord: set(): 0xb400007780028250, inputSource 1999, sampleRate 16000, format 0x1, channelMask 0x10, frameCount 128000, notificationFrames 0, sessionId 0, transferType 0, flags 0, attributionSource AttributionSourceState{pid: 7096, uid: 99384, deviceId: 0, packageName: com.google.android.googlequicksearchbox, attributionTag: (null), token: binder:0xb40000760002afb0, renouncedPermissions: [], next: []} uid -1, pid -1
10-22 23:40:57.966  7096 30461 I AudioRecord: set final client name com.google.android.googlequicksearchbox(0)
10-22 23:40:57.967  7096 30461 E word_detector_0: RecordingActivityTracker(): binding to audio service failed, service up?
10-22 23:40:57.968  7096 30461 I AudioRecord: set(): getPolicyInputSourceForVoip mAttributes inputsource=1999, input source= 1999,flags:0
10-22 23:40:57.992  7096 30461 D AudioRecord: openRecord_l: 0xb400007780028250, mCblk = 0x7abab1b000
10-22 23:40:57.994  7096 30461 W ProxyAndroidLoggerBackend: Too many Flogger logs received before configuration. Dropping old logs.
10-22 23:40:57.994  7096  7126 W ProxyAndroidLoggerBackend: Too many Flogger logs received before configuration. Dropping old logs.
10-22 23:40:57.994  7096  7126 W ProxyAndroidLoggerBackend: Too many Flogger logs received before configuration. Dropping old logs.
10-22 23:40:57.994  7096  7126 D AudioRecord: start(30485): 0xb400007780028250, sync event 0 trigger session 0
10-22 23:40:57.994  7096  7126 E VivoAudioPolicyProxyNative: VivoAudioPolicyProxy getInstanceInter: binding to vivoaudiopolicy service failed, service up?
10-22 23:40:57.995  7096 30461 I native  : I0000 00:00:1761156657.994447   30461 soda_client.cc:330] Starting capture.
10-22 23:40:57.995  7096 30461 I native  : I0000 00:00:1761156657.995392   30461 soda_async_impl.cc:651] SODA session starting (require_hotword:1, hotword_timeout_in_millis:0, trigger_type:TRIGGER_TYPE_UNSPECIFIED, hybrid_asr_config.mode:MODE_DEFAULT)
10-22 23:40:58.000 22389 22389 I Choreographer: Skipped 195 frames!  The application may be doing too much work on its main thread.
10-22 23:40:58.013  9275 19547 W SystemServiceRegistry: No service published for: wifirtt
10-22 23:40:58.011  7096  7130 W ProxyAndroidLoggerBackend: Too many Flogger logs received before configuration. Dropping old logs.
10-22 23:40:58.032  7096  7126 D AudioRecord: start(30485): return status 0
10-22 23:40:58.032  7096  7126 W ProxyAndroidLoggerBackend: Too many Flogger logs received before configuration. Dropping old logs.
10-22 23:40:58.032  7096  7126 D AudioSystem: +setParameters(): MAGT-Process=7096;MAGT-AudioThread=7126 
10-22 23:40:58.039  9275 20065 I NearbyMediums: ModuleInitializer handles incoming intent android.intent.action.USER_PRESENT
10-22 23:40:58.041  9275 20051 I Nearby  : (REDACTED) Beginning attempt #%d out of %d for %s...
10-22 23:40:58.044  9275 20051 I NearbyMediums: BluetoothAdapter's name was not set by Nearby Connections, ignoring call to restore default scan mode.
10-22 23:40:58.044  9275  9275 I RCNIntentOperation: RCN is disabled on this network.
10-22 23:40:58.044  9275 20051 I NearbyMediums: BluetoothAdapter's name was not set by Nearby Connections, ignoring call to restore device name
10-22 23:40:58.106  7096  7126 W ProxyAndroidLoggerBackend: Too many Flogger logs received before configuration. Dropping old logs.
10-22 23:40:58.107  7096  7120 I native  : I0000 00:00:1761156658.106975    7120 soda_async_impl.cc:1357] SODA received first mic audio buffer, size in bytes: 320, format: 1, channels: 1, sample rate: 16000
10-22 23:40:58.152  1870  2929 D BatteryStatsService: noteVideoSurfaceChanged  noteWhich: 49,arg1: -2, arg2: -1, arg3: 2704, arg4: 230, name: com.android.systemui
10-22 23:40:58.153  1870  2929 D BatteryStatsService: noteVideoSurfaceChanged  noteWhich: 49,arg1: -2, arg2: -1, arg3: 2704, arg4: 236, name: com.android.systemui
10-22 23:40:58.305  9275  9342 I FusedLocation: (REDACTED) location delivery to %s blocked - too fast
10-22 23:40:58.305  9275  9342 I FusedLocation: (REDACTED) location delivery to %s blocked - too close
10-22 23:40:58.306  9275  9342 I FusedLocation: (REDACTED) location delivery to %s blocked - too close
10-22 23:40:58.306  9275  9342 I FusedLocation: (REDACTED) location delivery to %s blocked - too close
10-22 23:40:58.306  9275  9342 I FusedLocation: (REDACTED) location delivery to %s blocked - too close
10-22 23:40:58.307  9275  9342 I FusedLocation: (REDACTED) location delivery to %s blocked - too fast
10-22 23:40:58.307  9275  9342 I FusedLocation: (REDACTED) location delivery to %s blocked - too close
10-22 23:40:58.309  9275  9342 I FusedLocation: (REDACTED) location delivery to %s blocked - too fast
